[2026-09-23T12:16:19.622+0000] {processor.py:161} INFO - Started process (PID=104) to work on /home/airflow/.local/lib/python3.12/site-packages/airflow/example_dags/example_short_circuit_decorator.py
[2026-09-23T12:16:19.623+0000] {processor.py:830} INFO - Processing file /home/airflow/.local/lib/python3.12/site-packages/airflow/example_dags/example_short_circuit_decorator.py for tasks to queue
[2026-09-23T12:16:19.627+0000] {logging_mixin.py:188} INFO - [2026-09-23T12:16:19.627+0000] {dagbag.py:545} INFO - Filling up the DagBag from /home/airflow/.local/lib/python3.12/site-packages/airflow/example_dags/example_short_circuit_decorator.py
[2026-09-23T12:16:19.638+0000] {processor.py:840} INFO - DAG(s) 'example_short_circuit_decorator' retrieved from /home/airflow/.local/lib/python3.12/site-packages/airflow/example_dags/example_short_circuit_decorator.py
[2026-09-23T12:16:19.756+0000] {logging_mixin.py:188} INFO - [2026-09-23T12:16:19.756+0000] {dag.py:3089} INFO - Sync 1 DAGs
[2026-09-23T12:16:19.782+0000] {logging_mixin.py:188} INFO - [2026-09-23T12:16:19.781+0000] {dag.py:3947} INFO - Setting next_dagrun for example_short_circuit_decorator to 2026-09-22 00:00:00+00:00, run_after=2026-09-23 00:00:00+00:00
[2026-09-23T12:16:19.916+0000] {processor.py:183} INFO - Processing /home/airflow/.local/lib/python3.12/site-packages/airflow/example_dags/example_short_circuit_decorator.py took 0.303 seconds
[2026-09-23T12:16:50.202+0000] {processor.py:161} INFO - Started process (PID=162) to work on /home/airflow/.local/lib/python3.12/site-packages/airflow/example_dags/example_short_circuit_decorator.py
[2026-09-23T12:16:50.203+0000] {processor.py:830} INFO - Processing file /home/airflow/.local/lib/python3.12/site-packages/airflow/example_dags/example_short_circuit_decorator.py for tasks to queue
[2026-09-23T12:16:50.206+0000] {logging_mixin.py:188} INFO - [2026-09-23T12:16:50.205+0000] {dagbag.py:545} INFO - Filling up the DagBag from /home/airflow/.local/lib/python3.12/site-packages/airflow/example_dags/example_short_circuit_decorator.py
[2026-09-23T12:16:50.216+0000] {processor.py:840} INFO - DAG(s) 'example_short_circuit_decorator' retrieved from /home/airflow/.local/lib/python3.12/site-packages/airflow/example_dags/example_short_circuit_decorator.py
[2026-09-23T12:16:50.242+0000] {logging_mixin.py:188} INFO - [2026-09-23T12:16:50.242+0000] {dag.py:3089} INFO - Sync 1 DAGs
[2026-09-23T12:16:50.265+0000] {logging_mixin.py:188} INFO - [2026-09-23T12:16:50.265+0000] {dag.py:3947} INFO - Setting next_dagrun for example_short_circuit_decorator to 2026-09-22 00:00:00+00:00, run_after=2026-09-23 00:00:00+00:00
[2026-09-23T12:16:50.335+0000] {processor.py:183} INFO - Processing /home/airflow/.local/lib/python3.12/site-packages/airflow/example_dags/example_short_circuit_decorator.py took 0.142 seconds
[2026-09-23T12:17:20.848+0000] {processor.py:161} INFO - Started process (PID=220) to work on /home/airflow/.local/lib/python3.12/site-packages/airflow/example_dags/example_short_circuit_decorator.py
[2026-09-23T12:17:20.849+0000] {processor.py:830} INFO - Processing file /home/airflow/.local/lib/python3.12/site-packages/airflow/example_dags/example_short_circuit_decorator.py for tasks to queue
[2026-09-23T12:17:20.851+0000] {logging_mixin.py:188} INFO - [2026-09-23T12:17:20.851+0000] {dagbag.py:545} INFO - Filling up the DagBag from /home/airflow/.local/lib/python3.12/site-packages/airflow/example_dags/example_short_circuit_decorator.py
[2026-09-23T12:17:20.858+0000] {processor.py:840} INFO - DAG(s) 'example_short_circuit_decorator' retrieved from /home/airflow/.local/lib/python3.12/site-packages/airflow/example_dags/example_short_circuit_decorator.py
[2026-09-23T12:17:20.881+0000] {logging_mixin.py:188} INFO - [2026-09-23T12:17:20.881+0000] {dag.py:3089} INFO - Sync 1 DAGs
[2026-09-23T12:17:20.901+0000] {logging_mixin.py:188} INFO - [2026-09-23T12:17:20.900+0000] {dag.py:3947} INFO - Setting next_dagrun for example_short_circuit_decorator to 2026-09-22 00:00:00+00:00, run_after=2026-09-23 00:00:00+00:00
[2026-09-23T12:17:20.920+0000] {processor.py:183} INFO - Processing /home/airflow/.local/lib/python3.12/site-packages/airflow/example_dags/example_short_circuit_decorator.py took 0.078 seconds
[2026-09-23T12:17:51.834+0000] {processor.py:161} INFO - Started process (PID=278) to work on /home/airflow/.local/lib/python3.12/site-packages/airflow/example_dags/example_short_circuit_decorator.py
[2026-09-23T12:17:51.836+0000] {processor.py:830} INFO - Processing file /home/airflow/.local/lib/python3.12/site-packages/airflow/example_dags/example_short_circuit_decorator.py for tasks to queue
[2026-09-23T12:17:51.838+0000] {logging_mixin.py:188} INFO - [2026-09-23T12:17:51.838+0000] {dagbag.py:545} INFO - Filling up the DagBag from /home/airflow/.local/lib/python3.12/site-packages/airflow/example_dags/example_short_circuit_decorator.py
[2026-09-23T12:17:51.850+0000] {processor.py:840} INFO - DAG(s) 'example_short_circuit_decorator' retrieved from /home/airflow/.local/lib/python3.12/site-packages/airflow/example_dags/example_short_circuit_decorator.py
[2026-09-23T12:17:51.885+0000] {logging_mixin.py:188} INFO - [2026-09-23T12:17:51.885+0000] {dag.py:3089} INFO - Sync 1 DAGs
[2026-09-23T12:17:51.925+0000] {logging_mixin.py:188} INFO - [2026-09-23T12:17:51.925+0000] {dag.py:3947} INFO - Setting next_dagrun for example_short_circuit_decorator to 2026-09-22 00:00:00+00:00, run_after=2026-09-23 00:00:00+00:00
[2026-09-23T12:17:51.966+0000] {processor.py:183} INFO - Processing /home/airflow/.local/lib/python3.12/site-packages/airflow/example_dags/example_short_circuit_decorator.py took 0.139 seconds
[2026-09-23T12:18:22.338+0000] {processor.py:161} INFO - Started process (PID=336) to work on /home/airflow/.local/lib/python3.12/site-packages/airflow/example_dags/example_short_circuit_decorator.py
[2026-09-23T12:18:22.339+0000] {processor.py:830} INFO - Processing file /home/airflow/.local/lib/python3.12/site-packages/airflow/example_dags/example_short_circuit_decorator.py for tasks to queue
[2026-09-23T12:18:22.341+0000] {logging_mixin.py:188} INFO - [2026-09-23T12:18:22.341+0000] {dagbag.py:545} INFO - Filling up the DagBag from /home/airflow/.local/lib/python3.12/site-packages/airflow/example_dags/example_short_circuit_decorator.py
[2026-09-23T12:18:22.357+0000] {processor.py:840} INFO - DAG(s) 'example_short_circuit_decorator' retrieved from /home/airflow/.local/lib/python3.12/site-packages/airflow/example_dags/example_short_circuit_decorator.py
[2026-09-23T12:18:22.381+0000] {logging_mixin.py:188} INFO - [2026-09-23T12:18:22.381+0000] {dag.py:3089} INFO - Sync 1 DAGs
[2026-09-23T12:18:22.403+0000] {logging_mixin.py:188} INFO - [2026-09-23T12:18:22.402+0000] {dag.py:3947} INFO - Setting next_dagrun for example_short_circuit_decorator to 2026-09-22 00:00:00+00:00, run_after=2026-09-23 00:00:00+00:00
[2026-09-23T12:18:22.423+0000] {processor.py:183} INFO - Processing /home/airflow/.local/lib/python3.12/site-packages/airflow/example_dags/example_short_circuit_decorator.py took 0.092 seconds
[2026-09-23T12:18:53.026+0000] {processor.py:161} INFO - Started process (PID=394) to work on /home/airflow/.local/lib/python3.12/site-packages/airflow/example_dags/example_short_circuit_decorator.py
[2026-09-23T12:18:53.028+0000] {processor.py:830} INFO - Processing file /home/airflow/.local/lib/python3.12/site-packages/airflow/example_dags/example_short_circuit_decorator.py for tasks to queue
[2026-09-23T12:18:53.033+0000] {logging_mixin.py:188} INFO - [2026-09-23T12:18:53.032+0000] {dagbag.py:545} INFO - Filling up the DagBag from /home/airflow/.local/lib/python3.12/site-packages/airflow/example_dags/example_short_circuit_decorator.py
[2026-09-23T12:18:53.050+0000] {processor.py:840} INFO - DAG(s) 'example_short_circuit_decorator' retrieved from /home/airflow/.local/lib/python3.12/site-packages/airflow/example_dags/example_short_circuit_decorator.py
[2026-09-23T12:18:53.077+0000] {logging_mixin.py:188} INFO - [2026-09-23T12:18:53.077+0000] {dag.py:3089} INFO - Sync 1 DAGs
[2026-09-23T12:18:53.100+0000] {logging_mixin.py:188} INFO - [2026-09-23T12:18:53.099+0000] {dag.py:3947} INFO - Setting next_dagrun for example_short_circuit_decorator to 2026-09-22 00:00:00+00:00, run_after=2026-09-23 00:00:00+00:00
[2026-09-23T12:18:53.122+0000] {processor.py:183} INFO - Processing /home/airflow/.local/lib/python3.12/site-packages/airflow/example_dags/example_short_circuit_decorator.py took 0.108 seconds
[2026-09-23T12:19:23.679+0000] {processor.py:161} INFO - Started process (PID=472) to work on /home/airflow/.local/lib/python3.12/site-packages/airflow/example_dags/example_short_circuit_decorator.py
[2026-09-23T12:19:23.680+0000] {processor.py:830} INFO - Processing file /home/airflow/.local/lib/python3.12/site-packages/airflow/example_dags/example_short_circuit_decorator.py for tasks to queue
[2026-09-23T12:19:23.683+0000] {logging_mixin.py:188} INFO - [2026-09-23T12:19:23.682+0000] {dagbag.py:545} INFO - Filling up the DagBag from /home/airflow/.local/lib/python3.12/site-packages/airflow/example_dags/example_short_circuit_decorator.py
[2026-09-23T12:19:23.695+0000] {processor.py:840} INFO - DAG(s) 'example_short_circuit_decorator' retrieved from /home/airflow/.local/lib/python3.12/site-packages/airflow/example_dags/example_short_circuit_decorator.py
[2026-09-23T12:19:23.719+0000] {logging_mixin.py:188} INFO - [2026-09-23T12:19:23.718+0000] {dag.py:3089} INFO - Sync 1 DAGs
[2026-09-23T12:19:23.744+0000] {logging_mixin.py:188} INFO - [2026-09-23T12:19:23.744+0000] {dag.py:3947} INFO - Setting next_dagrun for example_short_circuit_decorator to 2026-09-22 00:00:00+00:00, run_after=2026-09-23 00:00:00+00:00
[2026-09-23T12:19:23.766+0000] {processor.py:183} INFO - Processing /home/airflow/.local/lib/python3.12/site-packages/airflow/example_dags/example_short_circuit_decorator.py took 0.093 seconds
[2026-09-23T12:19:54.638+0000] {processor.py:161} INFO - Started process (PID=530) to work on /home/airflow/.local/lib/python3.12/site-packages/airflow/example_dags/example_short_circuit_decorator.py
[2026-09-23T12:19:54.639+0000] {processor.py:830} INFO - Processing file /home/airflow/.local/lib/python3.12/site-packages/airflow/example_dags/example_short_circuit_decorator.py for tasks to queue
[2026-09-23T12:19:54.641+0000] {logging_mixin.py:188} INFO - [2026-09-23T12:19:54.640+0000] {dagbag.py:545} INFO - Filling up the DagBag from /home/airflow/.local/lib/python3.12/site-packages/airflow/example_dags/example_short_circuit_decorator.py
[2026-09-23T12:19:54.649+0000] {processor.py:840} INFO - DAG(s) 'example_short_circuit_decorator' retrieved from /home/airflow/.local/lib/python3.12/site-packages/airflow/example_dags/example_short_circuit_decorator.py
[2026-09-23T12:19:54.671+0000] {logging_mixin.py:188} INFO - [2026-09-23T12:19:54.671+0000] {dag.py:3089} INFO - Sync 1 DAGs
[2026-09-23T12:19:54.690+0000] {logging_mixin.py:188} INFO - [2026-09-23T12:19:54.690+0000] {dag.py:3947} INFO - Setting next_dagrun for example_short_circuit_decorator to 2026-09-22 00:00:00+00:00, run_after=2026-09-23 00:00:00+00:00
[2026-09-23T12:19:54.718+0000] {processor.py:183} INFO - Processing /home/airflow/.local/lib/python3.12/site-packages/airflow/example_dags/example_short_circuit_decorator.py took 0.084 seconds
[2026-09-23T12:20:25.391+0000] {processor.py:161} INFO - Started process (PID=588) to work on /home/airflow/.local/lib/python3.12/site-packages/airflow/example_dags/example_short_circuit_decorator.py
[2026-09-23T12:20:25.392+0000] {processor.py:830} INFO - Processing file /home/airflow/.local/lib/python3.12/site-packages/airflow/example_dags/example_short_circuit_decorator.py for tasks to queue
[2026-09-23T12:20:25.394+0000] {logging_mixin.py:188} INFO - [2026-09-23T12:20:25.394+0000] {dagbag.py:545} INFO - Filling up the DagBag from /home/airflow/.local/lib/python3.12/site-packages/airflow/example_dags/example_short_circuit_decorator.py
[2026-09-23T12:20:25.403+0000] {processor.py:840} INFO - DAG(s) 'example_short_circuit_decorator' retrieved from /home/airflow/.local/lib/python3.12/site-packages/airflow/example_dags/example_short_circuit_decorator.py
[2026-09-23T12:20:25.424+0000] {logging_mixin.py:188} INFO - [2026-09-23T12:20:25.424+0000] {dag.py:3089} INFO - Sync 1 DAGs
[2026-09-23T12:20:25.443+0000] {logging_mixin.py:188} INFO - [2026-09-23T12:20:25.443+0000] {dag.py:3947} INFO - Setting next_dagrun for example_short_circuit_decorator to 2026-09-22 00:00:00+00:00, run_after=2026-09-23 00:00:00+00:00
[2026-09-23T12:20:25.465+0000] {processor.py:183} INFO - Processing /home/airflow/.local/lib/python3.12/site-packages/airflow/example_dags/example_short_circuit_decorator.py took 0.079 seconds
[2026-09-23T12:20:55.699+0000] {processor.py:161} INFO - Started process (PID=646) to work on /home/airflow/.local/lib/python3.12/site-packages/airflow/example_dags/example_short_circuit_decorator.py
[2026-09-23T12:20:55.705+0000] {processor.py:830} INFO - Processing file /home/airflow/.local/lib/python3.12/site-packages/airflow/example_dags/example_short_circuit_decorator.py for tasks to queue
[2026-09-23T12:20:55.709+0000] {logging_mixin.py:188} INFO - [2026-09-23T12:20:55.708+0000] {dagbag.py:545} INFO - Filling up the DagBag from /home/airflow/.local/lib/python3.12/site-packages/airflow/example_dags/example_short_circuit_decorator.py
[2026-09-23T12:20:55.723+0000] {processor.py:840} INFO - DAG(s) 'example_short_circuit_decorator' retrieved from /home/airflow/.local/lib/python3.12/site-packages/airflow/example_dags/example_short_circuit_decorator.py
[2026-09-23T12:20:55.759+0000] {logging_mixin.py:188} INFO - [2026-09-23T12:20:55.758+0000] {dag.py:3089} INFO - Sync 1 DAGs
[2026-09-23T12:20:55.779+0000] {logging_mixin.py:188} INFO - [2026-09-23T12:20:55.779+0000] {dag.py:3947} INFO - Setting next_dagrun for example_short_circuit_decorator to 2026-09-22 00:00:00+00:00, run_after=2026-09-23 00:00:00+00:00
[2026-09-23T12:20:55.801+0000] {processor.py:183} INFO - Processing /home/airflow/.local/lib/python3.12/site-packages/airflow/example_dags/example_short_circuit_decorator.py took 0.113 seconds
[2026-09-23T12:21:26.681+0000] {processor.py:161} INFO - Started process (PID=704) to work on /home/airflow/.local/lib/python3.12/site-packages/airflow/example_dags/example_short_circuit_decorator.py
[2026-09-23T12:21:26.682+0000] {processor.py:830} INFO - Processing file /home/airflow/.local/lib/python3.12/site-packages/airflow/example_dags/example_short_circuit_decorator.py for tasks to queue
[2026-09-23T12:21:26.684+0000] {logging_mixin.py:188} INFO - [2026-09-23T12:21:26.683+0000] {dagbag.py:545} INFO - Filling up the DagBag from /home/airflow/.local/lib/python3.12/site-packages/airflow/example_dags/example_short_circuit_decorator.py
[2026-09-23T12:21:26.692+0000] {processor.py:840} INFO - DAG(s) 'example_short_circuit_decorator' retrieved from /home/airflow/.local/lib/python3.12/site-packages/airflow/example_dags/example_short_circuit_decorator.py
[2026-09-23T12:21:26.715+0000] {logging_mixin.py:188} INFO - [2026-09-23T12:21:26.715+0000] {dag.py:3089} INFO - Sync 1 DAGs
[2026-09-23T12:21:26.735+0000] {logging_mixin.py:188} INFO - [2026-09-23T12:21:26.735+0000] {dag.py:3947} INFO - Setting next_dagrun for example_short_circuit_decorator to 2026-09-22 00:00:00+00:00, run_after=2026-09-23 00:00:00+00:00
[2026-09-23T12:21:26.755+0000] {processor.py:183} INFO - Processing /home/airflow/.local/lib/python3.12/site-packages/airflow/example_dags/example_short_circuit_decorator.py took 0.080 seconds
[2026-09-23T12:21:57.459+0000] {processor.py:161} INFO - Started process (PID=762) to work on /home/airflow/.local/lib/python3.12/site-packages/airflow/example_dags/example_short_circuit_decorator.py
[2026-09-23T12:21:57.460+0000] {processor.py:830} INFO - Processing file /home/airflow/.local/lib/python3.12/site-packages/airflow/example_dags/example_short_circuit_decorator.py for tasks to queue
[2026-09-23T12:21:57.462+0000] {logging_mixin.py:188} INFO - [2026-09-23T12:21:57.462+0000] {dagbag.py:545} INFO - Filling up the DagBag from /home/airflow/.local/lib/python3.12/site-packages/airflow/example_dags/example_short_circuit_decorator.py
[2026-09-23T12:21:57.472+0000] {processor.py:840} INFO - DAG(s) 'example_short_circuit_decorator' retrieved from /home/airflow/.local/lib/python3.12/site-packages/airflow/example_dags/example_short_circuit_decorator.py
[2026-09-23T12:21:57.496+0000] {logging_mixin.py:188} INFO - [2026-09-23T12:21:57.496+0000] {dag.py:3089} INFO - Sync 1 DAGs
[2026-09-23T12:21:57.515+0000] {logging_mixin.py:188} INFO - [2026-09-23T12:21:57.515+0000] {dag.py:3947} INFO - Setting next_dagrun for example_short_circuit_decorator to 2026-09-22 00:00:00+00:00, run_after=2026-09-23 00:00:00+00:00
[2026-09-23T12:21:57.538+0000] {processor.py:183} INFO - Processing /home/airflow/.local/lib/python3.12/site-packages/airflow/example_dags/example_short_circuit_decorator.py took 0.086 seconds
[2026-09-23T12:22:28.203+0000] {processor.py:161} INFO - Started process (PID=820) to work on /home/airflow/.local/lib/python3.12/site-packages/airflow/example_dags/example_short_circuit_decorator.py
[2026-09-23T12:22:28.205+0000] {processor.py:830} INFO - Processing file /home/airflow/.local/lib/python3.12/site-packages/airflow/example_dags/example_short_circuit_decorator.py for tasks to queue
[2026-09-23T12:22:28.209+0000] {logging_mixin.py:188} INFO - [2026-09-23T12:22:28.208+0000] {dagbag.py:545} INFO - Filling up the DagBag from /home/airflow/.local/lib/python3.12/site-packages/airflow/example_dags/example_short_circuit_decorator.py
[2026-09-23T12:22:28.219+0000] {processor.py:840} INFO - DAG(s) 'example_short_circuit_decorator' retrieved from /home/airflow/.local/lib/python3.12/site-packages/airflow/example_dags/example_short_circuit_decorator.py
[2026-09-23T12:22:28.254+0000] {logging_mixin.py:188} INFO - [2026-09-23T12:22:28.253+0000] {dag.py:3089} INFO - Sync 1 DAGs
[2026-09-23T12:22:28.311+0000] {logging_mixin.py:188} INFO - [2026-09-23T12:22:28.311+0000] {dag.py:3947} INFO - Setting next_dagrun for example_short_circuit_decorator to 2026-09-22 00:00:00+00:00, run_after=2026-09-23 00:00:00+00:00
[2026-09-23T12:22:28.396+0000] {processor.py:183} INFO - Processing /home/airflow/.local/lib/python3.12/site-packages/airflow/example_dags/example_short_circuit_decorator.py took 0.203 seconds
[2026-09-23T12:24:03.705+0000] {processor.py:161} INFO - Started process (PID=107) to work on /home/airflow/.local/lib/python3.12/site-packages/airflow/example_dags/example_short_circuit_decorator.py
[2026-09-23T12:24:03.706+0000] {processor.py:830} INFO - Processing file /home/airflow/.local/lib/python3.12/site-packages/airflow/example_dags/example_short_circuit_decorator.py for tasks to queue
[2026-09-23T12:24:03.709+0000] {logging_mixin.py:188} INFO - [2026-09-23T12:24:03.708+0000] {dagbag.py:545} INFO - Filling up the DagBag from /home/airflow/.local/lib/python3.12/site-packages/airflow/example_dags/example_short_circuit_decorator.py
[2026-09-23T12:24:03.721+0000] {processor.py:840} INFO - DAG(s) 'example_short_circuit_decorator' retrieved from /home/airflow/.local/lib/python3.12/site-packages/airflow/example_dags/example_short_circuit_decorator.py
[2026-09-23T12:24:03.871+0000] {logging_mixin.py:188} INFO - [2026-09-23T12:24:03.871+0000] {dag.py:3089} INFO - Sync 1 DAGs
[2026-09-23T12:24:03.900+0000] {logging_mixin.py:188} INFO - [2026-09-23T12:24:03.899+0000] {dag.py:3947} INFO - Setting next_dagrun for example_short_circuit_decorator to 2026-09-22 00:00:00+00:00, run_after=2026-09-23 00:00:00+00:00
[2026-09-23T12:24:03.927+0000] {processor.py:183} INFO - Processing /home/airflow/.local/lib/python3.12/site-packages/airflow/example_dags/example_short_circuit_decorator.py took 0.229 seconds
[2026-09-23T12:24:34.388+0000] {processor.py:161} INFO - Started process (PID=165) to work on /home/airflow/.local/lib/python3.12/site-packages/airflow/example_dags/example_short_circuit_decorator.py
[2026-09-23T12:24:34.389+0000] {processor.py:830} INFO - Processing file /home/airflow/.local/lib/python3.12/site-packages/airflow/example_dags/example_short_circuit_decorator.py for tasks to queue
[2026-09-23T12:24:34.392+0000] {logging_mixin.py:188} INFO - [2026-09-23T12:24:34.391+0000] {dagbag.py:545} INFO - Filling up the DagBag from /home/airflow/.local/lib/python3.12/site-packages/airflow/example_dags/example_short_circuit_decorator.py
[2026-09-23T12:24:34.400+0000] {processor.py:840} INFO - DAG(s) 'example_short_circuit_decorator' retrieved from /home/airflow/.local/lib/python3.12/site-packages/airflow/example_dags/example_short_circuit_decorator.py
[2026-09-23T12:24:34.424+0000] {logging_mixin.py:188} INFO - [2026-09-23T12:24:34.424+0000] {dag.py:3089} INFO - Sync 1 DAGs
[2026-09-23T12:24:34.444+0000] {logging_mixin.py:188} INFO - [2026-09-23T12:24:34.444+0000] {dag.py:3947} INFO - Setting next_dagrun for example_short_circuit_decorator to 2026-09-22 00:00:00+00:00, run_after=2026-09-23 00:00:00+00:00
[2026-09-23T12:24:34.482+0000] {processor.py:183} INFO - Processing /home/airflow/.local/lib/python3.12/site-packages/airflow/example_dags/example_short_circuit_decorator.py took 0.101 seconds
