[2026-09-23T12:16:15.802+0000] {processor.py:161} INFO - Started process (PID=85) to work on /home/airflow/.local/lib/python3.12/site-packages/airflow/example_dags/example_branch_day_of_week_operator.py
[2026-09-23T12:16:15.810+0000] {processor.py:830} INFO - Processing file /home/airflow/.local/lib/python3.12/site-packages/airflow/example_dags/example_branch_day_of_week_operator.py for tasks to queue
[2026-09-23T12:16:15.816+0000] {logging_mixin.py:188} INFO - [2026-09-23T12:16:15.815+0000] {dagbag.py:545} INFO - Filling up the DagBag from /home/airflow/.local/lib/python3.12/site-packages/airflow/example_dags/example_branch_day_of_week_operator.py
[2026-09-23T12:16:15.842+0000] {processor.py:840} INFO - DAG(s) 'example_weekday_branch_operator' retrieved from /home/airflow/.local/lib/python3.12/site-packages/airflow/example_dags/example_branch_day_of_week_operator.py
[2026-09-23T12:16:16.156+0000] {logging_mixin.py:188} INFO - [2026-09-23T12:16:16.155+0000] {dag.py:3089} INFO - Sync 1 DAGs
[2026-09-23T12:16:16.231+0000] {logging_mixin.py:188} INFO - [2026-09-23T12:16:16.231+0000] {dag.py:3947} INFO - Setting next_dagrun for example_weekday_branch_operator to 2026-09-22 00:00:00+00:00, run_after=2026-09-23 00:00:00+00:00
[2026-09-23T12:16:16.289+0000] {processor.py:183} INFO - Processing /home/airflow/.local/lib/python3.12/site-packages/airflow/example_dags/example_branch_day_of_week_operator.py took 0.511 seconds
[2026-09-23T12:16:46.836+0000] {processor.py:161} INFO - Started process (PID=143) to work on /home/airflow/.local/lib/python3.12/site-packages/airflow/example_dags/example_branch_day_of_week_operator.py
[2026-09-23T12:16:46.838+0000] {processor.py:830} INFO - Processing file /home/airflow/.local/lib/python3.12/site-packages/airflow/example_dags/example_branch_day_of_week_operator.py for tasks to queue
[2026-09-23T12:16:46.840+0000] {logging_mixin.py:188} INFO - [2026-09-23T12:16:46.840+0000] {dagbag.py:545} INFO - Filling up the DagBag from /home/airflow/.local/lib/python3.12/site-packages/airflow/example_dags/example_branch_day_of_week_operator.py
[2026-09-23T12:16:46.850+0000] {processor.py:840} INFO - DAG(s) 'example_weekday_branch_operator' retrieved from /home/airflow/.local/lib/python3.12/site-packages/airflow/example_dags/example_branch_day_of_week_operator.py
[2026-09-23T12:16:46.875+0000] {logging_mixin.py:188} INFO - [2026-09-23T12:16:46.874+0000] {dag.py:3089} INFO - Sync 1 DAGs
[2026-09-23T12:16:46.905+0000] {logging_mixin.py:188} INFO - [2026-09-23T12:16:46.905+0000] {dag.py:3947} INFO - Setting next_dagrun for example_weekday_branch_operator to 2026-09-22 00:00:00+00:00, run_after=2026-09-23 00:00:00+00:00
[2026-09-23T12:16:46.982+0000] {processor.py:183} INFO - Processing /home/airflow/.local/lib/python3.12/site-packages/airflow/example_dags/example_branch_day_of_week_operator.py took 0.154 seconds
[2026-09-23T12:17:17.540+0000] {processor.py:161} INFO - Started process (PID=201) to work on /home/airflow/.local/lib/python3.12/site-packages/airflow/example_dags/example_branch_day_of_week_operator.py
[2026-09-23T12:17:17.541+0000] {processor.py:830} INFO - Processing file /home/airflow/.local/lib/python3.12/site-packages/airflow/example_dags/example_branch_day_of_week_operator.py for tasks to queue
[2026-09-23T12:17:17.544+0000] {logging_mixin.py:188} INFO - [2026-09-23T12:17:17.543+0000] {dagbag.py:545} INFO - Filling up the DagBag from /home/airflow/.local/lib/python3.12/site-packages/airflow/example_dags/example_branch_day_of_week_operator.py
[2026-09-23T12:17:17.558+0000] {processor.py:840} INFO - DAG(s) 'example_weekday_branch_operator' retrieved from /home/airflow/.local/lib/python3.12/site-packages/airflow/example_dags/example_branch_day_of_week_operator.py
[2026-09-23T12:17:17.593+0000] {logging_mixin.py:188} INFO - [2026-09-23T12:17:17.593+0000] {dag.py:3089} INFO - Sync 1 DAGs
[2026-09-23T12:17:17.622+0000] {logging_mixin.py:188} INFO - [2026-09-23T12:17:17.622+0000] {dag.py:3947} INFO - Setting next_dagrun for example_weekday_branch_operator to 2026-09-22 00:00:00+00:00, run_after=2026-09-23 00:00:00+00:00
[2026-09-23T12:17:17.649+0000] {processor.py:183} INFO - Processing /home/airflow/.local/lib/python3.12/site-packages/airflow/example_dags/example_branch_day_of_week_operator.py took 0.119 seconds
[2026-09-23T12:17:48.021+0000] {processor.py:161} INFO - Started process (PID=259) to work on /home/airflow/.local/lib/python3.12/site-packages/airflow/example_dags/example_branch_day_of_week_operator.py
[2026-09-23T12:17:48.023+0000] {processor.py:830} INFO - Processing file /home/airflow/.local/lib/python3.12/site-packages/airflow/example_dags/example_branch_day_of_week_operator.py for tasks to queue
[2026-09-23T12:17:48.026+0000] {logging_mixin.py:188} INFO - [2026-09-23T12:17:48.025+0000] {dagbag.py:545} INFO - Filling up the DagBag from /home/airflow/.local/lib/python3.12/site-packages/airflow/example_dags/example_branch_day_of_week_operator.py
[2026-09-23T12:17:48.037+0000] {processor.py:840} INFO - DAG(s) 'example_weekday_branch_operator' retrieved from /home/airflow/.local/lib/python3.12/site-packages/airflow/example_dags/example_branch_day_of_week_operator.py
[2026-09-23T12:17:48.066+0000] {logging_mixin.py:188} INFO - [2026-09-23T12:17:48.065+0000] {dag.py:3089} INFO - Sync 1 DAGs
[2026-09-23T12:17:48.098+0000] {logging_mixin.py:188} INFO - [2026-09-23T12:17:48.098+0000] {dag.py:3947} INFO - Setting next_dagrun for example_weekday_branch_operator to 2026-09-22 00:00:00+00:00, run_after=2026-09-23 00:00:00+00:00
[2026-09-23T12:17:48.136+0000] {processor.py:183} INFO - Processing /home/airflow/.local/lib/python3.12/site-packages/airflow/example_dags/example_branch_day_of_week_operator.py took 0.121 seconds
[2026-09-23T12:18:18.470+0000] {processor.py:161} INFO - Started process (PID=317) to work on /home/airflow/.local/lib/python3.12/site-packages/airflow/example_dags/example_branch_day_of_week_operator.py
[2026-09-23T12:18:18.471+0000] {processor.py:830} INFO - Processing file /home/airflow/.local/lib/python3.12/site-packages/airflow/example_dags/example_branch_day_of_week_operator.py for tasks to queue
[2026-09-23T12:18:18.473+0000] {logging_mixin.py:188} INFO - [2026-09-23T12:18:18.473+0000] {dagbag.py:545} INFO - Filling up the DagBag from /home/airflow/.local/lib/python3.12/site-packages/airflow/example_dags/example_branch_day_of_week_operator.py
[2026-09-23T12:18:18.484+0000] {processor.py:840} INFO - DAG(s) 'example_weekday_branch_operator' retrieved from /home/airflow/.local/lib/python3.12/site-packages/airflow/example_dags/example_branch_day_of_week_operator.py
[2026-09-23T12:18:18.509+0000] {logging_mixin.py:188} INFO - [2026-09-23T12:18:18.509+0000] {dag.py:3089} INFO - Sync 1 DAGs
[2026-09-23T12:18:18.540+0000] {logging_mixin.py:188} INFO - [2026-09-23T12:18:18.540+0000] {dag.py:3947} INFO - Setting next_dagrun for example_weekday_branch_operator to 2026-09-22 00:00:00+00:00, run_after=2026-09-23 00:00:00+00:00
[2026-09-23T12:18:18.565+0000] {processor.py:183} INFO - Processing /home/airflow/.local/lib/python3.12/site-packages/airflow/example_dags/example_branch_day_of_week_operator.py took 0.101 seconds
[2026-09-23T12:18:48.676+0000] {processor.py:161} INFO - Started process (PID=375) to work on /home/airflow/.local/lib/python3.12/site-packages/airflow/example_dags/example_branch_day_of_week_operator.py
[2026-09-23T12:18:48.677+0000] {processor.py:830} INFO - Processing file /home/airflow/.local/lib/python3.12/site-packages/airflow/example_dags/example_branch_day_of_week_operator.py for tasks to queue
[2026-09-23T12:18:48.679+0000] {logging_mixin.py:188} INFO - [2026-09-23T12:18:48.678+0000] {dagbag.py:545} INFO - Filling up the DagBag from /home/airflow/.local/lib/python3.12/site-packages/airflow/example_dags/example_branch_day_of_week_operator.py
[2026-09-23T12:18:48.686+0000] {processor.py:840} INFO - DAG(s) 'example_weekday_branch_operator' retrieved from /home/airflow/.local/lib/python3.12/site-packages/airflow/example_dags/example_branch_day_of_week_operator.py
[2026-09-23T12:18:48.706+0000] {logging_mixin.py:188} INFO - [2026-09-23T12:18:48.706+0000] {dag.py:3089} INFO - Sync 1 DAGs
[2026-09-23T12:18:48.728+0000] {logging_mixin.py:188} INFO - [2026-09-23T12:18:48.727+0000] {dag.py:3947} INFO - Setting next_dagrun for example_weekday_branch_operator to 2026-09-22 00:00:00+00:00, run_after=2026-09-23 00:00:00+00:00
[2026-09-23T12:18:48.809+0000] {processor.py:183} INFO - Processing /home/airflow/.local/lib/python3.12/site-packages/airflow/example_dags/example_branch_day_of_week_operator.py took 0.139 seconds
[2026-09-23T12:19:19.062+0000] {processor.py:161} INFO - Started process (PID=453) to work on /home/airflow/.local/lib/python3.12/site-packages/airflow/example_dags/example_branch_day_of_week_operator.py
[2026-09-23T12:19:19.064+0000] {processor.py:830} INFO - Processing file /home/airflow/.local/lib/python3.12/site-packages/airflow/example_dags/example_branch_day_of_week_operator.py for tasks to queue
[2026-09-23T12:19:19.066+0000] {logging_mixin.py:188} INFO - [2026-09-23T12:19:19.065+0000] {dagbag.py:545} INFO - Filling up the DagBag from /home/airflow/.local/lib/python3.12/site-packages/airflow/example_dags/example_branch_day_of_week_operator.py
[2026-09-23T12:19:19.074+0000] {processor.py:840} INFO - DAG(s) 'example_weekday_branch_operator' retrieved from /home/airflow/.local/lib/python3.12/site-packages/airflow/example_dags/example_branch_day_of_week_operator.py
[2026-09-23T12:19:19.100+0000] {logging_mixin.py:188} INFO - [2026-09-23T12:19:19.100+0000] {dag.py:3089} INFO - Sync 1 DAGs
[2026-09-23T12:19:19.127+0000] {logging_mixin.py:188} INFO - [2026-09-23T12:19:19.127+0000] {dag.py:3947} INFO - Setting next_dagrun for example_weekday_branch_operator to 2026-09-22 00:00:00+00:00, run_after=2026-09-23 00:00:00+00:00
[2026-09-23T12:19:19.174+0000] {processor.py:183} INFO - Processing /home/airflow/.local/lib/python3.12/site-packages/airflow/example_dags/example_branch_day_of_week_operator.py took 0.119 seconds
[2026-09-23T12:19:49.298+0000] {processor.py:161} INFO - Started process (PID=511) to work on /home/airflow/.local/lib/python3.12/site-packages/airflow/example_dags/example_branch_day_of_week_operator.py
[2026-09-23T12:19:49.299+0000] {processor.py:830} INFO - Processing file /home/airflow/.local/lib/python3.12/site-packages/airflow/example_dags/example_branch_day_of_week_operator.py for tasks to queue
[2026-09-23T12:19:49.301+0000] {logging_mixin.py:188} INFO - [2026-09-23T12:19:49.301+0000] {dagbag.py:545} INFO - Filling up the DagBag from /home/airflow/.local/lib/python3.12/site-packages/airflow/example_dags/example_branch_day_of_week_operator.py
[2026-09-23T12:19:49.310+0000] {processor.py:840} INFO - DAG(s) 'example_weekday_branch_operator' retrieved from /home/airflow/.local/lib/python3.12/site-packages/airflow/example_dags/example_branch_day_of_week_operator.py
[2026-09-23T12:19:49.330+0000] {logging_mixin.py:188} INFO - [2026-09-23T12:19:49.330+0000] {dag.py:3089} INFO - Sync 1 DAGs
[2026-09-23T12:19:49.354+0000] {logging_mixin.py:188} INFO - [2026-09-23T12:19:49.354+0000] {dag.py:3947} INFO - Setting next_dagrun for example_weekday_branch_operator to 2026-09-22 00:00:00+00:00, run_after=2026-09-23 00:00:00+00:00
[2026-09-23T12:19:49.376+0000] {processor.py:183} INFO - Processing /home/airflow/.local/lib/python3.12/site-packages/airflow/example_dags/example_branch_day_of_week_operator.py took 0.085 seconds
[2026-09-23T12:20:19.723+0000] {processor.py:161} INFO - Started process (PID=569) to work on /home/airflow/.local/lib/python3.12/site-packages/airflow/example_dags/example_branch_day_of_week_operator.py
[2026-09-23T12:20:19.724+0000] {processor.py:830} INFO - Processing file /home/airflow/.local/lib/python3.12/site-packages/airflow/example_dags/example_branch_day_of_week_operator.py for tasks to queue
[2026-09-23T12:20:19.726+0000] {logging_mixin.py:188} INFO - [2026-09-23T12:20:19.726+0000] {dagbag.py:545} INFO - Filling up the DagBag from /home/airflow/.local/lib/python3.12/site-packages/airflow/example_dags/example_branch_day_of_week_operator.py
[2026-09-23T12:20:19.734+0000] {processor.py:840} INFO - DAG(s) 'example_weekday_branch_operator' retrieved from /home/airflow/.local/lib/python3.12/site-packages/airflow/example_dags/example_branch_day_of_week_operator.py
[2026-09-23T12:20:19.753+0000] {logging_mixin.py:188} INFO - [2026-09-23T12:20:19.753+0000] {dag.py:3089} INFO - Sync 1 DAGs
[2026-09-23T12:20:19.773+0000] {logging_mixin.py:188} INFO - [2026-09-23T12:20:19.773+0000] {dag.py:3947} INFO - Setting next_dagrun for example_weekday_branch_operator to 2026-09-22 00:00:00+00:00, run_after=2026-09-23 00:00:00+00:00
[2026-09-23T12:20:19.793+0000] {processor.py:183} INFO - Processing /home/airflow/.local/lib/python3.12/site-packages/airflow/example_dags/example_branch_day_of_week_operator.py took 0.075 seconds
[2026-09-23T12:20:49.980+0000] {processor.py:161} INFO - Started process (PID=627) to work on /home/airflow/.local/lib/python3.12/site-packages/airflow/example_dags/example_branch_day_of_week_operator.py
[2026-09-23T12:20:49.982+0000] {processor.py:830} INFO - Processing file /home/airflow/.local/lib/python3.12/site-packages/airflow/example_dags/example_branch_day_of_week_operator.py for tasks to queue
[2026-09-23T12:20:49.984+0000] {logging_mixin.py:188} INFO - [2026-09-23T12:20:49.984+0000] {dagbag.py:545} INFO - Filling up the DagBag from /home/airflow/.local/lib/python3.12/site-packages/airflow/example_dags/example_branch_day_of_week_operator.py
[2026-09-23T12:20:49.990+0000] {processor.py:840} INFO - DAG(s) 'example_weekday_branch_operator' retrieved from /home/airflow/.local/lib/python3.12/site-packages/airflow/example_dags/example_branch_day_of_week_operator.py
[2026-09-23T12:20:50.008+0000] {logging_mixin.py:188} INFO - [2026-09-23T12:20:50.008+0000] {dag.py:3089} INFO - Sync 1 DAGs
[2026-09-23T12:20:50.029+0000] {logging_mixin.py:188} INFO - [2026-09-23T12:20:50.028+0000] {dag.py:3947} INFO - Setting next_dagrun for example_weekday_branch_operator to 2026-09-22 00:00:00+00:00, run_after=2026-09-23 00:00:00+00:00
[2026-09-23T12:20:50.048+0000] {processor.py:183} INFO - Processing /home/airflow/.local/lib/python3.12/site-packages/airflow/example_dags/example_branch_day_of_week_operator.py took 0.073 seconds
[2026-09-23T12:21:20.506+0000] {processor.py:161} INFO - Started process (PID=685) to work on /home/airflow/.local/lib/python3.12/site-packages/airflow/example_dags/example_branch_day_of_week_operator.py
[2026-09-23T12:21:20.507+0000] {processor.py:830} INFO - Processing file /home/airflow/.local/lib/python3.12/site-packages/airflow/example_dags/example_branch_day_of_week_operator.py for tasks to queue
[2026-09-23T12:21:20.509+0000] {logging_mixin.py:188} INFO - [2026-09-23T12:21:20.509+0000] {dagbag.py:545} INFO - Filling up the DagBag from /home/airflow/.local/lib/python3.12/site-packages/airflow/example_dags/example_branch_day_of_week_operator.py
[2026-09-23T12:21:20.517+0000] {processor.py:840} INFO - DAG(s) 'example_weekday_branch_operator' retrieved from /home/airflow/.local/lib/python3.12/site-packages/airflow/example_dags/example_branch_day_of_week_operator.py
[2026-09-23T12:21:20.540+0000] {logging_mixin.py:188} INFO - [2026-09-23T12:21:20.540+0000] {dag.py:3089} INFO - Sync 1 DAGs
[2026-09-23T12:21:20.566+0000] {logging_mixin.py:188} INFO - [2026-09-23T12:21:20.566+0000] {dag.py:3947} INFO - Setting next_dagrun for example_weekday_branch_operator to 2026-09-22 00:00:00+00:00, run_after=2026-09-23 00:00:00+00:00
[2026-09-23T12:21:20.641+0000] {processor.py:183} INFO - Processing /home/airflow/.local/lib/python3.12/site-packages/airflow/example_dags/example_branch_day_of_week_operator.py took 0.141 seconds
[2026-09-23T12:21:51.231+0000] {processor.py:161} INFO - Started process (PID=743) to work on /home/airflow/.local/lib/python3.12/site-packages/airflow/example_dags/example_branch_day_of_week_operator.py
[2026-09-23T12:21:51.232+0000] {processor.py:830} INFO - Processing file /home/airflow/.local/lib/python3.12/site-packages/airflow/example_dags/example_branch_day_of_week_operator.py for tasks to queue
[2026-09-23T12:21:51.235+0000] {logging_mixin.py:188} INFO - [2026-09-23T12:21:51.234+0000] {dagbag.py:545} INFO - Filling up the DagBag from /home/airflow/.local/lib/python3.12/site-packages/airflow/example_dags/example_branch_day_of_week_operator.py
[2026-09-23T12:21:51.243+0000] {processor.py:840} INFO - DAG(s) 'example_weekday_branch_operator' retrieved from /home/airflow/.local/lib/python3.12/site-packages/airflow/example_dags/example_branch_day_of_week_operator.py
[2026-09-23T12:21:51.260+0000] {logging_mixin.py:188} INFO - [2026-09-23T12:21:51.260+0000] {dag.py:3089} INFO - Sync 1 DAGs
[2026-09-23T12:21:51.285+0000] {logging_mixin.py:188} INFO - [2026-09-23T12:21:51.285+0000] {dag.py:3947} INFO - Setting next_dagrun for example_weekday_branch_operator to 2026-09-22 00:00:00+00:00, run_after=2026-09-23 00:00:00+00:00
[2026-09-23T12:21:51.309+0000] {processor.py:183} INFO - Processing /home/airflow/.local/lib/python3.12/site-packages/airflow/example_dags/example_branch_day_of_week_operator.py took 0.084 seconds
[2026-09-23T12:22:21.811+0000] {processor.py:161} INFO - Started process (PID=801) to work on /home/airflow/.local/lib/python3.12/site-packages/airflow/example_dags/example_branch_day_of_week_operator.py
[2026-09-23T12:22:21.813+0000] {processor.py:830} INFO - Processing file /home/airflow/.local/lib/python3.12/site-packages/airflow/example_dags/example_branch_day_of_week_operator.py for tasks to queue
[2026-09-23T12:22:21.816+0000] {logging_mixin.py:188} INFO - [2026-09-23T12:22:21.815+0000] {dagbag.py:545} INFO - Filling up the DagBag from /home/airflow/.local/lib/python3.12/site-packages/airflow/example_dags/example_branch_day_of_week_operator.py
[2026-09-23T12:22:21.826+0000] {processor.py:840} INFO - DAG(s) 'example_weekday_branch_operator' retrieved from /home/airflow/.local/lib/python3.12/site-packages/airflow/example_dags/example_branch_day_of_week_operator.py
[2026-09-23T12:22:21.860+0000] {logging_mixin.py:188} INFO - [2026-09-23T12:22:21.860+0000] {dag.py:3089} INFO - Sync 1 DAGs
[2026-09-23T12:22:21.898+0000] {logging_mixin.py:188} INFO - [2026-09-23T12:22:21.898+0000] {dag.py:3947} INFO - Setting next_dagrun for example_weekday_branch_operator to 2026-09-22 00:00:00+00:00, run_after=2026-09-23 00:00:00+00:00
[2026-09-23T12:22:21.948+0000] {processor.py:183} INFO - Processing /home/airflow/.local/lib/python3.12/site-packages/airflow/example_dags/example_branch_day_of_week_operator.py took 0.146 seconds
[2026-09-23T12:23:59.748+0000] {processor.py:161} INFO - Started process (PID=88) to work on /home/airflow/.local/lib/python3.12/site-packages/airflow/example_dags/example_branch_day_of_week_operator.py
[2026-09-23T12:23:59.750+0000] {processor.py:830} INFO - Processing file /home/airflow/.local/lib/python3.12/site-packages/airflow/example_dags/example_branch_day_of_week_operator.py for tasks to queue
[2026-09-23T12:23:59.753+0000] {logging_mixin.py:188} INFO - [2026-09-23T12:23:59.752+0000] {dagbag.py:545} INFO - Filling up the DagBag from /home/airflow/.local/lib/python3.12/site-packages/airflow/example_dags/example_branch_day_of_week_operator.py
[2026-09-23T12:23:59.771+0000] {processor.py:840} INFO - DAG(s) 'example_weekday_branch_operator' retrieved from /home/airflow/.local/lib/python3.12/site-packages/airflow/example_dags/example_branch_day_of_week_operator.py
[2026-09-23T12:23:59.993+0000] {logging_mixin.py:188} INFO - [2026-09-23T12:23:59.993+0000] {dag.py:3089} INFO - Sync 1 DAGs
[2026-09-23T12:24:00.034+0000] {logging_mixin.py:188} INFO - [2026-09-23T12:24:00.033+0000] {dag.py:3947} INFO - Setting next_dagrun for example_weekday_branch_operator to 2026-09-22 00:00:00+00:00, run_after=2026-09-23 00:00:00+00:00
[2026-09-23T12:24:00.128+0000] {processor.py:183} INFO - Processing /home/airflow/.local/lib/python3.12/site-packages/airflow/example_dags/example_branch_day_of_week_operator.py took 0.390 seconds
[2026-09-23T12:24:30.960+0000] {processor.py:161} INFO - Started process (PID=146) to work on /home/airflow/.local/lib/python3.12/site-packages/airflow/example_dags/example_branch_day_of_week_operator.py
[2026-09-23T12:24:30.963+0000] {processor.py:830} INFO - Processing file /home/airflow/.local/lib/python3.12/site-packages/airflow/example_dags/example_branch_day_of_week_operator.py for tasks to queue
[2026-09-23T12:24:30.967+0000] {logging_mixin.py:188} INFO - [2026-09-23T12:24:30.966+0000] {dagbag.py:545} INFO - Filling up the DagBag from /home/airflow/.local/lib/python3.12/site-packages/airflow/example_dags/example_branch_day_of_week_operator.py
[2026-09-23T12:24:30.975+0000] {processor.py:840} INFO - DAG(s) 'example_weekday_branch_operator' retrieved from /home/airflow/.local/lib/python3.12/site-packages/airflow/example_dags/example_branch_day_of_week_operator.py
[2026-09-23T12:24:31.021+0000] {logging_mixin.py:188} INFO - [2026-09-23T12:24:31.021+0000] {dag.py:3089} INFO - Sync 1 DAGs
[2026-09-23T12:24:31.065+0000] {logging_mixin.py:188} INFO - [2026-09-23T12:24:31.064+0000] {dag.py:3947} INFO - Setting next_dagrun for example_weekday_branch_operator to 2026-09-22 00:00:00+00:00, run_after=2026-09-23 00:00:00+00:00
[2026-09-23T12:24:31.128+0000] {processor.py:183} INFO - Processing /home/airflow/.local/lib/python3.12/site-packages/airflow/example_dags/example_branch_day_of_week_operator.py took 0.176 seconds
