[2026-09-23T12:16:18.057+0000] {processor.py:161} INFO - Started process (PID=94) to work on /home/airflow/.local/lib/python3.12/site-packages/airflow/example_dags/example_external_task_marker_dag.py
[2026-09-23T12:16:18.059+0000] {processor.py:830} INFO - Processing file /home/airflow/.local/lib/python3.12/site-packages/airflow/example_dags/example_external_task_marker_dag.py for tasks to queue
[2026-09-23T12:16:18.062+0000] {logging_mixin.py:188} INFO - [2026-09-23T12:16:18.062+0000] {dagbag.py:545} INFO - Filling up the DagBag from /home/airflow/.local/lib/python3.12/site-packages/airflow/example_dags/example_external_task_marker_dag.py
[2026-09-23T12:16:18.082+0000] {processor.py:840} INFO - DAG(s) 'example_external_task_marker_child', 'example_external_task_marker_parent' retrieved from /home/airflow/.local/lib/python3.12/site-packages/airflow/example_dags/example_external_task_marker_dag.py
[2026-09-23T12:16:18.301+0000] {logging_mixin.py:188} INFO - [2026-09-23T12:16:18.300+0000] {dag.py:3089} INFO - Sync 2 DAGs
[2026-09-23T12:16:18.320+0000] {logging_mixin.py:188} INFO - [2026-09-23T12:16:18.320+0000] {dag.py:3947} INFO - Setting next_dagrun for example_external_task_marker_child to None, run_after=None
[2026-09-23T12:16:18.326+0000] {logging_mixin.py:188} INFO - [2026-09-23T12:16:18.326+0000] {dag.py:3947} INFO - Setting next_dagrun for example_external_task_marker_parent to None, run_after=None
[2026-09-23T12:16:18.362+0000] {processor.py:183} INFO - Processing /home/airflow/.local/lib/python3.12/site-packages/airflow/example_dags/example_external_task_marker_dag.py took 0.315 seconds
[2026-09-23T12:16:48.600+0000] {processor.py:161} INFO - Started process (PID=152) to work on /home/airflow/.local/lib/python3.12/site-packages/airflow/example_dags/example_external_task_marker_dag.py
[2026-09-23T12:16:48.609+0000] {processor.py:830} INFO - Processing file /home/airflow/.local/lib/python3.12/site-packages/airflow/example_dags/example_external_task_marker_dag.py for tasks to queue
[2026-09-23T12:16:48.611+0000] {logging_mixin.py:188} INFO - [2026-09-23T12:16:48.610+0000] {dagbag.py:545} INFO - Filling up the DagBag from /home/airflow/.local/lib/python3.12/site-packages/airflow/example_dags/example_external_task_marker_dag.py
[2026-09-23T12:16:48.617+0000] {processor.py:840} INFO - DAG(s) 'example_external_task_marker_child', 'example_external_task_marker_parent' retrieved from /home/airflow/.local/lib/python3.12/site-packages/airflow/example_dags/example_external_task_marker_dag.py
[2026-09-23T12:16:48.635+0000] {logging_mixin.py:188} INFO - [2026-09-23T12:16:48.635+0000] {dag.py:3089} INFO - Sync 2 DAGs
[2026-09-23T12:16:48.645+0000] {logging_mixin.py:188} INFO - [2026-09-23T12:16:48.645+0000] {dag.py:3947} INFO - Setting next_dagrun for example_external_task_marker_child to None, run_after=None
[2026-09-23T12:16:48.648+0000] {logging_mixin.py:188} INFO - [2026-09-23T12:16:48.648+0000] {dag.py:3947} INFO - Setting next_dagrun for example_external_task_marker_parent to None, run_after=None
[2026-09-23T12:16:48.664+0000] {processor.py:183} INFO - Processing /home/airflow/.local/lib/python3.12/site-packages/airflow/example_dags/example_external_task_marker_dag.py took 0.070 seconds
[2026-09-23T12:17:19.244+0000] {processor.py:161} INFO - Started process (PID=210) to work on /home/airflow/.local/lib/python3.12/site-packages/airflow/example_dags/example_external_task_marker_dag.py
[2026-09-23T12:17:19.246+0000] {processor.py:830} INFO - Processing file /home/airflow/.local/lib/python3.12/site-packages/airflow/example_dags/example_external_task_marker_dag.py for tasks to queue
[2026-09-23T12:17:19.250+0000] {logging_mixin.py:188} INFO - [2026-09-23T12:17:19.250+0000] {dagbag.py:545} INFO - Filling up the DagBag from /home/airflow/.local/lib/python3.12/site-packages/airflow/example_dags/example_external_task_marker_dag.py
[2026-09-23T12:17:19.256+0000] {processor.py:840} INFO - DAG(s) 'example_external_task_marker_parent', 'example_external_task_marker_child' retrieved from /home/airflow/.local/lib/python3.12/site-packages/airflow/example_dags/example_external_task_marker_dag.py
[2026-09-23T12:17:19.280+0000] {logging_mixin.py:188} INFO - [2026-09-23T12:17:19.280+0000] {dag.py:3089} INFO - Sync 2 DAGs
[2026-09-23T12:17:19.293+0000] {logging_mixin.py:188} INFO - [2026-09-23T12:17:19.293+0000] {dag.py:3947} INFO - Setting next_dagrun for example_external_task_marker_child to None, run_after=None
[2026-09-23T12:17:19.297+0000] {logging_mixin.py:188} INFO - [2026-09-23T12:17:19.296+0000] {dag.py:3947} INFO - Setting next_dagrun for example_external_task_marker_parent to None, run_after=None
[2026-09-23T12:17:19.316+0000] {processor.py:183} INFO - Processing /home/airflow/.local/lib/python3.12/site-packages/airflow/example_dags/example_external_task_marker_dag.py took 0.076 seconds
[2026-09-23T12:17:49.929+0000] {processor.py:161} INFO - Started process (PID=268) to work on /home/airflow/.local/lib/python3.12/site-packages/airflow/example_dags/example_external_task_marker_dag.py
[2026-09-23T12:17:49.931+0000] {processor.py:830} INFO - Processing file /home/airflow/.local/lib/python3.12/site-packages/airflow/example_dags/example_external_task_marker_dag.py for tasks to queue
[2026-09-23T12:17:49.933+0000] {logging_mixin.py:188} INFO - [2026-09-23T12:17:49.933+0000] {dagbag.py:545} INFO - Filling up the DagBag from /home/airflow/.local/lib/python3.12/site-packages/airflow/example_dags/example_external_task_marker_dag.py
[2026-09-23T12:17:49.940+0000] {processor.py:840} INFO - DAG(s) 'example_external_task_marker_child', 'example_external_task_marker_parent' retrieved from /home/airflow/.local/lib/python3.12/site-packages/airflow/example_dags/example_external_task_marker_dag.py
[2026-09-23T12:17:49.969+0000] {logging_mixin.py:188} INFO - [2026-09-23T12:17:49.969+0000] {dag.py:3089} INFO - Sync 2 DAGs
[2026-09-23T12:17:49.988+0000] {logging_mixin.py:188} INFO - [2026-09-23T12:17:49.988+0000] {dag.py:3947} INFO - Setting next_dagrun for example_external_task_marker_child to None, run_after=None
[2026-09-23T12:17:49.993+0000] {logging_mixin.py:188} INFO - [2026-09-23T12:17:49.993+0000] {dag.py:3947} INFO - Setting next_dagrun for example_external_task_marker_parent to None, run_after=None
[2026-09-23T12:17:50.017+0000] {processor.py:183} INFO - Processing /home/airflow/.local/lib/python3.12/site-packages/airflow/example_dags/example_external_task_marker_dag.py took 0.095 seconds
[2026-09-23T12:18:20.467+0000] {processor.py:161} INFO - Started process (PID=326) to work on /home/airflow/.local/lib/python3.12/site-packages/airflow/example_dags/example_external_task_marker_dag.py
[2026-09-23T12:18:20.468+0000] {processor.py:830} INFO - Processing file /home/airflow/.local/lib/python3.12/site-packages/airflow/example_dags/example_external_task_marker_dag.py for tasks to queue
[2026-09-23T12:18:20.471+0000] {logging_mixin.py:188} INFO - [2026-09-23T12:18:20.471+0000] {dagbag.py:545} INFO - Filling up the DagBag from /home/airflow/.local/lib/python3.12/site-packages/airflow/example_dags/example_external_task_marker_dag.py
[2026-09-23T12:18:20.476+0000] {processor.py:840} INFO - DAG(s) 'example_external_task_marker_child', 'example_external_task_marker_parent' retrieved from /home/airflow/.local/lib/python3.12/site-packages/airflow/example_dags/example_external_task_marker_dag.py
[2026-09-23T12:18:20.500+0000] {logging_mixin.py:188} INFO - [2026-09-23T12:18:20.500+0000] {dag.py:3089} INFO - Sync 2 DAGs
[2026-09-23T12:18:20.513+0000] {logging_mixin.py:188} INFO - [2026-09-23T12:18:20.512+0000] {dag.py:3947} INFO - Setting next_dagrun for example_external_task_marker_child to None, run_after=None
[2026-09-23T12:18:20.516+0000] {logging_mixin.py:188} INFO - [2026-09-23T12:18:20.516+0000] {dag.py:3947} INFO - Setting next_dagrun for example_external_task_marker_parent to None, run_after=None
[2026-09-23T12:18:20.538+0000] {processor.py:183} INFO - Processing /home/airflow/.local/lib/python3.12/site-packages/airflow/example_dags/example_external_task_marker_dag.py took 0.077 seconds
[2026-09-23T12:18:51.256+0000] {processor.py:161} INFO - Started process (PID=384) to work on /home/airflow/.local/lib/python3.12/site-packages/airflow/example_dags/example_external_task_marker_dag.py
[2026-09-23T12:18:51.257+0000] {processor.py:830} INFO - Processing file /home/airflow/.local/lib/python3.12/site-packages/airflow/example_dags/example_external_task_marker_dag.py for tasks to queue
[2026-09-23T12:18:51.259+0000] {logging_mixin.py:188} INFO - [2026-09-23T12:18:51.259+0000] {dagbag.py:545} INFO - Filling up the DagBag from /home/airflow/.local/lib/python3.12/site-packages/airflow/example_dags/example_external_task_marker_dag.py
[2026-09-23T12:18:51.264+0000] {processor.py:840} INFO - DAG(s) 'example_external_task_marker_child', 'example_external_task_marker_parent' retrieved from /home/airflow/.local/lib/python3.12/site-packages/airflow/example_dags/example_external_task_marker_dag.py
[2026-09-23T12:18:51.283+0000] {logging_mixin.py:188} INFO - [2026-09-23T12:18:51.283+0000] {dag.py:3089} INFO - Sync 2 DAGs
[2026-09-23T12:18:51.293+0000] {logging_mixin.py:188} INFO - [2026-09-23T12:18:51.293+0000] {dag.py:3947} INFO - Setting next_dagrun for example_external_task_marker_child to None, run_after=None
[2026-09-23T12:18:51.297+0000] {logging_mixin.py:188} INFO - [2026-09-23T12:18:51.296+0000] {dag.py:3947} INFO - Setting next_dagrun for example_external_task_marker_parent to None, run_after=None
[2026-09-23T12:18:51.313+0000] {processor.py:183} INFO - Processing /home/airflow/.local/lib/python3.12/site-packages/airflow/example_dags/example_external_task_marker_dag.py took 0.062 seconds
[2026-09-23T12:19:21.847+0000] {processor.py:161} INFO - Started process (PID=462) to work on /home/airflow/.local/lib/python3.12/site-packages/airflow/example_dags/example_external_task_marker_dag.py
[2026-09-23T12:19:21.848+0000] {processor.py:830} INFO - Processing file /home/airflow/.local/lib/python3.12/site-packages/airflow/example_dags/example_external_task_marker_dag.py for tasks to queue
[2026-09-23T12:19:21.850+0000] {logging_mixin.py:188} INFO - [2026-09-23T12:19:21.850+0000] {dagbag.py:545} INFO - Filling up the DagBag from /home/airflow/.local/lib/python3.12/site-packages/airflow/example_dags/example_external_task_marker_dag.py
[2026-09-23T12:19:21.857+0000] {processor.py:840} INFO - DAG(s) 'example_external_task_marker_parent', 'example_external_task_marker_child' retrieved from /home/airflow/.local/lib/python3.12/site-packages/airflow/example_dags/example_external_task_marker_dag.py
[2026-09-23T12:19:21.880+0000] {logging_mixin.py:188} INFO - [2026-09-23T12:19:21.879+0000] {dag.py:3089} INFO - Sync 2 DAGs
[2026-09-23T12:19:21.891+0000] {logging_mixin.py:188} INFO - [2026-09-23T12:19:21.891+0000] {dag.py:3947} INFO - Setting next_dagrun for example_external_task_marker_child to None, run_after=None
[2026-09-23T12:19:21.895+0000] {logging_mixin.py:188} INFO - [2026-09-23T12:19:21.895+0000] {dag.py:3947} INFO - Setting next_dagrun for example_external_task_marker_parent to None, run_after=None
[2026-09-23T12:19:21.918+0000] {processor.py:183} INFO - Processing /home/airflow/.local/lib/python3.12/site-packages/airflow/example_dags/example_external_task_marker_dag.py took 0.077 seconds
[2026-09-23T12:19:51.973+0000] {processor.py:161} INFO - Started process (PID=520) to work on /home/airflow/.local/lib/python3.12/site-packages/airflow/example_dags/example_external_task_marker_dag.py
[2026-09-23T12:19:51.975+0000] {processor.py:830} INFO - Processing file /home/airflow/.local/lib/python3.12/site-packages/airflow/example_dags/example_external_task_marker_dag.py for tasks to queue
[2026-09-23T12:19:51.976+0000] {logging_mixin.py:188} INFO - [2026-09-23T12:19:51.976+0000] {dagbag.py:545} INFO - Filling up the DagBag from /home/airflow/.local/lib/python3.12/site-packages/airflow/example_dags/example_external_task_marker_dag.py
[2026-09-23T12:19:51.982+0000] {processor.py:840} INFO - DAG(s) 'example_external_task_marker_child', 'example_external_task_marker_parent' retrieved from /home/airflow/.local/lib/python3.12/site-packages/airflow/example_dags/example_external_task_marker_dag.py
[2026-09-23T12:19:52.000+0000] {logging_mixin.py:188} INFO - [2026-09-23T12:19:52.000+0000] {dag.py:3089} INFO - Sync 2 DAGs
[2026-09-23T12:19:52.011+0000] {logging_mixin.py:188} INFO - [2026-09-23T12:19:52.010+0000] {dag.py:3947} INFO - Setting next_dagrun for example_external_task_marker_child to None, run_after=None
[2026-09-23T12:19:52.014+0000] {logging_mixin.py:188} INFO - [2026-09-23T12:19:52.014+0000] {dag.py:3947} INFO - Setting next_dagrun for example_external_task_marker_parent to None, run_after=None
[2026-09-23T12:19:52.030+0000] {processor.py:183} INFO - Processing /home/airflow/.local/lib/python3.12/site-packages/airflow/example_dags/example_external_task_marker_dag.py took 0.062 seconds
[2026-09-23T12:20:22.479+0000] {processor.py:161} INFO - Started process (PID=578) to work on /home/airflow/.local/lib/python3.12/site-packages/airflow/example_dags/example_external_task_marker_dag.py
[2026-09-23T12:20:22.482+0000] {processor.py:830} INFO - Processing file /home/airflow/.local/lib/python3.12/site-packages/airflow/example_dags/example_external_task_marker_dag.py for tasks to queue
[2026-09-23T12:20:22.485+0000] {logging_mixin.py:188} INFO - [2026-09-23T12:20:22.484+0000] {dagbag.py:545} INFO - Filling up the DagBag from /home/airflow/.local/lib/python3.12/site-packages/airflow/example_dags/example_external_task_marker_dag.py
[2026-09-23T12:20:22.492+0000] {processor.py:840} INFO - DAG(s) 'example_external_task_marker_parent', 'example_external_task_marker_child' retrieved from /home/airflow/.local/lib/python3.12/site-packages/airflow/example_dags/example_external_task_marker_dag.py
[2026-09-23T12:20:22.518+0000] {logging_mixin.py:188} INFO - [2026-09-23T12:20:22.518+0000] {dag.py:3089} INFO - Sync 2 DAGs
[2026-09-23T12:20:22.532+0000] {logging_mixin.py:188} INFO - [2026-09-23T12:20:22.531+0000] {dag.py:3947} INFO - Setting next_dagrun for example_external_task_marker_child to None, run_after=None
[2026-09-23T12:20:22.537+0000] {logging_mixin.py:188} INFO - [2026-09-23T12:20:22.537+0000] {dag.py:3947} INFO - Setting next_dagrun for example_external_task_marker_parent to None, run_after=None
[2026-09-23T12:20:22.627+0000] {processor.py:183} INFO - Processing /home/airflow/.local/lib/python3.12/site-packages/airflow/example_dags/example_external_task_marker_dag.py took 0.155 seconds
[2026-09-23T12:20:52.828+0000] {processor.py:161} INFO - Started process (PID=636) to work on /home/airflow/.local/lib/python3.12/site-packages/airflow/example_dags/example_external_task_marker_dag.py
[2026-09-23T12:20:52.831+0000] {processor.py:830} INFO - Processing file /home/airflow/.local/lib/python3.12/site-packages/airflow/example_dags/example_external_task_marker_dag.py for tasks to queue
[2026-09-23T12:20:52.834+0000] {logging_mixin.py:188} INFO - [2026-09-23T12:20:52.833+0000] {dagbag.py:545} INFO - Filling up the DagBag from /home/airflow/.local/lib/python3.12/site-packages/airflow/example_dags/example_external_task_marker_dag.py
[2026-09-23T12:20:52.841+0000] {processor.py:840} INFO - DAG(s) 'example_external_task_marker_child', 'example_external_task_marker_parent' retrieved from /home/airflow/.local/lib/python3.12/site-packages/airflow/example_dags/example_external_task_marker_dag.py
[2026-09-23T12:20:52.875+0000] {logging_mixin.py:188} INFO - [2026-09-23T12:20:52.874+0000] {dag.py:3089} INFO - Sync 2 DAGs
[2026-09-23T12:20:52.896+0000] {logging_mixin.py:188} INFO - [2026-09-23T12:20:52.895+0000] {dag.py:3947} INFO - Setting next_dagrun for example_external_task_marker_child to None, run_after=None
[2026-09-23T12:20:52.906+0000] {logging_mixin.py:188} INFO - [2026-09-23T12:20:52.905+0000] {dag.py:3947} INFO - Setting next_dagrun for example_external_task_marker_parent to None, run_after=None
[2026-09-23T12:20:52.935+0000] {processor.py:183} INFO - Processing /home/airflow/.local/lib/python3.12/site-packages/airflow/example_dags/example_external_task_marker_dag.py took 0.119 seconds
[2026-09-23T12:21:23.074+0000] {processor.py:161} INFO - Started process (PID=694) to work on /home/airflow/.local/lib/python3.12/site-packages/airflow/example_dags/example_external_task_marker_dag.py
[2026-09-23T12:21:23.076+0000] {processor.py:830} INFO - Processing file /home/airflow/.local/lib/python3.12/site-packages/airflow/example_dags/example_external_task_marker_dag.py for tasks to queue
[2026-09-23T12:21:23.079+0000] {logging_mixin.py:188} INFO - [2026-09-23T12:21:23.078+0000] {dagbag.py:545} INFO - Filling up the DagBag from /home/airflow/.local/lib/python3.12/site-packages/airflow/example_dags/example_external_task_marker_dag.py
[2026-09-23T12:21:23.088+0000] {processor.py:840} INFO - DAG(s) 'example_external_task_marker_parent', 'example_external_task_marker_child' retrieved from /home/airflow/.local/lib/python3.12/site-packages/airflow/example_dags/example_external_task_marker_dag.py
[2026-09-23T12:21:23.111+0000] {logging_mixin.py:188} INFO - [2026-09-23T12:21:23.111+0000] {dag.py:3089} INFO - Sync 2 DAGs
[2026-09-23T12:21:23.124+0000] {logging_mixin.py:188} INFO - [2026-09-23T12:21:23.124+0000] {dag.py:3947} INFO - Setting next_dagrun for example_external_task_marker_child to None, run_after=None
[2026-09-23T12:21:23.128+0000] {logging_mixin.py:188} INFO - [2026-09-23T12:21:23.128+0000] {dag.py:3947} INFO - Setting next_dagrun for example_external_task_marker_parent to None, run_after=None
[2026-09-23T12:21:23.202+0000] {processor.py:183} INFO - Processing /home/airflow/.local/lib/python3.12/site-packages/airflow/example_dags/example_external_task_marker_dag.py took 0.135 seconds
[2026-09-23T12:21:53.920+0000] {processor.py:161} INFO - Started process (PID=752) to work on /home/airflow/.local/lib/python3.12/site-packages/airflow/example_dags/example_external_task_marker_dag.py
[2026-09-23T12:21:53.921+0000] {processor.py:830} INFO - Processing file /home/airflow/.local/lib/python3.12/site-packages/airflow/example_dags/example_external_task_marker_dag.py for tasks to queue
[2026-09-23T12:21:53.924+0000] {logging_mixin.py:188} INFO - [2026-09-23T12:21:53.924+0000] {dagbag.py:545} INFO - Filling up the DagBag from /home/airflow/.local/lib/python3.12/site-packages/airflow/example_dags/example_external_task_marker_dag.py
[2026-09-23T12:21:53.932+0000] {processor.py:840} INFO - DAG(s) 'example_external_task_marker_child', 'example_external_task_marker_parent' retrieved from /home/airflow/.local/lib/python3.12/site-packages/airflow/example_dags/example_external_task_marker_dag.py
[2026-09-23T12:21:53.958+0000] {logging_mixin.py:188} INFO - [2026-09-23T12:21:53.958+0000] {dag.py:3089} INFO - Sync 2 DAGs
[2026-09-23T12:21:53.975+0000] {logging_mixin.py:188} INFO - [2026-09-23T12:21:53.975+0000] {dag.py:3947} INFO - Setting next_dagrun for example_external_task_marker_child to None, run_after=None
[2026-09-23T12:21:53.980+0000] {logging_mixin.py:188} INFO - [2026-09-23T12:21:53.980+0000] {dag.py:3947} INFO - Setting next_dagrun for example_external_task_marker_parent to None, run_after=None
[2026-09-23T12:21:54.001+0000] {processor.py:183} INFO - Processing /home/airflow/.local/lib/python3.12/site-packages/airflow/example_dags/example_external_task_marker_dag.py took 0.087 seconds
[2026-09-23T12:22:24.535+0000] {processor.py:161} INFO - Started process (PID=810) to work on /home/airflow/.local/lib/python3.12/site-packages/airflow/example_dags/example_external_task_marker_dag.py
[2026-09-23T12:22:24.536+0000] {processor.py:830} INFO - Processing file /home/airflow/.local/lib/python3.12/site-packages/airflow/example_dags/example_external_task_marker_dag.py for tasks to queue
[2026-09-23T12:22:24.539+0000] {logging_mixin.py:188} INFO - [2026-09-23T12:22:24.539+0000] {dagbag.py:545} INFO - Filling up the DagBag from /home/airflow/.local/lib/python3.12/site-packages/airflow/example_dags/example_external_task_marker_dag.py
[2026-09-23T12:22:24.546+0000] {processor.py:840} INFO - DAG(s) 'example_external_task_marker_child', 'example_external_task_marker_parent' retrieved from /home/airflow/.local/lib/python3.12/site-packages/airflow/example_dags/example_external_task_marker_dag.py
[2026-09-23T12:22:24.572+0000] {logging_mixin.py:188} INFO - [2026-09-23T12:22:24.572+0000] {dag.py:3089} INFO - Sync 2 DAGs
[2026-09-23T12:22:24.585+0000] {logging_mixin.py:188} INFO - [2026-09-23T12:22:24.585+0000] {dag.py:3947} INFO - Setting next_dagrun for example_external_task_marker_child to None, run_after=None
[2026-09-23T12:22:24.590+0000] {logging_mixin.py:188} INFO - [2026-09-23T12:22:24.590+0000] {dag.py:3947} INFO - Setting next_dagrun for example_external_task_marker_parent to None, run_after=None
[2026-09-23T12:22:24.614+0000] {processor.py:183} INFO - Processing /home/airflow/.local/lib/python3.12/site-packages/airflow/example_dags/example_external_task_marker_dag.py took 0.087 seconds
[2026-09-23T12:24:01.978+0000] {processor.py:161} INFO - Started process (PID=97) to work on /home/airflow/.local/lib/python3.12/site-packages/airflow/example_dags/example_external_task_marker_dag.py
[2026-09-23T12:24:01.980+0000] {processor.py:830} INFO - Processing file /home/airflow/.local/lib/python3.12/site-packages/airflow/example_dags/example_external_task_marker_dag.py for tasks to queue
[2026-09-23T12:24:01.983+0000] {logging_mixin.py:188} INFO - [2026-09-23T12:24:01.983+0000] {dagbag.py:545} INFO - Filling up the DagBag from /home/airflow/.local/lib/python3.12/site-packages/airflow/example_dags/example_external_task_marker_dag.py
[2026-09-23T12:24:01.997+0000] {processor.py:840} INFO - DAG(s) 'example_external_task_marker_parent', 'example_external_task_marker_child' retrieved from /home/airflow/.local/lib/python3.12/site-packages/airflow/example_dags/example_external_task_marker_dag.py
[2026-09-23T12:24:02.141+0000] {logging_mixin.py:188} INFO - [2026-09-23T12:24:02.140+0000] {dag.py:3089} INFO - Sync 2 DAGs
[2026-09-23T12:24:02.154+0000] {logging_mixin.py:188} INFO - [2026-09-23T12:24:02.154+0000] {dag.py:3947} INFO - Setting next_dagrun for example_external_task_marker_child to None, run_after=None
[2026-09-23T12:24:02.160+0000] {logging_mixin.py:188} INFO - [2026-09-23T12:24:02.159+0000] {dag.py:3947} INFO - Setting next_dagrun for example_external_task_marker_parent to None, run_after=None
[2026-09-23T12:24:02.186+0000] {processor.py:183} INFO - Processing /home/airflow/.local/lib/python3.12/site-packages/airflow/example_dags/example_external_task_marker_dag.py took 0.215 seconds
[2026-09-23T12:24:32.752+0000] {processor.py:161} INFO - Started process (PID=155) to work on /home/airflow/.local/lib/python3.12/site-packages/airflow/example_dags/example_external_task_marker_dag.py
[2026-09-23T12:24:32.753+0000] {processor.py:830} INFO - Processing file /home/airflow/.local/lib/python3.12/site-packages/airflow/example_dags/example_external_task_marker_dag.py for tasks to queue
[2026-09-23T12:24:32.756+0000] {logging_mixin.py:188} INFO - [2026-09-23T12:24:32.756+0000] {dagbag.py:545} INFO - Filling up the DagBag from /home/airflow/.local/lib/python3.12/site-packages/airflow/example_dags/example_external_task_marker_dag.py
[2026-09-23T12:24:32.765+0000] {processor.py:840} INFO - DAG(s) 'example_external_task_marker_child', 'example_external_task_marker_parent' retrieved from /home/airflow/.local/lib/python3.12/site-packages/airflow/example_dags/example_external_task_marker_dag.py
[2026-09-23T12:24:32.793+0000] {logging_mixin.py:188} INFO - [2026-09-23T12:24:32.793+0000] {dag.py:3089} INFO - Sync 2 DAGs
[2026-09-23T12:24:32.806+0000] {logging_mixin.py:188} INFO - [2026-09-23T12:24:32.805+0000] {dag.py:3947} INFO - Setting next_dagrun for example_external_task_marker_child to None, run_after=None
[2026-09-23T12:24:32.809+0000] {logging_mixin.py:188} INFO - [2026-09-23T12:24:32.809+0000] {dag.py:3947} INFO - Setting next_dagrun for example_external_task_marker_parent to None, run_after=None
[2026-09-23T12:24:32.826+0000] {processor.py:183} INFO - Processing /home/airflow/.local/lib/python3.12/site-packages/airflow/example_dags/example_external_task_marker_dag.py took 0.082 seconds
