[2026-09-23T12:16:21.532+0000] {processor.py:161} INFO - Started process (PID=116) to work on /home/airflow/.local/lib/python3.12/site-packages/airflow/example_dags/example_sla_dag.py
[2026-09-23T12:16:21.533+0000] {processor.py:830} INFO - Processing file /home/airflow/.local/lib/python3.12/site-packages/airflow/example_dags/example_sla_dag.py for tasks to queue
[2026-09-23T12:16:21.536+0000] {logging_mixin.py:188} INFO - [2026-09-23T12:16:21.536+0000] {dagbag.py:545} INFO - Filling up the DagBag from /home/airflow/.local/lib/python3.12/site-packages/airflow/example_dags/example_sla_dag.py
[2026-09-23T12:16:21.544+0000] {processor.py:840} INFO - DAG(s) 'example_sla_dag' retrieved from /home/airflow/.local/lib/python3.12/site-packages/airflow/example_dags/example_sla_dag.py
[2026-09-23T12:16:21.658+0000] {logging_mixin.py:188} INFO - [2026-09-23T12:16:21.657+0000] {dag.py:3089} INFO - Sync 1 DAGs
[2026-09-23T12:16:21.687+0000] {logging_mixin.py:188} INFO - [2026-09-23T12:16:21.686+0000] {dag.py:3947} INFO - Setting next_dagrun for example_sla_dag to 2026-09-23 12:14:00+00:00, run_after=2026-09-23 12:16:00+00:00
[2026-09-23T12:16:21.709+0000] {processor.py:183} INFO - Processing /home/airflow/.local/lib/python3.12/site-packages/airflow/example_dags/example_sla_dag.py took 0.183 seconds
[2026-09-23T12:16:52.102+0000] {processor.py:161} INFO - Started process (PID=174) to work on /home/airflow/.local/lib/python3.12/site-packages/airflow/example_dags/example_sla_dag.py
[2026-09-23T12:16:52.103+0000] {processor.py:830} INFO - Processing file /home/airflow/.local/lib/python3.12/site-packages/airflow/example_dags/example_sla_dag.py for tasks to queue
[2026-09-23T12:16:52.105+0000] {logging_mixin.py:188} INFO - [2026-09-23T12:16:52.105+0000] {dagbag.py:545} INFO - Filling up the DagBag from /home/airflow/.local/lib/python3.12/site-packages/airflow/example_dags/example_sla_dag.py
[2026-09-23T12:16:52.115+0000] {processor.py:840} INFO - DAG(s) 'example_sla_dag' retrieved from /home/airflow/.local/lib/python3.12/site-packages/airflow/example_dags/example_sla_dag.py
[2026-09-23T12:16:52.135+0000] {logging_mixin.py:188} INFO - [2026-09-23T12:16:52.135+0000] {dag.py:3089} INFO - Sync 1 DAGs
[2026-09-23T12:16:52.169+0000] {logging_mixin.py:188} INFO - [2026-09-23T12:16:52.169+0000] {dag.py:3947} INFO - Setting next_dagrun for example_sla_dag to 2026-09-23 12:14:00+00:00, run_after=2026-09-23 12:16:00+00:00
[2026-09-23T12:16:52.192+0000] {processor.py:183} INFO - Processing /home/airflow/.local/lib/python3.12/site-packages/airflow/example_dags/example_sla_dag.py took 0.095 seconds
[2026-09-23T12:17:22.805+0000] {processor.py:161} INFO - Started process (PID=232) to work on /home/airflow/.local/lib/python3.12/site-packages/airflow/example_dags/example_sla_dag.py
[2026-09-23T12:17:22.807+0000] {processor.py:830} INFO - Processing file /home/airflow/.local/lib/python3.12/site-packages/airflow/example_dags/example_sla_dag.py for tasks to queue
[2026-09-23T12:17:22.810+0000] {logging_mixin.py:188} INFO - [2026-09-23T12:17:22.810+0000] {dagbag.py:545} INFO - Filling up the DagBag from /home/airflow/.local/lib/python3.12/site-packages/airflow/example_dags/example_sla_dag.py
[2026-09-23T12:17:22.820+0000] {processor.py:840} INFO - DAG(s) 'example_sla_dag' retrieved from /home/airflow/.local/lib/python3.12/site-packages/airflow/example_dags/example_sla_dag.py
[2026-09-23T12:17:22.842+0000] {logging_mixin.py:188} INFO - [2026-09-23T12:17:22.842+0000] {dag.py:3089} INFO - Sync 1 DAGs
[2026-09-23T12:17:22.866+0000] {logging_mixin.py:188} INFO - [2026-09-23T12:17:22.866+0000] {dag.py:3947} INFO - Setting next_dagrun for example_sla_dag to 2026-09-23 12:14:00+00:00, run_after=2026-09-23 12:16:00+00:00
[2026-09-23T12:17:22.886+0000] {processor.py:183} INFO - Processing /home/airflow/.local/lib/python3.12/site-packages/airflow/example_dags/example_sla_dag.py took 0.087 seconds
[2026-09-23T12:17:53.602+0000] {processor.py:161} INFO - Started process (PID=290) to work on /home/airflow/.local/lib/python3.12/site-packages/airflow/example_dags/example_sla_dag.py
[2026-09-23T12:17:53.603+0000] {processor.py:830} INFO - Processing file /home/airflow/.local/lib/python3.12/site-packages/airflow/example_dags/example_sla_dag.py for tasks to queue
[2026-09-23T12:17:53.607+0000] {logging_mixin.py:188} INFO - [2026-09-23T12:17:53.607+0000] {dagbag.py:545} INFO - Filling up the DagBag from /home/airflow/.local/lib/python3.12/site-packages/airflow/example_dags/example_sla_dag.py
[2026-09-23T12:17:53.620+0000] {processor.py:840} INFO - DAG(s) 'example_sla_dag' retrieved from /home/airflow/.local/lib/python3.12/site-packages/airflow/example_dags/example_sla_dag.py
[2026-09-23T12:17:53.649+0000] {logging_mixin.py:188} INFO - [2026-09-23T12:17:53.649+0000] {dag.py:3089} INFO - Sync 1 DAGs
[2026-09-23T12:17:53.679+0000] {logging_mixin.py:188} INFO - [2026-09-23T12:17:53.679+0000] {dag.py:3947} INFO - Setting next_dagrun for example_sla_dag to 2026-09-23 12:14:00+00:00, run_after=2026-09-23 12:16:00+00:00
[2026-09-23T12:17:53.758+0000] {processor.py:183} INFO - Processing /home/airflow/.local/lib/python3.12/site-packages/airflow/example_dags/example_sla_dag.py took 0.164 seconds
[2026-09-23T12:18:24.279+0000] {processor.py:161} INFO - Started process (PID=348) to work on /home/airflow/.local/lib/python3.12/site-packages/airflow/example_dags/example_sla_dag.py
[2026-09-23T12:18:24.281+0000] {processor.py:830} INFO - Processing file /home/airflow/.local/lib/python3.12/site-packages/airflow/example_dags/example_sla_dag.py for tasks to queue
[2026-09-23T12:18:24.284+0000] {logging_mixin.py:188} INFO - [2026-09-23T12:18:24.283+0000] {dagbag.py:545} INFO - Filling up the DagBag from /home/airflow/.local/lib/python3.12/site-packages/airflow/example_dags/example_sla_dag.py
[2026-09-23T12:18:24.293+0000] {processor.py:840} INFO - DAG(s) 'example_sla_dag' retrieved from /home/airflow/.local/lib/python3.12/site-packages/airflow/example_dags/example_sla_dag.py
[2026-09-23T12:18:24.315+0000] {logging_mixin.py:188} INFO - [2026-09-23T12:18:24.315+0000] {dag.py:3089} INFO - Sync 1 DAGs
[2026-09-23T12:18:24.339+0000] {logging_mixin.py:188} INFO - [2026-09-23T12:18:24.338+0000] {dag.py:3947} INFO - Setting next_dagrun for example_sla_dag to 2026-09-23 12:16:00+00:00, run_after=2026-09-23 12:18:00+00:00
[2026-09-23T12:18:24.368+0000] {processor.py:183} INFO - Processing /home/airflow/.local/lib/python3.12/site-packages/airflow/example_dags/example_sla_dag.py took 0.096 seconds
[2026-09-23T12:18:55.202+0000] {processor.py:161} INFO - Started process (PID=406) to work on /home/airflow/.local/lib/python3.12/site-packages/airflow/example_dags/example_sla_dag.py
[2026-09-23T12:18:55.203+0000] {processor.py:830} INFO - Processing file /home/airflow/.local/lib/python3.12/site-packages/airflow/example_dags/example_sla_dag.py for tasks to queue
[2026-09-23T12:18:55.206+0000] {logging_mixin.py:188} INFO - [2026-09-23T12:18:55.206+0000] {dagbag.py:545} INFO - Filling up the DagBag from /home/airflow/.local/lib/python3.12/site-packages/airflow/example_dags/example_sla_dag.py
[2026-09-23T12:18:55.215+0000] {processor.py:840} INFO - DAG(s) 'example_sla_dag' retrieved from /home/airflow/.local/lib/python3.12/site-packages/airflow/example_dags/example_sla_dag.py
[2026-09-23T12:18:55.235+0000] {logging_mixin.py:188} INFO - [2026-09-23T12:18:55.235+0000] {dag.py:3089} INFO - Sync 1 DAGs
[2026-09-23T12:18:55.256+0000] {logging_mixin.py:188} INFO - [2026-09-23T12:18:55.256+0000] {dag.py:3947} INFO - Setting next_dagrun for example_sla_dag to 2026-09-23 12:16:00+00:00, run_after=2026-09-23 12:18:00+00:00
[2026-09-23T12:18:55.274+0000] {processor.py:183} INFO - Processing /home/airflow/.local/lib/python3.12/site-packages/airflow/example_dags/example_sla_dag.py took 0.078 seconds
[2026-09-23T12:19:25.804+0000] {processor.py:161} INFO - Started process (PID=484) to work on /home/airflow/.local/lib/python3.12/site-packages/airflow/example_dags/example_sla_dag.py
[2026-09-23T12:19:25.806+0000] {processor.py:830} INFO - Processing file /home/airflow/.local/lib/python3.12/site-packages/airflow/example_dags/example_sla_dag.py for tasks to queue
[2026-09-23T12:19:25.808+0000] {logging_mixin.py:188} INFO - [2026-09-23T12:19:25.808+0000] {dagbag.py:545} INFO - Filling up the DagBag from /home/airflow/.local/lib/python3.12/site-packages/airflow/example_dags/example_sla_dag.py
[2026-09-23T12:19:25.818+0000] {processor.py:840} INFO - DAG(s) 'example_sla_dag' retrieved from /home/airflow/.local/lib/python3.12/site-packages/airflow/example_dags/example_sla_dag.py
[2026-09-23T12:19:25.836+0000] {logging_mixin.py:188} INFO - [2026-09-23T12:19:25.836+0000] {dag.py:3089} INFO - Sync 1 DAGs
[2026-09-23T12:19:25.858+0000] {logging_mixin.py:188} INFO - [2026-09-23T12:19:25.857+0000] {dag.py:3947} INFO - Setting next_dagrun for example_sla_dag to 2026-09-23 12:16:00+00:00, run_after=2026-09-23 12:18:00+00:00
[2026-09-23T12:19:25.879+0000] {processor.py:183} INFO - Processing /home/airflow/.local/lib/python3.12/site-packages/airflow/example_dags/example_sla_dag.py took 0.079 seconds
[2026-09-23T12:19:56.399+0000] {processor.py:161} INFO - Started process (PID=542) to work on /home/airflow/.local/lib/python3.12/site-packages/airflow/example_dags/example_sla_dag.py
[2026-09-23T12:19:56.401+0000] {processor.py:830} INFO - Processing file /home/airflow/.local/lib/python3.12/site-packages/airflow/example_dags/example_sla_dag.py for tasks to queue
[2026-09-23T12:19:56.403+0000] {logging_mixin.py:188} INFO - [2026-09-23T12:19:56.403+0000] {dagbag.py:545} INFO - Filling up the DagBag from /home/airflow/.local/lib/python3.12/site-packages/airflow/example_dags/example_sla_dag.py
[2026-09-23T12:19:56.414+0000] {processor.py:840} INFO - DAG(s) 'example_sla_dag' retrieved from /home/airflow/.local/lib/python3.12/site-packages/airflow/example_dags/example_sla_dag.py
[2026-09-23T12:19:56.475+0000] {logging_mixin.py:188} INFO - [2026-09-23T12:19:56.475+0000] {dag.py:3089} INFO - Sync 1 DAGs
[2026-09-23T12:19:56.503+0000] {logging_mixin.py:188} INFO - [2026-09-23T12:19:56.503+0000] {dag.py:3947} INFO - Setting next_dagrun for example_sla_dag to 2026-09-23 12:16:00+00:00, run_after=2026-09-23 12:18:00+00:00
[2026-09-23T12:19:56.585+0000] {processor.py:183} INFO - Processing /home/airflow/.local/lib/python3.12/site-packages/airflow/example_dags/example_sla_dag.py took 0.194 seconds
[2026-09-23T12:20:27.492+0000] {processor.py:161} INFO - Started process (PID=600) to work on /home/airflow/.local/lib/python3.12/site-packages/airflow/example_dags/example_sla_dag.py
[2026-09-23T12:20:27.493+0000] {processor.py:830} INFO - Processing file /home/airflow/.local/lib/python3.12/site-packages/airflow/example_dags/example_sla_dag.py for tasks to queue
[2026-09-23T12:20:27.497+0000] {logging_mixin.py:188} INFO - [2026-09-23T12:20:27.496+0000] {dagbag.py:545} INFO - Filling up the DagBag from /home/airflow/.local/lib/python3.12/site-packages/airflow/example_dags/example_sla_dag.py
[2026-09-23T12:20:27.506+0000] {processor.py:840} INFO - DAG(s) 'example_sla_dag' retrieved from /home/airflow/.local/lib/python3.12/site-packages/airflow/example_dags/example_sla_dag.py
[2026-09-23T12:20:27.528+0000] {logging_mixin.py:188} INFO - [2026-09-23T12:20:27.528+0000] {dag.py:3089} INFO - Sync 1 DAGs
[2026-09-23T12:20:27.554+0000] {logging_mixin.py:188} INFO - [2026-09-23T12:20:27.554+0000] {dag.py:3947} INFO - Setting next_dagrun for example_sla_dag to 2026-09-23 12:18:00+00:00, run_after=2026-09-23 12:20:00+00:00
[2026-09-23T12:20:27.642+0000] {processor.py:183} INFO - Processing /home/airflow/.local/lib/python3.12/site-packages/airflow/example_dags/example_sla_dag.py took 0.158 seconds
[2026-09-23T12:20:57.688+0000] {processor.py:161} INFO - Started process (PID=658) to work on /home/airflow/.local/lib/python3.12/site-packages/airflow/example_dags/example_sla_dag.py
[2026-09-23T12:20:57.689+0000] {processor.py:830} INFO - Processing file /home/airflow/.local/lib/python3.12/site-packages/airflow/example_dags/example_sla_dag.py for tasks to queue
[2026-09-23T12:20:57.691+0000] {logging_mixin.py:188} INFO - [2026-09-23T12:20:57.691+0000] {dagbag.py:545} INFO - Filling up the DagBag from /home/airflow/.local/lib/python3.12/site-packages/airflow/example_dags/example_sla_dag.py
[2026-09-23T12:20:57.699+0000] {processor.py:840} INFO - DAG(s) 'example_sla_dag' retrieved from /home/airflow/.local/lib/python3.12/site-packages/airflow/example_dags/example_sla_dag.py
[2026-09-23T12:20:57.716+0000] {logging_mixin.py:188} INFO - [2026-09-23T12:20:57.716+0000] {dag.py:3089} INFO - Sync 1 DAGs
[2026-09-23T12:20:57.739+0000] {logging_mixin.py:188} INFO - [2026-09-23T12:20:57.739+0000] {dag.py:3947} INFO - Setting next_dagrun for example_sla_dag to 2026-09-23 12:18:00+00:00, run_after=2026-09-23 12:20:00+00:00
[2026-09-23T12:20:57.755+0000] {processor.py:183} INFO - Processing /home/airflow/.local/lib/python3.12/site-packages/airflow/example_dags/example_sla_dag.py took 0.072 seconds
[2026-09-23T12:21:28.971+0000] {processor.py:161} INFO - Started process (PID=716) to work on /home/airflow/.local/lib/python3.12/site-packages/airflow/example_dags/example_sla_dag.py
[2026-09-23T12:21:28.972+0000] {processor.py:830} INFO - Processing file /home/airflow/.local/lib/python3.12/site-packages/airflow/example_dags/example_sla_dag.py for tasks to queue
[2026-09-23T12:21:28.974+0000] {logging_mixin.py:188} INFO - [2026-09-23T12:21:28.974+0000] {dagbag.py:545} INFO - Filling up the DagBag from /home/airflow/.local/lib/python3.12/site-packages/airflow/example_dags/example_sla_dag.py
[2026-09-23T12:21:28.981+0000] {processor.py:840} INFO - DAG(s) 'example_sla_dag' retrieved from /home/airflow/.local/lib/python3.12/site-packages/airflow/example_dags/example_sla_dag.py
[2026-09-23T12:21:29.001+0000] {logging_mixin.py:188} INFO - [2026-09-23T12:21:29.001+0000] {dag.py:3089} INFO - Sync 1 DAGs
[2026-09-23T12:21:29.022+0000] {logging_mixin.py:188} INFO - [2026-09-23T12:21:29.021+0000] {dag.py:3947} INFO - Setting next_dagrun for example_sla_dag to 2026-09-23 12:18:00+00:00, run_after=2026-09-23 12:20:00+00:00
[2026-09-23T12:21:29.039+0000] {processor.py:183} INFO - Processing /home/airflow/.local/lib/python3.12/site-packages/airflow/example_dags/example_sla_dag.py took 0.073 seconds
[2026-09-23T12:21:59.438+0000] {processor.py:161} INFO - Started process (PID=774) to work on /home/airflow/.local/lib/python3.12/site-packages/airflow/example_dags/example_sla_dag.py
[2026-09-23T12:21:59.440+0000] {processor.py:830} INFO - Processing file /home/airflow/.local/lib/python3.12/site-packages/airflow/example_dags/example_sla_dag.py for tasks to queue
[2026-09-23T12:21:59.442+0000] {logging_mixin.py:188} INFO - [2026-09-23T12:21:59.442+0000] {dagbag.py:545} INFO - Filling up the DagBag from /home/airflow/.local/lib/python3.12/site-packages/airflow/example_dags/example_sla_dag.py
[2026-09-23T12:21:59.452+0000] {processor.py:840} INFO - DAG(s) 'example_sla_dag' retrieved from /home/airflow/.local/lib/python3.12/site-packages/airflow/example_dags/example_sla_dag.py
[2026-09-23T12:21:59.480+0000] {logging_mixin.py:188} INFO - [2026-09-23T12:21:59.480+0000] {dag.py:3089} INFO - Sync 1 DAGs
[2026-09-23T12:21:59.507+0000] {logging_mixin.py:188} INFO - [2026-09-23T12:21:59.507+0000] {dag.py:3947} INFO - Setting next_dagrun for example_sla_dag to 2026-09-23 12:18:00+00:00, run_after=2026-09-23 12:20:00+00:00
[2026-09-23T12:21:59.591+0000] {processor.py:183} INFO - Processing /home/airflow/.local/lib/python3.12/site-packages/airflow/example_dags/example_sla_dag.py took 0.161 seconds
[2026-09-23T12:22:30.489+0000] {processor.py:161} INFO - Started process (PID=832) to work on /home/airflow/.local/lib/python3.12/site-packages/airflow/example_dags/example_sla_dag.py
[2026-09-23T12:22:30.491+0000] {processor.py:830} INFO - Processing file /home/airflow/.local/lib/python3.12/site-packages/airflow/example_dags/example_sla_dag.py for tasks to queue
[2026-09-23T12:22:30.492+0000] {logging_mixin.py:188} INFO - [2026-09-23T12:22:30.492+0000] {dagbag.py:545} INFO - Filling up the DagBag from /home/airflow/.local/lib/python3.12/site-packages/airflow/example_dags/example_sla_dag.py
[2026-09-23T12:22:30.500+0000] {processor.py:840} INFO - DAG(s) 'example_sla_dag' retrieved from /home/airflow/.local/lib/python3.12/site-packages/airflow/example_dags/example_sla_dag.py
[2026-09-23T12:22:30.519+0000] {logging_mixin.py:188} INFO - [2026-09-23T12:22:30.519+0000] {dag.py:3089} INFO - Sync 1 DAGs
[2026-09-23T12:22:30.544+0000] {logging_mixin.py:188} INFO - [2026-09-23T12:22:30.543+0000] {dag.py:3947} INFO - Setting next_dagrun for example_sla_dag to 2026-09-23 12:20:00+00:00, run_after=2026-09-23 12:22:00+00:00
[2026-09-23T12:22:30.621+0000] {processor.py:183} INFO - Processing /home/airflow/.local/lib/python3.12/site-packages/airflow/example_dags/example_sla_dag.py took 0.137 seconds
[2026-09-23T12:24:05.799+0000] {processor.py:161} INFO - Started process (PID=119) to work on /home/airflow/.local/lib/python3.12/site-packages/airflow/example_dags/example_sla_dag.py
[2026-09-23T12:24:05.800+0000] {processor.py:830} INFO - Processing file /home/airflow/.local/lib/python3.12/site-packages/airflow/example_dags/example_sla_dag.py for tasks to queue
[2026-09-23T12:24:05.802+0000] {logging_mixin.py:188} INFO - [2026-09-23T12:24:05.802+0000] {dagbag.py:545} INFO - Filling up the DagBag from /home/airflow/.local/lib/python3.12/site-packages/airflow/example_dags/example_sla_dag.py
[2026-09-23T12:24:05.812+0000] {processor.py:840} INFO - DAG(s) 'example_sla_dag' retrieved from /home/airflow/.local/lib/python3.12/site-packages/airflow/example_dags/example_sla_dag.py
[2026-09-23T12:24:05.926+0000] {logging_mixin.py:188} INFO - [2026-09-23T12:24:05.925+0000] {dag.py:3089} INFO - Sync 1 DAGs
[2026-09-23T12:24:05.954+0000] {logging_mixin.py:188} INFO - [2026-09-23T12:24:05.954+0000] {dag.py:3947} INFO - Setting next_dagrun for example_sla_dag to 2026-09-23 12:22:00+00:00, run_after=2026-09-23 12:24:00+00:00
[2026-09-23T12:24:05.979+0000] {processor.py:183} INFO - Processing /home/airflow/.local/lib/python3.12/site-packages/airflow/example_dags/example_sla_dag.py took 0.188 seconds
[2026-09-23T12:24:36.282+0000] {processor.py:161} INFO - Started process (PID=177) to work on /home/airflow/.local/lib/python3.12/site-packages/airflow/example_dags/example_sla_dag.py
[2026-09-23T12:24:36.284+0000] {processor.py:830} INFO - Processing file /home/airflow/.local/lib/python3.12/site-packages/airflow/example_dags/example_sla_dag.py for tasks to queue
[2026-09-23T12:24:36.287+0000] {logging_mixin.py:188} INFO - [2026-09-23T12:24:36.287+0000] {dagbag.py:545} INFO - Filling up the DagBag from /home/airflow/.local/lib/python3.12/site-packages/airflow/example_dags/example_sla_dag.py
[2026-09-23T12:24:36.303+0000] {processor.py:840} INFO - DAG(s) 'example_sla_dag' retrieved from /home/airflow/.local/lib/python3.12/site-packages/airflow/example_dags/example_sla_dag.py
[2026-09-23T12:24:36.339+0000] {logging_mixin.py:188} INFO - [2026-09-23T12:24:36.339+0000] {dag.py:3089} INFO - Sync 1 DAGs
[2026-09-23T12:24:36.374+0000] {logging_mixin.py:188} INFO - [2026-09-23T12:24:36.374+0000] {dag.py:3947} INFO - Setting next_dagrun for example_sla_dag to 2026-09-23 12:22:00+00:00, run_after=2026-09-23 12:24:00+00:00
[2026-09-23T12:24:36.456+0000] {processor.py:183} INFO - Processing /home/airflow/.local/lib/python3.12/site-packages/airflow/example_dags/example_sla_dag.py took 0.187 seconds
