[2026-09-23T12:16:15.792+0000] {processor.py:161} INFO - Started process (PID=84) to work on /home/airflow/.local/lib/python3.12/site-packages/airflow/example_dags/example_branch_operator.py
[2026-09-23T12:16:15.796+0000] {processor.py:830} INFO - Processing file /home/airflow/.local/lib/python3.12/site-packages/airflow/example_dags/example_branch_operator.py for tasks to queue
[2026-09-23T12:16:15.810+0000] {logging_mixin.py:188} INFO - [2026-09-23T12:16:15.809+0000] {dagbag.py:545} INFO - Filling up the DagBag from /home/airflow/.local/lib/python3.12/site-packages/airflow/example_dags/example_branch_operator.py
[2026-09-23T12:16:15.859+0000] {processor.py:840} INFO - DAG(s) 'example_branch_operator' retrieved from /home/airflow/.local/lib/python3.12/site-packages/airflow/example_dags/example_branch_operator.py
[2026-09-23T12:16:16.180+0000] {logging_mixin.py:188} INFO - [2026-09-23T12:16:16.179+0000] {dag.py:3089} INFO - Sync 1 DAGs
[2026-09-23T12:16:16.257+0000] {logging_mixin.py:188} INFO - [2026-09-23T12:16:16.257+0000] {dag.py:3947} INFO - Setting next_dagrun for example_branch_operator to 2026-09-22 00:00:00+00:00, run_after=2026-09-23 00:00:00+00:00
[2026-09-23T12:16:16.319+0000] {processor.py:183} INFO - Processing /home/airflow/.local/lib/python3.12/site-packages/airflow/example_dags/example_branch_operator.py took 0.541 seconds
[2026-09-23T12:16:46.835+0000] {processor.py:161} INFO - Started process (PID=142) to work on /home/airflow/.local/lib/python3.12/site-packages/airflow/example_dags/example_branch_operator.py
[2026-09-23T12:16:46.837+0000] {processor.py:830} INFO - Processing file /home/airflow/.local/lib/python3.12/site-packages/airflow/example_dags/example_branch_operator.py for tasks to queue
[2026-09-23T12:16:46.839+0000] {logging_mixin.py:188} INFO - [2026-09-23T12:16:46.839+0000] {dagbag.py:545} INFO - Filling up the DagBag from /home/airflow/.local/lib/python3.12/site-packages/airflow/example_dags/example_branch_operator.py
[2026-09-23T12:16:46.861+0000] {processor.py:840} INFO - DAG(s) 'example_branch_operator' retrieved from /home/airflow/.local/lib/python3.12/site-packages/airflow/example_dags/example_branch_operator.py
[2026-09-23T12:16:46.902+0000] {logging_mixin.py:188} INFO - [2026-09-23T12:16:46.901+0000] {dag.py:3089} INFO - Sync 1 DAGs
[2026-09-23T12:16:46.932+0000] {logging_mixin.py:188} INFO - [2026-09-23T12:16:46.932+0000] {dag.py:3947} INFO - Setting next_dagrun for example_branch_operator to 2026-09-22 00:00:00+00:00, run_after=2026-09-23 00:00:00+00:00
[2026-09-23T12:16:46.984+0000] {processor.py:183} INFO - Processing /home/airflow/.local/lib/python3.12/site-packages/airflow/example_dags/example_branch_operator.py took 0.156 seconds
[2026-09-23T12:17:17.538+0000] {processor.py:161} INFO - Started process (PID=200) to work on /home/airflow/.local/lib/python3.12/site-packages/airflow/example_dags/example_branch_operator.py
[2026-09-23T12:17:17.540+0000] {processor.py:830} INFO - Processing file /home/airflow/.local/lib/python3.12/site-packages/airflow/example_dags/example_branch_operator.py for tasks to queue
[2026-09-23T12:17:17.543+0000] {logging_mixin.py:188} INFO - [2026-09-23T12:17:17.542+0000] {dagbag.py:545} INFO - Filling up the DagBag from /home/airflow/.local/lib/python3.12/site-packages/airflow/example_dags/example_branch_operator.py
[2026-09-23T12:17:17.569+0000] {processor.py:840} INFO - DAG(s) 'example_branch_operator' retrieved from /home/airflow/.local/lib/python3.12/site-packages/airflow/example_dags/example_branch_operator.py
[2026-09-23T12:17:17.606+0000] {logging_mixin.py:188} INFO - [2026-09-23T12:17:17.605+0000] {dag.py:3089} INFO - Sync 1 DAGs
[2026-09-23T12:17:17.640+0000] {logging_mixin.py:188} INFO - [2026-09-23T12:17:17.640+0000] {dag.py:3947} INFO - Setting next_dagrun for example_branch_operator to 2026-09-22 00:00:00+00:00, run_after=2026-09-23 00:00:00+00:00
[2026-09-23T12:17:17.670+0000] {processor.py:183} INFO - Processing /home/airflow/.local/lib/python3.12/site-packages/airflow/example_dags/example_branch_operator.py took 0.142 seconds
[2026-09-23T12:17:48.021+0000] {processor.py:161} INFO - Started process (PID=258) to work on /home/airflow/.local/lib/python3.12/site-packages/airflow/example_dags/example_branch_operator.py
[2026-09-23T12:17:48.023+0000] {processor.py:830} INFO - Processing file /home/airflow/.local/lib/python3.12/site-packages/airflow/example_dags/example_branch_operator.py for tasks to queue
[2026-09-23T12:17:48.026+0000] {logging_mixin.py:188} INFO - [2026-09-23T12:17:48.025+0000] {dagbag.py:545} INFO - Filling up the DagBag from /home/airflow/.local/lib/python3.12/site-packages/airflow/example_dags/example_branch_operator.py
[2026-09-23T12:17:48.044+0000] {processor.py:840} INFO - DAG(s) 'example_branch_operator' retrieved from /home/airflow/.local/lib/python3.12/site-packages/airflow/example_dags/example_branch_operator.py
[2026-09-23T12:17:48.084+0000] {logging_mixin.py:188} INFO - [2026-09-23T12:17:48.084+0000] {dag.py:3089} INFO - Sync 1 DAGs
[2026-09-23T12:17:48.124+0000] {logging_mixin.py:188} INFO - [2026-09-23T12:17:48.123+0000] {dag.py:3947} INFO - Setting next_dagrun for example_branch_operator to 2026-09-22 00:00:00+00:00, run_after=2026-09-23 00:00:00+00:00
[2026-09-23T12:17:48.167+0000] {processor.py:183} INFO - Processing /home/airflow/.local/lib/python3.12/site-packages/airflow/example_dags/example_branch_operator.py took 0.152 seconds
[2026-09-23T12:18:18.470+0000] {processor.py:161} INFO - Started process (PID=316) to work on /home/airflow/.local/lib/python3.12/site-packages/airflow/example_dags/example_branch_operator.py
[2026-09-23T12:18:18.471+0000] {processor.py:830} INFO - Processing file /home/airflow/.local/lib/python3.12/site-packages/airflow/example_dags/example_branch_operator.py for tasks to queue
[2026-09-23T12:18:18.473+0000] {logging_mixin.py:188} INFO - [2026-09-23T12:18:18.473+0000] {dagbag.py:545} INFO - Filling up the DagBag from /home/airflow/.local/lib/python3.12/site-packages/airflow/example_dags/example_branch_operator.py
[2026-09-23T12:18:18.492+0000] {processor.py:840} INFO - DAG(s) 'example_branch_operator' retrieved from /home/airflow/.local/lib/python3.12/site-packages/airflow/example_dags/example_branch_operator.py
[2026-09-23T12:18:18.521+0000] {logging_mixin.py:188} INFO - [2026-09-23T12:18:18.521+0000] {dag.py:3089} INFO - Sync 1 DAGs
[2026-09-23T12:18:18.550+0000] {logging_mixin.py:188} INFO - [2026-09-23T12:18:18.549+0000] {dag.py:3947} INFO - Setting next_dagrun for example_branch_operator to 2026-09-22 00:00:00+00:00, run_after=2026-09-23 00:00:00+00:00
[2026-09-23T12:18:18.573+0000] {processor.py:183} INFO - Processing /home/airflow/.local/lib/python3.12/site-packages/airflow/example_dags/example_branch_operator.py took 0.110 seconds
[2026-09-23T12:18:48.674+0000] {processor.py:161} INFO - Started process (PID=374) to work on /home/airflow/.local/lib/python3.12/site-packages/airflow/example_dags/example_branch_operator.py
[2026-09-23T12:18:48.675+0000] {processor.py:830} INFO - Processing file /home/airflow/.local/lib/python3.12/site-packages/airflow/example_dags/example_branch_operator.py for tasks to queue
[2026-09-23T12:18:48.678+0000] {logging_mixin.py:188} INFO - [2026-09-23T12:18:48.678+0000] {dagbag.py:545} INFO - Filling up the DagBag from /home/airflow/.local/lib/python3.12/site-packages/airflow/example_dags/example_branch_operator.py
[2026-09-23T12:18:48.698+0000] {processor.py:840} INFO - DAG(s) 'example_branch_operator' retrieved from /home/airflow/.local/lib/python3.12/site-packages/airflow/example_dags/example_branch_operator.py
[2026-09-23T12:18:48.729+0000] {logging_mixin.py:188} INFO - [2026-09-23T12:18:48.728+0000] {dag.py:3089} INFO - Sync 1 DAGs
[2026-09-23T12:18:48.749+0000] {logging_mixin.py:188} INFO - [2026-09-23T12:18:48.749+0000] {dag.py:3947} INFO - Setting next_dagrun for example_branch_operator to 2026-09-22 00:00:00+00:00, run_after=2026-09-23 00:00:00+00:00
[2026-09-23T12:18:48.812+0000] {processor.py:183} INFO - Processing /home/airflow/.local/lib/python3.12/site-packages/airflow/example_dags/example_branch_operator.py took 0.144 seconds
[2026-09-23T12:19:19.063+0000] {processor.py:161} INFO - Started process (PID=452) to work on /home/airflow/.local/lib/python3.12/site-packages/airflow/example_dags/example_branch_operator.py
[2026-09-23T12:19:19.064+0000] {processor.py:830} INFO - Processing file /home/airflow/.local/lib/python3.12/site-packages/airflow/example_dags/example_branch_operator.py for tasks to queue
[2026-09-23T12:19:19.066+0000] {logging_mixin.py:188} INFO - [2026-09-23T12:19:19.066+0000] {dagbag.py:545} INFO - Filling up the DagBag from /home/airflow/.local/lib/python3.12/site-packages/airflow/example_dags/example_branch_operator.py
[2026-09-23T12:19:19.082+0000] {processor.py:840} INFO - DAG(s) 'example_branch_operator' retrieved from /home/airflow/.local/lib/python3.12/site-packages/airflow/example_dags/example_branch_operator.py
[2026-09-23T12:19:19.115+0000] {logging_mixin.py:188} INFO - [2026-09-23T12:19:19.115+0000] {dag.py:3089} INFO - Sync 1 DAGs
[2026-09-23T12:19:19.146+0000] {logging_mixin.py:188} INFO - [2026-09-23T12:19:19.146+0000] {dag.py:3947} INFO - Setting next_dagrun for example_branch_operator to 2026-09-22 00:00:00+00:00, run_after=2026-09-23 00:00:00+00:00
[2026-09-23T12:19:19.178+0000] {processor.py:183} INFO - Processing /home/airflow/.local/lib/python3.12/site-packages/airflow/example_dags/example_branch_operator.py took 0.122 seconds
[2026-09-23T12:19:49.296+0000] {processor.py:161} INFO - Started process (PID=510) to work on /home/airflow/.local/lib/python3.12/site-packages/airflow/example_dags/example_branch_operator.py
[2026-09-23T12:19:49.297+0000] {processor.py:830} INFO - Processing file /home/airflow/.local/lib/python3.12/site-packages/airflow/example_dags/example_branch_operator.py for tasks to queue
[2026-09-23T12:19:49.299+0000] {logging_mixin.py:188} INFO - [2026-09-23T12:19:49.299+0000] {dagbag.py:545} INFO - Filling up the DagBag from /home/airflow/.local/lib/python3.12/site-packages/airflow/example_dags/example_branch_operator.py
[2026-09-23T12:19:49.315+0000] {processor.py:840} INFO - DAG(s) 'example_branch_operator' retrieved from /home/airflow/.local/lib/python3.12/site-packages/airflow/example_dags/example_branch_operator.py
[2026-09-23T12:19:49.347+0000] {logging_mixin.py:188} INFO - [2026-09-23T12:19:49.347+0000] {dag.py:3089} INFO - Sync 1 DAGs
[2026-09-23T12:19:49.367+0000] {logging_mixin.py:188} INFO - [2026-09-23T12:19:49.367+0000] {dag.py:3947} INFO - Setting next_dagrun for example_branch_operator to 2026-09-22 00:00:00+00:00, run_after=2026-09-23 00:00:00+00:00
[2026-09-23T12:19:49.391+0000] {processor.py:183} INFO - Processing /home/airflow/.local/lib/python3.12/site-packages/airflow/example_dags/example_branch_operator.py took 0.101 seconds
[2026-09-23T12:20:19.547+0000] {processor.py:161} INFO - Started process (PID=568) to work on /home/airflow/.local/lib/python3.12/site-packages/airflow/example_dags/example_branch_operator.py
[2026-09-23T12:20:19.549+0000] {processor.py:830} INFO - Processing file /home/airflow/.local/lib/python3.12/site-packages/airflow/example_dags/example_branch_operator.py for tasks to queue
[2026-09-23T12:20:19.551+0000] {logging_mixin.py:188} INFO - [2026-09-23T12:20:19.550+0000] {dagbag.py:545} INFO - Filling up the DagBag from /home/airflow/.local/lib/python3.12/site-packages/airflow/example_dags/example_branch_operator.py
[2026-09-23T12:20:19.567+0000] {processor.py:840} INFO - DAG(s) 'example_branch_operator' retrieved from /home/airflow/.local/lib/python3.12/site-packages/airflow/example_dags/example_branch_operator.py
[2026-09-23T12:20:19.598+0000] {logging_mixin.py:188} INFO - [2026-09-23T12:20:19.598+0000] {dag.py:3089} INFO - Sync 1 DAGs
[2026-09-23T12:20:19.625+0000] {logging_mixin.py:188} INFO - [2026-09-23T12:20:19.625+0000] {dag.py:3947} INFO - Setting next_dagrun for example_branch_operator to 2026-09-22 00:00:00+00:00, run_after=2026-09-23 00:00:00+00:00
[2026-09-23T12:20:19.689+0000] {processor.py:183} INFO - Processing /home/airflow/.local/lib/python3.12/site-packages/airflow/example_dags/example_branch_operator.py took 0.148 seconds
[2026-09-23T12:20:49.829+0000] {processor.py:161} INFO - Started process (PID=626) to work on /home/airflow/.local/lib/python3.12/site-packages/airflow/example_dags/example_branch_operator.py
[2026-09-23T12:20:49.831+0000] {processor.py:830} INFO - Processing file /home/airflow/.local/lib/python3.12/site-packages/airflow/example_dags/example_branch_operator.py for tasks to queue
[2026-09-23T12:20:49.833+0000] {logging_mixin.py:188} INFO - [2026-09-23T12:20:49.833+0000] {dagbag.py:545} INFO - Filling up the DagBag from /home/airflow/.local/lib/python3.12/site-packages/airflow/example_dags/example_branch_operator.py
[2026-09-23T12:20:49.848+0000] {processor.py:840} INFO - DAG(s) 'example_branch_operator' retrieved from /home/airflow/.local/lib/python3.12/site-packages/airflow/example_dags/example_branch_operator.py
[2026-09-23T12:20:49.878+0000] {logging_mixin.py:188} INFO - [2026-09-23T12:20:49.877+0000] {dag.py:3089} INFO - Sync 1 DAGs
[2026-09-23T12:20:49.904+0000] {logging_mixin.py:188} INFO - [2026-09-23T12:20:49.904+0000] {dag.py:3947} INFO - Setting next_dagrun for example_branch_operator to 2026-09-22 00:00:00+00:00, run_after=2026-09-23 00:00:00+00:00
[2026-09-23T12:20:49.945+0000] {processor.py:183} INFO - Processing /home/airflow/.local/lib/python3.12/site-packages/airflow/example_dags/example_branch_operator.py took 0.120 seconds
[2026-09-23T12:21:20.304+0000] {processor.py:161} INFO - Started process (PID=684) to work on /home/airflow/.local/lib/python3.12/site-packages/airflow/example_dags/example_branch_operator.py
[2026-09-23T12:21:20.305+0000] {processor.py:830} INFO - Processing file /home/airflow/.local/lib/python3.12/site-packages/airflow/example_dags/example_branch_operator.py for tasks to queue
[2026-09-23T12:21:20.307+0000] {logging_mixin.py:188} INFO - [2026-09-23T12:21:20.306+0000] {dagbag.py:545} INFO - Filling up the DagBag from /home/airflow/.local/lib/python3.12/site-packages/airflow/example_dags/example_branch_operator.py
[2026-09-23T12:21:20.322+0000] {processor.py:840} INFO - DAG(s) 'example_branch_operator' retrieved from /home/airflow/.local/lib/python3.12/site-packages/airflow/example_dags/example_branch_operator.py
[2026-09-23T12:21:20.353+0000] {logging_mixin.py:188} INFO - [2026-09-23T12:21:20.353+0000] {dag.py:3089} INFO - Sync 1 DAGs
[2026-09-23T12:21:20.375+0000] {logging_mixin.py:188} INFO - [2026-09-23T12:21:20.375+0000] {dag.py:3947} INFO - Setting next_dagrun for example_branch_operator to 2026-09-22 00:00:00+00:00, run_after=2026-09-23 00:00:00+00:00
[2026-09-23T12:21:20.472+0000] {processor.py:183} INFO - Processing /home/airflow/.local/lib/python3.12/site-packages/airflow/example_dags/example_branch_operator.py took 0.173 seconds
[2026-09-23T12:21:51.047+0000] {processor.py:161} INFO - Started process (PID=742) to work on /home/airflow/.local/lib/python3.12/site-packages/airflow/example_dags/example_branch_operator.py
[2026-09-23T12:21:51.048+0000] {processor.py:830} INFO - Processing file /home/airflow/.local/lib/python3.12/site-packages/airflow/example_dags/example_branch_operator.py for tasks to queue
[2026-09-23T12:21:51.050+0000] {logging_mixin.py:188} INFO - [2026-09-23T12:21:51.050+0000] {dagbag.py:545} INFO - Filling up the DagBag from /home/airflow/.local/lib/python3.12/site-packages/airflow/example_dags/example_branch_operator.py
[2026-09-23T12:21:51.066+0000] {processor.py:840} INFO - DAG(s) 'example_branch_operator' retrieved from /home/airflow/.local/lib/python3.12/site-packages/airflow/example_dags/example_branch_operator.py
[2026-09-23T12:21:51.097+0000] {logging_mixin.py:188} INFO - [2026-09-23T12:21:51.097+0000] {dag.py:3089} INFO - Sync 1 DAGs
[2026-09-23T12:21:51.122+0000] {logging_mixin.py:188} INFO - [2026-09-23T12:21:51.122+0000] {dag.py:3947} INFO - Setting next_dagrun for example_branch_operator to 2026-09-22 00:00:00+00:00, run_after=2026-09-23 00:00:00+00:00
[2026-09-23T12:21:51.196+0000] {processor.py:183} INFO - Processing /home/airflow/.local/lib/python3.12/site-packages/airflow/example_dags/example_branch_operator.py took 0.155 seconds
[2026-09-23T12:22:21.601+0000] {processor.py:161} INFO - Started process (PID=800) to work on /home/airflow/.local/lib/python3.12/site-packages/airflow/example_dags/example_branch_operator.py
[2026-09-23T12:22:21.602+0000] {processor.py:830} INFO - Processing file /home/airflow/.local/lib/python3.12/site-packages/airflow/example_dags/example_branch_operator.py for tasks to queue
[2026-09-23T12:22:21.604+0000] {logging_mixin.py:188} INFO - [2026-09-23T12:22:21.604+0000] {dagbag.py:545} INFO - Filling up the DagBag from /home/airflow/.local/lib/python3.12/site-packages/airflow/example_dags/example_branch_operator.py
[2026-09-23T12:22:21.625+0000] {processor.py:840} INFO - DAG(s) 'example_branch_operator' retrieved from /home/airflow/.local/lib/python3.12/site-packages/airflow/example_dags/example_branch_operator.py
[2026-09-23T12:22:21.678+0000] {logging_mixin.py:188} INFO - [2026-09-23T12:22:21.677+0000] {dag.py:3089} INFO - Sync 1 DAGs
[2026-09-23T12:22:21.722+0000] {logging_mixin.py:188} INFO - [2026-09-23T12:22:21.721+0000] {dag.py:3947} INFO - Setting next_dagrun for example_branch_operator to 2026-09-22 00:00:00+00:00, run_after=2026-09-23 00:00:00+00:00
[2026-09-23T12:22:21.765+0000] {processor.py:183} INFO - Processing /home/airflow/.local/lib/python3.12/site-packages/airflow/example_dags/example_branch_operator.py took 0.172 seconds
[2026-09-23T12:23:59.745+0000] {processor.py:161} INFO - Started process (PID=87) to work on /home/airflow/.local/lib/python3.12/site-packages/airflow/example_dags/example_branch_operator.py
[2026-09-23T12:23:59.748+0000] {processor.py:830} INFO - Processing file /home/airflow/.local/lib/python3.12/site-packages/airflow/example_dags/example_branch_operator.py for tasks to queue
[2026-09-23T12:23:59.750+0000] {logging_mixin.py:188} INFO - [2026-09-23T12:23:59.750+0000] {dagbag.py:545} INFO - Filling up the DagBag from /home/airflow/.local/lib/python3.12/site-packages/airflow/example_dags/example_branch_operator.py
[2026-09-23T12:23:59.785+0000] {processor.py:840} INFO - DAG(s) 'example_branch_operator' retrieved from /home/airflow/.local/lib/python3.12/site-packages/airflow/example_dags/example_branch_operator.py
[2026-09-23T12:24:00.000+0000] {logging_mixin.py:188} INFO - [2026-09-23T12:24:00.000+0000] {dag.py:3089} INFO - Sync 1 DAGs
[2026-09-23T12:24:00.039+0000] {logging_mixin.py:188} INFO - [2026-09-23T12:24:00.039+0000] {dag.py:3947} INFO - Setting next_dagrun for example_branch_operator to 2026-09-22 00:00:00+00:00, run_after=2026-09-23 00:00:00+00:00
[2026-09-23T12:24:00.134+0000] {processor.py:183} INFO - Processing /home/airflow/.local/lib/python3.12/site-packages/airflow/example_dags/example_branch_operator.py took 0.398 seconds
[2026-09-23T12:24:30.956+0000] {processor.py:161} INFO - Started process (PID=145) to work on /home/airflow/.local/lib/python3.12/site-packages/airflow/example_dags/example_branch_operator.py
[2026-09-23T12:24:30.958+0000] {processor.py:830} INFO - Processing file /home/airflow/.local/lib/python3.12/site-packages/airflow/example_dags/example_branch_operator.py for tasks to queue
[2026-09-23T12:24:30.964+0000] {logging_mixin.py:188} INFO - [2026-09-23T12:24:30.964+0000] {dagbag.py:545} INFO - Filling up the DagBag from /home/airflow/.local/lib/python3.12/site-packages/airflow/example_dags/example_branch_operator.py
[2026-09-23T12:24:30.991+0000] {processor.py:840} INFO - DAG(s) 'example_branch_operator' retrieved from /home/airflow/.local/lib/python3.12/site-packages/airflow/example_dags/example_branch_operator.py
[2026-09-23T12:24:31.063+0000] {logging_mixin.py:188} INFO - [2026-09-23T12:24:31.063+0000] {dag.py:3089} INFO - Sync 1 DAGs
[2026-09-23T12:24:31.197+0000] {logging_mixin.py:188} INFO - [2026-09-23T12:24:31.196+0000] {dag.py:3947} INFO - Setting next_dagrun for example_branch_operator to 2026-09-22 00:00:00+00:00, run_after=2026-09-23 00:00:00+00:00
[2026-09-23T12:24:31.230+0000] {processor.py:183} INFO - Processing /home/airflow/.local/lib/python3.12/site-packages/airflow/example_dags/example_branch_operator.py took 0.286 seconds
