[2026-09-23T12:16:16.697+0000] {processor.py:161} INFO - Started process (PID=87) to work on /home/airflow/.local/lib/python3.12/site-packages/airflow/example_dags/example_python_operator.py
[2026-09-23T12:16:16.698+0000] {processor.py:830} INFO - Processing file /home/airflow/.local/lib/python3.12/site-packages/airflow/example_dags/example_python_operator.py for tasks to queue
[2026-09-23T12:16:16.700+0000] {logging_mixin.py:188} INFO - [2026-09-23T12:16:16.700+0000] {dagbag.py:545} INFO - Filling up the DagBag from /home/airflow/.local/lib/python3.12/site-packages/airflow/example_dags/example_python_operator.py
[2026-09-23T12:16:16.723+0000] {processor.py:840} INFO - DAG(s) 'example_python_operator' retrieved from /home/airflow/.local/lib/python3.12/site-packages/airflow/example_dags/example_python_operator.py
[2026-09-23T12:16:16.912+0000] {logging_mixin.py:188} INFO - [2026-09-23T12:16:16.911+0000] {dag.py:3089} INFO - Sync 1 DAGs
[2026-09-23T12:16:16.929+0000] {logging_mixin.py:188} INFO - [2026-09-23T12:16:16.928+0000] {dag.py:3947} INFO - Setting next_dagrun for example_python_operator to None, run_after=None
[2026-09-23T12:16:16.961+0000] {processor.py:183} INFO - Processing /home/airflow/.local/lib/python3.12/site-packages/airflow/example_dags/example_python_operator.py took 0.275 seconds
[2026-09-23T12:16:47.168+0000] {processor.py:161} INFO - Started process (PID=145) to work on /home/airflow/.local/lib/python3.12/site-packages/airflow/example_dags/example_python_operator.py
[2026-09-23T12:16:47.170+0000] {processor.py:830} INFO - Processing file /home/airflow/.local/lib/python3.12/site-packages/airflow/example_dags/example_python_operator.py for tasks to queue
[2026-09-23T12:16:47.172+0000] {logging_mixin.py:188} INFO - [2026-09-23T12:16:47.172+0000] {dagbag.py:545} INFO - Filling up the DagBag from /home/airflow/.local/lib/python3.12/site-packages/airflow/example_dags/example_python_operator.py
[2026-09-23T12:16:47.187+0000] {processor.py:840} INFO - DAG(s) 'example_python_operator' retrieved from /home/airflow/.local/lib/python3.12/site-packages/airflow/example_dags/example_python_operator.py
[2026-09-23T12:16:47.219+0000] {logging_mixin.py:188} INFO - [2026-09-23T12:16:47.219+0000] {dag.py:3089} INFO - Sync 1 DAGs
[2026-09-23T12:16:47.234+0000] {logging_mixin.py:188} INFO - [2026-09-23T12:16:47.234+0000] {dag.py:3947} INFO - Setting next_dagrun for example_python_operator to None, run_after=None
[2026-09-23T12:16:47.310+0000] {processor.py:183} INFO - Processing /home/airflow/.local/lib/python3.12/site-packages/airflow/example_dags/example_python_operator.py took 0.150 seconds
[2026-09-23T12:17:17.715+0000] {processor.py:161} INFO - Started process (PID=203) to work on /home/airflow/.local/lib/python3.12/site-packages/airflow/example_dags/example_python_operator.py
[2026-09-23T12:17:17.716+0000] {processor.py:830} INFO - Processing file /home/airflow/.local/lib/python3.12/site-packages/airflow/example_dags/example_python_operator.py for tasks to queue
[2026-09-23T12:17:17.718+0000] {logging_mixin.py:188} INFO - [2026-09-23T12:17:17.718+0000] {dagbag.py:545} INFO - Filling up the DagBag from /home/airflow/.local/lib/python3.12/site-packages/airflow/example_dags/example_python_operator.py
[2026-09-23T12:17:17.733+0000] {processor.py:840} INFO - DAG(s) 'example_python_operator' retrieved from /home/airflow/.local/lib/python3.12/site-packages/airflow/example_dags/example_python_operator.py
[2026-09-23T12:17:17.766+0000] {logging_mixin.py:188} INFO - [2026-09-23T12:17:17.766+0000] {dag.py:3089} INFO - Sync 1 DAGs
[2026-09-23T12:17:17.783+0000] {logging_mixin.py:188} INFO - [2026-09-23T12:17:17.783+0000] {dag.py:3947} INFO - Setting next_dagrun for example_python_operator to None, run_after=None
[2026-09-23T12:17:17.806+0000] {processor.py:183} INFO - Processing /home/airflow/.local/lib/python3.12/site-packages/airflow/example_dags/example_python_operator.py took 0.101 seconds
[2026-09-23T12:17:48.222+0000] {processor.py:161} INFO - Started process (PID=261) to work on /home/airflow/.local/lib/python3.12/site-packages/airflow/example_dags/example_python_operator.py
[2026-09-23T12:17:48.223+0000] {processor.py:830} INFO - Processing file /home/airflow/.local/lib/python3.12/site-packages/airflow/example_dags/example_python_operator.py for tasks to queue
[2026-09-23T12:17:48.226+0000] {logging_mixin.py:188} INFO - [2026-09-23T12:17:48.225+0000] {dagbag.py:545} INFO - Filling up the DagBag from /home/airflow/.local/lib/python3.12/site-packages/airflow/example_dags/example_python_operator.py
[2026-09-23T12:17:48.242+0000] {processor.py:840} INFO - DAG(s) 'example_python_operator' retrieved from /home/airflow/.local/lib/python3.12/site-packages/airflow/example_dags/example_python_operator.py
[2026-09-23T12:17:48.276+0000] {logging_mixin.py:188} INFO - [2026-09-23T12:17:48.276+0000] {dag.py:3089} INFO - Sync 1 DAGs
[2026-09-23T12:17:48.298+0000] {logging_mixin.py:188} INFO - [2026-09-23T12:17:48.297+0000] {dag.py:3947} INFO - Setting next_dagrun for example_python_operator to None, run_after=None
[2026-09-23T12:17:48.375+0000] {processor.py:183} INFO - Processing /home/airflow/.local/lib/python3.12/site-packages/airflow/example_dags/example_python_operator.py took 0.163 seconds
[2026-09-23T12:18:18.858+0000] {processor.py:161} INFO - Started process (PID=319) to work on /home/airflow/.local/lib/python3.12/site-packages/airflow/example_dags/example_python_operator.py
[2026-09-23T12:18:18.859+0000] {processor.py:830} INFO - Processing file /home/airflow/.local/lib/python3.12/site-packages/airflow/example_dags/example_python_operator.py for tasks to queue
[2026-09-23T12:18:18.861+0000] {logging_mixin.py:188} INFO - [2026-09-23T12:18:18.861+0000] {dagbag.py:545} INFO - Filling up the DagBag from /home/airflow/.local/lib/python3.12/site-packages/airflow/example_dags/example_python_operator.py
[2026-09-23T12:18:18.872+0000] {processor.py:840} INFO - DAG(s) 'example_python_operator' retrieved from /home/airflow/.local/lib/python3.12/site-packages/airflow/example_dags/example_python_operator.py
[2026-09-23T12:18:18.892+0000] {logging_mixin.py:188} INFO - [2026-09-23T12:18:18.891+0000] {dag.py:3089} INFO - Sync 1 DAGs
[2026-09-23T12:18:18.905+0000] {logging_mixin.py:188} INFO - [2026-09-23T12:18:18.905+0000] {dag.py:3947} INFO - Setting next_dagrun for example_python_operator to None, run_after=None
[2026-09-23T12:18:18.986+0000] {processor.py:183} INFO - Processing /home/airflow/.local/lib/python3.12/site-packages/airflow/example_dags/example_python_operator.py took 0.134 seconds
[2026-09-23T12:18:49.699+0000] {processor.py:161} INFO - Started process (PID=377) to work on /home/airflow/.local/lib/python3.12/site-packages/airflow/example_dags/example_python_operator.py
[2026-09-23T12:18:49.700+0000] {processor.py:830} INFO - Processing file /home/airflow/.local/lib/python3.12/site-packages/airflow/example_dags/example_python_operator.py for tasks to queue
[2026-09-23T12:18:49.702+0000] {logging_mixin.py:188} INFO - [2026-09-23T12:18:49.702+0000] {dagbag.py:545} INFO - Filling up the DagBag from /home/airflow/.local/lib/python3.12/site-packages/airflow/example_dags/example_python_operator.py
[2026-09-23T12:18:49.712+0000] {processor.py:840} INFO - DAG(s) 'example_python_operator' retrieved from /home/airflow/.local/lib/python3.12/site-packages/airflow/example_dags/example_python_operator.py
[2026-09-23T12:18:49.735+0000] {logging_mixin.py:188} INFO - [2026-09-23T12:18:49.735+0000] {dag.py:3089} INFO - Sync 1 DAGs
[2026-09-23T12:18:49.746+0000] {logging_mixin.py:188} INFO - [2026-09-23T12:18:49.746+0000] {dag.py:3947} INFO - Setting next_dagrun for example_python_operator to None, run_after=None
[2026-09-23T12:18:49.824+0000] {processor.py:183} INFO - Processing /home/airflow/.local/lib/python3.12/site-packages/airflow/example_dags/example_python_operator.py took 0.132 seconds
[2026-09-23T12:19:20.091+0000] {processor.py:161} INFO - Started process (PID=455) to work on /home/airflow/.local/lib/python3.12/site-packages/airflow/example_dags/example_python_operator.py
[2026-09-23T12:19:20.093+0000] {processor.py:830} INFO - Processing file /home/airflow/.local/lib/python3.12/site-packages/airflow/example_dags/example_python_operator.py for tasks to queue
[2026-09-23T12:19:20.096+0000] {logging_mixin.py:188} INFO - [2026-09-23T12:19:20.095+0000] {dagbag.py:545} INFO - Filling up the DagBag from /home/airflow/.local/lib/python3.12/site-packages/airflow/example_dags/example_python_operator.py
[2026-09-23T12:19:20.110+0000] {processor.py:840} INFO - DAG(s) 'example_python_operator' retrieved from /home/airflow/.local/lib/python3.12/site-packages/airflow/example_dags/example_python_operator.py
[2026-09-23T12:19:20.159+0000] {logging_mixin.py:188} INFO - [2026-09-23T12:19:20.159+0000] {dag.py:3089} INFO - Sync 1 DAGs
[2026-09-23T12:19:20.175+0000] {logging_mixin.py:188} INFO - [2026-09-23T12:19:20.175+0000] {dag.py:3947} INFO - Setting next_dagrun for example_python_operator to None, run_after=None
[2026-09-23T12:19:20.200+0000] {processor.py:183} INFO - Processing /home/airflow/.local/lib/python3.12/site-packages/airflow/example_dags/example_python_operator.py took 0.115 seconds
[2026-09-23T12:19:50.430+0000] {processor.py:161} INFO - Started process (PID=513) to work on /home/airflow/.local/lib/python3.12/site-packages/airflow/example_dags/example_python_operator.py
[2026-09-23T12:19:50.431+0000] {processor.py:830} INFO - Processing file /home/airflow/.local/lib/python3.12/site-packages/airflow/example_dags/example_python_operator.py for tasks to queue
[2026-09-23T12:19:50.433+0000] {logging_mixin.py:188} INFO - [2026-09-23T12:19:50.433+0000] {dagbag.py:545} INFO - Filling up the DagBag from /home/airflow/.local/lib/python3.12/site-packages/airflow/example_dags/example_python_operator.py
[2026-09-23T12:19:50.446+0000] {processor.py:840} INFO - DAG(s) 'example_python_operator' retrieved from /home/airflow/.local/lib/python3.12/site-packages/airflow/example_dags/example_python_operator.py
[2026-09-23T12:19:50.476+0000] {logging_mixin.py:188} INFO - [2026-09-23T12:19:50.475+0000] {dag.py:3089} INFO - Sync 1 DAGs
[2026-09-23T12:19:50.499+0000] {logging_mixin.py:188} INFO - [2026-09-23T12:19:50.499+0000] {dag.py:3947} INFO - Setting next_dagrun for example_python_operator to None, run_after=None
[2026-09-23T12:19:50.575+0000] {processor.py:183} INFO - Processing /home/airflow/.local/lib/python3.12/site-packages/airflow/example_dags/example_python_operator.py took 0.151 seconds
[2026-09-23T12:20:20.745+0000] {processor.py:161} INFO - Started process (PID=571) to work on /home/airflow/.local/lib/python3.12/site-packages/airflow/example_dags/example_python_operator.py
[2026-09-23T12:20:20.746+0000] {processor.py:830} INFO - Processing file /home/airflow/.local/lib/python3.12/site-packages/airflow/example_dags/example_python_operator.py for tasks to queue
[2026-09-23T12:20:20.749+0000] {logging_mixin.py:188} INFO - [2026-09-23T12:20:20.748+0000] {dagbag.py:545} INFO - Filling up the DagBag from /home/airflow/.local/lib/python3.12/site-packages/airflow/example_dags/example_python_operator.py
[2026-09-23T12:20:20.762+0000] {processor.py:840} INFO - DAG(s) 'example_python_operator' retrieved from /home/airflow/.local/lib/python3.12/site-packages/airflow/example_dags/example_python_operator.py
[2026-09-23T12:20:20.789+0000] {logging_mixin.py:188} INFO - [2026-09-23T12:20:20.788+0000] {dag.py:3089} INFO - Sync 1 DAGs
[2026-09-23T12:20:20.804+0000] {logging_mixin.py:188} INFO - [2026-09-23T12:20:20.804+0000] {dag.py:3947} INFO - Setting next_dagrun for example_python_operator to None, run_after=None
[2026-09-23T12:20:20.882+0000] {processor.py:183} INFO - Processing /home/airflow/.local/lib/python3.12/site-packages/airflow/example_dags/example_python_operator.py took 0.143 seconds
[2026-09-23T12:20:51.000+0000] {processor.py:161} INFO - Started process (PID=629) to work on /home/airflow/.local/lib/python3.12/site-packages/airflow/example_dags/example_python_operator.py
[2026-09-23T12:20:51.001+0000] {processor.py:830} INFO - Processing file /home/airflow/.local/lib/python3.12/site-packages/airflow/example_dags/example_python_operator.py for tasks to queue
[2026-09-23T12:20:51.003+0000] {logging_mixin.py:188} INFO - [2026-09-23T12:20:51.003+0000] {dagbag.py:545} INFO - Filling up the DagBag from /home/airflow/.local/lib/python3.12/site-packages/airflow/example_dags/example_python_operator.py
[2026-09-23T12:20:51.015+0000] {processor.py:840} INFO - DAG(s) 'example_python_operator' retrieved from /home/airflow/.local/lib/python3.12/site-packages/airflow/example_dags/example_python_operator.py
[2026-09-23T12:20:51.039+0000] {logging_mixin.py:188} INFO - [2026-09-23T12:20:51.038+0000] {dag.py:3089} INFO - Sync 1 DAGs
[2026-09-23T12:20:51.049+0000] {logging_mixin.py:188} INFO - [2026-09-23T12:20:51.049+0000] {dag.py:3947} INFO - Setting next_dagrun for example_python_operator to None, run_after=None
[2026-09-23T12:20:51.128+0000] {processor.py:183} INFO - Processing /home/airflow/.local/lib/python3.12/site-packages/airflow/example_dags/example_python_operator.py took 0.136 seconds
[2026-09-23T12:21:21.530+0000] {processor.py:161} INFO - Started process (PID=687) to work on /home/airflow/.local/lib/python3.12/site-packages/airflow/example_dags/example_python_operator.py
[2026-09-23T12:21:21.531+0000] {processor.py:830} INFO - Processing file /home/airflow/.local/lib/python3.12/site-packages/airflow/example_dags/example_python_operator.py for tasks to queue
[2026-09-23T12:21:21.533+0000] {logging_mixin.py:188} INFO - [2026-09-23T12:21:21.532+0000] {dagbag.py:545} INFO - Filling up the DagBag from /home/airflow/.local/lib/python3.12/site-packages/airflow/example_dags/example_python_operator.py
[2026-09-23T12:21:21.542+0000] {processor.py:840} INFO - DAG(s) 'example_python_operator' retrieved from /home/airflow/.local/lib/python3.12/site-packages/airflow/example_dags/example_python_operator.py
[2026-09-23T12:21:21.563+0000] {logging_mixin.py:188} INFO - [2026-09-23T12:21:21.563+0000] {dag.py:3089} INFO - Sync 1 DAGs
[2026-09-23T12:21:21.574+0000] {logging_mixin.py:188} INFO - [2026-09-23T12:21:21.574+0000] {dag.py:3947} INFO - Setting next_dagrun for example_python_operator to None, run_after=None
[2026-09-23T12:21:21.648+0000] {processor.py:183} INFO - Processing /home/airflow/.local/lib/python3.12/site-packages/airflow/example_dags/example_python_operator.py took 0.124 seconds
[2026-09-23T12:21:52.240+0000] {processor.py:161} INFO - Started process (PID=745) to work on /home/airflow/.local/lib/python3.12/site-packages/airflow/example_dags/example_python_operator.py
[2026-09-23T12:21:52.241+0000] {processor.py:830} INFO - Processing file /home/airflow/.local/lib/python3.12/site-packages/airflow/example_dags/example_python_operator.py for tasks to queue
[2026-09-23T12:21:52.243+0000] {logging_mixin.py:188} INFO - [2026-09-23T12:21:52.243+0000] {dagbag.py:545} INFO - Filling up the DagBag from /home/airflow/.local/lib/python3.12/site-packages/airflow/example_dags/example_python_operator.py
[2026-09-23T12:21:52.254+0000] {processor.py:840} INFO - DAG(s) 'example_python_operator' retrieved from /home/airflow/.local/lib/python3.12/site-packages/airflow/example_dags/example_python_operator.py
[2026-09-23T12:21:52.277+0000] {logging_mixin.py:188} INFO - [2026-09-23T12:21:52.277+0000] {dag.py:3089} INFO - Sync 1 DAGs
[2026-09-23T12:21:52.293+0000] {logging_mixin.py:188} INFO - [2026-09-23T12:21:52.293+0000] {dag.py:3947} INFO - Setting next_dagrun for example_python_operator to None, run_after=None
[2026-09-23T12:21:52.368+0000] {processor.py:183} INFO - Processing /home/airflow/.local/lib/python3.12/site-packages/airflow/example_dags/example_python_operator.py took 0.135 seconds
[2026-09-23T12:22:22.832+0000] {processor.py:161} INFO - Started process (PID=803) to work on /home/airflow/.local/lib/python3.12/site-packages/airflow/example_dags/example_python_operator.py
[2026-09-23T12:22:22.833+0000] {processor.py:830} INFO - Processing file /home/airflow/.local/lib/python3.12/site-packages/airflow/example_dags/example_python_operator.py for tasks to queue
[2026-09-23T12:22:22.836+0000] {logging_mixin.py:188} INFO - [2026-09-23T12:22:22.835+0000] {dagbag.py:545} INFO - Filling up the DagBag from /home/airflow/.local/lib/python3.12/site-packages/airflow/example_dags/example_python_operator.py
[2026-09-23T12:22:22.849+0000] {processor.py:840} INFO - DAG(s) 'example_python_operator' retrieved from /home/airflow/.local/lib/python3.12/site-packages/airflow/example_dags/example_python_operator.py
[2026-09-23T12:22:22.876+0000] {logging_mixin.py:188} INFO - [2026-09-23T12:22:22.876+0000] {dag.py:3089} INFO - Sync 1 DAGs
[2026-09-23T12:22:22.891+0000] {logging_mixin.py:188} INFO - [2026-09-23T12:22:22.890+0000] {dag.py:3947} INFO - Setting next_dagrun for example_python_operator to None, run_after=None
[2026-09-23T12:22:22.985+0000] {processor.py:183} INFO - Processing /home/airflow/.local/lib/python3.12/site-packages/airflow/example_dags/example_python_operator.py took 0.158 seconds
[2026-09-23T12:24:00.540+0000] {processor.py:161} INFO - Started process (PID=90) to work on /home/airflow/.local/lib/python3.12/site-packages/airflow/example_dags/example_python_operator.py
[2026-09-23T12:24:00.541+0000] {processor.py:830} INFO - Processing file /home/airflow/.local/lib/python3.12/site-packages/airflow/example_dags/example_python_operator.py for tasks to queue
[2026-09-23T12:24:00.544+0000] {logging_mixin.py:188} INFO - [2026-09-23T12:24:00.544+0000] {dagbag.py:545} INFO - Filling up the DagBag from /home/airflow/.local/lib/python3.12/site-packages/airflow/example_dags/example_python_operator.py
[2026-09-23T12:24:00.578+0000] {processor.py:840} INFO - DAG(s) 'example_python_operator' retrieved from /home/airflow/.local/lib/python3.12/site-packages/airflow/example_dags/example_python_operator.py
[2026-09-23T12:24:00.759+0000] {logging_mixin.py:188} INFO - [2026-09-23T12:24:00.758+0000] {dag.py:3089} INFO - Sync 1 DAGs
[2026-09-23T12:24:00.774+0000] {logging_mixin.py:188} INFO - [2026-09-23T12:24:00.774+0000] {dag.py:3947} INFO - Setting next_dagrun for example_python_operator to None, run_after=None
[2026-09-23T12:24:00.806+0000] {processor.py:183} INFO - Processing /home/airflow/.local/lib/python3.12/site-packages/airflow/example_dags/example_python_operator.py took 0.277 seconds
[2026-09-23T12:24:31.269+0000] {processor.py:161} INFO - Started process (PID=148) to work on /home/airflow/.local/lib/python3.12/site-packages/airflow/example_dags/example_python_operator.py
[2026-09-23T12:24:31.270+0000] {processor.py:830} INFO - Processing file /home/airflow/.local/lib/python3.12/site-packages/airflow/example_dags/example_python_operator.py for tasks to queue
[2026-09-23T12:24:31.272+0000] {logging_mixin.py:188} INFO - [2026-09-23T12:24:31.271+0000] {dagbag.py:545} INFO - Filling up the DagBag from /home/airflow/.local/lib/python3.12/site-packages/airflow/example_dags/example_python_operator.py
[2026-09-23T12:24:31.283+0000] {processor.py:840} INFO - DAG(s) 'example_python_operator' retrieved from /home/airflow/.local/lib/python3.12/site-packages/airflow/example_dags/example_python_operator.py
[2026-09-23T12:24:31.304+0000] {logging_mixin.py:188} INFO - [2026-09-23T12:24:31.304+0000] {dag.py:3089} INFO - Sync 1 DAGs
[2026-09-23T12:24:31.317+0000] {logging_mixin.py:188} INFO - [2026-09-23T12:24:31.316+0000] {dag.py:3947} INFO - Setting next_dagrun for example_python_operator to None, run_after=None
[2026-09-23T12:24:31.336+0000] {processor.py:183} INFO - Processing /home/airflow/.local/lib/python3.12/site-packages/airflow/example_dags/example_python_operator.py took 0.073 seconds
