[2026-09-23T12:16:20.711+0000] {processor.py:161} INFO - Started process (PID=110) to work on /home/airflow/.local/lib/python3.12/site-packages/airflow/example_dags/example_short_circuit_operator.py
[2026-09-23T12:16:20.713+0000] {processor.py:830} INFO - Processing file /home/airflow/.local/lib/python3.12/site-packages/airflow/example_dags/example_short_circuit_operator.py for tasks to queue
[2026-09-23T12:16:20.715+0000] {logging_mixin.py:188} INFO - [2026-09-23T12:16:20.715+0000] {dagbag.py:545} INFO - Filling up the DagBag from /home/airflow/.local/lib/python3.12/site-packages/airflow/example_dags/example_short_circuit_operator.py
[2026-09-23T12:16:20.724+0000] {processor.py:840} INFO - DAG(s) 'example_short_circuit_operator' retrieved from /home/airflow/.local/lib/python3.12/site-packages/airflow/example_dags/example_short_circuit_operator.py
[2026-09-23T12:16:20.852+0000] {logging_mixin.py:188} INFO - [2026-09-23T12:16:20.852+0000] {dag.py:3089} INFO - Sync 1 DAGs
[2026-09-23T12:16:20.876+0000] {logging_mixin.py:188} INFO - [2026-09-23T12:16:20.876+0000] {dag.py:3947} INFO - Setting next_dagrun for example_short_circuit_operator to 2026-09-22 00:00:00+00:00, run_after=2026-09-23 00:00:00+00:00
[2026-09-23T12:16:20.904+0000] {processor.py:183} INFO - Processing /home/airflow/.local/lib/python3.12/site-packages/airflow/example_dags/example_short_circuit_operator.py took 0.199 seconds
[2026-09-23T12:16:51.715+0000] {processor.py:161} INFO - Started process (PID=168) to work on /home/airflow/.local/lib/python3.12/site-packages/airflow/example_dags/example_short_circuit_operator.py
[2026-09-23T12:16:51.717+0000] {processor.py:830} INFO - Processing file /home/airflow/.local/lib/python3.12/site-packages/airflow/example_dags/example_short_circuit_operator.py for tasks to queue
[2026-09-23T12:16:51.719+0000] {logging_mixin.py:188} INFO - [2026-09-23T12:16:51.719+0000] {dagbag.py:545} INFO - Filling up the DagBag from /home/airflow/.local/lib/python3.12/site-packages/airflow/example_dags/example_short_circuit_operator.py
[2026-09-23T12:16:51.726+0000] {processor.py:840} INFO - DAG(s) 'example_short_circuit_operator' retrieved from /home/airflow/.local/lib/python3.12/site-packages/airflow/example_dags/example_short_circuit_operator.py
[2026-09-23T12:16:51.749+0000] {logging_mixin.py:188} INFO - [2026-09-23T12:16:51.749+0000] {dag.py:3089} INFO - Sync 1 DAGs
[2026-09-23T12:16:51.769+0000] {logging_mixin.py:188} INFO - [2026-09-23T12:16:51.769+0000] {dag.py:3947} INFO - Setting next_dagrun for example_short_circuit_operator to 2026-09-22 00:00:00+00:00, run_after=2026-09-23 00:00:00+00:00
[2026-09-23T12:16:51.790+0000] {processor.py:183} INFO - Processing /home/airflow/.local/lib/python3.12/site-packages/airflow/example_dags/example_short_circuit_operator.py took 0.082 seconds
[2026-09-23T12:17:22.170+0000] {processor.py:161} INFO - Started process (PID=226) to work on /home/airflow/.local/lib/python3.12/site-packages/airflow/example_dags/example_short_circuit_operator.py
[2026-09-23T12:17:22.171+0000] {processor.py:830} INFO - Processing file /home/airflow/.local/lib/python3.12/site-packages/airflow/example_dags/example_short_circuit_operator.py for tasks to queue
[2026-09-23T12:17:22.174+0000] {logging_mixin.py:188} INFO - [2026-09-23T12:17:22.173+0000] {dagbag.py:545} INFO - Filling up the DagBag from /home/airflow/.local/lib/python3.12/site-packages/airflow/example_dags/example_short_circuit_operator.py
[2026-09-23T12:17:22.185+0000] {processor.py:840} INFO - DAG(s) 'example_short_circuit_operator' retrieved from /home/airflow/.local/lib/python3.12/site-packages/airflow/example_dags/example_short_circuit_operator.py
[2026-09-23T12:17:22.214+0000] {logging_mixin.py:188} INFO - [2026-09-23T12:17:22.214+0000] {dag.py:3089} INFO - Sync 1 DAGs
[2026-09-23T12:17:22.245+0000] {logging_mixin.py:188} INFO - [2026-09-23T12:17:22.245+0000] {dag.py:3947} INFO - Setting next_dagrun for example_short_circuit_operator to 2026-09-22 00:00:00+00:00, run_after=2026-09-23 00:00:00+00:00
[2026-09-23T12:17:22.323+0000] {processor.py:183} INFO - Processing /home/airflow/.local/lib/python3.12/site-packages/airflow/example_dags/example_short_circuit_operator.py took 0.163 seconds
[2026-09-23T12:17:52.757+0000] {processor.py:161} INFO - Started process (PID=284) to work on /home/airflow/.local/lib/python3.12/site-packages/airflow/example_dags/example_short_circuit_operator.py
[2026-09-23T12:17:52.759+0000] {processor.py:830} INFO - Processing file /home/airflow/.local/lib/python3.12/site-packages/airflow/example_dags/example_short_circuit_operator.py for tasks to queue
[2026-09-23T12:17:52.762+0000] {logging_mixin.py:188} INFO - [2026-09-23T12:17:52.762+0000] {dagbag.py:545} INFO - Filling up the DagBag from /home/airflow/.local/lib/python3.12/site-packages/airflow/example_dags/example_short_circuit_operator.py
[2026-09-23T12:17:52.774+0000] {processor.py:840} INFO - DAG(s) 'example_short_circuit_operator' retrieved from /home/airflow/.local/lib/python3.12/site-packages/airflow/example_dags/example_short_circuit_operator.py
[2026-09-23T12:17:52.807+0000] {logging_mixin.py:188} INFO - [2026-09-23T12:17:52.807+0000] {dag.py:3089} INFO - Sync 1 DAGs
[2026-09-23T12:17:52.834+0000] {logging_mixin.py:188} INFO - [2026-09-23T12:17:52.834+0000] {dag.py:3947} INFO - Setting next_dagrun for example_short_circuit_operator to 2026-09-22 00:00:00+00:00, run_after=2026-09-23 00:00:00+00:00
[2026-09-23T12:17:52.918+0000] {processor.py:183} INFO - Processing /home/airflow/.local/lib/python3.12/site-packages/airflow/example_dags/example_short_circuit_operator.py took 0.170 seconds
[2026-09-23T12:18:23.913+0000] {processor.py:161} INFO - Started process (PID=342) to work on /home/airflow/.local/lib/python3.12/site-packages/airflow/example_dags/example_short_circuit_operator.py
[2026-09-23T12:18:23.914+0000] {processor.py:830} INFO - Processing file /home/airflow/.local/lib/python3.12/site-packages/airflow/example_dags/example_short_circuit_operator.py for tasks to queue
[2026-09-23T12:18:23.916+0000] {logging_mixin.py:188} INFO - [2026-09-23T12:18:23.916+0000] {dagbag.py:545} INFO - Filling up the DagBag from /home/airflow/.local/lib/python3.12/site-packages/airflow/example_dags/example_short_circuit_operator.py
[2026-09-23T12:18:23.925+0000] {processor.py:840} INFO - DAG(s) 'example_short_circuit_operator' retrieved from /home/airflow/.local/lib/python3.12/site-packages/airflow/example_dags/example_short_circuit_operator.py
[2026-09-23T12:18:23.953+0000] {logging_mixin.py:188} INFO - [2026-09-23T12:18:23.953+0000] {dag.py:3089} INFO - Sync 1 DAGs
[2026-09-23T12:18:23.980+0000] {logging_mixin.py:188} INFO - [2026-09-23T12:18:23.980+0000] {dag.py:3947} INFO - Setting next_dagrun for example_short_circuit_operator to 2026-09-22 00:00:00+00:00, run_after=2026-09-23 00:00:00+00:00
[2026-09-23T12:18:24.007+0000] {processor.py:183} INFO - Processing /home/airflow/.local/lib/python3.12/site-packages/airflow/example_dags/example_short_circuit_operator.py took 0.100 seconds
[2026-09-23T12:18:54.693+0000] {processor.py:161} INFO - Started process (PID=400) to work on /home/airflow/.local/lib/python3.12/site-packages/airflow/example_dags/example_short_circuit_operator.py
[2026-09-23T12:18:54.694+0000] {processor.py:830} INFO - Processing file /home/airflow/.local/lib/python3.12/site-packages/airflow/example_dags/example_short_circuit_operator.py for tasks to queue
[2026-09-23T12:18:54.697+0000] {logging_mixin.py:188} INFO - [2026-09-23T12:18:54.697+0000] {dagbag.py:545} INFO - Filling up the DagBag from /home/airflow/.local/lib/python3.12/site-packages/airflow/example_dags/example_short_circuit_operator.py
[2026-09-23T12:18:54.706+0000] {processor.py:840} INFO - DAG(s) 'example_short_circuit_operator' retrieved from /home/airflow/.local/lib/python3.12/site-packages/airflow/example_dags/example_short_circuit_operator.py
[2026-09-23T12:18:54.735+0000] {logging_mixin.py:188} INFO - [2026-09-23T12:18:54.735+0000] {dag.py:3089} INFO - Sync 1 DAGs
[2026-09-23T12:18:54.756+0000] {logging_mixin.py:188} INFO - [2026-09-23T12:18:54.756+0000] {dag.py:3947} INFO - Setting next_dagrun for example_short_circuit_operator to 2026-09-22 00:00:00+00:00, run_after=2026-09-23 00:00:00+00:00
[2026-09-23T12:18:54.830+0000] {processor.py:183} INFO - Processing /home/airflow/.local/lib/python3.12/site-packages/airflow/example_dags/example_short_circuit_operator.py took 0.143 seconds
[2026-09-23T12:19:25.302+0000] {processor.py:161} INFO - Started process (PID=478) to work on /home/airflow/.local/lib/python3.12/site-packages/airflow/example_dags/example_short_circuit_operator.py
[2026-09-23T12:19:25.304+0000] {processor.py:830} INFO - Processing file /home/airflow/.local/lib/python3.12/site-packages/airflow/example_dags/example_short_circuit_operator.py for tasks to queue
[2026-09-23T12:19:25.310+0000] {logging_mixin.py:188} INFO - [2026-09-23T12:19:25.310+0000] {dagbag.py:545} INFO - Filling up the DagBag from /home/airflow/.local/lib/python3.12/site-packages/airflow/example_dags/example_short_circuit_operator.py
[2026-09-23T12:19:25.320+0000] {processor.py:840} INFO - DAG(s) 'example_short_circuit_operator' retrieved from /home/airflow/.local/lib/python3.12/site-packages/airflow/example_dags/example_short_circuit_operator.py
[2026-09-23T12:19:25.350+0000] {logging_mixin.py:188} INFO - [2026-09-23T12:19:25.350+0000] {dag.py:3089} INFO - Sync 1 DAGs
[2026-09-23T12:19:25.381+0000] {logging_mixin.py:188} INFO - [2026-09-23T12:19:25.381+0000] {dag.py:3947} INFO - Setting next_dagrun for example_short_circuit_operator to 2026-09-22 00:00:00+00:00, run_after=2026-09-23 00:00:00+00:00
[2026-09-23T12:19:25.431+0000] {processor.py:183} INFO - Processing /home/airflow/.local/lib/python3.12/site-packages/airflow/example_dags/example_short_circuit_operator.py took 0.135 seconds
[2026-09-23T12:19:55.974+0000] {processor.py:161} INFO - Started process (PID=536) to work on /home/airflow/.local/lib/python3.12/site-packages/airflow/example_dags/example_short_circuit_operator.py
[2026-09-23T12:19:55.975+0000] {processor.py:830} INFO - Processing file /home/airflow/.local/lib/python3.12/site-packages/airflow/example_dags/example_short_circuit_operator.py for tasks to queue
[2026-09-23T12:19:55.977+0000] {logging_mixin.py:188} INFO - [2026-09-23T12:19:55.976+0000] {dagbag.py:545} INFO - Filling up the DagBag from /home/airflow/.local/lib/python3.12/site-packages/airflow/example_dags/example_short_circuit_operator.py
[2026-09-23T12:19:55.984+0000] {processor.py:840} INFO - DAG(s) 'example_short_circuit_operator' retrieved from /home/airflow/.local/lib/python3.12/site-packages/airflow/example_dags/example_short_circuit_operator.py
[2026-09-23T12:19:56.004+0000] {logging_mixin.py:188} INFO - [2026-09-23T12:19:56.004+0000] {dag.py:3089} INFO - Sync 1 DAGs
[2026-09-23T12:19:56.022+0000] {logging_mixin.py:188} INFO - [2026-09-23T12:19:56.022+0000] {dag.py:3947} INFO - Setting next_dagrun for example_short_circuit_operator to 2026-09-22 00:00:00+00:00, run_after=2026-09-23 00:00:00+00:00
[2026-09-23T12:19:56.042+0000] {processor.py:183} INFO - Processing /home/airflow/.local/lib/python3.12/site-packages/airflow/example_dags/example_short_circuit_operator.py took 0.073 seconds
[2026-09-23T12:20:26.880+0000] {processor.py:161} INFO - Started process (PID=594) to work on /home/airflow/.local/lib/python3.12/site-packages/airflow/example_dags/example_short_circuit_operator.py
[2026-09-23T12:20:26.882+0000] {processor.py:830} INFO - Processing file /home/airflow/.local/lib/python3.12/site-packages/airflow/example_dags/example_short_circuit_operator.py for tasks to queue
[2026-09-23T12:20:26.884+0000] {logging_mixin.py:188} INFO - [2026-09-23T12:20:26.883+0000] {dagbag.py:545} INFO - Filling up the DagBag from /home/airflow/.local/lib/python3.12/site-packages/airflow/example_dags/example_short_circuit_operator.py
[2026-09-23T12:20:26.889+0000] {processor.py:840} INFO - DAG(s) 'example_short_circuit_operator' retrieved from /home/airflow/.local/lib/python3.12/site-packages/airflow/example_dags/example_short_circuit_operator.py
[2026-09-23T12:20:26.911+0000] {logging_mixin.py:188} INFO - [2026-09-23T12:20:26.911+0000] {dag.py:3089} INFO - Sync 1 DAGs
[2026-09-23T12:20:26.934+0000] {logging_mixin.py:188} INFO - [2026-09-23T12:20:26.934+0000] {dag.py:3947} INFO - Setting next_dagrun for example_short_circuit_operator to 2026-09-22 00:00:00+00:00, run_after=2026-09-23 00:00:00+00:00
[2026-09-23T12:20:27.009+0000] {processor.py:183} INFO - Processing /home/airflow/.local/lib/python3.12/site-packages/airflow/example_dags/example_short_circuit_operator.py took 0.134 seconds
[2026-09-23T12:20:57.230+0000] {processor.py:161} INFO - Started process (PID=652) to work on /home/airflow/.local/lib/python3.12/site-packages/airflow/example_dags/example_short_circuit_operator.py
[2026-09-23T12:20:57.231+0000] {processor.py:830} INFO - Processing file /home/airflow/.local/lib/python3.12/site-packages/airflow/example_dags/example_short_circuit_operator.py for tasks to queue
[2026-09-23T12:20:57.234+0000] {logging_mixin.py:188} INFO - [2026-09-23T12:20:57.233+0000] {dagbag.py:545} INFO - Filling up the DagBag from /home/airflow/.local/lib/python3.12/site-packages/airflow/example_dags/example_short_circuit_operator.py
[2026-09-23T12:20:57.243+0000] {processor.py:840} INFO - DAG(s) 'example_short_circuit_operator' retrieved from /home/airflow/.local/lib/python3.12/site-packages/airflow/example_dags/example_short_circuit_operator.py
[2026-09-23T12:20:57.268+0000] {logging_mixin.py:188} INFO - [2026-09-23T12:20:57.268+0000] {dag.py:3089} INFO - Sync 1 DAGs
[2026-09-23T12:20:57.290+0000] {logging_mixin.py:188} INFO - [2026-09-23T12:20:57.290+0000] {dag.py:3947} INFO - Setting next_dagrun for example_short_circuit_operator to 2026-09-22 00:00:00+00:00, run_after=2026-09-23 00:00:00+00:00
[2026-09-23T12:20:57.366+0000] {processor.py:183} INFO - Processing /home/airflow/.local/lib/python3.12/site-packages/airflow/example_dags/example_short_circuit_operator.py took 0.142 seconds
[2026-09-23T12:21:28.217+0000] {processor.py:161} INFO - Started process (PID=710) to work on /home/airflow/.local/lib/python3.12/site-packages/airflow/example_dags/example_short_circuit_operator.py
[2026-09-23T12:21:28.218+0000] {processor.py:830} INFO - Processing file /home/airflow/.local/lib/python3.12/site-packages/airflow/example_dags/example_short_circuit_operator.py for tasks to queue
[2026-09-23T12:21:28.222+0000] {logging_mixin.py:188} INFO - [2026-09-23T12:21:28.222+0000] {dagbag.py:545} INFO - Filling up the DagBag from /home/airflow/.local/lib/python3.12/site-packages/airflow/example_dags/example_short_circuit_operator.py
[2026-09-23T12:21:28.235+0000] {processor.py:840} INFO - DAG(s) 'example_short_circuit_operator' retrieved from /home/airflow/.local/lib/python3.12/site-packages/airflow/example_dags/example_short_circuit_operator.py
[2026-09-23T12:21:28.278+0000] {logging_mixin.py:188} INFO - [2026-09-23T12:21:28.277+0000] {dag.py:3089} INFO - Sync 1 DAGs
[2026-09-23T12:21:28.312+0000] {logging_mixin.py:188} INFO - [2026-09-23T12:21:28.311+0000] {dag.py:3947} INFO - Setting next_dagrun for example_short_circuit_operator to 2026-09-22 00:00:00+00:00, run_after=2026-09-23 00:00:00+00:00
[2026-09-23T12:21:28.394+0000] {processor.py:183} INFO - Processing /home/airflow/.local/lib/python3.12/site-packages/airflow/example_dags/example_short_circuit_operator.py took 0.185 seconds
[2026-09-23T12:21:58.894+0000] {processor.py:161} INFO - Started process (PID=768) to work on /home/airflow/.local/lib/python3.12/site-packages/airflow/example_dags/example_short_circuit_operator.py
[2026-09-23T12:21:58.895+0000] {processor.py:830} INFO - Processing file /home/airflow/.local/lib/python3.12/site-packages/airflow/example_dags/example_short_circuit_operator.py for tasks to queue
[2026-09-23T12:21:58.897+0000] {logging_mixin.py:188} INFO - [2026-09-23T12:21:58.897+0000] {dagbag.py:545} INFO - Filling up the DagBag from /home/airflow/.local/lib/python3.12/site-packages/airflow/example_dags/example_short_circuit_operator.py
[2026-09-23T12:21:58.904+0000] {processor.py:840} INFO - DAG(s) 'example_short_circuit_operator' retrieved from /home/airflow/.local/lib/python3.12/site-packages/airflow/example_dags/example_short_circuit_operator.py
[2026-09-23T12:21:58.929+0000] {logging_mixin.py:188} INFO - [2026-09-23T12:21:58.929+0000] {dag.py:3089} INFO - Sync 1 DAGs
[2026-09-23T12:21:58.953+0000] {logging_mixin.py:188} INFO - [2026-09-23T12:21:58.952+0000] {dag.py:3947} INFO - Setting next_dagrun for example_short_circuit_operator to 2026-09-22 00:00:00+00:00, run_after=2026-09-23 00:00:00+00:00
[2026-09-23T12:21:59.003+0000] {processor.py:183} INFO - Processing /home/airflow/.local/lib/python3.12/site-packages/airflow/example_dags/example_short_circuit_operator.py took 0.115 seconds
[2026-09-23T12:22:29.114+0000] {processor.py:161} INFO - Started process (PID=826) to work on /home/airflow/.local/lib/python3.12/site-packages/airflow/example_dags/example_short_circuit_operator.py
[2026-09-23T12:22:29.115+0000] {processor.py:830} INFO - Processing file /home/airflow/.local/lib/python3.12/site-packages/airflow/example_dags/example_short_circuit_operator.py for tasks to queue
[2026-09-23T12:22:29.117+0000] {logging_mixin.py:188} INFO - [2026-09-23T12:22:29.117+0000] {dagbag.py:545} INFO - Filling up the DagBag from /home/airflow/.local/lib/python3.12/site-packages/airflow/example_dags/example_short_circuit_operator.py
[2026-09-23T12:22:29.124+0000] {processor.py:840} INFO - DAG(s) 'example_short_circuit_operator' retrieved from /home/airflow/.local/lib/python3.12/site-packages/airflow/example_dags/example_short_circuit_operator.py
[2026-09-23T12:22:29.151+0000] {logging_mixin.py:188} INFO - [2026-09-23T12:22:29.151+0000] {dag.py:3089} INFO - Sync 1 DAGs
[2026-09-23T12:22:29.173+0000] {logging_mixin.py:188} INFO - [2026-09-23T12:22:29.173+0000] {dag.py:3947} INFO - Setting next_dagrun for example_short_circuit_operator to 2026-09-22 00:00:00+00:00, run_after=2026-09-23 00:00:00+00:00
[2026-09-23T12:22:29.198+0000] {processor.py:183} INFO - Processing /home/airflow/.local/lib/python3.12/site-packages/airflow/example_dags/example_short_circuit_operator.py took 0.092 seconds
[2026-09-23T12:24:04.823+0000] {processor.py:161} INFO - Started process (PID=113) to work on /home/airflow/.local/lib/python3.12/site-packages/airflow/example_dags/example_short_circuit_operator.py
[2026-09-23T12:24:04.825+0000] {processor.py:830} INFO - Processing file /home/airflow/.local/lib/python3.12/site-packages/airflow/example_dags/example_short_circuit_operator.py for tasks to queue
[2026-09-23T12:24:04.827+0000] {logging_mixin.py:188} INFO - [2026-09-23T12:24:04.826+0000] {dagbag.py:545} INFO - Filling up the DagBag from /home/airflow/.local/lib/python3.12/site-packages/airflow/example_dags/example_short_circuit_operator.py
[2026-09-23T12:24:04.836+0000] {processor.py:840} INFO - DAG(s) 'example_short_circuit_operator' retrieved from /home/airflow/.local/lib/python3.12/site-packages/airflow/example_dags/example_short_circuit_operator.py
[2026-09-23T12:24:04.952+0000] {logging_mixin.py:188} INFO - [2026-09-23T12:24:04.952+0000] {dag.py:3089} INFO - Sync 1 DAGs
[2026-09-23T12:24:04.975+0000] {logging_mixin.py:188} INFO - [2026-09-23T12:24:04.974+0000] {dag.py:3947} INFO - Setting next_dagrun for example_short_circuit_operator to 2026-09-22 00:00:00+00:00, run_after=2026-09-23 00:00:00+00:00
[2026-09-23T12:24:05.008+0000] {processor.py:183} INFO - Processing /home/airflow/.local/lib/python3.12/site-packages/airflow/example_dags/example_short_circuit_operator.py took 0.192 seconds
[2026-09-23T12:24:35.737+0000] {processor.py:161} INFO - Started process (PID=171) to work on /home/airflow/.local/lib/python3.12/site-packages/airflow/example_dags/example_short_circuit_operator.py
[2026-09-23T12:24:35.738+0000] {processor.py:830} INFO - Processing file /home/airflow/.local/lib/python3.12/site-packages/airflow/example_dags/example_short_circuit_operator.py for tasks to queue
[2026-09-23T12:24:35.740+0000] {logging_mixin.py:188} INFO - [2026-09-23T12:24:35.740+0000] {dagbag.py:545} INFO - Filling up the DagBag from /home/airflow/.local/lib/python3.12/site-packages/airflow/example_dags/example_short_circuit_operator.py
[2026-09-23T12:24:35.747+0000] {processor.py:840} INFO - DAG(s) 'example_short_circuit_operator' retrieved from /home/airflow/.local/lib/python3.12/site-packages/airflow/example_dags/example_short_circuit_operator.py
[2026-09-23T12:24:35.767+0000] {logging_mixin.py:188} INFO - [2026-09-23T12:24:35.767+0000] {dag.py:3089} INFO - Sync 1 DAGs
[2026-09-23T12:24:35.787+0000] {logging_mixin.py:188} INFO - [2026-09-23T12:24:35.787+0000] {dag.py:3947} INFO - Setting next_dagrun for example_short_circuit_operator to 2026-09-22 00:00:00+00:00, run_after=2026-09-23 00:00:00+00:00
[2026-09-23T12:24:35.808+0000] {processor.py:183} INFO - Processing /home/airflow/.local/lib/python3.12/site-packages/airflow/example_dags/example_short_circuit_operator.py took 0.076 seconds
