[2026-09-23T12:16:20.713+0000] {processor.py:161} INFO - Started process (PID=109) to work on /home/airflow/.local/lib/python3.12/site-packages/airflow/example_dags/example_datasets.py
[2026-09-23T12:16:20.715+0000] {processor.py:830} INFO - Processing file /home/airflow/.local/lib/python3.12/site-packages/airflow/example_dags/example_datasets.py for tasks to queue
[2026-09-23T12:16:20.717+0000] {logging_mixin.py:188} INFO - [2026-09-23T12:16:20.717+0000] {dagbag.py:545} INFO - Filling up the DagBag from /home/airflow/.local/lib/python3.12/site-packages/airflow/example_dags/example_datasets.py
[2026-09-23T12:16:20.739+0000] {processor.py:840} INFO - DAG(s) 'dataset_consumes_1_and_2', 'dataset_consumes_unknown_never_scheduled', 'dataset_consumes_1', 'consume_1_or_2_with_dataset_expressions', 'consume_1_and_2_with_dataset_expressions', 'conditional_dataset_and_time_based_timetable', 'dataset_produces_1', 'consume_1_or_both_2_and_3_with_dataset_expressions', 'dataset_consumes_1_never_scheduled', 'dataset_produces_2' retrieved from /home/airflow/.local/lib/python3.12/site-packages/airflow/example_dags/example_datasets.py
[2026-09-23T12:16:20.980+0000] {logging_mixin.py:188} INFO - [2026-09-23T12:16:20.980+0000] {dag.py:3089} INFO - Sync 10 DAGs
[2026-09-23T12:16:21.005+0000] {logging_mixin.py:188} INFO - [2026-09-23T12:16:21.004+0000] {dag.py:3947} INFO - Setting next_dagrun for conditional_dataset_and_time_based_timetable to 2026-09-23 01:00:00+00:00, run_after=2026-09-23 01:00:00+00:00
[2026-09-23T12:16:21.009+0000] {logging_mixin.py:188} INFO - [2026-09-23T12:16:21.009+0000] {dag.py:3947} INFO - Setting next_dagrun for consume_1_and_2_with_dataset_expressions to None, run_after=None
[2026-09-23T12:16:21.012+0000] {logging_mixin.py:188} INFO - [2026-09-23T12:16:21.011+0000] {dag.py:3947} INFO - Setting next_dagrun for consume_1_or_2_with_dataset_expressions to None, run_after=None
[2026-09-23T12:16:21.013+0000] {logging_mixin.py:188} INFO - [2026-09-23T12:16:21.013+0000] {dag.py:3947} INFO - Setting next_dagrun for consume_1_or_both_2_and_3_with_dataset_expressions to None, run_after=None
[2026-09-23T12:16:21.015+0000] {logging_mixin.py:188} INFO - [2026-09-23T12:16:21.015+0000] {dag.py:3947} INFO - Setting next_dagrun for dataset_consumes_1 to None, run_after=None
[2026-09-23T12:16:21.017+0000] {logging_mixin.py:188} INFO - [2026-09-23T12:16:21.017+0000] {dag.py:3947} INFO - Setting next_dagrun for dataset_consumes_1_and_2 to None, run_after=None
[2026-09-23T12:16:21.019+0000] {logging_mixin.py:188} INFO - [2026-09-23T12:16:21.019+0000] {dag.py:3947} INFO - Setting next_dagrun for dataset_consumes_1_never_scheduled to None, run_after=None
[2026-09-23T12:16:21.021+0000] {logging_mixin.py:188} INFO - [2026-09-23T12:16:21.020+0000] {dag.py:3947} INFO - Setting next_dagrun for dataset_consumes_unknown_never_scheduled to None, run_after=None
[2026-09-23T12:16:21.023+0000] {logging_mixin.py:188} INFO - [2026-09-23T12:16:21.023+0000] {dag.py:3947} INFO - Setting next_dagrun for dataset_produces_1 to 2026-09-22 00:00:00+00:00, run_after=2026-09-23 00:00:00+00:00
[2026-09-23T12:16:21.024+0000] {logging_mixin.py:188} INFO - [2026-09-23T12:16:21.024+0000] {dag.py:3947} INFO - Setting next_dagrun for dataset_produces_2 to None, run_after=None
[2026-09-23T12:16:21.067+0000] {processor.py:183} INFO - Processing /home/airflow/.local/lib/python3.12/site-packages/airflow/example_dags/example_datasets.py took 0.361 seconds
[2026-09-23T12:16:51.714+0000] {processor.py:161} INFO - Started process (PID=167) to work on /home/airflow/.local/lib/python3.12/site-packages/airflow/example_dags/example_datasets.py
[2026-09-23T12:16:51.715+0000] {processor.py:830} INFO - Processing file /home/airflow/.local/lib/python3.12/site-packages/airflow/example_dags/example_datasets.py for tasks to queue
[2026-09-23T12:16:51.718+0000] {logging_mixin.py:188} INFO - [2026-09-23T12:16:51.718+0000] {dagbag.py:545} INFO - Filling up the DagBag from /home/airflow/.local/lib/python3.12/site-packages/airflow/example_dags/example_datasets.py
[2026-09-23T12:16:51.731+0000] {processor.py:840} INFO - DAG(s) 'dataset_consumes_unknown_never_scheduled', 'conditional_dataset_and_time_based_timetable', 'consume_1_or_2_with_dataset_expressions', 'consume_1_and_2_with_dataset_expressions', 'dataset_consumes_1_and_2', 'dataset_consumes_1_never_scheduled', 'dataset_produces_2', 'dataset_consumes_1', 'dataset_produces_1', 'consume_1_or_both_2_and_3_with_dataset_expressions' retrieved from /home/airflow/.local/lib/python3.12/site-packages/airflow/example_dags/example_datasets.py
[2026-09-23T12:16:51.777+0000] {logging_mixin.py:188} INFO - [2026-09-23T12:16:51.777+0000] {dag.py:3089} INFO - Sync 10 DAGs
[2026-09-23T12:16:51.803+0000] {logging_mixin.py:188} INFO - [2026-09-23T12:16:51.802+0000] {dag.py:3947} INFO - Setting next_dagrun for conditional_dataset_and_time_based_timetable to 2026-09-23 01:00:00+00:00, run_after=2026-09-23 01:00:00+00:00
[2026-09-23T12:16:51.807+0000] {logging_mixin.py:188} INFO - [2026-09-23T12:16:51.807+0000] {dag.py:3947} INFO - Setting next_dagrun for consume_1_and_2_with_dataset_expressions to None, run_after=None
[2026-09-23T12:16:51.809+0000] {logging_mixin.py:188} INFO - [2026-09-23T12:16:51.809+0000] {dag.py:3947} INFO - Setting next_dagrun for consume_1_or_2_with_dataset_expressions to None, run_after=None
[2026-09-23T12:16:51.811+0000] {logging_mixin.py:188} INFO - [2026-09-23T12:16:51.811+0000] {dag.py:3947} INFO - Setting next_dagrun for consume_1_or_both_2_and_3_with_dataset_expressions to None, run_after=None
[2026-09-23T12:16:51.812+0000] {logging_mixin.py:188} INFO - [2026-09-23T12:16:51.812+0000] {dag.py:3947} INFO - Setting next_dagrun for dataset_consumes_1 to None, run_after=None
[2026-09-23T12:16:51.814+0000] {logging_mixin.py:188} INFO - [2026-09-23T12:16:51.814+0000] {dag.py:3947} INFO - Setting next_dagrun for dataset_consumes_1_and_2 to None, run_after=None
[2026-09-23T12:16:51.815+0000] {logging_mixin.py:188} INFO - [2026-09-23T12:16:51.815+0000] {dag.py:3947} INFO - Setting next_dagrun for dataset_consumes_1_never_scheduled to None, run_after=None
[2026-09-23T12:16:51.816+0000] {logging_mixin.py:188} INFO - [2026-09-23T12:16:51.816+0000] {dag.py:3947} INFO - Setting next_dagrun for dataset_consumes_unknown_never_scheduled to None, run_after=None
[2026-09-23T12:16:51.819+0000] {logging_mixin.py:188} INFO - [2026-09-23T12:16:51.819+0000] {dag.py:3947} INFO - Setting next_dagrun for dataset_produces_1 to 2026-09-22 00:00:00+00:00, run_after=2026-09-23 00:00:00+00:00
[2026-09-23T12:16:51.821+0000] {logging_mixin.py:188} INFO - [2026-09-23T12:16:51.820+0000] {dag.py:3947} INFO - Setting next_dagrun for dataset_produces_2 to None, run_after=None
[2026-09-23T12:16:51.853+0000] {processor.py:183} INFO - Processing /home/airflow/.local/lib/python3.12/site-packages/airflow/example_dags/example_datasets.py took 0.146 seconds
[2026-09-23T12:17:22.169+0000] {processor.py:161} INFO - Started process (PID=225) to work on /home/airflow/.local/lib/python3.12/site-packages/airflow/example_dags/example_datasets.py
[2026-09-23T12:17:22.170+0000] {processor.py:830} INFO - Processing file /home/airflow/.local/lib/python3.12/site-packages/airflow/example_dags/example_datasets.py for tasks to queue
[2026-09-23T12:17:22.173+0000] {logging_mixin.py:188} INFO - [2026-09-23T12:17:22.173+0000] {dagbag.py:545} INFO - Filling up the DagBag from /home/airflow/.local/lib/python3.12/site-packages/airflow/example_dags/example_datasets.py
[2026-09-23T12:17:22.191+0000] {processor.py:840} INFO - DAG(s) 'consume_1_and_2_with_dataset_expressions', 'dataset_produces_1', 'dataset_produces_2', 'conditional_dataset_and_time_based_timetable', 'dataset_consumes_1_never_scheduled', 'dataset_consumes_unknown_never_scheduled', 'dataset_consumes_1_and_2', 'consume_1_or_both_2_and_3_with_dataset_expressions', 'consume_1_or_2_with_dataset_expressions', 'dataset_consumes_1' retrieved from /home/airflow/.local/lib/python3.12/site-packages/airflow/example_dags/example_datasets.py
[2026-09-23T12:17:22.244+0000] {logging_mixin.py:188} INFO - [2026-09-23T12:17:22.244+0000] {dag.py:3089} INFO - Sync 10 DAGs
[2026-09-23T12:17:22.270+0000] {logging_mixin.py:188} INFO - [2026-09-23T12:17:22.270+0000] {dag.py:3947} INFO - Setting next_dagrun for conditional_dataset_and_time_based_timetable to 2026-09-23 01:00:00+00:00, run_after=2026-09-23 01:00:00+00:00
[2026-09-23T12:17:22.274+0000] {logging_mixin.py:188} INFO - [2026-09-23T12:17:22.274+0000] {dag.py:3947} INFO - Setting next_dagrun for consume_1_and_2_with_dataset_expressions to None, run_after=None
[2026-09-23T12:17:22.276+0000] {logging_mixin.py:188} INFO - [2026-09-23T12:17:22.276+0000] {dag.py:3947} INFO - Setting next_dagrun for consume_1_or_2_with_dataset_expressions to None, run_after=None
[2026-09-23T12:17:22.277+0000] {logging_mixin.py:188} INFO - [2026-09-23T12:17:22.277+0000] {dag.py:3947} INFO - Setting next_dagrun for consume_1_or_both_2_and_3_with_dataset_expressions to None, run_after=None
[2026-09-23T12:17:22.278+0000] {logging_mixin.py:188} INFO - [2026-09-23T12:17:22.278+0000] {dag.py:3947} INFO - Setting next_dagrun for dataset_consumes_1 to None, run_after=None
[2026-09-23T12:17:22.280+0000] {logging_mixin.py:188} INFO - [2026-09-23T12:17:22.280+0000] {dag.py:3947} INFO - Setting next_dagrun for dataset_consumes_1_and_2 to None, run_after=None
[2026-09-23T12:17:22.281+0000] {logging_mixin.py:188} INFO - [2026-09-23T12:17:22.281+0000] {dag.py:3947} INFO - Setting next_dagrun for dataset_consumes_1_never_scheduled to None, run_after=None
[2026-09-23T12:17:22.283+0000] {logging_mixin.py:188} INFO - [2026-09-23T12:17:22.283+0000] {dag.py:3947} INFO - Setting next_dagrun for dataset_consumes_unknown_never_scheduled to None, run_after=None
[2026-09-23T12:17:22.285+0000] {logging_mixin.py:188} INFO - [2026-09-23T12:17:22.284+0000] {dag.py:3947} INFO - Setting next_dagrun for dataset_produces_1 to 2026-09-22 00:00:00+00:00, run_after=2026-09-23 00:00:00+00:00
[2026-09-23T12:17:22.286+0000] {logging_mixin.py:188} INFO - [2026-09-23T12:17:22.286+0000] {dag.py:3947} INFO - Setting next_dagrun for dataset_produces_2 to None, run_after=None
[2026-09-23T12:17:22.325+0000] {processor.py:183} INFO - Processing /home/airflow/.local/lib/python3.12/site-packages/airflow/example_dags/example_datasets.py took 0.165 seconds
[2026-09-23T12:17:52.708+0000] {processor.py:161} INFO - Started process (PID=283) to work on /home/airflow/.local/lib/python3.12/site-packages/airflow/example_dags/example_datasets.py
[2026-09-23T12:17:52.709+0000] {processor.py:830} INFO - Processing file /home/airflow/.local/lib/python3.12/site-packages/airflow/example_dags/example_datasets.py for tasks to queue
[2026-09-23T12:17:52.712+0000] {logging_mixin.py:188} INFO - [2026-09-23T12:17:52.712+0000] {dagbag.py:545} INFO - Filling up the DagBag from /home/airflow/.local/lib/python3.12/site-packages/airflow/example_dags/example_datasets.py
[2026-09-23T12:17:52.734+0000] {processor.py:840} INFO - DAG(s) 'conditional_dataset_and_time_based_timetable', 'dataset_consumes_1_never_scheduled', 'dataset_produces_1', 'dataset_consumes_unknown_never_scheduled', 'dataset_produces_2', 'dataset_consumes_1_and_2', 'dataset_consumes_1', 'consume_1_or_both_2_and_3_with_dataset_expressions', 'consume_1_and_2_with_dataset_expressions', 'consume_1_or_2_with_dataset_expressions' retrieved from /home/airflow/.local/lib/python3.12/site-packages/airflow/example_dags/example_datasets.py
[2026-09-23T12:17:52.807+0000] {logging_mixin.py:188} INFO - [2026-09-23T12:17:52.806+0000] {dag.py:3089} INFO - Sync 10 DAGs
[2026-09-23T12:17:52.841+0000] {logging_mixin.py:188} INFO - [2026-09-23T12:17:52.841+0000] {dag.py:3947} INFO - Setting next_dagrun for conditional_dataset_and_time_based_timetable to 2026-09-23 01:00:00+00:00, run_after=2026-09-23 01:00:00+00:00
[2026-09-23T12:17:52.847+0000] {logging_mixin.py:188} INFO - [2026-09-23T12:17:52.846+0000] {dag.py:3947} INFO - Setting next_dagrun for consume_1_and_2_with_dataset_expressions to None, run_after=None
[2026-09-23T12:17:52.849+0000] {logging_mixin.py:188} INFO - [2026-09-23T12:17:52.848+0000] {dag.py:3947} INFO - Setting next_dagrun for consume_1_or_2_with_dataset_expressions to None, run_after=None
[2026-09-23T12:17:52.850+0000] {logging_mixin.py:188} INFO - [2026-09-23T12:17:52.850+0000] {dag.py:3947} INFO - Setting next_dagrun for consume_1_or_both_2_and_3_with_dataset_expressions to None, run_after=None
[2026-09-23T12:17:52.852+0000] {logging_mixin.py:188} INFO - [2026-09-23T12:17:52.852+0000] {dag.py:3947} INFO - Setting next_dagrun for dataset_consumes_1 to None, run_after=None
[2026-09-23T12:17:52.853+0000] {logging_mixin.py:188} INFO - [2026-09-23T12:17:52.853+0000] {dag.py:3947} INFO - Setting next_dagrun for dataset_consumes_1_and_2 to None, run_after=None
[2026-09-23T12:17:52.855+0000] {logging_mixin.py:188} INFO - [2026-09-23T12:17:52.855+0000] {dag.py:3947} INFO - Setting next_dagrun for dataset_consumes_1_never_scheduled to None, run_after=None
[2026-09-23T12:17:52.857+0000] {logging_mixin.py:188} INFO - [2026-09-23T12:17:52.857+0000] {dag.py:3947} INFO - Setting next_dagrun for dataset_consumes_unknown_never_scheduled to None, run_after=None
[2026-09-23T12:17:52.861+0000] {logging_mixin.py:188} INFO - [2026-09-23T12:17:52.860+0000] {dag.py:3947} INFO - Setting next_dagrun for dataset_produces_1 to 2026-09-22 00:00:00+00:00, run_after=2026-09-23 00:00:00+00:00
[2026-09-23T12:17:52.863+0000] {logging_mixin.py:188} INFO - [2026-09-23T12:17:52.863+0000] {dag.py:3947} INFO - Setting next_dagrun for dataset_produces_2 to None, run_after=None
[2026-09-23T12:17:52.918+0000] {processor.py:183} INFO - Processing /home/airflow/.local/lib/python3.12/site-packages/airflow/example_dags/example_datasets.py took 0.218 seconds
[2026-09-23T12:18:23.693+0000] {processor.py:161} INFO - Started process (PID=341) to work on /home/airflow/.local/lib/python3.12/site-packages/airflow/example_dags/example_datasets.py
[2026-09-23T12:18:23.695+0000] {processor.py:830} INFO - Processing file /home/airflow/.local/lib/python3.12/site-packages/airflow/example_dags/example_datasets.py for tasks to queue
[2026-09-23T12:18:23.698+0000] {logging_mixin.py:188} INFO - [2026-09-23T12:18:23.697+0000] {dagbag.py:545} INFO - Filling up the DagBag from /home/airflow/.local/lib/python3.12/site-packages/airflow/example_dags/example_datasets.py
[2026-09-23T12:18:23.712+0000] {processor.py:840} INFO - DAG(s) 'conditional_dataset_and_time_based_timetable', 'consume_1_or_both_2_and_3_with_dataset_expressions', 'consume_1_and_2_with_dataset_expressions', 'consume_1_or_2_with_dataset_expressions', 'dataset_consumes_unknown_never_scheduled', 'dataset_consumes_1_never_scheduled', 'dataset_consumes_1', 'dataset_produces_1', 'dataset_produces_2', 'dataset_consumes_1_and_2' retrieved from /home/airflow/.local/lib/python3.12/site-packages/airflow/example_dags/example_datasets.py
[2026-09-23T12:18:23.756+0000] {logging_mixin.py:188} INFO - [2026-09-23T12:18:23.756+0000] {dag.py:3089} INFO - Sync 10 DAGs
[2026-09-23T12:18:23.778+0000] {logging_mixin.py:188} INFO - [2026-09-23T12:18:23.778+0000] {dag.py:3947} INFO - Setting next_dagrun for conditional_dataset_and_time_based_timetable to 2026-09-23 01:00:00+00:00, run_after=2026-09-23 01:00:00+00:00
[2026-09-23T12:18:23.782+0000] {logging_mixin.py:188} INFO - [2026-09-23T12:18:23.782+0000] {dag.py:3947} INFO - Setting next_dagrun for consume_1_and_2_with_dataset_expressions to None, run_after=None
[2026-09-23T12:18:23.784+0000] {logging_mixin.py:188} INFO - [2026-09-23T12:18:23.784+0000] {dag.py:3947} INFO - Setting next_dagrun for consume_1_or_2_with_dataset_expressions to None, run_after=None
[2026-09-23T12:18:23.785+0000] {logging_mixin.py:188} INFO - [2026-09-23T12:18:23.785+0000] {dag.py:3947} INFO - Setting next_dagrun for consume_1_or_both_2_and_3_with_dataset_expressions to None, run_after=None
[2026-09-23T12:18:23.786+0000] {logging_mixin.py:188} INFO - [2026-09-23T12:18:23.786+0000] {dag.py:3947} INFO - Setting next_dagrun for dataset_consumes_1 to None, run_after=None
[2026-09-23T12:18:23.787+0000] {logging_mixin.py:188} INFO - [2026-09-23T12:18:23.787+0000] {dag.py:3947} INFO - Setting next_dagrun for dataset_consumes_1_and_2 to None, run_after=None
[2026-09-23T12:18:23.788+0000] {logging_mixin.py:188} INFO - [2026-09-23T12:18:23.788+0000] {dag.py:3947} INFO - Setting next_dagrun for dataset_consumes_1_never_scheduled to None, run_after=None
[2026-09-23T12:18:23.790+0000] {logging_mixin.py:188} INFO - [2026-09-23T12:18:23.790+0000] {dag.py:3947} INFO - Setting next_dagrun for dataset_consumes_unknown_never_scheduled to None, run_after=None
[2026-09-23T12:18:23.792+0000] {logging_mixin.py:188} INFO - [2026-09-23T12:18:23.792+0000] {dag.py:3947} INFO - Setting next_dagrun for dataset_produces_1 to 2026-09-22 00:00:00+00:00, run_after=2026-09-23 00:00:00+00:00
[2026-09-23T12:18:23.793+0000] {logging_mixin.py:188} INFO - [2026-09-23T12:18:23.793+0000] {dag.py:3947} INFO - Setting next_dagrun for dataset_produces_2 to None, run_after=None
[2026-09-23T12:18:23.877+0000] {processor.py:183} INFO - Processing /home/airflow/.local/lib/python3.12/site-packages/airflow/example_dags/example_datasets.py took 0.191 seconds
[2026-09-23T12:18:54.460+0000] {processor.py:161} INFO - Started process (PID=399) to work on /home/airflow/.local/lib/python3.12/site-packages/airflow/example_dags/example_datasets.py
[2026-09-23T12:18:54.461+0000] {processor.py:830} INFO - Processing file /home/airflow/.local/lib/python3.12/site-packages/airflow/example_dags/example_datasets.py for tasks to queue
[2026-09-23T12:18:54.463+0000] {logging_mixin.py:188} INFO - [2026-09-23T12:18:54.462+0000] {dagbag.py:545} INFO - Filling up the DagBag from /home/airflow/.local/lib/python3.12/site-packages/airflow/example_dags/example_datasets.py
[2026-09-23T12:18:54.475+0000] {processor.py:840} INFO - DAG(s) 'consume_1_and_2_with_dataset_expressions', 'consume_1_or_both_2_and_3_with_dataset_expressions', 'consume_1_or_2_with_dataset_expressions', 'conditional_dataset_and_time_based_timetable', 'dataset_consumes_1_never_scheduled', 'dataset_consumes_unknown_never_scheduled', 'dataset_produces_2', 'dataset_produces_1', 'dataset_consumes_1_and_2', 'dataset_consumes_1' retrieved from /home/airflow/.local/lib/python3.12/site-packages/airflow/example_dags/example_datasets.py
[2026-09-23T12:18:54.522+0000] {logging_mixin.py:188} INFO - [2026-09-23T12:18:54.521+0000] {dag.py:3089} INFO - Sync 10 DAGs
[2026-09-23T12:18:54.545+0000] {logging_mixin.py:188} INFO - [2026-09-23T12:18:54.544+0000] {dag.py:3947} INFO - Setting next_dagrun for conditional_dataset_and_time_based_timetable to 2026-09-23 01:00:00+00:00, run_after=2026-09-23 01:00:00+00:00
[2026-09-23T12:18:54.549+0000] {logging_mixin.py:188} INFO - [2026-09-23T12:18:54.549+0000] {dag.py:3947} INFO - Setting next_dagrun for consume_1_and_2_with_dataset_expressions to None, run_after=None
[2026-09-23T12:18:54.551+0000] {logging_mixin.py:188} INFO - [2026-09-23T12:18:54.551+0000] {dag.py:3947} INFO - Setting next_dagrun for consume_1_or_2_with_dataset_expressions to None, run_after=None
[2026-09-23T12:18:54.552+0000] {logging_mixin.py:188} INFO - [2026-09-23T12:18:54.552+0000] {dag.py:3947} INFO - Setting next_dagrun for consume_1_or_both_2_and_3_with_dataset_expressions to None, run_after=None
[2026-09-23T12:18:54.553+0000] {logging_mixin.py:188} INFO - [2026-09-23T12:18:54.553+0000] {dag.py:3947} INFO - Setting next_dagrun for dataset_consumes_1 to None, run_after=None
[2026-09-23T12:18:54.555+0000] {logging_mixin.py:188} INFO - [2026-09-23T12:18:54.554+0000] {dag.py:3947} INFO - Setting next_dagrun for dataset_consumes_1_and_2 to None, run_after=None
[2026-09-23T12:18:54.556+0000] {logging_mixin.py:188} INFO - [2026-09-23T12:18:54.556+0000] {dag.py:3947} INFO - Setting next_dagrun for dataset_consumes_1_never_scheduled to None, run_after=None
[2026-09-23T12:18:54.557+0000] {logging_mixin.py:188} INFO - [2026-09-23T12:18:54.557+0000] {dag.py:3947} INFO - Setting next_dagrun for dataset_consumes_unknown_never_scheduled to None, run_after=None
[2026-09-23T12:18:54.559+0000] {logging_mixin.py:188} INFO - [2026-09-23T12:18:54.559+0000] {dag.py:3947} INFO - Setting next_dagrun for dataset_produces_1 to 2026-09-22 00:00:00+00:00, run_after=2026-09-23 00:00:00+00:00
[2026-09-23T12:18:54.560+0000] {logging_mixin.py:188} INFO - [2026-09-23T12:18:54.560+0000] {dag.py:3947} INFO - Setting next_dagrun for dataset_produces_2 to None, run_after=None
[2026-09-23T12:18:54.656+0000] {processor.py:183} INFO - Processing /home/airflow/.local/lib/python3.12/site-packages/airflow/example_dags/example_datasets.py took 0.202 seconds
[2026-09-23T12:19:25.084+0000] {processor.py:161} INFO - Started process (PID=477) to work on /home/airflow/.local/lib/python3.12/site-packages/airflow/example_dags/example_datasets.py
[2026-09-23T12:19:25.086+0000] {processor.py:830} INFO - Processing file /home/airflow/.local/lib/python3.12/site-packages/airflow/example_dags/example_datasets.py for tasks to queue
[2026-09-23T12:19:25.088+0000] {logging_mixin.py:188} INFO - [2026-09-23T12:19:25.088+0000] {dagbag.py:545} INFO - Filling up the DagBag from /home/airflow/.local/lib/python3.12/site-packages/airflow/example_dags/example_datasets.py
[2026-09-23T12:19:25.100+0000] {processor.py:840} INFO - DAG(s) 'dataset_produces_2', 'dataset_consumes_unknown_never_scheduled', 'dataset_consumes_1_and_2', 'consume_1_or_2_with_dataset_expressions', 'dataset_consumes_1_never_scheduled', 'consume_1_and_2_with_dataset_expressions', 'dataset_produces_1', 'consume_1_or_both_2_and_3_with_dataset_expressions', 'dataset_consumes_1', 'conditional_dataset_and_time_based_timetable' retrieved from /home/airflow/.local/lib/python3.12/site-packages/airflow/example_dags/example_datasets.py
[2026-09-23T12:19:25.147+0000] {logging_mixin.py:188} INFO - [2026-09-23T12:19:25.146+0000] {dag.py:3089} INFO - Sync 10 DAGs
[2026-09-23T12:19:25.166+0000] {logging_mixin.py:188} INFO - [2026-09-23T12:19:25.166+0000] {dag.py:3947} INFO - Setting next_dagrun for conditional_dataset_and_time_based_timetable to 2026-09-23 01:00:00+00:00, run_after=2026-09-23 01:00:00+00:00
[2026-09-23T12:19:25.170+0000] {logging_mixin.py:188} INFO - [2026-09-23T12:19:25.170+0000] {dag.py:3947} INFO - Setting next_dagrun for consume_1_and_2_with_dataset_expressions to None, run_after=None
[2026-09-23T12:19:25.171+0000] {logging_mixin.py:188} INFO - [2026-09-23T12:19:25.171+0000] {dag.py:3947} INFO - Setting next_dagrun for consume_1_or_2_with_dataset_expressions to None, run_after=None
[2026-09-23T12:19:25.172+0000] {logging_mixin.py:188} INFO - [2026-09-23T12:19:25.172+0000] {dag.py:3947} INFO - Setting next_dagrun for consume_1_or_both_2_and_3_with_dataset_expressions to None, run_after=None
[2026-09-23T12:19:25.173+0000] {logging_mixin.py:188} INFO - [2026-09-23T12:19:25.173+0000] {dag.py:3947} INFO - Setting next_dagrun for dataset_consumes_1 to None, run_after=None
[2026-09-23T12:19:25.174+0000] {logging_mixin.py:188} INFO - [2026-09-23T12:19:25.174+0000] {dag.py:3947} INFO - Setting next_dagrun for dataset_consumes_1_and_2 to None, run_after=None
[2026-09-23T12:19:25.175+0000] {logging_mixin.py:188} INFO - [2026-09-23T12:19:25.175+0000] {dag.py:3947} INFO - Setting next_dagrun for dataset_consumes_1_never_scheduled to None, run_after=None
[2026-09-23T12:19:25.177+0000] {logging_mixin.py:188} INFO - [2026-09-23T12:19:25.177+0000] {dag.py:3947} INFO - Setting next_dagrun for dataset_consumes_unknown_never_scheduled to None, run_after=None
[2026-09-23T12:19:25.181+0000] {logging_mixin.py:188} INFO - [2026-09-23T12:19:25.180+0000] {dag.py:3947} INFO - Setting next_dagrun for dataset_produces_1 to 2026-09-22 00:00:00+00:00, run_after=2026-09-23 00:00:00+00:00
[2026-09-23T12:19:25.182+0000] {logging_mixin.py:188} INFO - [2026-09-23T12:19:25.181+0000] {dag.py:3947} INFO - Setting next_dagrun for dataset_produces_2 to None, run_after=None
[2026-09-23T12:19:25.263+0000] {processor.py:183} INFO - Processing /home/airflow/.local/lib/python3.12/site-packages/airflow/example_dags/example_datasets.py took 0.186 seconds
[2026-09-23T12:19:55.960+0000] {processor.py:161} INFO - Started process (PID=535) to work on /home/airflow/.local/lib/python3.12/site-packages/airflow/example_dags/example_datasets.py
[2026-09-23T12:19:55.961+0000] {processor.py:830} INFO - Processing file /home/airflow/.local/lib/python3.12/site-packages/airflow/example_dags/example_datasets.py for tasks to queue
[2026-09-23T12:19:55.963+0000] {logging_mixin.py:188} INFO - [2026-09-23T12:19:55.963+0000] {dagbag.py:545} INFO - Filling up the DagBag from /home/airflow/.local/lib/python3.12/site-packages/airflow/example_dags/example_datasets.py
[2026-09-23T12:19:55.974+0000] {processor.py:840} INFO - DAG(s) 'dataset_produces_2', 'conditional_dataset_and_time_based_timetable', 'dataset_consumes_1_never_scheduled', 'dataset_consumes_1', 'dataset_consumes_unknown_never_scheduled', 'dataset_produces_1', 'dataset_consumes_1_and_2', 'consume_1_or_both_2_and_3_with_dataset_expressions', 'consume_1_or_2_with_dataset_expressions', 'consume_1_and_2_with_dataset_expressions' retrieved from /home/airflow/.local/lib/python3.12/site-packages/airflow/example_dags/example_datasets.py
[2026-09-23T12:19:56.011+0000] {logging_mixin.py:188} INFO - [2026-09-23T12:19:56.010+0000] {dag.py:3089} INFO - Sync 10 DAGs
[2026-09-23T12:19:56.031+0000] {logging_mixin.py:188} INFO - [2026-09-23T12:19:56.031+0000] {dag.py:3947} INFO - Setting next_dagrun for conditional_dataset_and_time_based_timetable to 2026-09-23 01:00:00+00:00, run_after=2026-09-23 01:00:00+00:00
[2026-09-23T12:19:56.035+0000] {logging_mixin.py:188} INFO - [2026-09-23T12:19:56.035+0000] {dag.py:3947} INFO - Setting next_dagrun for consume_1_and_2_with_dataset_expressions to None, run_after=None
[2026-09-23T12:19:56.036+0000] {logging_mixin.py:188} INFO - [2026-09-23T12:19:56.036+0000] {dag.py:3947} INFO - Setting next_dagrun for consume_1_or_2_with_dataset_expressions to None, run_after=None
[2026-09-23T12:19:56.038+0000] {logging_mixin.py:188} INFO - [2026-09-23T12:19:56.037+0000] {dag.py:3947} INFO - Setting next_dagrun for consume_1_or_both_2_and_3_with_dataset_expressions to None, run_after=None
[2026-09-23T12:19:56.039+0000] {logging_mixin.py:188} INFO - [2026-09-23T12:19:56.039+0000] {dag.py:3947} INFO - Setting next_dagrun for dataset_consumes_1 to None, run_after=None
[2026-09-23T12:19:56.040+0000] {logging_mixin.py:188} INFO - [2026-09-23T12:19:56.040+0000] {dag.py:3947} INFO - Setting next_dagrun for dataset_consumes_1_and_2 to None, run_after=None
[2026-09-23T12:19:56.041+0000] {logging_mixin.py:188} INFO - [2026-09-23T12:19:56.041+0000] {dag.py:3947} INFO - Setting next_dagrun for dataset_consumes_1_never_scheduled to None, run_after=None
[2026-09-23T12:19:56.043+0000] {logging_mixin.py:188} INFO - [2026-09-23T12:19:56.042+0000] {dag.py:3947} INFO - Setting next_dagrun for dataset_consumes_unknown_never_scheduled to None, run_after=None
[2026-09-23T12:19:56.044+0000] {logging_mixin.py:188} INFO - [2026-09-23T12:19:56.044+0000] {dag.py:3947} INFO - Setting next_dagrun for dataset_produces_1 to 2026-09-22 00:00:00+00:00, run_after=2026-09-23 00:00:00+00:00
[2026-09-23T12:19:56.046+0000] {logging_mixin.py:188} INFO - [2026-09-23T12:19:56.046+0000] {dag.py:3947} INFO - Setting next_dagrun for dataset_produces_2 to None, run_after=None
[2026-09-23T12:19:56.079+0000] {processor.py:183} INFO - Processing /home/airflow/.local/lib/python3.12/site-packages/airflow/example_dags/example_datasets.py took 0.125 seconds
[2026-09-23T12:20:26.646+0000] {processor.py:161} INFO - Started process (PID=593) to work on /home/airflow/.local/lib/python3.12/site-packages/airflow/example_dags/example_datasets.py
[2026-09-23T12:20:26.648+0000] {processor.py:830} INFO - Processing file /home/airflow/.local/lib/python3.12/site-packages/airflow/example_dags/example_datasets.py for tasks to queue
[2026-09-23T12:20:26.650+0000] {logging_mixin.py:188} INFO - [2026-09-23T12:20:26.650+0000] {dagbag.py:545} INFO - Filling up the DagBag from /home/airflow/.local/lib/python3.12/site-packages/airflow/example_dags/example_datasets.py
[2026-09-23T12:20:26.667+0000] {processor.py:840} INFO - DAG(s) 'dataset_produces_1', 'conditional_dataset_and_time_based_timetable', 'dataset_consumes_1', 'dataset_produces_2', 'consume_1_or_both_2_and_3_with_dataset_expressions', 'consume_1_and_2_with_dataset_expressions', 'dataset_consumes_1_never_scheduled', 'dataset_consumes_unknown_never_scheduled', 'dataset_consumes_1_and_2', 'consume_1_or_2_with_dataset_expressions' retrieved from /home/airflow/.local/lib/python3.12/site-packages/airflow/example_dags/example_datasets.py
[2026-09-23T12:20:26.711+0000] {logging_mixin.py:188} INFO - [2026-09-23T12:20:26.711+0000] {dag.py:3089} INFO - Sync 10 DAGs
[2026-09-23T12:20:26.734+0000] {logging_mixin.py:188} INFO - [2026-09-23T12:20:26.733+0000] {dag.py:3947} INFO - Setting next_dagrun for conditional_dataset_and_time_based_timetable to 2026-09-23 01:00:00+00:00, run_after=2026-09-23 01:00:00+00:00
[2026-09-23T12:20:26.737+0000] {logging_mixin.py:188} INFO - [2026-09-23T12:20:26.737+0000] {dag.py:3947} INFO - Setting next_dagrun for consume_1_and_2_with_dataset_expressions to None, run_after=None
[2026-09-23T12:20:26.738+0000] {logging_mixin.py:188} INFO - [2026-09-23T12:20:26.738+0000] {dag.py:3947} INFO - Setting next_dagrun for consume_1_or_2_with_dataset_expressions to None, run_after=None
[2026-09-23T12:20:26.739+0000] {logging_mixin.py:188} INFO - [2026-09-23T12:20:26.739+0000] {dag.py:3947} INFO - Setting next_dagrun for consume_1_or_both_2_and_3_with_dataset_expressions to None, run_after=None
[2026-09-23T12:20:26.740+0000] {logging_mixin.py:188} INFO - [2026-09-23T12:20:26.740+0000] {dag.py:3947} INFO - Setting next_dagrun for dataset_consumes_1 to None, run_after=None
[2026-09-23T12:20:26.741+0000] {logging_mixin.py:188} INFO - [2026-09-23T12:20:26.741+0000] {dag.py:3947} INFO - Setting next_dagrun for dataset_consumes_1_and_2 to None, run_after=None
[2026-09-23T12:20:26.743+0000] {logging_mixin.py:188} INFO - [2026-09-23T12:20:26.742+0000] {dag.py:3947} INFO - Setting next_dagrun for dataset_consumes_1_never_scheduled to None, run_after=None
[2026-09-23T12:20:26.744+0000] {logging_mixin.py:188} INFO - [2026-09-23T12:20:26.744+0000] {dag.py:3947} INFO - Setting next_dagrun for dataset_consumes_unknown_never_scheduled to None, run_after=None
[2026-09-23T12:20:26.746+0000] {logging_mixin.py:188} INFO - [2026-09-23T12:20:26.746+0000] {dag.py:3947} INFO - Setting next_dagrun for dataset_produces_1 to 2026-09-22 00:00:00+00:00, run_after=2026-09-23 00:00:00+00:00
[2026-09-23T12:20:26.748+0000] {logging_mixin.py:188} INFO - [2026-09-23T12:20:26.747+0000] {dag.py:3947} INFO - Setting next_dagrun for dataset_produces_2 to None, run_after=None
[2026-09-23T12:20:26.839+0000] {processor.py:183} INFO - Processing /home/airflow/.local/lib/python3.12/site-packages/airflow/example_dags/example_datasets.py took 0.199 seconds
[2026-09-23T12:20:57.019+0000] {processor.py:161} INFO - Started process (PID=651) to work on /home/airflow/.local/lib/python3.12/site-packages/airflow/example_dags/example_datasets.py
[2026-09-23T12:20:57.020+0000] {processor.py:830} INFO - Processing file /home/airflow/.local/lib/python3.12/site-packages/airflow/example_dags/example_datasets.py for tasks to queue
[2026-09-23T12:20:57.022+0000] {logging_mixin.py:188} INFO - [2026-09-23T12:20:57.022+0000] {dagbag.py:545} INFO - Filling up the DagBag from /home/airflow/.local/lib/python3.12/site-packages/airflow/example_dags/example_datasets.py
[2026-09-23T12:20:57.033+0000] {processor.py:840} INFO - DAG(s) 'conditional_dataset_and_time_based_timetable', 'dataset_produces_1', 'dataset_consumes_1_never_scheduled', 'dataset_consumes_1', 'consume_1_or_2_with_dataset_expressions', 'dataset_consumes_1_and_2', 'dataset_produces_2', 'consume_1_and_2_with_dataset_expressions', 'dataset_consumes_unknown_never_scheduled', 'consume_1_or_both_2_and_3_with_dataset_expressions' retrieved from /home/airflow/.local/lib/python3.12/site-packages/airflow/example_dags/example_datasets.py
[2026-09-23T12:20:57.071+0000] {logging_mixin.py:188} INFO - [2026-09-23T12:20:57.070+0000] {dag.py:3089} INFO - Sync 10 DAGs
[2026-09-23T12:20:57.091+0000] {logging_mixin.py:188} INFO - [2026-09-23T12:20:57.091+0000] {dag.py:3947} INFO - Setting next_dagrun for conditional_dataset_and_time_based_timetable to 2026-09-23 01:00:00+00:00, run_after=2026-09-23 01:00:00+00:00
[2026-09-23T12:20:57.095+0000] {logging_mixin.py:188} INFO - [2026-09-23T12:20:57.095+0000] {dag.py:3947} INFO - Setting next_dagrun for consume_1_and_2_with_dataset_expressions to None, run_after=None
[2026-09-23T12:20:57.096+0000] {logging_mixin.py:188} INFO - [2026-09-23T12:20:57.096+0000] {dag.py:3947} INFO - Setting next_dagrun for consume_1_or_2_with_dataset_expressions to None, run_after=None
[2026-09-23T12:20:57.097+0000] {logging_mixin.py:188} INFO - [2026-09-23T12:20:57.097+0000] {dag.py:3947} INFO - Setting next_dagrun for consume_1_or_both_2_and_3_with_dataset_expressions to None, run_after=None
[2026-09-23T12:20:57.098+0000] {logging_mixin.py:188} INFO - [2026-09-23T12:20:57.098+0000] {dag.py:3947} INFO - Setting next_dagrun for dataset_consumes_1 to None, run_after=None
[2026-09-23T12:20:57.099+0000] {logging_mixin.py:188} INFO - [2026-09-23T12:20:57.099+0000] {dag.py:3947} INFO - Setting next_dagrun for dataset_consumes_1_and_2 to None, run_after=None
[2026-09-23T12:20:57.100+0000] {logging_mixin.py:188} INFO - [2026-09-23T12:20:57.100+0000] {dag.py:3947} INFO - Setting next_dagrun for dataset_consumes_1_never_scheduled to None, run_after=None
[2026-09-23T12:20:57.101+0000] {logging_mixin.py:188} INFO - [2026-09-23T12:20:57.101+0000] {dag.py:3947} INFO - Setting next_dagrun for dataset_consumes_unknown_never_scheduled to None, run_after=None
[2026-09-23T12:20:57.103+0000] {logging_mixin.py:188} INFO - [2026-09-23T12:20:57.103+0000] {dag.py:3947} INFO - Setting next_dagrun for dataset_produces_1 to 2026-09-22 00:00:00+00:00, run_after=2026-09-23 00:00:00+00:00
[2026-09-23T12:20:57.104+0000] {logging_mixin.py:188} INFO - [2026-09-23T12:20:57.104+0000] {dag.py:3947} INFO - Setting next_dagrun for dataset_produces_2 to None, run_after=None
[2026-09-23T12:20:57.193+0000] {processor.py:183} INFO - Processing /home/airflow/.local/lib/python3.12/site-packages/airflow/example_dags/example_datasets.py took 0.179 seconds
[2026-09-23T12:21:28.217+0000] {processor.py:161} INFO - Started process (PID=709) to work on /home/airflow/.local/lib/python3.12/site-packages/airflow/example_dags/example_datasets.py
[2026-09-23T12:21:28.218+0000] {processor.py:830} INFO - Processing file /home/airflow/.local/lib/python3.12/site-packages/airflow/example_dags/example_datasets.py for tasks to queue
[2026-09-23T12:21:28.222+0000] {logging_mixin.py:188} INFO - [2026-09-23T12:21:28.222+0000] {dagbag.py:545} INFO - Filling up the DagBag from /home/airflow/.local/lib/python3.12/site-packages/airflow/example_dags/example_datasets.py
[2026-09-23T12:21:28.249+0000] {processor.py:840} INFO - DAG(s) 'dataset_consumes_1', 'conditional_dataset_and_time_based_timetable', 'dataset_produces_1', 'consume_1_or_2_with_dataset_expressions', 'consume_1_or_both_2_and_3_with_dataset_expressions', 'dataset_consumes_unknown_never_scheduled', 'dataset_consumes_1_and_2', 'dataset_produces_2', 'consume_1_and_2_with_dataset_expressions', 'dataset_consumes_1_never_scheduled' retrieved from /home/airflow/.local/lib/python3.12/site-packages/airflow/example_dags/example_datasets.py
[2026-09-23T12:21:28.325+0000] {logging_mixin.py:188} INFO - [2026-09-23T12:21:28.325+0000] {dag.py:3089} INFO - Sync 10 DAGs
[2026-09-23T12:21:28.358+0000] {logging_mixin.py:188} INFO - [2026-09-23T12:21:28.358+0000] {dag.py:3947} INFO - Setting next_dagrun for conditional_dataset_and_time_based_timetable to 2026-09-23 01:00:00+00:00, run_after=2026-09-23 01:00:00+00:00
[2026-09-23T12:21:28.364+0000] {logging_mixin.py:188} INFO - [2026-09-23T12:21:28.364+0000] {dag.py:3947} INFO - Setting next_dagrun for consume_1_and_2_with_dataset_expressions to None, run_after=None
[2026-09-23T12:21:28.366+0000] {logging_mixin.py:188} INFO - [2026-09-23T12:21:28.366+0000] {dag.py:3947} INFO - Setting next_dagrun for consume_1_or_2_with_dataset_expressions to None, run_after=None
[2026-09-23T12:21:28.368+0000] {logging_mixin.py:188} INFO - [2026-09-23T12:21:28.368+0000] {dag.py:3947} INFO - Setting next_dagrun for consume_1_or_both_2_and_3_with_dataset_expressions to None, run_after=None
[2026-09-23T12:21:28.370+0000] {logging_mixin.py:188} INFO - [2026-09-23T12:21:28.369+0000] {dag.py:3947} INFO - Setting next_dagrun for dataset_consumes_1 to None, run_after=None
[2026-09-23T12:21:28.372+0000] {logging_mixin.py:188} INFO - [2026-09-23T12:21:28.371+0000] {dag.py:3947} INFO - Setting next_dagrun for dataset_consumes_1_and_2 to None, run_after=None
[2026-09-23T12:21:28.374+0000] {logging_mixin.py:188} INFO - [2026-09-23T12:21:28.373+0000] {dag.py:3947} INFO - Setting next_dagrun for dataset_consumes_1_never_scheduled to None, run_after=None
[2026-09-23T12:21:28.376+0000] {logging_mixin.py:188} INFO - [2026-09-23T12:21:28.376+0000] {dag.py:3947} INFO - Setting next_dagrun for dataset_consumes_unknown_never_scheduled to None, run_after=None
[2026-09-23T12:21:28.379+0000] {logging_mixin.py:188} INFO - [2026-09-23T12:21:28.379+0000] {dag.py:3947} INFO - Setting next_dagrun for dataset_produces_1 to 2026-09-22 00:00:00+00:00, run_after=2026-09-23 00:00:00+00:00
[2026-09-23T12:21:28.381+0000] {logging_mixin.py:188} INFO - [2026-09-23T12:21:28.381+0000] {dag.py:3947} INFO - Setting next_dagrun for dataset_produces_2 to None, run_after=None
[2026-09-23T12:21:28.430+0000] {processor.py:183} INFO - Processing /home/airflow/.local/lib/python3.12/site-packages/airflow/example_dags/example_datasets.py took 0.220 seconds
[2026-09-23T12:21:58.894+0000] {processor.py:161} INFO - Started process (PID=767) to work on /home/airflow/.local/lib/python3.12/site-packages/airflow/example_dags/example_datasets.py
[2026-09-23T12:21:58.895+0000] {processor.py:830} INFO - Processing file /home/airflow/.local/lib/python3.12/site-packages/airflow/example_dags/example_datasets.py for tasks to queue
[2026-09-23T12:21:58.898+0000] {logging_mixin.py:188} INFO - [2026-09-23T12:21:58.897+0000] {dagbag.py:545} INFO - Filling up the DagBag from /home/airflow/.local/lib/python3.12/site-packages/airflow/example_dags/example_datasets.py
[2026-09-23T12:21:58.912+0000] {processor.py:840} INFO - DAG(s) 'consume_1_or_2_with_dataset_expressions', 'dataset_consumes_unknown_never_scheduled', 'dataset_consumes_1', 'dataset_consumes_1_and_2', 'dataset_produces_2', 'dataset_produces_1', 'consume_1_or_both_2_and_3_with_dataset_expressions', 'conditional_dataset_and_time_based_timetable', 'dataset_consumes_1_never_scheduled', 'consume_1_and_2_with_dataset_expressions' retrieved from /home/airflow/.local/lib/python3.12/site-packages/airflow/example_dags/example_datasets.py
[2026-09-23T12:21:58.958+0000] {logging_mixin.py:188} INFO - [2026-09-23T12:21:58.958+0000] {dag.py:3089} INFO - Sync 10 DAGs
[2026-09-23T12:21:58.981+0000] {logging_mixin.py:188} INFO - [2026-09-23T12:21:58.981+0000] {dag.py:3947} INFO - Setting next_dagrun for conditional_dataset_and_time_based_timetable to 2026-09-23 01:00:00+00:00, run_after=2026-09-23 01:00:00+00:00
[2026-09-23T12:21:58.985+0000] {logging_mixin.py:188} INFO - [2026-09-23T12:21:58.985+0000] {dag.py:3947} INFO - Setting next_dagrun for consume_1_and_2_with_dataset_expressions to None, run_after=None
[2026-09-23T12:21:58.987+0000] {logging_mixin.py:188} INFO - [2026-09-23T12:21:58.986+0000] {dag.py:3947} INFO - Setting next_dagrun for consume_1_or_2_with_dataset_expressions to None, run_after=None
[2026-09-23T12:21:58.988+0000] {logging_mixin.py:188} INFO - [2026-09-23T12:21:58.988+0000] {dag.py:3947} INFO - Setting next_dagrun for consume_1_or_both_2_and_3_with_dataset_expressions to None, run_after=None
[2026-09-23T12:21:58.989+0000] {logging_mixin.py:188} INFO - [2026-09-23T12:21:58.989+0000] {dag.py:3947} INFO - Setting next_dagrun for dataset_consumes_1 to None, run_after=None
[2026-09-23T12:21:58.991+0000] {logging_mixin.py:188} INFO - [2026-09-23T12:21:58.990+0000] {dag.py:3947} INFO - Setting next_dagrun for dataset_consumes_1_and_2 to None, run_after=None
[2026-09-23T12:21:58.992+0000] {logging_mixin.py:188} INFO - [2026-09-23T12:21:58.992+0000] {dag.py:3947} INFO - Setting next_dagrun for dataset_consumes_1_never_scheduled to None, run_after=None
[2026-09-23T12:21:58.993+0000] {logging_mixin.py:188} INFO - [2026-09-23T12:21:58.993+0000] {dag.py:3947} INFO - Setting next_dagrun for dataset_consumes_unknown_never_scheduled to None, run_after=None
[2026-09-23T12:21:58.996+0000] {logging_mixin.py:188} INFO - [2026-09-23T12:21:58.996+0000] {dag.py:3947} INFO - Setting next_dagrun for dataset_produces_1 to 2026-09-22 00:00:00+00:00, run_after=2026-09-23 00:00:00+00:00
[2026-09-23T12:21:58.998+0000] {logging_mixin.py:188} INFO - [2026-09-23T12:21:58.998+0000] {dag.py:3947} INFO - Setting next_dagrun for dataset_produces_2 to None, run_after=None
[2026-09-23T12:21:59.036+0000] {processor.py:183} INFO - Processing /home/airflow/.local/lib/python3.12/site-packages/airflow/example_dags/example_datasets.py took 0.149 seconds
[2026-09-23T12:22:29.111+0000] {processor.py:161} INFO - Started process (PID=825) to work on /home/airflow/.local/lib/python3.12/site-packages/airflow/example_dags/example_datasets.py
[2026-09-23T12:22:29.113+0000] {processor.py:830} INFO - Processing file /home/airflow/.local/lib/python3.12/site-packages/airflow/example_dags/example_datasets.py for tasks to queue
[2026-09-23T12:22:29.116+0000] {logging_mixin.py:188} INFO - [2026-09-23T12:22:29.115+0000] {dagbag.py:545} INFO - Filling up the DagBag from /home/airflow/.local/lib/python3.12/site-packages/airflow/example_dags/example_datasets.py
[2026-09-23T12:22:29.128+0000] {processor.py:840} INFO - DAG(s) 'dataset_produces_1', 'dataset_consumes_1_and_2', 'dataset_produces_2', 'consume_1_or_2_with_dataset_expressions', 'consume_1_or_both_2_and_3_with_dataset_expressions', 'dataset_consumes_1', 'dataset_consumes_1_never_scheduled', 'conditional_dataset_and_time_based_timetable', 'dataset_consumes_unknown_never_scheduled', 'consume_1_and_2_with_dataset_expressions' retrieved from /home/airflow/.local/lib/python3.12/site-packages/airflow/example_dags/example_datasets.py
[2026-09-23T12:22:29.178+0000] {logging_mixin.py:188} INFO - [2026-09-23T12:22:29.177+0000] {dag.py:3089} INFO - Sync 10 DAGs
[2026-09-23T12:22:29.204+0000] {logging_mixin.py:188} INFO - [2026-09-23T12:22:29.203+0000] {dag.py:3947} INFO - Setting next_dagrun for conditional_dataset_and_time_based_timetable to 2026-09-23 01:00:00+00:00, run_after=2026-09-23 01:00:00+00:00
[2026-09-23T12:22:29.207+0000] {logging_mixin.py:188} INFO - [2026-09-23T12:22:29.207+0000] {dag.py:3947} INFO - Setting next_dagrun for consume_1_and_2_with_dataset_expressions to None, run_after=None
[2026-09-23T12:22:29.209+0000] {logging_mixin.py:188} INFO - [2026-09-23T12:22:29.209+0000] {dag.py:3947} INFO - Setting next_dagrun for consume_1_or_2_with_dataset_expressions to None, run_after=None
[2026-09-23T12:22:29.210+0000] {logging_mixin.py:188} INFO - [2026-09-23T12:22:29.210+0000] {dag.py:3947} INFO - Setting next_dagrun for consume_1_or_both_2_and_3_with_dataset_expressions to None, run_after=None
[2026-09-23T12:22:29.211+0000] {logging_mixin.py:188} INFO - [2026-09-23T12:22:29.211+0000] {dag.py:3947} INFO - Setting next_dagrun for dataset_consumes_1 to None, run_after=None
[2026-09-23T12:22:29.214+0000] {logging_mixin.py:188} INFO - [2026-09-23T12:22:29.213+0000] {dag.py:3947} INFO - Setting next_dagrun for dataset_consumes_1_and_2 to None, run_after=None
[2026-09-23T12:22:29.216+0000] {logging_mixin.py:188} INFO - [2026-09-23T12:22:29.216+0000] {dag.py:3947} INFO - Setting next_dagrun for dataset_consumes_1_never_scheduled to None, run_after=None
[2026-09-23T12:22:29.218+0000] {logging_mixin.py:188} INFO - [2026-09-23T12:22:29.217+0000] {dag.py:3947} INFO - Setting next_dagrun for dataset_consumes_unknown_never_scheduled to None, run_after=None
[2026-09-23T12:22:29.220+0000] {logging_mixin.py:188} INFO - [2026-09-23T12:22:29.220+0000] {dag.py:3947} INFO - Setting next_dagrun for dataset_produces_1 to 2026-09-22 00:00:00+00:00, run_after=2026-09-23 00:00:00+00:00
[2026-09-23T12:22:29.221+0000] {logging_mixin.py:188} INFO - [2026-09-23T12:22:29.221+0000] {dag.py:3947} INFO - Setting next_dagrun for dataset_produces_2 to None, run_after=None
[2026-09-23T12:22:29.255+0000] {processor.py:183} INFO - Processing /home/airflow/.local/lib/python3.12/site-packages/airflow/example_dags/example_datasets.py took 0.150 seconds
[2026-09-23T12:24:04.581+0000] {processor.py:161} INFO - Started process (PID=112) to work on /home/airflow/.local/lib/python3.12/site-packages/airflow/example_dags/example_datasets.py
[2026-09-23T12:24:04.583+0000] {processor.py:830} INFO - Processing file /home/airflow/.local/lib/python3.12/site-packages/airflow/example_dags/example_datasets.py for tasks to queue
[2026-09-23T12:24:04.586+0000] {logging_mixin.py:188} INFO - [2026-09-23T12:24:04.585+0000] {dagbag.py:545} INFO - Filling up the DagBag from /home/airflow/.local/lib/python3.12/site-packages/airflow/example_dags/example_datasets.py
[2026-09-23T12:24:04.611+0000] {processor.py:840} INFO - DAG(s) 'dataset_consumes_1', 'consume_1_and_2_with_dataset_expressions', 'dataset_consumes_1_and_2', 'dataset_consumes_unknown_never_scheduled', 'dataset_produces_2', 'dataset_consumes_1_never_scheduled', 'conditional_dataset_and_time_based_timetable', 'dataset_produces_1', 'consume_1_or_2_with_dataset_expressions', 'consume_1_or_both_2_and_3_with_dataset_expressions' retrieved from /home/airflow/.local/lib/python3.12/site-packages/airflow/example_dags/example_datasets.py
[2026-09-23T12:24:04.833+0000] {logging_mixin.py:188} INFO - [2026-09-23T12:24:04.833+0000] {dag.py:3089} INFO - Sync 10 DAGs
[2026-09-23T12:24:04.857+0000] {logging_mixin.py:188} INFO - [2026-09-23T12:24:04.857+0000] {dag.py:3947} INFO - Setting next_dagrun for conditional_dataset_and_time_based_timetable to 2026-09-23 01:00:00+00:00, run_after=2026-09-23 01:00:00+00:00
[2026-09-23T12:24:04.861+0000] {logging_mixin.py:188} INFO - [2026-09-23T12:24:04.861+0000] {dag.py:3947} INFO - Setting next_dagrun for consume_1_and_2_with_dataset_expressions to None, run_after=None
[2026-09-23T12:24:04.869+0000] {logging_mixin.py:188} INFO - [2026-09-23T12:24:04.868+0000] {dag.py:3947} INFO - Setting next_dagrun for consume_1_or_2_with_dataset_expressions to None, run_after=None
[2026-09-23T12:24:04.870+0000] {logging_mixin.py:188} INFO - [2026-09-23T12:24:04.870+0000] {dag.py:3947} INFO - Setting next_dagrun for consume_1_or_both_2_and_3_with_dataset_expressions to None, run_after=None
[2026-09-23T12:24:04.872+0000] {logging_mixin.py:188} INFO - [2026-09-23T12:24:04.871+0000] {dag.py:3947} INFO - Setting next_dagrun for dataset_consumes_1 to None, run_after=None
[2026-09-23T12:24:04.873+0000] {logging_mixin.py:188} INFO - [2026-09-23T12:24:04.873+0000] {dag.py:3947} INFO - Setting next_dagrun for dataset_consumes_1_and_2 to None, run_after=None
[2026-09-23T12:24:04.874+0000] {logging_mixin.py:188} INFO - [2026-09-23T12:24:04.874+0000] {dag.py:3947} INFO - Setting next_dagrun for dataset_consumes_1_never_scheduled to None, run_after=None
[2026-09-23T12:24:04.875+0000] {logging_mixin.py:188} INFO - [2026-09-23T12:24:04.875+0000] {dag.py:3947} INFO - Setting next_dagrun for dataset_consumes_unknown_never_scheduled to None, run_after=None
[2026-09-23T12:24:04.878+0000] {logging_mixin.py:188} INFO - [2026-09-23T12:24:04.877+0000] {dag.py:3947} INFO - Setting next_dagrun for dataset_produces_1 to 2026-09-22 00:00:00+00:00, run_after=2026-09-23 00:00:00+00:00
[2026-09-23T12:24:04.879+0000] {logging_mixin.py:188} INFO - [2026-09-23T12:24:04.879+0000] {dag.py:3947} INFO - Setting next_dagrun for dataset_produces_2 to None, run_after=None
[2026-09-23T12:24:04.974+0000] {processor.py:183} INFO - Processing /home/airflow/.local/lib/python3.12/site-packages/airflow/example_dags/example_datasets.py took 0.402 seconds
[2026-09-23T12:24:35.645+0000] {processor.py:161} INFO - Started process (PID=170) to work on /home/airflow/.local/lib/python3.12/site-packages/airflow/example_dags/example_datasets.py
[2026-09-23T12:24:35.646+0000] {processor.py:830} INFO - Processing file /home/airflow/.local/lib/python3.12/site-packages/airflow/example_dags/example_datasets.py for tasks to queue
[2026-09-23T12:24:35.649+0000] {logging_mixin.py:188} INFO - [2026-09-23T12:24:35.648+0000] {dagbag.py:545} INFO - Filling up the DagBag from /home/airflow/.local/lib/python3.12/site-packages/airflow/example_dags/example_datasets.py
[2026-09-23T12:24:35.668+0000] {processor.py:840} INFO - DAG(s) 'conditional_dataset_and_time_based_timetable', 'consume_1_or_2_with_dataset_expressions', 'consume_1_and_2_with_dataset_expressions', 'dataset_consumes_1_and_2', 'dataset_produces_2', 'consume_1_or_both_2_and_3_with_dataset_expressions', 'dataset_consumes_1_never_scheduled', 'dataset_consumes_unknown_never_scheduled', 'dataset_produces_1', 'dataset_consumes_1' retrieved from /home/airflow/.local/lib/python3.12/site-packages/airflow/example_dags/example_datasets.py
[2026-09-23T12:24:35.709+0000] {logging_mixin.py:188} INFO - [2026-09-23T12:24:35.709+0000] {dag.py:3089} INFO - Sync 10 DAGs
[2026-09-23T12:24:35.733+0000] {logging_mixin.py:188} INFO - [2026-09-23T12:24:35.733+0000] {dag.py:3947} INFO - Setting next_dagrun for conditional_dataset_and_time_based_timetable to 2026-09-23 01:00:00+00:00, run_after=2026-09-23 01:00:00+00:00
[2026-09-23T12:24:35.737+0000] {logging_mixin.py:188} INFO - [2026-09-23T12:24:35.736+0000] {dag.py:3947} INFO - Setting next_dagrun for consume_1_and_2_with_dataset_expressions to None, run_after=None
[2026-09-23T12:24:35.738+0000] {logging_mixin.py:188} INFO - [2026-09-23T12:24:35.738+0000] {dag.py:3947} INFO - Setting next_dagrun for consume_1_or_2_with_dataset_expressions to None, run_after=None
[2026-09-23T12:24:35.739+0000] {logging_mixin.py:188} INFO - [2026-09-23T12:24:35.739+0000] {dag.py:3947} INFO - Setting next_dagrun for consume_1_or_both_2_and_3_with_dataset_expressions to None, run_after=None
[2026-09-23T12:24:35.740+0000] {logging_mixin.py:188} INFO - [2026-09-23T12:24:35.740+0000] {dag.py:3947} INFO - Setting next_dagrun for dataset_consumes_1 to None, run_after=None
[2026-09-23T12:24:35.741+0000] {logging_mixin.py:188} INFO - [2026-09-23T12:24:35.741+0000] {dag.py:3947} INFO - Setting next_dagrun for dataset_consumes_1_and_2 to None, run_after=None
[2026-09-23T12:24:35.742+0000] {logging_mixin.py:188} INFO - [2026-09-23T12:24:35.742+0000] {dag.py:3947} INFO - Setting next_dagrun for dataset_consumes_1_never_scheduled to None, run_after=None
[2026-09-23T12:24:35.743+0000] {logging_mixin.py:188} INFO - [2026-09-23T12:24:35.743+0000] {dag.py:3947} INFO - Setting next_dagrun for dataset_consumes_unknown_never_scheduled to None, run_after=None
[2026-09-23T12:24:35.746+0000] {logging_mixin.py:188} INFO - [2026-09-23T12:24:35.746+0000] {dag.py:3947} INFO - Setting next_dagrun for dataset_produces_1 to 2026-09-22 00:00:00+00:00, run_after=2026-09-23 00:00:00+00:00
[2026-09-23T12:24:35.747+0000] {logging_mixin.py:188} INFO - [2026-09-23T12:24:35.747+0000] {dag.py:3947} INFO - Setting next_dagrun for dataset_produces_2 to None, run_after=None
[2026-09-23T12:24:35.780+0000] {processor.py:183} INFO - Processing /home/airflow/.local/lib/python3.12/site-packages/airflow/example_dags/example_datasets.py took 0.141 seconds
