[2026-09-23T12:16:16.692+0000] {processor.py:161} INFO - Started process (PID=88) to work on /home/airflow/.local/lib/python3.12/site-packages/airflow/example_dags/example_python_decorator.py
[2026-09-23T12:16:16.693+0000] {processor.py:830} INFO - Processing file /home/airflow/.local/lib/python3.12/site-packages/airflow/example_dags/example_python_decorator.py for tasks to queue
[2026-09-23T12:16:16.695+0000] {logging_mixin.py:188} INFO - [2026-09-23T12:16:16.694+0000] {dagbag.py:545} INFO - Filling up the DagBag from /home/airflow/.local/lib/python3.12/site-packages/airflow/example_dags/example_python_decorator.py
[2026-09-23T12:16:16.717+0000] {processor.py:840} INFO - DAG(s) 'example_python_decorator' retrieved from /home/airflow/.local/lib/python3.12/site-packages/airflow/example_dags/example_python_decorator.py
[2026-09-23T12:16:16.916+0000] {logging_mixin.py:188} INFO - [2026-09-23T12:16:16.916+0000] {dag.py:3089} INFO - Sync 1 DAGs
[2026-09-23T12:16:16.931+0000] {logging_mixin.py:188} INFO - [2026-09-23T12:16:16.931+0000] {dag.py:3947} INFO - Setting next_dagrun for example_python_decorator to None, run_after=None
[2026-09-23T12:16:16.964+0000] {processor.py:183} INFO - Processing /home/airflow/.local/lib/python3.12/site-packages/airflow/example_dags/example_python_decorator.py took 0.278 seconds
[2026-09-23T12:16:47.168+0000] {processor.py:161} INFO - Started process (PID=146) to work on /home/airflow/.local/lib/python3.12/site-packages/airflow/example_dags/example_python_decorator.py
[2026-09-23T12:16:47.170+0000] {processor.py:830} INFO - Processing file /home/airflow/.local/lib/python3.12/site-packages/airflow/example_dags/example_python_decorator.py for tasks to queue
[2026-09-23T12:16:47.172+0000] {logging_mixin.py:188} INFO - [2026-09-23T12:16:47.172+0000] {dagbag.py:545} INFO - Filling up the DagBag from /home/airflow/.local/lib/python3.12/site-packages/airflow/example_dags/example_python_decorator.py
[2026-09-23T12:16:47.191+0000] {processor.py:840} INFO - DAG(s) 'example_python_decorator' retrieved from /home/airflow/.local/lib/python3.12/site-packages/airflow/example_dags/example_python_decorator.py
[2026-09-23T12:16:47.221+0000] {logging_mixin.py:188} INFO - [2026-09-23T12:16:47.221+0000] {dag.py:3089} INFO - Sync 1 DAGs
[2026-09-23T12:16:47.238+0000] {logging_mixin.py:188} INFO - [2026-09-23T12:16:47.238+0000] {dag.py:3947} INFO - Setting next_dagrun for example_python_decorator to None, run_after=None
[2026-09-23T12:16:47.313+0000] {processor.py:183} INFO - Processing /home/airflow/.local/lib/python3.12/site-packages/airflow/example_dags/example_python_decorator.py took 0.153 seconds
[2026-09-23T12:17:17.824+0000] {processor.py:161} INFO - Started process (PID=204) to work on /home/airflow/.local/lib/python3.12/site-packages/airflow/example_dags/example_python_decorator.py
[2026-09-23T12:17:17.825+0000] {processor.py:830} INFO - Processing file /home/airflow/.local/lib/python3.12/site-packages/airflow/example_dags/example_python_decorator.py for tasks to queue
[2026-09-23T12:17:17.827+0000] {logging_mixin.py:188} INFO - [2026-09-23T12:17:17.827+0000] {dagbag.py:545} INFO - Filling up the DagBag from /home/airflow/.local/lib/python3.12/site-packages/airflow/example_dags/example_python_decorator.py
[2026-09-23T12:17:17.843+0000] {processor.py:840} INFO - DAG(s) 'example_python_decorator' retrieved from /home/airflow/.local/lib/python3.12/site-packages/airflow/example_dags/example_python_decorator.py
[2026-09-23T12:17:17.866+0000] {logging_mixin.py:188} INFO - [2026-09-23T12:17:17.866+0000] {dag.py:3089} INFO - Sync 1 DAGs
[2026-09-23T12:17:17.880+0000] {logging_mixin.py:188} INFO - [2026-09-23T12:17:17.880+0000] {dag.py:3947} INFO - Setting next_dagrun for example_python_decorator to None, run_after=None
[2026-09-23T12:17:17.907+0000] {processor.py:183} INFO - Processing /home/airflow/.local/lib/python3.12/site-packages/airflow/example_dags/example_python_decorator.py took 0.090 seconds
[2026-09-23T12:17:48.450+0000] {processor.py:161} INFO - Started process (PID=262) to work on /home/airflow/.local/lib/python3.12/site-packages/airflow/example_dags/example_python_decorator.py
[2026-09-23T12:17:48.451+0000] {processor.py:830} INFO - Processing file /home/airflow/.local/lib/python3.12/site-packages/airflow/example_dags/example_python_decorator.py for tasks to queue
[2026-09-23T12:17:48.454+0000] {logging_mixin.py:188} INFO - [2026-09-23T12:17:48.453+0000] {dagbag.py:545} INFO - Filling up the DagBag from /home/airflow/.local/lib/python3.12/site-packages/airflow/example_dags/example_python_decorator.py
[2026-09-23T12:17:48.468+0000] {processor.py:840} INFO - DAG(s) 'example_python_decorator' retrieved from /home/airflow/.local/lib/python3.12/site-packages/airflow/example_dags/example_python_decorator.py
[2026-09-23T12:17:48.490+0000] {logging_mixin.py:188} INFO - [2026-09-23T12:17:48.490+0000] {dag.py:3089} INFO - Sync 1 DAGs
[2026-09-23T12:17:48.508+0000] {logging_mixin.py:188} INFO - [2026-09-23T12:17:48.508+0000] {dag.py:3947} INFO - Setting next_dagrun for example_python_decorator to None, run_after=None
[2026-09-23T12:17:48.545+0000] {processor.py:183} INFO - Processing /home/airflow/.local/lib/python3.12/site-packages/airflow/example_dags/example_python_decorator.py took 0.109 seconds
[2026-09-23T12:18:19.054+0000] {processor.py:161} INFO - Started process (PID=320) to work on /home/airflow/.local/lib/python3.12/site-packages/airflow/example_dags/example_python_decorator.py
[2026-09-23T12:18:19.055+0000] {processor.py:830} INFO - Processing file /home/airflow/.local/lib/python3.12/site-packages/airflow/example_dags/example_python_decorator.py for tasks to queue
[2026-09-23T12:18:19.058+0000] {logging_mixin.py:188} INFO - [2026-09-23T12:18:19.058+0000] {dagbag.py:545} INFO - Filling up the DagBag from /home/airflow/.local/lib/python3.12/site-packages/airflow/example_dags/example_python_decorator.py
[2026-09-23T12:18:19.078+0000] {processor.py:840} INFO - DAG(s) 'example_python_decorator' retrieved from /home/airflow/.local/lib/python3.12/site-packages/airflow/example_dags/example_python_decorator.py
[2026-09-23T12:18:19.109+0000] {logging_mixin.py:188} INFO - [2026-09-23T12:18:19.109+0000] {dag.py:3089} INFO - Sync 1 DAGs
[2026-09-23T12:18:19.123+0000] {logging_mixin.py:188} INFO - [2026-09-23T12:18:19.122+0000] {dag.py:3947} INFO - Setting next_dagrun for example_python_decorator to None, run_after=None
[2026-09-23T12:18:19.147+0000] {processor.py:183} INFO - Processing /home/airflow/.local/lib/python3.12/site-packages/airflow/example_dags/example_python_decorator.py took 0.106 seconds
[2026-09-23T12:18:49.862+0000] {processor.py:161} INFO - Started process (PID=378) to work on /home/airflow/.local/lib/python3.12/site-packages/airflow/example_dags/example_python_decorator.py
[2026-09-23T12:18:49.863+0000] {processor.py:830} INFO - Processing file /home/airflow/.local/lib/python3.12/site-packages/airflow/example_dags/example_python_decorator.py for tasks to queue
[2026-09-23T12:18:49.865+0000] {logging_mixin.py:188} INFO - [2026-09-23T12:18:49.865+0000] {dagbag.py:545} INFO - Filling up the DagBag from /home/airflow/.local/lib/python3.12/site-packages/airflow/example_dags/example_python_decorator.py
[2026-09-23T12:18:49.880+0000] {processor.py:840} INFO - DAG(s) 'example_python_decorator' retrieved from /home/airflow/.local/lib/python3.12/site-packages/airflow/example_dags/example_python_decorator.py
[2026-09-23T12:18:49.901+0000] {logging_mixin.py:188} INFO - [2026-09-23T12:18:49.900+0000] {dag.py:3089} INFO - Sync 1 DAGs
[2026-09-23T12:18:49.920+0000] {logging_mixin.py:188} INFO - [2026-09-23T12:18:49.919+0000] {dag.py:3947} INFO - Setting next_dagrun for example_python_decorator to None, run_after=None
[2026-09-23T12:18:49.939+0000] {processor.py:183} INFO - Processing /home/airflow/.local/lib/python3.12/site-packages/airflow/example_dags/example_python_decorator.py took 0.082 seconds
[2026-09-23T12:19:20.252+0000] {processor.py:161} INFO - Started process (PID=456) to work on /home/airflow/.local/lib/python3.12/site-packages/airflow/example_dags/example_python_decorator.py
[2026-09-23T12:19:20.271+0000] {processor.py:830} INFO - Processing file /home/airflow/.local/lib/python3.12/site-packages/airflow/example_dags/example_python_decorator.py for tasks to queue
[2026-09-23T12:19:20.292+0000] {logging_mixin.py:188} INFO - [2026-09-23T12:19:20.291+0000] {dagbag.py:545} INFO - Filling up the DagBag from /home/airflow/.local/lib/python3.12/site-packages/airflow/example_dags/example_python_decorator.py
[2026-09-23T12:19:20.323+0000] {processor.py:840} INFO - DAG(s) 'example_python_decorator' retrieved from /home/airflow/.local/lib/python3.12/site-packages/airflow/example_dags/example_python_decorator.py
[2026-09-23T12:19:20.367+0000] {logging_mixin.py:188} INFO - [2026-09-23T12:19:20.366+0000] {dag.py:3089} INFO - Sync 1 DAGs
[2026-09-23T12:19:20.384+0000] {logging_mixin.py:188} INFO - [2026-09-23T12:19:20.384+0000] {dag.py:3947} INFO - Setting next_dagrun for example_python_decorator to None, run_after=None
[2026-09-23T12:19:20.447+0000] {processor.py:183} INFO - Processing /home/airflow/.local/lib/python3.12/site-packages/airflow/example_dags/example_python_decorator.py took 0.213 seconds
[2026-09-23T12:19:50.612+0000] {processor.py:161} INFO - Started process (PID=514) to work on /home/airflow/.local/lib/python3.12/site-packages/airflow/example_dags/example_python_decorator.py
[2026-09-23T12:19:50.613+0000] {processor.py:830} INFO - Processing file /home/airflow/.local/lib/python3.12/site-packages/airflow/example_dags/example_python_decorator.py for tasks to queue
[2026-09-23T12:19:50.615+0000] {logging_mixin.py:188} INFO - [2026-09-23T12:19:50.615+0000] {dagbag.py:545} INFO - Filling up the DagBag from /home/airflow/.local/lib/python3.12/site-packages/airflow/example_dags/example_python_decorator.py
[2026-09-23T12:19:50.628+0000] {processor.py:840} INFO - DAG(s) 'example_python_decorator' retrieved from /home/airflow/.local/lib/python3.12/site-packages/airflow/example_dags/example_python_decorator.py
[2026-09-23T12:19:50.649+0000] {logging_mixin.py:188} INFO - [2026-09-23T12:19:50.649+0000] {dag.py:3089} INFO - Sync 1 DAGs
[2026-09-23T12:19:50.662+0000] {logging_mixin.py:188} INFO - [2026-09-23T12:19:50.661+0000] {dag.py:3947} INFO - Setting next_dagrun for example_python_decorator to None, run_after=None
[2026-09-23T12:19:50.732+0000] {processor.py:183} INFO - Processing /home/airflow/.local/lib/python3.12/site-packages/airflow/example_dags/example_python_decorator.py took 0.125 seconds
[2026-09-23T12:20:20.920+0000] {processor.py:161} INFO - Started process (PID=572) to work on /home/airflow/.local/lib/python3.12/site-packages/airflow/example_dags/example_python_decorator.py
[2026-09-23T12:20:20.921+0000] {processor.py:830} INFO - Processing file /home/airflow/.local/lib/python3.12/site-packages/airflow/example_dags/example_python_decorator.py for tasks to queue
[2026-09-23T12:20:20.924+0000] {logging_mixin.py:188} INFO - [2026-09-23T12:20:20.923+0000] {dagbag.py:545} INFO - Filling up the DagBag from /home/airflow/.local/lib/python3.12/site-packages/airflow/example_dags/example_python_decorator.py
[2026-09-23T12:20:20.937+0000] {processor.py:840} INFO - DAG(s) 'example_python_decorator' retrieved from /home/airflow/.local/lib/python3.12/site-packages/airflow/example_dags/example_python_decorator.py
[2026-09-23T12:20:20.958+0000] {logging_mixin.py:188} INFO - [2026-09-23T12:20:20.957+0000] {dag.py:3089} INFO - Sync 1 DAGs
[2026-09-23T12:20:20.971+0000] {logging_mixin.py:188} INFO - [2026-09-23T12:20:20.970+0000] {dag.py:3947} INFO - Setting next_dagrun for example_python_decorator to None, run_after=None
[2026-09-23T12:20:20.991+0000] {processor.py:183} INFO - Processing /home/airflow/.local/lib/python3.12/site-packages/airflow/example_dags/example_python_decorator.py took 0.076 seconds
[2026-09-23T12:20:51.176+0000] {processor.py:161} INFO - Started process (PID=630) to work on /home/airflow/.local/lib/python3.12/site-packages/airflow/example_dags/example_python_decorator.py
[2026-09-23T12:20:51.178+0000] {processor.py:830} INFO - Processing file /home/airflow/.local/lib/python3.12/site-packages/airflow/example_dags/example_python_decorator.py for tasks to queue
[2026-09-23T12:20:51.180+0000] {logging_mixin.py:188} INFO - [2026-09-23T12:20:51.180+0000] {dagbag.py:545} INFO - Filling up the DagBag from /home/airflow/.local/lib/python3.12/site-packages/airflow/example_dags/example_python_decorator.py
[2026-09-23T12:20:51.197+0000] {processor.py:840} INFO - DAG(s) 'example_python_decorator' retrieved from /home/airflow/.local/lib/python3.12/site-packages/airflow/example_dags/example_python_decorator.py
[2026-09-23T12:20:51.224+0000] {logging_mixin.py:188} INFO - [2026-09-23T12:20:51.224+0000] {dag.py:3089} INFO - Sync 1 DAGs
[2026-09-23T12:20:51.236+0000] {logging_mixin.py:188} INFO - [2026-09-23T12:20:51.236+0000] {dag.py:3947} INFO - Setting next_dagrun for example_python_decorator to None, run_after=None
[2026-09-23T12:20:51.256+0000] {processor.py:183} INFO - Processing /home/airflow/.local/lib/python3.12/site-packages/airflow/example_dags/example_python_decorator.py took 0.086 seconds
[2026-09-23T12:21:21.684+0000] {processor.py:161} INFO - Started process (PID=688) to work on /home/airflow/.local/lib/python3.12/site-packages/airflow/example_dags/example_python_decorator.py
[2026-09-23T12:21:21.685+0000] {processor.py:830} INFO - Processing file /home/airflow/.local/lib/python3.12/site-packages/airflow/example_dags/example_python_decorator.py for tasks to queue
[2026-09-23T12:21:21.687+0000] {logging_mixin.py:188} INFO - [2026-09-23T12:21:21.686+0000] {dagbag.py:545} INFO - Filling up the DagBag from /home/airflow/.local/lib/python3.12/site-packages/airflow/example_dags/example_python_decorator.py
[2026-09-23T12:21:21.699+0000] {processor.py:840} INFO - DAG(s) 'example_python_decorator' retrieved from /home/airflow/.local/lib/python3.12/site-packages/airflow/example_dags/example_python_decorator.py
[2026-09-23T12:21:21.719+0000] {logging_mixin.py:188} INFO - [2026-09-23T12:21:21.718+0000] {dag.py:3089} INFO - Sync 1 DAGs
[2026-09-23T12:21:21.729+0000] {logging_mixin.py:188} INFO - [2026-09-23T12:21:21.729+0000] {dag.py:3947} INFO - Setting next_dagrun for example_python_decorator to None, run_after=None
[2026-09-23T12:21:21.747+0000] {processor.py:183} INFO - Processing /home/airflow/.local/lib/python3.12/site-packages/airflow/example_dags/example_python_decorator.py took 0.068 seconds
[2026-09-23T12:21:52.420+0000] {processor.py:161} INFO - Started process (PID=746) to work on /home/airflow/.local/lib/python3.12/site-packages/airflow/example_dags/example_python_decorator.py
[2026-09-23T12:21:52.424+0000] {processor.py:830} INFO - Processing file /home/airflow/.local/lib/python3.12/site-packages/airflow/example_dags/example_python_decorator.py for tasks to queue
[2026-09-23T12:21:52.426+0000] {logging_mixin.py:188} INFO - [2026-09-23T12:21:52.426+0000] {dagbag.py:545} INFO - Filling up the DagBag from /home/airflow/.local/lib/python3.12/site-packages/airflow/example_dags/example_python_decorator.py
[2026-09-23T12:21:52.450+0000] {processor.py:840} INFO - DAG(s) 'example_python_decorator' retrieved from /home/airflow/.local/lib/python3.12/site-packages/airflow/example_dags/example_python_decorator.py
[2026-09-23T12:21:52.483+0000] {logging_mixin.py:188} INFO - [2026-09-23T12:21:52.483+0000] {dag.py:3089} INFO - Sync 1 DAGs
[2026-09-23T12:21:52.497+0000] {logging_mixin.py:188} INFO - [2026-09-23T12:21:52.497+0000] {dag.py:3947} INFO - Setting next_dagrun for example_python_decorator to None, run_after=None
[2026-09-23T12:21:52.547+0000] {processor.py:183} INFO - Processing /home/airflow/.local/lib/python3.12/site-packages/airflow/example_dags/example_python_decorator.py took 0.137 seconds
[2026-09-23T12:22:23.039+0000] {processor.py:161} INFO - Started process (PID=804) to work on /home/airflow/.local/lib/python3.12/site-packages/airflow/example_dags/example_python_decorator.py
[2026-09-23T12:22:23.040+0000] {processor.py:830} INFO - Processing file /home/airflow/.local/lib/python3.12/site-packages/airflow/example_dags/example_python_decorator.py for tasks to queue
[2026-09-23T12:22:23.042+0000] {logging_mixin.py:188} INFO - [2026-09-23T12:22:23.042+0000] {dagbag.py:545} INFO - Filling up the DagBag from /home/airflow/.local/lib/python3.12/site-packages/airflow/example_dags/example_python_decorator.py
[2026-09-23T12:22:23.056+0000] {processor.py:840} INFO - DAG(s) 'example_python_decorator' retrieved from /home/airflow/.local/lib/python3.12/site-packages/airflow/example_dags/example_python_decorator.py
[2026-09-23T12:22:23.077+0000] {logging_mixin.py:188} INFO - [2026-09-23T12:22:23.077+0000] {dag.py:3089} INFO - Sync 1 DAGs
[2026-09-23T12:22:23.089+0000] {logging_mixin.py:188} INFO - [2026-09-23T12:22:23.089+0000] {dag.py:3947} INFO - Setting next_dagrun for example_python_decorator to None, run_after=None
[2026-09-23T12:22:23.109+0000] {processor.py:183} INFO - Processing /home/airflow/.local/lib/python3.12/site-packages/airflow/example_dags/example_python_decorator.py took 0.076 seconds
[2026-09-23T12:24:00.540+0000] {processor.py:161} INFO - Started process (PID=91) to work on /home/airflow/.local/lib/python3.12/site-packages/airflow/example_dags/example_python_decorator.py
[2026-09-23T12:24:00.542+0000] {processor.py:830} INFO - Processing file /home/airflow/.local/lib/python3.12/site-packages/airflow/example_dags/example_python_decorator.py for tasks to queue
[2026-09-23T12:24:00.545+0000] {logging_mixin.py:188} INFO - [2026-09-23T12:24:00.544+0000] {dagbag.py:545} INFO - Filling up the DagBag from /home/airflow/.local/lib/python3.12/site-packages/airflow/example_dags/example_python_decorator.py
[2026-09-23T12:24:00.584+0000] {processor.py:840} INFO - DAG(s) 'example_python_decorator' retrieved from /home/airflow/.local/lib/python3.12/site-packages/airflow/example_dags/example_python_decorator.py
[2026-09-23T12:24:00.760+0000] {logging_mixin.py:188} INFO - [2026-09-23T12:24:00.760+0000] {dag.py:3089} INFO - Sync 1 DAGs
[2026-09-23T12:24:00.781+0000] {logging_mixin.py:188} INFO - [2026-09-23T12:24:00.780+0000] {dag.py:3947} INFO - Setting next_dagrun for example_python_decorator to None, run_after=None
[2026-09-23T12:24:00.816+0000] {processor.py:183} INFO - Processing /home/airflow/.local/lib/python3.12/site-packages/airflow/example_dags/example_python_decorator.py took 0.285 seconds
[2026-09-23T12:24:31.321+0000] {processor.py:161} INFO - Started process (PID=149) to work on /home/airflow/.local/lib/python3.12/site-packages/airflow/example_dags/example_python_decorator.py
[2026-09-23T12:24:31.323+0000] {processor.py:830} INFO - Processing file /home/airflow/.local/lib/python3.12/site-packages/airflow/example_dags/example_python_decorator.py for tasks to queue
[2026-09-23T12:24:31.325+0000] {logging_mixin.py:188} INFO - [2026-09-23T12:24:31.324+0000] {dagbag.py:545} INFO - Filling up the DagBag from /home/airflow/.local/lib/python3.12/site-packages/airflow/example_dags/example_python_decorator.py
[2026-09-23T12:24:31.338+0000] {processor.py:840} INFO - DAG(s) 'example_python_decorator' retrieved from /home/airflow/.local/lib/python3.12/site-packages/airflow/example_dags/example_python_decorator.py
[2026-09-23T12:24:31.362+0000] {logging_mixin.py:188} INFO - [2026-09-23T12:24:31.362+0000] {dag.py:3089} INFO - Sync 1 DAGs
[2026-09-23T12:24:31.375+0000] {logging_mixin.py:188} INFO - [2026-09-23T12:24:31.375+0000] {dag.py:3947} INFO - Setting next_dagrun for example_python_decorator to None, run_after=None
[2026-09-23T12:24:31.398+0000] {processor.py:183} INFO - Processing /home/airflow/.local/lib/python3.12/site-packages/airflow/example_dags/example_python_decorator.py took 0.083 seconds
