[2026-09-23T12:16:18.647+0000] {processor.py:161} INFO - Started process (PID=97) to work on /home/airflow/.local/lib/python3.12/site-packages/airflow/example_dags/example_branch_operator_decorator.py
[2026-09-23T12:16:18.648+0000] {processor.py:830} INFO - Processing file /home/airflow/.local/lib/python3.12/site-packages/airflow/example_dags/example_branch_operator_decorator.py for tasks to queue
[2026-09-23T12:16:18.651+0000] {logging_mixin.py:188} INFO - [2026-09-23T12:16:18.651+0000] {dagbag.py:545} INFO - Filling up the DagBag from /home/airflow/.local/lib/python3.12/site-packages/airflow/example_dags/example_branch_operator_decorator.py
[2026-09-23T12:16:18.677+0000] {processor.py:840} INFO - DAG(s) 'example_branch_python_operator_decorator' retrieved from /home/airflow/.local/lib/python3.12/site-packages/airflow/example_dags/example_branch_operator_decorator.py
[2026-09-23T12:16:18.793+0000] {logging_mixin.py:188} INFO - [2026-09-23T12:16:18.793+0000] {dag.py:3089} INFO - Sync 1 DAGs
[2026-09-23T12:16:18.819+0000] {logging_mixin.py:188} INFO - [2026-09-23T12:16:18.819+0000] {dag.py:3947} INFO - Setting next_dagrun for example_branch_python_operator_decorator to 2026-09-22 00:00:00+00:00, run_after=2026-09-23 00:00:00+00:00
[2026-09-23T12:16:18.843+0000] {processor.py:183} INFO - Processing /home/airflow/.local/lib/python3.12/site-packages/airflow/example_dags/example_branch_operator_decorator.py took 0.202 seconds
[2026-09-23T12:16:49.718+0000] {processor.py:161} INFO - Started process (PID=155) to work on /home/airflow/.local/lib/python3.12/site-packages/airflow/example_dags/example_branch_operator_decorator.py
[2026-09-23T12:16:49.719+0000] {processor.py:830} INFO - Processing file /home/airflow/.local/lib/python3.12/site-packages/airflow/example_dags/example_branch_operator_decorator.py for tasks to queue
[2026-09-23T12:16:49.722+0000] {logging_mixin.py:188} INFO - [2026-09-23T12:16:49.721+0000] {dagbag.py:545} INFO - Filling up the DagBag from /home/airflow/.local/lib/python3.12/site-packages/airflow/example_dags/example_branch_operator_decorator.py
[2026-09-23T12:16:49.747+0000] {processor.py:840} INFO - DAG(s) 'example_branch_python_operator_decorator' retrieved from /home/airflow/.local/lib/python3.12/site-packages/airflow/example_dags/example_branch_operator_decorator.py
[2026-09-23T12:16:49.781+0000] {logging_mixin.py:188} INFO - [2026-09-23T12:16:49.781+0000] {dag.py:3089} INFO - Sync 1 DAGs
[2026-09-23T12:16:49.812+0000] {logging_mixin.py:188} INFO - [2026-09-23T12:16:49.812+0000] {dag.py:3947} INFO - Setting next_dagrun for example_branch_python_operator_decorator to 2026-09-22 00:00:00+00:00, run_after=2026-09-23 00:00:00+00:00
[2026-09-23T12:16:49.836+0000] {processor.py:183} INFO - Processing /home/airflow/.local/lib/python3.12/site-packages/airflow/example_dags/example_branch_operator_decorator.py took 0.125 seconds
[2026-09-23T12:17:20.488+0000] {processor.py:161} INFO - Started process (PID=213) to work on /home/airflow/.local/lib/python3.12/site-packages/airflow/example_dags/example_branch_operator_decorator.py
[2026-09-23T12:17:20.490+0000] {processor.py:830} INFO - Processing file /home/airflow/.local/lib/python3.12/site-packages/airflow/example_dags/example_branch_operator_decorator.py for tasks to queue
[2026-09-23T12:17:20.496+0000] {logging_mixin.py:188} INFO - [2026-09-23T12:17:20.495+0000] {dagbag.py:545} INFO - Filling up the DagBag from /home/airflow/.local/lib/python3.12/site-packages/airflow/example_dags/example_branch_operator_decorator.py
[2026-09-23T12:17:20.535+0000] {processor.py:840} INFO - DAG(s) 'example_branch_python_operator_decorator' retrieved from /home/airflow/.local/lib/python3.12/site-packages/airflow/example_dags/example_branch_operator_decorator.py
[2026-09-23T12:17:20.566+0000] {logging_mixin.py:188} INFO - [2026-09-23T12:17:20.566+0000] {dag.py:3089} INFO - Sync 1 DAGs
[2026-09-23T12:17:20.584+0000] {logging_mixin.py:188} INFO - [2026-09-23T12:17:20.584+0000] {dag.py:3947} INFO - Setting next_dagrun for example_branch_python_operator_decorator to 2026-09-22 00:00:00+00:00, run_after=2026-09-23 00:00:00+00:00
[2026-09-23T12:17:20.604+0000] {processor.py:183} INFO - Processing /home/airflow/.local/lib/python3.12/site-packages/airflow/example_dags/example_branch_operator_decorator.py took 0.124 seconds
[2026-09-23T12:17:51.195+0000] {processor.py:161} INFO - Started process (PID=271) to work on /home/airflow/.local/lib/python3.12/site-packages/airflow/example_dags/example_branch_operator_decorator.py
[2026-09-23T12:17:51.231+0000] {processor.py:830} INFO - Processing file /home/airflow/.local/lib/python3.12/site-packages/airflow/example_dags/example_branch_operator_decorator.py for tasks to queue
[2026-09-23T12:17:51.234+0000] {logging_mixin.py:188} INFO - [2026-09-23T12:17:51.233+0000] {dagbag.py:545} INFO - Filling up the DagBag from /home/airflow/.local/lib/python3.12/site-packages/airflow/example_dags/example_branch_operator_decorator.py
[2026-09-23T12:17:51.270+0000] {processor.py:840} INFO - DAG(s) 'example_branch_python_operator_decorator' retrieved from /home/airflow/.local/lib/python3.12/site-packages/airflow/example_dags/example_branch_operator_decorator.py
[2026-09-23T12:17:51.307+0000] {logging_mixin.py:188} INFO - [2026-09-23T12:17:51.306+0000] {dag.py:3089} INFO - Sync 1 DAGs
[2026-09-23T12:17:51.334+0000] {logging_mixin.py:188} INFO - [2026-09-23T12:17:51.334+0000] {dag.py:3947} INFO - Setting next_dagrun for example_branch_python_operator_decorator to 2026-09-22 00:00:00+00:00, run_after=2026-09-23 00:00:00+00:00
[2026-09-23T12:17:51.360+0000] {processor.py:183} INFO - Processing /home/airflow/.local/lib/python3.12/site-packages/airflow/example_dags/example_branch_operator_decorator.py took 0.171 seconds
[2026-09-23T12:18:21.704+0000] {processor.py:161} INFO - Started process (PID=329) to work on /home/airflow/.local/lib/python3.12/site-packages/airflow/example_dags/example_branch_operator_decorator.py
[2026-09-23T12:18:21.705+0000] {processor.py:830} INFO - Processing file /home/airflow/.local/lib/python3.12/site-packages/airflow/example_dags/example_branch_operator_decorator.py for tasks to queue
[2026-09-23T12:18:21.707+0000] {logging_mixin.py:188} INFO - [2026-09-23T12:18:21.707+0000] {dagbag.py:545} INFO - Filling up the DagBag from /home/airflow/.local/lib/python3.12/site-packages/airflow/example_dags/example_branch_operator_decorator.py
[2026-09-23T12:18:21.730+0000] {processor.py:840} INFO - DAG(s) 'example_branch_python_operator_decorator' retrieved from /home/airflow/.local/lib/python3.12/site-packages/airflow/example_dags/example_branch_operator_decorator.py
[2026-09-23T12:18:21.757+0000] {logging_mixin.py:188} INFO - [2026-09-23T12:18:21.757+0000] {dag.py:3089} INFO - Sync 1 DAGs
[2026-09-23T12:18:21.775+0000] {logging_mixin.py:188} INFO - [2026-09-23T12:18:21.775+0000] {dag.py:3947} INFO - Setting next_dagrun for example_branch_python_operator_decorator to 2026-09-22 00:00:00+00:00, run_after=2026-09-23 00:00:00+00:00
[2026-09-23T12:18:21.832+0000] {processor.py:183} INFO - Processing /home/airflow/.local/lib/python3.12/site-packages/airflow/example_dags/example_branch_operator_decorator.py took 0.133 seconds
[2026-09-23T12:18:52.482+0000] {processor.py:161} INFO - Started process (PID=387) to work on /home/airflow/.local/lib/python3.12/site-packages/airflow/example_dags/example_branch_operator_decorator.py
[2026-09-23T12:18:52.484+0000] {processor.py:830} INFO - Processing file /home/airflow/.local/lib/python3.12/site-packages/airflow/example_dags/example_branch_operator_decorator.py for tasks to queue
[2026-09-23T12:18:52.486+0000] {logging_mixin.py:188} INFO - [2026-09-23T12:18:52.485+0000] {dagbag.py:545} INFO - Filling up the DagBag from /home/airflow/.local/lib/python3.12/site-packages/airflow/example_dags/example_branch_operator_decorator.py
[2026-09-23T12:18:52.511+0000] {processor.py:840} INFO - DAG(s) 'example_branch_python_operator_decorator' retrieved from /home/airflow/.local/lib/python3.12/site-packages/airflow/example_dags/example_branch_operator_decorator.py
[2026-09-23T12:18:52.550+0000] {logging_mixin.py:188} INFO - [2026-09-23T12:18:52.550+0000] {dag.py:3089} INFO - Sync 1 DAGs
[2026-09-23T12:18:52.578+0000] {logging_mixin.py:188} INFO - [2026-09-23T12:18:52.578+0000] {dag.py:3947} INFO - Setting next_dagrun for example_branch_python_operator_decorator to 2026-09-22 00:00:00+00:00, run_after=2026-09-23 00:00:00+00:00
[2026-09-23T12:18:52.598+0000] {processor.py:183} INFO - Processing /home/airflow/.local/lib/python3.12/site-packages/airflow/example_dags/example_branch_operator_decorator.py took 0.121 seconds
[2026-09-23T12:19:22.993+0000] {processor.py:161} INFO - Started process (PID=465) to work on /home/airflow/.local/lib/python3.12/site-packages/airflow/example_dags/example_branch_operator_decorator.py
[2026-09-23T12:19:22.996+0000] {processor.py:830} INFO - Processing file /home/airflow/.local/lib/python3.12/site-packages/airflow/example_dags/example_branch_operator_decorator.py for tasks to queue
[2026-09-23T12:19:22.999+0000] {logging_mixin.py:188} INFO - [2026-09-23T12:19:22.998+0000] {dagbag.py:545} INFO - Filling up the DagBag from /home/airflow/.local/lib/python3.12/site-packages/airflow/example_dags/example_branch_operator_decorator.py
[2026-09-23T12:19:23.023+0000] {processor.py:840} INFO - DAG(s) 'example_branch_python_operator_decorator' retrieved from /home/airflow/.local/lib/python3.12/site-packages/airflow/example_dags/example_branch_operator_decorator.py
[2026-09-23T12:19:23.065+0000] {logging_mixin.py:188} INFO - [2026-09-23T12:19:23.065+0000] {dag.py:3089} INFO - Sync 1 DAGs
[2026-09-23T12:19:23.091+0000] {logging_mixin.py:188} INFO - [2026-09-23T12:19:23.090+0000] {dag.py:3947} INFO - Setting next_dagrun for example_branch_python_operator_decorator to 2026-09-22 00:00:00+00:00, run_after=2026-09-23 00:00:00+00:00
[2026-09-23T12:19:23.154+0000] {processor.py:183} INFO - Processing /home/airflow/.local/lib/python3.12/site-packages/airflow/example_dags/example_branch_operator_decorator.py took 0.169 seconds
[2026-09-23T12:19:54.087+0000] {processor.py:161} INFO - Started process (PID=523) to work on /home/airflow/.local/lib/python3.12/site-packages/airflow/example_dags/example_branch_operator_decorator.py
[2026-09-23T12:19:54.088+0000] {processor.py:830} INFO - Processing file /home/airflow/.local/lib/python3.12/site-packages/airflow/example_dags/example_branch_operator_decorator.py for tasks to queue
[2026-09-23T12:19:54.090+0000] {logging_mixin.py:188} INFO - [2026-09-23T12:19:54.090+0000] {dagbag.py:545} INFO - Filling up the DagBag from /home/airflow/.local/lib/python3.12/site-packages/airflow/example_dags/example_branch_operator_decorator.py
[2026-09-23T12:19:54.108+0000] {processor.py:840} INFO - DAG(s) 'example_branch_python_operator_decorator' retrieved from /home/airflow/.local/lib/python3.12/site-packages/airflow/example_dags/example_branch_operator_decorator.py
[2026-09-23T12:19:54.138+0000] {logging_mixin.py:188} INFO - [2026-09-23T12:19:54.137+0000] {dag.py:3089} INFO - Sync 1 DAGs
[2026-09-23T12:19:54.160+0000] {logging_mixin.py:188} INFO - [2026-09-23T12:19:54.160+0000] {dag.py:3947} INFO - Setting next_dagrun for example_branch_python_operator_decorator to 2026-09-22 00:00:00+00:00, run_after=2026-09-23 00:00:00+00:00
[2026-09-23T12:19:54.213+0000] {processor.py:183} INFO - Processing /home/airflow/.local/lib/python3.12/site-packages/airflow/example_dags/example_branch_operator_decorator.py took 0.132 seconds
[2026-09-23T12:20:24.701+0000] {processor.py:161} INFO - Started process (PID=581) to work on /home/airflow/.local/lib/python3.12/site-packages/airflow/example_dags/example_branch_operator_decorator.py
[2026-09-23T12:20:24.703+0000] {processor.py:830} INFO - Processing file /home/airflow/.local/lib/python3.12/site-packages/airflow/example_dags/example_branch_operator_decorator.py for tasks to queue
[2026-09-23T12:20:24.705+0000] {logging_mixin.py:188} INFO - [2026-09-23T12:20:24.705+0000] {dagbag.py:545} INFO - Filling up the DagBag from /home/airflow/.local/lib/python3.12/site-packages/airflow/example_dags/example_branch_operator_decorator.py
[2026-09-23T12:20:24.727+0000] {processor.py:840} INFO - DAG(s) 'example_branch_python_operator_decorator' retrieved from /home/airflow/.local/lib/python3.12/site-packages/airflow/example_dags/example_branch_operator_decorator.py
[2026-09-23T12:20:24.752+0000] {logging_mixin.py:188} INFO - [2026-09-23T12:20:24.751+0000] {dag.py:3089} INFO - Sync 1 DAGs
[2026-09-23T12:20:24.772+0000] {logging_mixin.py:188} INFO - [2026-09-23T12:20:24.772+0000] {dag.py:3947} INFO - Setting next_dagrun for example_branch_python_operator_decorator to 2026-09-22 00:00:00+00:00, run_after=2026-09-23 00:00:00+00:00
[2026-09-23T12:20:24.839+0000] {processor.py:183} INFO - Processing /home/airflow/.local/lib/python3.12/site-packages/airflow/example_dags/example_branch_operator_decorator.py took 0.143 seconds
[2026-09-23T12:20:54.968+0000] {processor.py:161} INFO - Started process (PID=639) to work on /home/airflow/.local/lib/python3.12/site-packages/airflow/example_dags/example_branch_operator_decorator.py
[2026-09-23T12:20:54.969+0000] {processor.py:830} INFO - Processing file /home/airflow/.local/lib/python3.12/site-packages/airflow/example_dags/example_branch_operator_decorator.py for tasks to queue
[2026-09-23T12:20:54.971+0000] {logging_mixin.py:188} INFO - [2026-09-23T12:20:54.971+0000] {dagbag.py:545} INFO - Filling up the DagBag from /home/airflow/.local/lib/python3.12/site-packages/airflow/example_dags/example_branch_operator_decorator.py
[2026-09-23T12:20:54.992+0000] {processor.py:840} INFO - DAG(s) 'example_branch_python_operator_decorator' retrieved from /home/airflow/.local/lib/python3.12/site-packages/airflow/example_dags/example_branch_operator_decorator.py
[2026-09-23T12:20:55.022+0000] {logging_mixin.py:188} INFO - [2026-09-23T12:20:55.022+0000] {dag.py:3089} INFO - Sync 1 DAGs
[2026-09-23T12:20:55.049+0000] {logging_mixin.py:188} INFO - [2026-09-23T12:20:55.049+0000] {dag.py:3947} INFO - Setting next_dagrun for example_branch_python_operator_decorator to 2026-09-22 00:00:00+00:00, run_after=2026-09-23 00:00:00+00:00
[2026-09-23T12:20:55.109+0000] {processor.py:183} INFO - Processing /home/airflow/.local/lib/python3.12/site-packages/airflow/example_dags/example_branch_operator_decorator.py took 0.149 seconds
[2026-09-23T12:21:25.261+0000] {processor.py:161} INFO - Started process (PID=697) to work on /home/airflow/.local/lib/python3.12/site-packages/airflow/example_dags/example_branch_operator_decorator.py
[2026-09-23T12:21:25.262+0000] {processor.py:830} INFO - Processing file /home/airflow/.local/lib/python3.12/site-packages/airflow/example_dags/example_branch_operator_decorator.py for tasks to queue
[2026-09-23T12:21:25.264+0000] {logging_mixin.py:188} INFO - [2026-09-23T12:21:25.264+0000] {dagbag.py:545} INFO - Filling up the DagBag from /home/airflow/.local/lib/python3.12/site-packages/airflow/example_dags/example_branch_operator_decorator.py
[2026-09-23T12:21:25.288+0000] {processor.py:840} INFO - DAG(s) 'example_branch_python_operator_decorator' retrieved from /home/airflow/.local/lib/python3.12/site-packages/airflow/example_dags/example_branch_operator_decorator.py
[2026-09-23T12:21:25.318+0000] {logging_mixin.py:188} INFO - [2026-09-23T12:21:25.318+0000] {dag.py:3089} INFO - Sync 1 DAGs
[2026-09-23T12:21:25.339+0000] {logging_mixin.py:188} INFO - [2026-09-23T12:21:25.339+0000] {dag.py:3947} INFO - Setting next_dagrun for example_branch_python_operator_decorator to 2026-09-22 00:00:00+00:00, run_after=2026-09-23 00:00:00+00:00
[2026-09-23T12:21:25.361+0000] {processor.py:183} INFO - Processing /home/airflow/.local/lib/python3.12/site-packages/airflow/example_dags/example_branch_operator_decorator.py took 0.107 seconds
[2026-09-23T12:21:56.054+0000] {processor.py:161} INFO - Started process (PID=755) to work on /home/airflow/.local/lib/python3.12/site-packages/airflow/example_dags/example_branch_operator_decorator.py
[2026-09-23T12:21:56.055+0000] {processor.py:830} INFO - Processing file /home/airflow/.local/lib/python3.12/site-packages/airflow/example_dags/example_branch_operator_decorator.py for tasks to queue
[2026-09-23T12:21:56.057+0000] {logging_mixin.py:188} INFO - [2026-09-23T12:21:56.057+0000] {dagbag.py:545} INFO - Filling up the DagBag from /home/airflow/.local/lib/python3.12/site-packages/airflow/example_dags/example_branch_operator_decorator.py
[2026-09-23T12:21:56.079+0000] {processor.py:840} INFO - DAG(s) 'example_branch_python_operator_decorator' retrieved from /home/airflow/.local/lib/python3.12/site-packages/airflow/example_dags/example_branch_operator_decorator.py
[2026-09-23T12:21:56.108+0000] {logging_mixin.py:188} INFO - [2026-09-23T12:21:56.108+0000] {dag.py:3089} INFO - Sync 1 DAGs
[2026-09-23T12:21:56.128+0000] {logging_mixin.py:188} INFO - [2026-09-23T12:21:56.127+0000] {dag.py:3947} INFO - Setting next_dagrun for example_branch_python_operator_decorator to 2026-09-22 00:00:00+00:00, run_after=2026-09-23 00:00:00+00:00
[2026-09-23T12:21:56.183+0000] {processor.py:183} INFO - Processing /home/airflow/.local/lib/python3.12/site-packages/airflow/example_dags/example_branch_operator_decorator.py took 0.136 seconds
[2026-09-23T12:22:26.663+0000] {processor.py:161} INFO - Started process (PID=813) to work on /home/airflow/.local/lib/python3.12/site-packages/airflow/example_dags/example_branch_operator_decorator.py
[2026-09-23T12:22:26.665+0000] {processor.py:830} INFO - Processing file /home/airflow/.local/lib/python3.12/site-packages/airflow/example_dags/example_branch_operator_decorator.py for tasks to queue
[2026-09-23T12:22:26.668+0000] {logging_mixin.py:188} INFO - [2026-09-23T12:22:26.667+0000] {dagbag.py:545} INFO - Filling up the DagBag from /home/airflow/.local/lib/python3.12/site-packages/airflow/example_dags/example_branch_operator_decorator.py
[2026-09-23T12:22:26.738+0000] {processor.py:840} INFO - DAG(s) 'example_branch_python_operator_decorator' retrieved from /home/airflow/.local/lib/python3.12/site-packages/airflow/example_dags/example_branch_operator_decorator.py
[2026-09-23T12:22:26.794+0000] {logging_mixin.py:188} INFO - [2026-09-23T12:22:26.793+0000] {dag.py:3089} INFO - Sync 1 DAGs
[2026-09-23T12:22:26.815+0000] {logging_mixin.py:188} INFO - [2026-09-23T12:22:26.814+0000] {dag.py:3947} INFO - Setting next_dagrun for example_branch_python_operator_decorator to 2026-09-22 00:00:00+00:00, run_after=2026-09-23 00:00:00+00:00
[2026-09-23T12:22:26.871+0000] {processor.py:183} INFO - Processing /home/airflow/.local/lib/python3.12/site-packages/airflow/example_dags/example_branch_operator_decorator.py took 0.215 seconds
[2026-09-23T12:24:02.492+0000] {processor.py:161} INFO - Started process (PID=100) to work on /home/airflow/.local/lib/python3.12/site-packages/airflow/example_dags/example_branch_operator_decorator.py
[2026-09-23T12:24:02.493+0000] {processor.py:830} INFO - Processing file /home/airflow/.local/lib/python3.12/site-packages/airflow/example_dags/example_branch_operator_decorator.py for tasks to queue
[2026-09-23T12:24:02.496+0000] {logging_mixin.py:188} INFO - [2026-09-23T12:24:02.495+0000] {dagbag.py:545} INFO - Filling up the DagBag from /home/airflow/.local/lib/python3.12/site-packages/airflow/example_dags/example_branch_operator_decorator.py
[2026-09-23T12:24:02.523+0000] {processor.py:840} INFO - DAG(s) 'example_branch_python_operator_decorator' retrieved from /home/airflow/.local/lib/python3.12/site-packages/airflow/example_dags/example_branch_operator_decorator.py
[2026-09-23T12:24:02.642+0000] {logging_mixin.py:188} INFO - [2026-09-23T12:24:02.641+0000] {dag.py:3089} INFO - Sync 1 DAGs
[2026-09-23T12:24:02.661+0000] {logging_mixin.py:188} INFO - [2026-09-23T12:24:02.661+0000] {dag.py:3947} INFO - Setting next_dagrun for example_branch_python_operator_decorator to 2026-09-22 00:00:00+00:00, run_after=2026-09-23 00:00:00+00:00
[2026-09-23T12:24:02.739+0000] {processor.py:183} INFO - Processing /home/airflow/.local/lib/python3.12/site-packages/airflow/example_dags/example_branch_operator_decorator.py took 0.253 seconds
[2026-09-23T12:24:32.966+0000] {processor.py:161} INFO - Started process (PID=158) to work on /home/airflow/.local/lib/python3.12/site-packages/airflow/example_dags/example_branch_operator_decorator.py
[2026-09-23T12:24:32.967+0000] {processor.py:830} INFO - Processing file /home/airflow/.local/lib/python3.12/site-packages/airflow/example_dags/example_branch_operator_decorator.py for tasks to queue
[2026-09-23T12:24:32.970+0000] {logging_mixin.py:188} INFO - [2026-09-23T12:24:32.969+0000] {dagbag.py:545} INFO - Filling up the DagBag from /home/airflow/.local/lib/python3.12/site-packages/airflow/example_dags/example_branch_operator_decorator.py
[2026-09-23T12:24:32.990+0000] {processor.py:840} INFO - DAG(s) 'example_branch_python_operator_decorator' retrieved from /home/airflow/.local/lib/python3.12/site-packages/airflow/example_dags/example_branch_operator_decorator.py
[2026-09-23T12:24:33.017+0000] {logging_mixin.py:188} INFO - [2026-09-23T12:24:33.016+0000] {dag.py:3089} INFO - Sync 1 DAGs
[2026-09-23T12:24:33.036+0000] {logging_mixin.py:188} INFO - [2026-09-23T12:24:33.036+0000] {dag.py:3947} INFO - Setting next_dagrun for example_branch_python_operator_decorator to 2026-09-22 00:00:00+00:00, run_after=2026-09-23 00:00:00+00:00
[2026-09-23T12:24:33.112+0000] {processor.py:183} INFO - Processing /home/airflow/.local/lib/python3.12/site-packages/airflow/example_dags/example_branch_operator_decorator.py took 0.151 seconds
