[2026-09-23T12:16:22.135+0000] {processor.py:161} INFO - Started process (PID=121) to work on /home/airflow/.local/lib/python3.12/site-packages/airflow/example_dags/example_skip_dag.py
[2026-09-23T12:16:22.136+0000] {processor.py:830} INFO - Processing file /home/airflow/.local/lib/python3.12/site-packages/airflow/example_dags/example_skip_dag.py for tasks to queue
[2026-09-23T12:16:22.138+0000] {logging_mixin.py:188} INFO - [2026-09-23T12:16:22.138+0000] {dagbag.py:545} INFO - Filling up the DagBag from /home/airflow/.local/lib/python3.12/site-packages/airflow/example_dags/example_skip_dag.py
[2026-09-23T12:16:22.147+0000] {processor.py:840} INFO - DAG(s) 'example_skip_dag' retrieved from /home/airflow/.local/lib/python3.12/site-packages/airflow/example_dags/example_skip_dag.py
[2026-09-23T12:16:22.256+0000] {logging_mixin.py:188} INFO - [2026-09-23T12:16:22.256+0000] {dag.py:3089} INFO - Sync 1 DAGs
[2026-09-23T12:16:22.282+0000] {logging_mixin.py:188} INFO - [2026-09-23T12:16:22.282+0000] {dag.py:3947} INFO - Setting next_dagrun for example_skip_dag to 2026-09-22 00:00:00+00:00, run_after=2026-09-23 00:00:00+00:00
[2026-09-23T12:16:22.304+0000] {processor.py:183} INFO - Processing /home/airflow/.local/lib/python3.12/site-packages/airflow/example_dags/example_skip_dag.py took 0.176 seconds
[2026-09-23T12:16:52.453+0000] {processor.py:161} INFO - Started process (PID=179) to work on /home/airflow/.local/lib/python3.12/site-packages/airflow/example_dags/example_skip_dag.py
[2026-09-23T12:16:52.455+0000] {processor.py:830} INFO - Processing file /home/airflow/.local/lib/python3.12/site-packages/airflow/example_dags/example_skip_dag.py for tasks to queue
[2026-09-23T12:16:52.457+0000] {logging_mixin.py:188} INFO - [2026-09-23T12:16:52.457+0000] {dagbag.py:545} INFO - Filling up the DagBag from /home/airflow/.local/lib/python3.12/site-packages/airflow/example_dags/example_skip_dag.py
[2026-09-23T12:16:52.465+0000] {processor.py:840} INFO - DAG(s) 'example_skip_dag' retrieved from /home/airflow/.local/lib/python3.12/site-packages/airflow/example_dags/example_skip_dag.py
[2026-09-23T12:16:52.487+0000] {logging_mixin.py:188} INFO - [2026-09-23T12:16:52.487+0000] {dag.py:3089} INFO - Sync 1 DAGs
[2026-09-23T12:16:52.508+0000] {logging_mixin.py:188} INFO - [2026-09-23T12:16:52.508+0000] {dag.py:3947} INFO - Setting next_dagrun for example_skip_dag to 2026-09-22 00:00:00+00:00, run_after=2026-09-23 00:00:00+00:00
[2026-09-23T12:16:52.530+0000] {processor.py:183} INFO - Processing /home/airflow/.local/lib/python3.12/site-packages/airflow/example_dags/example_skip_dag.py took 0.083 seconds
[2026-09-23T12:17:23.052+0000] {processor.py:161} INFO - Started process (PID=237) to work on /home/airflow/.local/lib/python3.12/site-packages/airflow/example_dags/example_skip_dag.py
[2026-09-23T12:17:23.053+0000] {processor.py:830} INFO - Processing file /home/airflow/.local/lib/python3.12/site-packages/airflow/example_dags/example_skip_dag.py for tasks to queue
[2026-09-23T12:17:23.055+0000] {logging_mixin.py:188} INFO - [2026-09-23T12:17:23.054+0000] {dagbag.py:545} INFO - Filling up the DagBag from /home/airflow/.local/lib/python3.12/site-packages/airflow/example_dags/example_skip_dag.py
[2026-09-23T12:17:23.063+0000] {processor.py:840} INFO - DAG(s) 'example_skip_dag' retrieved from /home/airflow/.local/lib/python3.12/site-packages/airflow/example_dags/example_skip_dag.py
[2026-09-23T12:17:23.087+0000] {logging_mixin.py:188} INFO - [2026-09-23T12:17:23.087+0000] {dag.py:3089} INFO - Sync 1 DAGs
[2026-09-23T12:17:23.110+0000] {logging_mixin.py:188} INFO - [2026-09-23T12:17:23.110+0000] {dag.py:3947} INFO - Setting next_dagrun for example_skip_dag to 2026-09-22 00:00:00+00:00, run_after=2026-09-23 00:00:00+00:00
[2026-09-23T12:17:23.133+0000] {processor.py:183} INFO - Processing /home/airflow/.local/lib/python3.12/site-packages/airflow/example_dags/example_skip_dag.py took 0.087 seconds
[2026-09-23T12:17:54.214+0000] {processor.py:161} INFO - Started process (PID=295) to work on /home/airflow/.local/lib/python3.12/site-packages/airflow/example_dags/example_skip_dag.py
[2026-09-23T12:17:54.215+0000] {processor.py:830} INFO - Processing file /home/airflow/.local/lib/python3.12/site-packages/airflow/example_dags/example_skip_dag.py for tasks to queue
[2026-09-23T12:17:54.217+0000] {logging_mixin.py:188} INFO - [2026-09-23T12:17:54.217+0000] {dagbag.py:545} INFO - Filling up the DagBag from /home/airflow/.local/lib/python3.12/site-packages/airflow/example_dags/example_skip_dag.py
[2026-09-23T12:17:54.223+0000] {processor.py:840} INFO - DAG(s) 'example_skip_dag' retrieved from /home/airflow/.local/lib/python3.12/site-packages/airflow/example_dags/example_skip_dag.py
[2026-09-23T12:17:54.240+0000] {logging_mixin.py:188} INFO - [2026-09-23T12:17:54.240+0000] {dag.py:3089} INFO - Sync 1 DAGs
[2026-09-23T12:17:54.258+0000] {logging_mixin.py:188} INFO - [2026-09-23T12:17:54.258+0000] {dag.py:3947} INFO - Setting next_dagrun for example_skip_dag to 2026-09-22 00:00:00+00:00, run_after=2026-09-23 00:00:00+00:00
[2026-09-23T12:17:54.278+0000] {processor.py:183} INFO - Processing /home/airflow/.local/lib/python3.12/site-packages/airflow/example_dags/example_skip_dag.py took 0.071 seconds
[2026-09-23T12:18:24.552+0000] {processor.py:161} INFO - Started process (PID=353) to work on /home/airflow/.local/lib/python3.12/site-packages/airflow/example_dags/example_skip_dag.py
[2026-09-23T12:18:24.554+0000] {processor.py:830} INFO - Processing file /home/airflow/.local/lib/python3.12/site-packages/airflow/example_dags/example_skip_dag.py for tasks to queue
[2026-09-23T12:18:24.556+0000] {logging_mixin.py:188} INFO - [2026-09-23T12:18:24.555+0000] {dagbag.py:545} INFO - Filling up the DagBag from /home/airflow/.local/lib/python3.12/site-packages/airflow/example_dags/example_skip_dag.py
[2026-09-23T12:18:24.563+0000] {processor.py:840} INFO - DAG(s) 'example_skip_dag' retrieved from /home/airflow/.local/lib/python3.12/site-packages/airflow/example_dags/example_skip_dag.py
[2026-09-23T12:18:24.591+0000] {logging_mixin.py:188} INFO - [2026-09-23T12:18:24.590+0000] {dag.py:3089} INFO - Sync 1 DAGs
[2026-09-23T12:18:24.622+0000] {logging_mixin.py:188} INFO - [2026-09-23T12:18:24.622+0000] {dag.py:3947} INFO - Setting next_dagrun for example_skip_dag to 2026-09-22 00:00:00+00:00, run_after=2026-09-23 00:00:00+00:00
[2026-09-23T12:18:24.644+0000] {processor.py:183} INFO - Processing /home/airflow/.local/lib/python3.12/site-packages/airflow/example_dags/example_skip_dag.py took 0.099 seconds
[2026-09-23T12:18:55.480+0000] {processor.py:161} INFO - Started process (PID=411) to work on /home/airflow/.local/lib/python3.12/site-packages/airflow/example_dags/example_skip_dag.py
[2026-09-23T12:18:55.481+0000] {processor.py:830} INFO - Processing file /home/airflow/.local/lib/python3.12/site-packages/airflow/example_dags/example_skip_dag.py for tasks to queue
[2026-09-23T12:18:55.483+0000] {logging_mixin.py:188} INFO - [2026-09-23T12:18:55.483+0000] {dagbag.py:545} INFO - Filling up the DagBag from /home/airflow/.local/lib/python3.12/site-packages/airflow/example_dags/example_skip_dag.py
[2026-09-23T12:18:55.489+0000] {processor.py:840} INFO - DAG(s) 'example_skip_dag' retrieved from /home/airflow/.local/lib/python3.12/site-packages/airflow/example_dags/example_skip_dag.py
[2026-09-23T12:18:55.505+0000] {logging_mixin.py:188} INFO - [2026-09-23T12:18:55.505+0000] {dag.py:3089} INFO - Sync 1 DAGs
[2026-09-23T12:18:55.532+0000] {logging_mixin.py:188} INFO - [2026-09-23T12:18:55.531+0000] {dag.py:3947} INFO - Setting next_dagrun for example_skip_dag to 2026-09-22 00:00:00+00:00, run_after=2026-09-23 00:00:00+00:00
[2026-09-23T12:18:55.563+0000] {processor.py:183} INFO - Processing /home/airflow/.local/lib/python3.12/site-packages/airflow/example_dags/example_skip_dag.py took 0.088 seconds
[2026-09-23T12:19:26.073+0000] {processor.py:161} INFO - Started process (PID=489) to work on /home/airflow/.local/lib/python3.12/site-packages/airflow/example_dags/example_skip_dag.py
[2026-09-23T12:19:26.074+0000] {processor.py:830} INFO - Processing file /home/airflow/.local/lib/python3.12/site-packages/airflow/example_dags/example_skip_dag.py for tasks to queue
[2026-09-23T12:19:26.076+0000] {logging_mixin.py:188} INFO - [2026-09-23T12:19:26.076+0000] {dagbag.py:545} INFO - Filling up the DagBag from /home/airflow/.local/lib/python3.12/site-packages/airflow/example_dags/example_skip_dag.py
[2026-09-23T12:19:26.084+0000] {processor.py:840} INFO - DAG(s) 'example_skip_dag' retrieved from /home/airflow/.local/lib/python3.12/site-packages/airflow/example_dags/example_skip_dag.py
[2026-09-23T12:19:26.106+0000] {logging_mixin.py:188} INFO - [2026-09-23T12:19:26.106+0000] {dag.py:3089} INFO - Sync 1 DAGs
[2026-09-23T12:19:26.136+0000] {logging_mixin.py:188} INFO - [2026-09-23T12:19:26.136+0000] {dag.py:3947} INFO - Setting next_dagrun for example_skip_dag to 2026-09-22 00:00:00+00:00, run_after=2026-09-23 00:00:00+00:00
[2026-09-23T12:19:26.158+0000] {processor.py:183} INFO - Processing /home/airflow/.local/lib/python3.12/site-packages/airflow/example_dags/example_skip_dag.py took 0.093 seconds
[2026-09-23T12:19:56.855+0000] {processor.py:161} INFO - Started process (PID=547) to work on /home/airflow/.local/lib/python3.12/site-packages/airflow/example_dags/example_skip_dag.py
[2026-09-23T12:19:56.856+0000] {processor.py:830} INFO - Processing file /home/airflow/.local/lib/python3.12/site-packages/airflow/example_dags/example_skip_dag.py for tasks to queue
[2026-09-23T12:19:56.859+0000] {logging_mixin.py:188} INFO - [2026-09-23T12:19:56.859+0000] {dagbag.py:545} INFO - Filling up the DagBag from /home/airflow/.local/lib/python3.12/site-packages/airflow/example_dags/example_skip_dag.py
[2026-09-23T12:19:56.869+0000] {processor.py:840} INFO - DAG(s) 'example_skip_dag' retrieved from /home/airflow/.local/lib/python3.12/site-packages/airflow/example_dags/example_skip_dag.py
[2026-09-23T12:19:56.889+0000] {logging_mixin.py:188} INFO - [2026-09-23T12:19:56.889+0000] {dag.py:3089} INFO - Sync 1 DAGs
[2026-09-23T12:19:56.906+0000] {logging_mixin.py:188} INFO - [2026-09-23T12:19:56.906+0000] {dag.py:3947} INFO - Setting next_dagrun for example_skip_dag to 2026-09-22 00:00:00+00:00, run_after=2026-09-23 00:00:00+00:00
[2026-09-23T12:19:56.929+0000] {processor.py:183} INFO - Processing /home/airflow/.local/lib/python3.12/site-packages/airflow/example_dags/example_skip_dag.py took 0.081 seconds
[2026-09-23T12:20:28.028+0000] {processor.py:161} INFO - Started process (PID=605) to work on /home/airflow/.local/lib/python3.12/site-packages/airflow/example_dags/example_skip_dag.py
[2026-09-23T12:20:28.031+0000] {processor.py:830} INFO - Processing file /home/airflow/.local/lib/python3.12/site-packages/airflow/example_dags/example_skip_dag.py for tasks to queue
[2026-09-23T12:20:28.034+0000] {logging_mixin.py:188} INFO - [2026-09-23T12:20:28.034+0000] {dagbag.py:545} INFO - Filling up the DagBag from /home/airflow/.local/lib/python3.12/site-packages/airflow/example_dags/example_skip_dag.py
[2026-09-23T12:20:28.042+0000] {processor.py:840} INFO - DAG(s) 'example_skip_dag' retrieved from /home/airflow/.local/lib/python3.12/site-packages/airflow/example_dags/example_skip_dag.py
[2026-09-23T12:20:28.067+0000] {logging_mixin.py:188} INFO - [2026-09-23T12:20:28.067+0000] {dag.py:3089} INFO - Sync 1 DAGs
[2026-09-23T12:20:28.089+0000] {logging_mixin.py:188} INFO - [2026-09-23T12:20:28.089+0000] {dag.py:3947} INFO - Setting next_dagrun for example_skip_dag to 2026-09-22 00:00:00+00:00, run_after=2026-09-23 00:00:00+00:00
[2026-09-23T12:20:28.116+0000] {processor.py:183} INFO - Processing /home/airflow/.local/lib/python3.12/site-packages/airflow/example_dags/example_skip_dag.py took 0.098 seconds
[2026-09-23T12:20:58.170+0000] {processor.py:161} INFO - Started process (PID=663) to work on /home/airflow/.local/lib/python3.12/site-packages/airflow/example_dags/example_skip_dag.py
[2026-09-23T12:20:58.171+0000] {processor.py:830} INFO - Processing file /home/airflow/.local/lib/python3.12/site-packages/airflow/example_dags/example_skip_dag.py for tasks to queue
[2026-09-23T12:20:58.173+0000] {logging_mixin.py:188} INFO - [2026-09-23T12:20:58.172+0000] {dagbag.py:545} INFO - Filling up the DagBag from /home/airflow/.local/lib/python3.12/site-packages/airflow/example_dags/example_skip_dag.py
[2026-09-23T12:20:58.181+0000] {processor.py:840} INFO - DAG(s) 'example_skip_dag' retrieved from /home/airflow/.local/lib/python3.12/site-packages/airflow/example_dags/example_skip_dag.py
[2026-09-23T12:20:58.212+0000] {logging_mixin.py:188} INFO - [2026-09-23T12:20:58.212+0000] {dag.py:3089} INFO - Sync 1 DAGs
[2026-09-23T12:20:58.248+0000] {logging_mixin.py:188} INFO - [2026-09-23T12:20:58.248+0000] {dag.py:3947} INFO - Setting next_dagrun for example_skip_dag to 2026-09-22 00:00:00+00:00, run_after=2026-09-23 00:00:00+00:00
[2026-09-23T12:20:58.284+0000] {processor.py:183} INFO - Processing /home/airflow/.local/lib/python3.12/site-packages/airflow/example_dags/example_skip_dag.py took 0.120 seconds
[2026-09-23T12:21:29.266+0000] {processor.py:161} INFO - Started process (PID=721) to work on /home/airflow/.local/lib/python3.12/site-packages/airflow/example_dags/example_skip_dag.py
[2026-09-23T12:21:29.268+0000] {processor.py:830} INFO - Processing file /home/airflow/.local/lib/python3.12/site-packages/airflow/example_dags/example_skip_dag.py for tasks to queue
[2026-09-23T12:21:29.270+0000] {logging_mixin.py:188} INFO - [2026-09-23T12:21:29.270+0000] {dagbag.py:545} INFO - Filling up the DagBag from /home/airflow/.local/lib/python3.12/site-packages/airflow/example_dags/example_skip_dag.py
[2026-09-23T12:21:29.278+0000] {processor.py:840} INFO - DAG(s) 'example_skip_dag' retrieved from /home/airflow/.local/lib/python3.12/site-packages/airflow/example_dags/example_skip_dag.py
[2026-09-23T12:21:29.307+0000] {logging_mixin.py:188} INFO - [2026-09-23T12:21:29.307+0000] {dag.py:3089} INFO - Sync 1 DAGs
[2026-09-23T12:21:29.328+0000] {logging_mixin.py:188} INFO - [2026-09-23T12:21:29.328+0000] {dag.py:3947} INFO - Setting next_dagrun for example_skip_dag to 2026-09-22 00:00:00+00:00, run_after=2026-09-23 00:00:00+00:00
[2026-09-23T12:21:29.351+0000] {processor.py:183} INFO - Processing /home/airflow/.local/lib/python3.12/site-packages/airflow/example_dags/example_skip_dag.py took 0.092 seconds
[2026-09-23T12:21:59.855+0000] {processor.py:161} INFO - Started process (PID=779) to work on /home/airflow/.local/lib/python3.12/site-packages/airflow/example_dags/example_skip_dag.py
[2026-09-23T12:21:59.856+0000] {processor.py:830} INFO - Processing file /home/airflow/.local/lib/python3.12/site-packages/airflow/example_dags/example_skip_dag.py for tasks to queue
[2026-09-23T12:21:59.858+0000] {logging_mixin.py:188} INFO - [2026-09-23T12:21:59.858+0000] {dagbag.py:545} INFO - Filling up the DagBag from /home/airflow/.local/lib/python3.12/site-packages/airflow/example_dags/example_skip_dag.py
[2026-09-23T12:21:59.865+0000] {processor.py:840} INFO - DAG(s) 'example_skip_dag' retrieved from /home/airflow/.local/lib/python3.12/site-packages/airflow/example_dags/example_skip_dag.py
[2026-09-23T12:21:59.893+0000] {logging_mixin.py:188} INFO - [2026-09-23T12:21:59.892+0000] {dag.py:3089} INFO - Sync 1 DAGs
[2026-09-23T12:21:59.919+0000] {logging_mixin.py:188} INFO - [2026-09-23T12:21:59.919+0000] {dag.py:3947} INFO - Setting next_dagrun for example_skip_dag to 2026-09-22 00:00:00+00:00, run_after=2026-09-23 00:00:00+00:00
[2026-09-23T12:21:59.940+0000] {processor.py:183} INFO - Processing /home/airflow/.local/lib/python3.12/site-packages/airflow/example_dags/example_skip_dag.py took 0.092 seconds
[2026-09-23T12:22:30.874+0000] {processor.py:161} INFO - Started process (PID=837) to work on /home/airflow/.local/lib/python3.12/site-packages/airflow/example_dags/example_skip_dag.py
[2026-09-23T12:22:30.876+0000] {processor.py:830} INFO - Processing file /home/airflow/.local/lib/python3.12/site-packages/airflow/example_dags/example_skip_dag.py for tasks to queue
[2026-09-23T12:22:30.879+0000] {logging_mixin.py:188} INFO - [2026-09-23T12:22:30.879+0000] {dagbag.py:545} INFO - Filling up the DagBag from /home/airflow/.local/lib/python3.12/site-packages/airflow/example_dags/example_skip_dag.py
[2026-09-23T12:22:30.889+0000] {processor.py:840} INFO - DAG(s) 'example_skip_dag' retrieved from /home/airflow/.local/lib/python3.12/site-packages/airflow/example_dags/example_skip_dag.py
[2026-09-23T12:22:30.913+0000] {logging_mixin.py:188} INFO - [2026-09-23T12:22:30.913+0000] {dag.py:3089} INFO - Sync 1 DAGs
[2026-09-23T12:22:30.934+0000] {logging_mixin.py:188} INFO - [2026-09-23T12:22:30.934+0000] {dag.py:3947} INFO - Setting next_dagrun for example_skip_dag to 2026-09-22 00:00:00+00:00, run_after=2026-09-23 00:00:00+00:00
[2026-09-23T12:22:30.956+0000] {processor.py:183} INFO - Processing /home/airflow/.local/lib/python3.12/site-packages/airflow/example_dags/example_skip_dag.py took 0.089 seconds
[2026-09-23T12:24:06.428+0000] {processor.py:161} INFO - Started process (PID=124) to work on /home/airflow/.local/lib/python3.12/site-packages/airflow/example_dags/example_skip_dag.py
[2026-09-23T12:24:06.431+0000] {processor.py:830} INFO - Processing file /home/airflow/.local/lib/python3.12/site-packages/airflow/example_dags/example_skip_dag.py for tasks to queue
[2026-09-23T12:24:06.434+0000] {logging_mixin.py:188} INFO - [2026-09-23T12:24:06.434+0000] {dagbag.py:545} INFO - Filling up the DagBag from /home/airflow/.local/lib/python3.12/site-packages/airflow/example_dags/example_skip_dag.py
[2026-09-23T12:24:06.442+0000] {processor.py:840} INFO - DAG(s) 'example_skip_dag' retrieved from /home/airflow/.local/lib/python3.12/site-packages/airflow/example_dags/example_skip_dag.py
[2026-09-23T12:24:06.559+0000] {logging_mixin.py:188} INFO - [2026-09-23T12:24:06.559+0000] {dag.py:3089} INFO - Sync 1 DAGs
[2026-09-23T12:24:06.580+0000] {logging_mixin.py:188} INFO - [2026-09-23T12:24:06.580+0000] {dag.py:3947} INFO - Setting next_dagrun for example_skip_dag to 2026-09-22 00:00:00+00:00, run_after=2026-09-23 00:00:00+00:00
[2026-09-23T12:24:06.610+0000] {processor.py:183} INFO - Processing /home/airflow/.local/lib/python3.12/site-packages/airflow/example_dags/example_skip_dag.py took 0.188 seconds
[2026-09-23T12:24:37.073+0000] {processor.py:161} INFO - Started process (PID=182) to work on /home/airflow/.local/lib/python3.12/site-packages/airflow/example_dags/example_skip_dag.py
[2026-09-23T12:24:37.079+0000] {processor.py:830} INFO - Processing file /home/airflow/.local/lib/python3.12/site-packages/airflow/example_dags/example_skip_dag.py for tasks to queue
[2026-09-23T12:24:37.085+0000] {logging_mixin.py:188} INFO - [2026-09-23T12:24:37.085+0000] {dagbag.py:545} INFO - Filling up the DagBag from /home/airflow/.local/lib/python3.12/site-packages/airflow/example_dags/example_skip_dag.py
[2026-09-23T12:24:37.097+0000] {processor.py:840} INFO - DAG(s) 'example_skip_dag' retrieved from /home/airflow/.local/lib/python3.12/site-packages/airflow/example_dags/example_skip_dag.py
[2026-09-23T12:24:37.140+0000] {logging_mixin.py:188} INFO - [2026-09-23T12:24:37.140+0000] {dag.py:3089} INFO - Sync 1 DAGs
[2026-09-23T12:24:37.188+0000] {logging_mixin.py:188} INFO - [2026-09-23T12:24:37.188+0000] {dag.py:3947} INFO - Setting next_dagrun for example_skip_dag to 2026-09-22 00:00:00+00:00, run_after=2026-09-23 00:00:00+00:00
[2026-09-23T12:24:37.232+0000] {processor.py:183} INFO - Processing /home/airflow/.local/lib/python3.12/site-packages/airflow/example_dags/example_skip_dag.py took 0.171 seconds
