[2026-09-23T12:16:18.895+0000] {processor.py:161} INFO - Started process (PID=99) to work on /home/airflow/.local/lib/python3.12/site-packages/airflow/example_dags/example_subdag_operator.py
[2026-09-23T12:16:18.897+0000] {processor.py:830} INFO - Processing file /home/airflow/.local/lib/python3.12/site-packages/airflow/example_dags/example_subdag_operator.py for tasks to queue
[2026-09-23T12:16:18.900+0000] {logging_mixin.py:188} INFO - [2026-09-23T12:16:18.899+0000] {dagbag.py:545} INFO - Filling up the DagBag from /home/airflow/.local/lib/python3.12/site-packages/airflow/example_dags/example_subdag_operator.py
[2026-09-23T12:16:18.924+0000] {processor.py:840} INFO - DAG(s) 'example_subdag_operator.section-1', 'example_subdag_operator.section-2', 'example_subdag_operator' retrieved from /home/airflow/.local/lib/python3.12/site-packages/airflow/example_dags/example_subdag_operator.py
[2026-09-23T12:16:19.022+0000] {logging_mixin.py:188} INFO - [2026-09-23T12:16:19.022+0000] {dag.py:3089} INFO - Sync 3 DAGs
[2026-09-23T12:16:19.044+0000] {logging_mixin.py:188} INFO - [2026-09-23T12:16:19.044+0000] {dag.py:3947} INFO - Setting next_dagrun for example_subdag_operator to 2022-01-01 00:00:00+00:00, run_after=2022-01-01 00:00:00+00:00
[2026-09-23T12:16:19.048+0000] {logging_mixin.py:188} INFO - [2026-09-23T12:16:19.048+0000] {dag.py:3947} INFO - Setting next_dagrun for example_subdag_operator.section-1 to None, run_after=None
[2026-09-23T12:16:19.050+0000] {logging_mixin.py:188} INFO - [2026-09-23T12:16:19.050+0000] {dag.py:3947} INFO - Setting next_dagrun for example_subdag_operator.section-2 to None, run_after=None
[2026-09-23T12:16:19.058+0000] {logging_mixin.py:188} INFO - [2026-09-23T12:16:19.058+0000] {dag.py:3089} INFO - Sync 2 DAGs
[2026-09-23T12:16:19.063+0000] {logging_mixin.py:188} INFO - [2026-09-23T12:16:19.063+0000] {dag.py:3947} INFO - Setting next_dagrun for example_subdag_operator.section-1 to None, run_after=None
[2026-09-23T12:16:19.064+0000] {logging_mixin.py:188} INFO - [2026-09-23T12:16:19.064+0000] {dag.py:3947} INFO - Setting next_dagrun for example_subdag_operator.section-2 to None, run_after=None
[2026-09-23T12:16:19.078+0000] {processor.py:183} INFO - Processing /home/airflow/.local/lib/python3.12/site-packages/airflow/example_dags/example_subdag_operator.py took 0.190 seconds
[2026-09-23T12:16:49.842+0000] {processor.py:161} INFO - Started process (PID=157) to work on /home/airflow/.local/lib/python3.12/site-packages/airflow/example_dags/example_subdag_operator.py
[2026-09-23T12:16:49.844+0000] {processor.py:830} INFO - Processing file /home/airflow/.local/lib/python3.12/site-packages/airflow/example_dags/example_subdag_operator.py for tasks to queue
[2026-09-23T12:16:49.847+0000] {logging_mixin.py:188} INFO - [2026-09-23T12:16:49.846+0000] {dagbag.py:545} INFO - Filling up the DagBag from /home/airflow/.local/lib/python3.12/site-packages/airflow/example_dags/example_subdag_operator.py
[2026-09-23T12:16:49.875+0000] {processor.py:840} INFO - DAG(s) 'example_subdag_operator.section-1', 'example_subdag_operator.section-2', 'example_subdag_operator' retrieved from /home/airflow/.local/lib/python3.12/site-packages/airflow/example_dags/example_subdag_operator.py
[2026-09-23T12:16:49.891+0000] {logging_mixin.py:188} INFO - [2026-09-23T12:16:49.891+0000] {dag.py:3089} INFO - Sync 3 DAGs
[2026-09-23T12:16:49.919+0000] {logging_mixin.py:188} INFO - [2026-09-23T12:16:49.918+0000] {dag.py:3947} INFO - Setting next_dagrun for example_subdag_operator to 2022-01-01 00:00:00+00:00, run_after=2022-01-01 00:00:00+00:00
[2026-09-23T12:16:49.922+0000] {logging_mixin.py:188} INFO - [2026-09-23T12:16:49.922+0000] {dag.py:3947} INFO - Setting next_dagrun for example_subdag_operator.section-1 to None, run_after=None
[2026-09-23T12:16:49.923+0000] {logging_mixin.py:188} INFO - [2026-09-23T12:16:49.923+0000] {dag.py:3947} INFO - Setting next_dagrun for example_subdag_operator.section-2 to None, run_after=None
[2026-09-23T12:16:49.930+0000] {logging_mixin.py:188} INFO - [2026-09-23T12:16:49.929+0000] {dag.py:3089} INFO - Sync 2 DAGs
[2026-09-23T12:16:49.934+0000] {logging_mixin.py:188} INFO - [2026-09-23T12:16:49.934+0000] {dag.py:3947} INFO - Setting next_dagrun for example_subdag_operator.section-1 to None, run_after=None
[2026-09-23T12:16:49.935+0000] {logging_mixin.py:188} INFO - [2026-09-23T12:16:49.934+0000] {dag.py:3947} INFO - Setting next_dagrun for example_subdag_operator.section-2 to None, run_after=None
[2026-09-23T12:16:49.946+0000] {processor.py:183} INFO - Processing /home/airflow/.local/lib/python3.12/site-packages/airflow/example_dags/example_subdag_operator.py took 0.113 seconds
[2026-09-23T12:17:20.609+0000] {processor.py:161} INFO - Started process (PID=215) to work on /home/airflow/.local/lib/python3.12/site-packages/airflow/example_dags/example_subdag_operator.py
[2026-09-23T12:17:20.610+0000] {processor.py:830} INFO - Processing file /home/airflow/.local/lib/python3.12/site-packages/airflow/example_dags/example_subdag_operator.py for tasks to queue
[2026-09-23T12:17:20.612+0000] {logging_mixin.py:188} INFO - [2026-09-23T12:17:20.612+0000] {dagbag.py:545} INFO - Filling up the DagBag from /home/airflow/.local/lib/python3.12/site-packages/airflow/example_dags/example_subdag_operator.py
[2026-09-23T12:17:20.633+0000] {processor.py:840} INFO - DAG(s) 'example_subdag_operator.section-1', 'example_subdag_operator.section-2', 'example_subdag_operator' retrieved from /home/airflow/.local/lib/python3.12/site-packages/airflow/example_dags/example_subdag_operator.py
[2026-09-23T12:17:20.649+0000] {logging_mixin.py:188} INFO - [2026-09-23T12:17:20.649+0000] {dag.py:3089} INFO - Sync 3 DAGs
[2026-09-23T12:17:20.667+0000] {logging_mixin.py:188} INFO - [2026-09-23T12:17:20.667+0000] {dag.py:3947} INFO - Setting next_dagrun for example_subdag_operator to 2022-01-01 00:00:00+00:00, run_after=2022-01-01 00:00:00+00:00
[2026-09-23T12:17:20.670+0000] {logging_mixin.py:188} INFO - [2026-09-23T12:17:20.670+0000] {dag.py:3947} INFO - Setting next_dagrun for example_subdag_operator.section-1 to None, run_after=None
[2026-09-23T12:17:20.672+0000] {logging_mixin.py:188} INFO - [2026-09-23T12:17:20.672+0000] {dag.py:3947} INFO - Setting next_dagrun for example_subdag_operator.section-2 to None, run_after=None
[2026-09-23T12:17:20.681+0000] {logging_mixin.py:188} INFO - [2026-09-23T12:17:20.680+0000] {dag.py:3089} INFO - Sync 2 DAGs
[2026-09-23T12:17:20.685+0000] {logging_mixin.py:188} INFO - [2026-09-23T12:17:20.685+0000] {dag.py:3947} INFO - Setting next_dagrun for example_subdag_operator.section-1 to None, run_after=None
[2026-09-23T12:17:20.686+0000] {logging_mixin.py:188} INFO - [2026-09-23T12:17:20.686+0000] {dag.py:3947} INFO - Setting next_dagrun for example_subdag_operator.section-2 to None, run_after=None
[2026-09-23T12:17:20.699+0000] {processor.py:183} INFO - Processing /home/airflow/.local/lib/python3.12/site-packages/airflow/example_dags/example_subdag_operator.py took 0.096 seconds
[2026-09-23T12:17:51.351+0000] {processor.py:161} INFO - Started process (PID=273) to work on /home/airflow/.local/lib/python3.12/site-packages/airflow/example_dags/example_subdag_operator.py
[2026-09-23T12:17:51.353+0000] {processor.py:830} INFO - Processing file /home/airflow/.local/lib/python3.12/site-packages/airflow/example_dags/example_subdag_operator.py for tasks to queue
[2026-09-23T12:17:51.355+0000] {logging_mixin.py:188} INFO - [2026-09-23T12:17:51.355+0000] {dagbag.py:545} INFO - Filling up the DagBag from /home/airflow/.local/lib/python3.12/site-packages/airflow/example_dags/example_subdag_operator.py
[2026-09-23T12:17:51.385+0000] {processor.py:840} INFO - DAG(s) 'example_subdag_operator.section-1', 'example_subdag_operator.section-2', 'example_subdag_operator' retrieved from /home/airflow/.local/lib/python3.12/site-packages/airflow/example_dags/example_subdag_operator.py
[2026-09-23T12:17:51.408+0000] {logging_mixin.py:188} INFO - [2026-09-23T12:17:51.408+0000] {dag.py:3089} INFO - Sync 3 DAGs
[2026-09-23T12:17:51.434+0000] {logging_mixin.py:188} INFO - [2026-09-23T12:17:51.434+0000] {dag.py:3947} INFO - Setting next_dagrun for example_subdag_operator to 2022-01-01 00:00:00+00:00, run_after=2022-01-01 00:00:00+00:00
[2026-09-23T12:17:51.440+0000] {logging_mixin.py:188} INFO - [2026-09-23T12:17:51.439+0000] {dag.py:3947} INFO - Setting next_dagrun for example_subdag_operator.section-1 to None, run_after=None
[2026-09-23T12:17:51.442+0000] {logging_mixin.py:188} INFO - [2026-09-23T12:17:51.441+0000] {dag.py:3947} INFO - Setting next_dagrun for example_subdag_operator.section-2 to None, run_after=None
[2026-09-23T12:17:51.451+0000] {logging_mixin.py:188} INFO - [2026-09-23T12:17:51.450+0000] {dag.py:3089} INFO - Sync 2 DAGs
[2026-09-23T12:17:51.456+0000] {logging_mixin.py:188} INFO - [2026-09-23T12:17:51.456+0000] {dag.py:3947} INFO - Setting next_dagrun for example_subdag_operator.section-1 to None, run_after=None
[2026-09-23T12:17:51.460+0000] {logging_mixin.py:188} INFO - [2026-09-23T12:17:51.459+0000] {dag.py:3947} INFO - Setting next_dagrun for example_subdag_operator.section-2 to None, run_after=None
[2026-09-23T12:17:51.474+0000] {processor.py:183} INFO - Processing /home/airflow/.local/lib/python3.12/site-packages/airflow/example_dags/example_subdag_operator.py took 0.128 seconds
[2026-09-23T12:18:21.867+0000] {processor.py:161} INFO - Started process (PID=331) to work on /home/airflow/.local/lib/python3.12/site-packages/airflow/example_dags/example_subdag_operator.py
[2026-09-23T12:18:21.868+0000] {processor.py:830} INFO - Processing file /home/airflow/.local/lib/python3.12/site-packages/airflow/example_dags/example_subdag_operator.py for tasks to queue
[2026-09-23T12:18:21.870+0000] {logging_mixin.py:188} INFO - [2026-09-23T12:18:21.870+0000] {dagbag.py:545} INFO - Filling up the DagBag from /home/airflow/.local/lib/python3.12/site-packages/airflow/example_dags/example_subdag_operator.py
[2026-09-23T12:18:21.890+0000] {processor.py:840} INFO - DAG(s) 'example_subdag_operator.section-1', 'example_subdag_operator.section-2', 'example_subdag_operator' retrieved from /home/airflow/.local/lib/python3.12/site-packages/airflow/example_dags/example_subdag_operator.py
[2026-09-23T12:18:21.902+0000] {logging_mixin.py:188} INFO - [2026-09-23T12:18:21.902+0000] {dag.py:3089} INFO - Sync 3 DAGs
[2026-09-23T12:18:21.920+0000] {logging_mixin.py:188} INFO - [2026-09-23T12:18:21.920+0000] {dag.py:3947} INFO - Setting next_dagrun for example_subdag_operator to 2022-01-01 00:00:00+00:00, run_after=2022-01-01 00:00:00+00:00
[2026-09-23T12:18:21.924+0000] {logging_mixin.py:188} INFO - [2026-09-23T12:18:21.924+0000] {dag.py:3947} INFO - Setting next_dagrun for example_subdag_operator.section-1 to None, run_after=None
[2026-09-23T12:18:21.925+0000] {logging_mixin.py:188} INFO - [2026-09-23T12:18:21.925+0000] {dag.py:3947} INFO - Setting next_dagrun for example_subdag_operator.section-2 to None, run_after=None
[2026-09-23T12:18:21.930+0000] {logging_mixin.py:188} INFO - [2026-09-23T12:18:21.930+0000] {dag.py:3089} INFO - Sync 2 DAGs
[2026-09-23T12:18:21.934+0000] {logging_mixin.py:188} INFO - [2026-09-23T12:18:21.934+0000] {dag.py:3947} INFO - Setting next_dagrun for example_subdag_operator.section-1 to None, run_after=None
[2026-09-23T12:18:21.934+0000] {logging_mixin.py:188} INFO - [2026-09-23T12:18:21.934+0000] {dag.py:3947} INFO - Setting next_dagrun for example_subdag_operator.section-2 to None, run_after=None
[2026-09-23T12:18:21.998+0000] {processor.py:183} INFO - Processing /home/airflow/.local/lib/python3.12/site-packages/airflow/example_dags/example_subdag_operator.py took 0.135 seconds
[2026-09-23T12:18:52.601+0000] {processor.py:161} INFO - Started process (PID=389) to work on /home/airflow/.local/lib/python3.12/site-packages/airflow/example_dags/example_subdag_operator.py
[2026-09-23T12:18:52.603+0000] {processor.py:830} INFO - Processing file /home/airflow/.local/lib/python3.12/site-packages/airflow/example_dags/example_subdag_operator.py for tasks to queue
[2026-09-23T12:18:52.605+0000] {logging_mixin.py:188} INFO - [2026-09-23T12:18:52.605+0000] {dagbag.py:545} INFO - Filling up the DagBag from /home/airflow/.local/lib/python3.12/site-packages/airflow/example_dags/example_subdag_operator.py
[2026-09-23T12:18:52.630+0000] {processor.py:840} INFO - DAG(s) 'example_subdag_operator.section-1', 'example_subdag_operator.section-2', 'example_subdag_operator' retrieved from /home/airflow/.local/lib/python3.12/site-packages/airflow/example_dags/example_subdag_operator.py
[2026-09-23T12:18:52.646+0000] {logging_mixin.py:188} INFO - [2026-09-23T12:18:52.646+0000] {dag.py:3089} INFO - Sync 3 DAGs
[2026-09-23T12:18:52.667+0000] {logging_mixin.py:188} INFO - [2026-09-23T12:18:52.667+0000] {dag.py:3947} INFO - Setting next_dagrun for example_subdag_operator to 2022-01-01 00:00:00+00:00, run_after=2022-01-01 00:00:00+00:00
[2026-09-23T12:18:52.671+0000] {logging_mixin.py:188} INFO - [2026-09-23T12:18:52.671+0000] {dag.py:3947} INFO - Setting next_dagrun for example_subdag_operator.section-1 to None, run_after=None
[2026-09-23T12:18:52.673+0000] {logging_mixin.py:188} INFO - [2026-09-23T12:18:52.673+0000] {dag.py:3947} INFO - Setting next_dagrun for example_subdag_operator.section-2 to None, run_after=None
[2026-09-23T12:18:52.680+0000] {logging_mixin.py:188} INFO - [2026-09-23T12:18:52.680+0000] {dag.py:3089} INFO - Sync 2 DAGs
[2026-09-23T12:18:52.686+0000] {logging_mixin.py:188} INFO - [2026-09-23T12:18:52.686+0000] {dag.py:3947} INFO - Setting next_dagrun for example_subdag_operator.section-1 to None, run_after=None
[2026-09-23T12:18:52.687+0000] {logging_mixin.py:188} INFO - [2026-09-23T12:18:52.687+0000] {dag.py:3947} INFO - Setting next_dagrun for example_subdag_operator.section-2 to None, run_after=None
[2026-09-23T12:18:52.702+0000] {processor.py:183} INFO - Processing /home/airflow/.local/lib/python3.12/site-packages/airflow/example_dags/example_subdag_operator.py took 0.109 seconds
[2026-09-23T12:19:23.206+0000] {processor.py:161} INFO - Started process (PID=467) to work on /home/airflow/.local/lib/python3.12/site-packages/airflow/example_dags/example_subdag_operator.py
[2026-09-23T12:19:23.208+0000] {processor.py:830} INFO - Processing file /home/airflow/.local/lib/python3.12/site-packages/airflow/example_dags/example_subdag_operator.py for tasks to queue
[2026-09-23T12:19:23.212+0000] {logging_mixin.py:188} INFO - [2026-09-23T12:19:23.212+0000] {dagbag.py:545} INFO - Filling up the DagBag from /home/airflow/.local/lib/python3.12/site-packages/airflow/example_dags/example_subdag_operator.py
[2026-09-23T12:19:23.259+0000] {processor.py:840} INFO - DAG(s) 'example_subdag_operator.section-1', 'example_subdag_operator.section-2', 'example_subdag_operator' retrieved from /home/airflow/.local/lib/python3.12/site-packages/airflow/example_dags/example_subdag_operator.py
[2026-09-23T12:19:23.278+0000] {logging_mixin.py:188} INFO - [2026-09-23T12:19:23.277+0000] {dag.py:3089} INFO - Sync 3 DAGs
[2026-09-23T12:19:23.306+0000] {logging_mixin.py:188} INFO - [2026-09-23T12:19:23.306+0000] {dag.py:3947} INFO - Setting next_dagrun for example_subdag_operator to 2022-01-01 00:00:00+00:00, run_after=2022-01-01 00:00:00+00:00
[2026-09-23T12:19:23.313+0000] {logging_mixin.py:188} INFO - [2026-09-23T12:19:23.312+0000] {dag.py:3947} INFO - Setting next_dagrun for example_subdag_operator.section-1 to None, run_after=None
[2026-09-23T12:19:23.316+0000] {logging_mixin.py:188} INFO - [2026-09-23T12:19:23.315+0000] {dag.py:3947} INFO - Setting next_dagrun for example_subdag_operator.section-2 to None, run_after=None
[2026-09-23T12:19:23.323+0000] {logging_mixin.py:188} INFO - [2026-09-23T12:19:23.323+0000] {dag.py:3089} INFO - Sync 2 DAGs
[2026-09-23T12:19:23.328+0000] {logging_mixin.py:188} INFO - [2026-09-23T12:19:23.327+0000] {dag.py:3947} INFO - Setting next_dagrun for example_subdag_operator.section-1 to None, run_after=None
[2026-09-23T12:19:23.329+0000] {logging_mixin.py:188} INFO - [2026-09-23T12:19:23.329+0000] {dag.py:3947} INFO - Setting next_dagrun for example_subdag_operator.section-2 to None, run_after=None
[2026-09-23T12:19:23.409+0000] {processor.py:183} INFO - Processing /home/airflow/.local/lib/python3.12/site-packages/airflow/example_dags/example_subdag_operator.py took 0.214 seconds
[2026-09-23T12:19:54.244+0000] {processor.py:161} INFO - Started process (PID=525) to work on /home/airflow/.local/lib/python3.12/site-packages/airflow/example_dags/example_subdag_operator.py
[2026-09-23T12:19:54.245+0000] {processor.py:830} INFO - Processing file /home/airflow/.local/lib/python3.12/site-packages/airflow/example_dags/example_subdag_operator.py for tasks to queue
[2026-09-23T12:19:54.247+0000] {logging_mixin.py:188} INFO - [2026-09-23T12:19:54.247+0000] {dagbag.py:545} INFO - Filling up the DagBag from /home/airflow/.local/lib/python3.12/site-packages/airflow/example_dags/example_subdag_operator.py
[2026-09-23T12:19:54.268+0000] {processor.py:840} INFO - DAG(s) 'example_subdag_operator.section-1', 'example_subdag_operator.section-2', 'example_subdag_operator' retrieved from /home/airflow/.local/lib/python3.12/site-packages/airflow/example_dags/example_subdag_operator.py
[2026-09-23T12:19:54.283+0000] {logging_mixin.py:188} INFO - [2026-09-23T12:19:54.283+0000] {dag.py:3089} INFO - Sync 3 DAGs
[2026-09-23T12:19:54.302+0000] {logging_mixin.py:188} INFO - [2026-09-23T12:19:54.302+0000] {dag.py:3947} INFO - Setting next_dagrun for example_subdag_operator to 2022-01-01 00:00:00+00:00, run_after=2022-01-01 00:00:00+00:00
[2026-09-23T12:19:54.305+0000] {logging_mixin.py:188} INFO - [2026-09-23T12:19:54.305+0000] {dag.py:3947} INFO - Setting next_dagrun for example_subdag_operator.section-1 to None, run_after=None
[2026-09-23T12:19:54.306+0000] {logging_mixin.py:188} INFO - [2026-09-23T12:19:54.306+0000] {dag.py:3947} INFO - Setting next_dagrun for example_subdag_operator.section-2 to None, run_after=None
[2026-09-23T12:19:54.312+0000] {logging_mixin.py:188} INFO - [2026-09-23T12:19:54.311+0000] {dag.py:3089} INFO - Sync 2 DAGs
[2026-09-23T12:19:54.316+0000] {logging_mixin.py:188} INFO - [2026-09-23T12:19:54.316+0000] {dag.py:3947} INFO - Setting next_dagrun for example_subdag_operator.section-1 to None, run_after=None
[2026-09-23T12:19:54.317+0000] {logging_mixin.py:188} INFO - [2026-09-23T12:19:54.317+0000] {dag.py:3947} INFO - Setting next_dagrun for example_subdag_operator.section-2 to None, run_after=None
[2026-09-23T12:19:54.386+0000] {processor.py:183} INFO - Processing /home/airflow/.local/lib/python3.12/site-packages/airflow/example_dags/example_subdag_operator.py took 0.147 seconds
[2026-09-23T12:20:24.878+0000] {processor.py:161} INFO - Started process (PID=583) to work on /home/airflow/.local/lib/python3.12/site-packages/airflow/example_dags/example_subdag_operator.py
[2026-09-23T12:20:24.879+0000] {processor.py:830} INFO - Processing file /home/airflow/.local/lib/python3.12/site-packages/airflow/example_dags/example_subdag_operator.py for tasks to queue
[2026-09-23T12:20:24.882+0000] {logging_mixin.py:188} INFO - [2026-09-23T12:20:24.882+0000] {dagbag.py:545} INFO - Filling up the DagBag from /home/airflow/.local/lib/python3.12/site-packages/airflow/example_dags/example_subdag_operator.py
[2026-09-23T12:20:24.903+0000] {processor.py:840} INFO - DAG(s) 'example_subdag_operator.section-1', 'example_subdag_operator.section-2', 'example_subdag_operator' retrieved from /home/airflow/.local/lib/python3.12/site-packages/airflow/example_dags/example_subdag_operator.py
[2026-09-23T12:20:24.917+0000] {logging_mixin.py:188} INFO - [2026-09-23T12:20:24.916+0000] {dag.py:3089} INFO - Sync 3 DAGs
[2026-09-23T12:20:24.938+0000] {logging_mixin.py:188} INFO - [2026-09-23T12:20:24.938+0000] {dag.py:3947} INFO - Setting next_dagrun for example_subdag_operator to 2022-01-01 00:00:00+00:00, run_after=2022-01-01 00:00:00+00:00
[2026-09-23T12:20:24.942+0000] {logging_mixin.py:188} INFO - [2026-09-23T12:20:24.941+0000] {dag.py:3947} INFO - Setting next_dagrun for example_subdag_operator.section-1 to None, run_after=None
[2026-09-23T12:20:24.944+0000] {logging_mixin.py:188} INFO - [2026-09-23T12:20:24.943+0000] {dag.py:3947} INFO - Setting next_dagrun for example_subdag_operator.section-2 to None, run_after=None
[2026-09-23T12:20:24.952+0000] {logging_mixin.py:188} INFO - [2026-09-23T12:20:24.952+0000] {dag.py:3089} INFO - Sync 2 DAGs
[2026-09-23T12:20:24.956+0000] {logging_mixin.py:188} INFO - [2026-09-23T12:20:24.956+0000] {dag.py:3947} INFO - Setting next_dagrun for example_subdag_operator.section-1 to None, run_after=None
[2026-09-23T12:20:24.957+0000] {logging_mixin.py:188} INFO - [2026-09-23T12:20:24.957+0000] {dag.py:3947} INFO - Setting next_dagrun for example_subdag_operator.section-2 to None, run_after=None
[2026-09-23T12:20:24.969+0000] {processor.py:183} INFO - Processing /home/airflow/.local/lib/python3.12/site-packages/airflow/example_dags/example_subdag_operator.py took 0.097 seconds
[2026-09-23T12:20:55.144+0000] {processor.py:161} INFO - Started process (PID=641) to work on /home/airflow/.local/lib/python3.12/site-packages/airflow/example_dags/example_subdag_operator.py
[2026-09-23T12:20:55.145+0000] {processor.py:830} INFO - Processing file /home/airflow/.local/lib/python3.12/site-packages/airflow/example_dags/example_subdag_operator.py for tasks to queue
[2026-09-23T12:20:55.147+0000] {logging_mixin.py:188} INFO - [2026-09-23T12:20:55.147+0000] {dagbag.py:545} INFO - Filling up the DagBag from /home/airflow/.local/lib/python3.12/site-packages/airflow/example_dags/example_subdag_operator.py
[2026-09-23T12:20:55.168+0000] {processor.py:840} INFO - DAG(s) 'example_subdag_operator.section-1', 'example_subdag_operator.section-2', 'example_subdag_operator' retrieved from /home/airflow/.local/lib/python3.12/site-packages/airflow/example_dags/example_subdag_operator.py
[2026-09-23T12:20:55.182+0000] {logging_mixin.py:188} INFO - [2026-09-23T12:20:55.182+0000] {dag.py:3089} INFO - Sync 3 DAGs
[2026-09-23T12:20:55.202+0000] {logging_mixin.py:188} INFO - [2026-09-23T12:20:55.202+0000] {dag.py:3947} INFO - Setting next_dagrun for example_subdag_operator to 2022-01-01 00:00:00+00:00, run_after=2022-01-01 00:00:00+00:00
[2026-09-23T12:20:55.206+0000] {logging_mixin.py:188} INFO - [2026-09-23T12:20:55.206+0000] {dag.py:3947} INFO - Setting next_dagrun for example_subdag_operator.section-1 to None, run_after=None
[2026-09-23T12:20:55.208+0000] {logging_mixin.py:188} INFO - [2026-09-23T12:20:55.207+0000] {dag.py:3947} INFO - Setting next_dagrun for example_subdag_operator.section-2 to None, run_after=None
[2026-09-23T12:20:55.214+0000] {logging_mixin.py:188} INFO - [2026-09-23T12:20:55.213+0000] {dag.py:3089} INFO - Sync 2 DAGs
[2026-09-23T12:20:55.218+0000] {logging_mixin.py:188} INFO - [2026-09-23T12:20:55.217+0000] {dag.py:3947} INFO - Setting next_dagrun for example_subdag_operator.section-1 to None, run_after=None
[2026-09-23T12:20:55.218+0000] {logging_mixin.py:188} INFO - [2026-09-23T12:20:55.218+0000] {dag.py:3947} INFO - Setting next_dagrun for example_subdag_operator.section-2 to None, run_after=None
[2026-09-23T12:20:55.287+0000] {processor.py:183} INFO - Processing /home/airflow/.local/lib/python3.12/site-packages/airflow/example_dags/example_subdag_operator.py took 0.148 seconds
[2026-09-23T12:21:25.370+0000] {processor.py:161} INFO - Started process (PID=699) to work on /home/airflow/.local/lib/python3.12/site-packages/airflow/example_dags/example_subdag_operator.py
[2026-09-23T12:21:25.371+0000] {processor.py:830} INFO - Processing file /home/airflow/.local/lib/python3.12/site-packages/airflow/example_dags/example_subdag_operator.py for tasks to queue
[2026-09-23T12:21:25.373+0000] {logging_mixin.py:188} INFO - [2026-09-23T12:21:25.373+0000] {dagbag.py:545} INFO - Filling up the DagBag from /home/airflow/.local/lib/python3.12/site-packages/airflow/example_dags/example_subdag_operator.py
[2026-09-23T12:21:25.393+0000] {processor.py:840} INFO - DAG(s) 'example_subdag_operator.section-1', 'example_subdag_operator.section-2', 'example_subdag_operator' retrieved from /home/airflow/.local/lib/python3.12/site-packages/airflow/example_dags/example_subdag_operator.py
[2026-09-23T12:21:25.406+0000] {logging_mixin.py:188} INFO - [2026-09-23T12:21:25.405+0000] {dag.py:3089} INFO - Sync 3 DAGs
[2026-09-23T12:21:25.423+0000] {logging_mixin.py:188} INFO - [2026-09-23T12:21:25.423+0000] {dag.py:3947} INFO - Setting next_dagrun for example_subdag_operator to 2022-01-01 00:00:00+00:00, run_after=2022-01-01 00:00:00+00:00
[2026-09-23T12:21:25.428+0000] {logging_mixin.py:188} INFO - [2026-09-23T12:21:25.427+0000] {dag.py:3947} INFO - Setting next_dagrun for example_subdag_operator.section-1 to None, run_after=None
[2026-09-23T12:21:25.429+0000] {logging_mixin.py:188} INFO - [2026-09-23T12:21:25.429+0000] {dag.py:3947} INFO - Setting next_dagrun for example_subdag_operator.section-2 to None, run_after=None
[2026-09-23T12:21:25.435+0000] {logging_mixin.py:188} INFO - [2026-09-23T12:21:25.434+0000] {dag.py:3089} INFO - Sync 2 DAGs
[2026-09-23T12:21:25.438+0000] {logging_mixin.py:188} INFO - [2026-09-23T12:21:25.438+0000] {dag.py:3947} INFO - Setting next_dagrun for example_subdag_operator.section-1 to None, run_after=None
[2026-09-23T12:21:25.439+0000] {logging_mixin.py:188} INFO - [2026-09-23T12:21:25.439+0000] {dag.py:3947} INFO - Setting next_dagrun for example_subdag_operator.section-2 to None, run_after=None
[2026-09-23T12:21:25.451+0000] {processor.py:183} INFO - Processing /home/airflow/.local/lib/python3.12/site-packages/airflow/example_dags/example_subdag_operator.py took 0.088 seconds
[2026-09-23T12:21:56.218+0000] {processor.py:161} INFO - Started process (PID=757) to work on /home/airflow/.local/lib/python3.12/site-packages/airflow/example_dags/example_subdag_operator.py
[2026-09-23T12:21:56.219+0000] {processor.py:830} INFO - Processing file /home/airflow/.local/lib/python3.12/site-packages/airflow/example_dags/example_subdag_operator.py for tasks to queue
[2026-09-23T12:21:56.221+0000] {logging_mixin.py:188} INFO - [2026-09-23T12:21:56.221+0000] {dagbag.py:545} INFO - Filling up the DagBag from /home/airflow/.local/lib/python3.12/site-packages/airflow/example_dags/example_subdag_operator.py
[2026-09-23T12:21:56.240+0000] {processor.py:840} INFO - DAG(s) 'example_subdag_operator.section-1', 'example_subdag_operator.section-2', 'example_subdag_operator' retrieved from /home/airflow/.local/lib/python3.12/site-packages/airflow/example_dags/example_subdag_operator.py
[2026-09-23T12:21:56.253+0000] {logging_mixin.py:188} INFO - [2026-09-23T12:21:56.253+0000] {dag.py:3089} INFO - Sync 3 DAGs
[2026-09-23T12:21:56.273+0000] {logging_mixin.py:188} INFO - [2026-09-23T12:21:56.273+0000] {dag.py:3947} INFO - Setting next_dagrun for example_subdag_operator to 2022-01-01 00:00:00+00:00, run_after=2022-01-01 00:00:00+00:00
[2026-09-23T12:21:56.276+0000] {logging_mixin.py:188} INFO - [2026-09-23T12:21:56.276+0000] {dag.py:3947} INFO - Setting next_dagrun for example_subdag_operator.section-1 to None, run_after=None
[2026-09-23T12:21:56.278+0000] {logging_mixin.py:188} INFO - [2026-09-23T12:21:56.277+0000] {dag.py:3947} INFO - Setting next_dagrun for example_subdag_operator.section-2 to None, run_after=None
[2026-09-23T12:21:56.283+0000] {logging_mixin.py:188} INFO - [2026-09-23T12:21:56.283+0000] {dag.py:3089} INFO - Sync 2 DAGs
[2026-09-23T12:21:56.287+0000] {logging_mixin.py:188} INFO - [2026-09-23T12:21:56.287+0000] {dag.py:3947} INFO - Setting next_dagrun for example_subdag_operator.section-1 to None, run_after=None
[2026-09-23T12:21:56.288+0000] {logging_mixin.py:188} INFO - [2026-09-23T12:21:56.288+0000] {dag.py:3947} INFO - Setting next_dagrun for example_subdag_operator.section-2 to None, run_after=None
[2026-09-23T12:21:56.350+0000] {processor.py:183} INFO - Processing /home/airflow/.local/lib/python3.12/site-packages/airflow/example_dags/example_subdag_operator.py took 0.138 seconds
[2026-09-23T12:22:26.908+0000] {processor.py:161} INFO - Started process (PID=815) to work on /home/airflow/.local/lib/python3.12/site-packages/airflow/example_dags/example_subdag_operator.py
[2026-09-23T12:22:26.909+0000] {processor.py:830} INFO - Processing file /home/airflow/.local/lib/python3.12/site-packages/airflow/example_dags/example_subdag_operator.py for tasks to queue
[2026-09-23T12:22:26.911+0000] {logging_mixin.py:188} INFO - [2026-09-23T12:22:26.911+0000] {dagbag.py:545} INFO - Filling up the DagBag from /home/airflow/.local/lib/python3.12/site-packages/airflow/example_dags/example_subdag_operator.py
[2026-09-23T12:22:26.933+0000] {processor.py:840} INFO - DAG(s) 'example_subdag_operator.section-1', 'example_subdag_operator.section-2', 'example_subdag_operator' retrieved from /home/airflow/.local/lib/python3.12/site-packages/airflow/example_dags/example_subdag_operator.py
[2026-09-23T12:22:26.947+0000] {logging_mixin.py:188} INFO - [2026-09-23T12:22:26.947+0000] {dag.py:3089} INFO - Sync 3 DAGs
[2026-09-23T12:22:26.972+0000] {logging_mixin.py:188} INFO - [2026-09-23T12:22:26.972+0000] {dag.py:3947} INFO - Setting next_dagrun for example_subdag_operator to 2022-01-01 00:00:00+00:00, run_after=2022-01-01 00:00:00+00:00
[2026-09-23T12:22:26.978+0000] {logging_mixin.py:188} INFO - [2026-09-23T12:22:26.978+0000] {dag.py:3947} INFO - Setting next_dagrun for example_subdag_operator.section-1 to None, run_after=None
[2026-09-23T12:22:26.981+0000] {logging_mixin.py:188} INFO - [2026-09-23T12:22:26.981+0000] {dag.py:3947} INFO - Setting next_dagrun for example_subdag_operator.section-2 to None, run_after=None
[2026-09-23T12:22:26.998+0000] {logging_mixin.py:188} INFO - [2026-09-23T12:22:26.998+0000] {dag.py:3089} INFO - Sync 2 DAGs
[2026-09-23T12:22:27.006+0000] {logging_mixin.py:188} INFO - [2026-09-23T12:22:27.005+0000] {dag.py:3947} INFO - Setting next_dagrun for example_subdag_operator.section-1 to None, run_after=None
[2026-09-23T12:22:27.006+0000] {logging_mixin.py:188} INFO - [2026-09-23T12:22:27.006+0000] {dag.py:3947} INFO - Setting next_dagrun for example_subdag_operator.section-2 to None, run_after=None
[2026-09-23T12:22:27.074+0000] {processor.py:183} INFO - Processing /home/airflow/.local/lib/python3.12/site-packages/airflow/example_dags/example_subdag_operator.py took 0.171 seconds
[2026-09-23T12:24:02.801+0000] {processor.py:161} INFO - Started process (PID=102) to work on /home/airflow/.local/lib/python3.12/site-packages/airflow/example_dags/example_subdag_operator.py
[2026-09-23T12:24:02.803+0000] {processor.py:830} INFO - Processing file /home/airflow/.local/lib/python3.12/site-packages/airflow/example_dags/example_subdag_operator.py for tasks to queue
[2026-09-23T12:24:02.806+0000] {logging_mixin.py:188} INFO - [2026-09-23T12:24:02.806+0000] {dagbag.py:545} INFO - Filling up the DagBag from /home/airflow/.local/lib/python3.12/site-packages/airflow/example_dags/example_subdag_operator.py
[2026-09-23T12:24:02.844+0000] {processor.py:840} INFO - DAG(s) 'example_subdag_operator.section-1', 'example_subdag_operator.section-2', 'example_subdag_operator' retrieved from /home/airflow/.local/lib/python3.12/site-packages/airflow/example_dags/example_subdag_operator.py
[2026-09-23T12:24:02.998+0000] {logging_mixin.py:188} INFO - [2026-09-23T12:24:02.997+0000] {dag.py:3089} INFO - Sync 3 DAGs
[2026-09-23T12:24:03.032+0000] {logging_mixin.py:188} INFO - [2026-09-23T12:24:03.032+0000] {dag.py:3947} INFO - Setting next_dagrun for example_subdag_operator to 2022-01-01 00:00:00+00:00, run_after=2022-01-01 00:00:00+00:00
[2026-09-23T12:24:03.038+0000] {logging_mixin.py:188} INFO - [2026-09-23T12:24:03.037+0000] {dag.py:3947} INFO - Setting next_dagrun for example_subdag_operator.section-1 to None, run_after=None
[2026-09-23T12:24:03.040+0000] {logging_mixin.py:188} INFO - [2026-09-23T12:24:03.039+0000] {dag.py:3947} INFO - Setting next_dagrun for example_subdag_operator.section-2 to None, run_after=None
[2026-09-23T12:24:03.056+0000] {logging_mixin.py:188} INFO - [2026-09-23T12:24:03.056+0000] {dag.py:3089} INFO - Sync 2 DAGs
[2026-09-23T12:24:03.064+0000] {logging_mixin.py:188} INFO - [2026-09-23T12:24:03.063+0000] {dag.py:3947} INFO - Setting next_dagrun for example_subdag_operator.section-1 to None, run_after=None
[2026-09-23T12:24:03.066+0000] {logging_mixin.py:188} INFO - [2026-09-23T12:24:03.065+0000] {dag.py:3947} INFO - Setting next_dagrun for example_subdag_operator.section-2 to None, run_after=None
[2026-09-23T12:24:03.090+0000] {processor.py:183} INFO - Processing /home/airflow/.local/lib/python3.12/site-packages/airflow/example_dags/example_subdag_operator.py took 0.299 seconds
[2026-09-23T12:24:33.152+0000] {processor.py:161} INFO - Started process (PID=160) to work on /home/airflow/.local/lib/python3.12/site-packages/airflow/example_dags/example_subdag_operator.py
[2026-09-23T12:24:33.153+0000] {processor.py:830} INFO - Processing file /home/airflow/.local/lib/python3.12/site-packages/airflow/example_dags/example_subdag_operator.py for tasks to queue
[2026-09-23T12:24:33.155+0000] {logging_mixin.py:188} INFO - [2026-09-23T12:24:33.155+0000] {dagbag.py:545} INFO - Filling up the DagBag from /home/airflow/.local/lib/python3.12/site-packages/airflow/example_dags/example_subdag_operator.py
[2026-09-23T12:24:33.179+0000] {processor.py:840} INFO - DAG(s) 'example_subdag_operator.section-1', 'example_subdag_operator.section-2', 'example_subdag_operator' retrieved from /home/airflow/.local/lib/python3.12/site-packages/airflow/example_dags/example_subdag_operator.py
[2026-09-23T12:24:33.195+0000] {logging_mixin.py:188} INFO - [2026-09-23T12:24:33.194+0000] {dag.py:3089} INFO - Sync 3 DAGs
[2026-09-23T12:24:33.221+0000] {logging_mixin.py:188} INFO - [2026-09-23T12:24:33.221+0000] {dag.py:3947} INFO - Setting next_dagrun for example_subdag_operator to 2022-01-01 00:00:00+00:00, run_after=2022-01-01 00:00:00+00:00
[2026-09-23T12:24:33.226+0000] {logging_mixin.py:188} INFO - [2026-09-23T12:24:33.225+0000] {dag.py:3947} INFO - Setting next_dagrun for example_subdag_operator.section-1 to None, run_after=None
[2026-09-23T12:24:33.227+0000] {logging_mixin.py:188} INFO - [2026-09-23T12:24:33.227+0000] {dag.py:3947} INFO - Setting next_dagrun for example_subdag_operator.section-2 to None, run_after=None
[2026-09-23T12:24:33.234+0000] {logging_mixin.py:188} INFO - [2026-09-23T12:24:33.234+0000] {dag.py:3089} INFO - Sync 2 DAGs
[2026-09-23T12:24:33.238+0000] {logging_mixin.py:188} INFO - [2026-09-23T12:24:33.238+0000] {dag.py:3947} INFO - Setting next_dagrun for example_subdag_operator.section-1 to None, run_after=None
[2026-09-23T12:24:33.239+0000] {logging_mixin.py:188} INFO - [2026-09-23T12:24:33.239+0000] {dag.py:3947} INFO - Setting next_dagrun for example_subdag_operator.section-2 to None, run_after=None
[2026-09-23T12:24:33.280+0000] {processor.py:183} INFO - Processing /home/airflow/.local/lib/python3.12/site-packages/airflow/example_dags/example_subdag_operator.py took 0.135 seconds
