[2026-09-23T12:16:20.490+0000] {processor.py:161} INFO - Started process (PID=108) to work on /home/airflow/.local/lib/python3.12/site-packages/airflow/example_dags/example_display_name.py
[2026-09-23T12:16:20.491+0000] {processor.py:830} INFO - Processing file /home/airflow/.local/lib/python3.12/site-packages/airflow/example_dags/example_display_name.py for tasks to queue
[2026-09-23T12:16:20.493+0000] {logging_mixin.py:188} INFO - [2026-09-23T12:16:20.493+0000] {dagbag.py:545} INFO - Filling up the DagBag from /home/airflow/.local/lib/python3.12/site-packages/airflow/example_dags/example_display_name.py
[2026-09-23T12:16:20.500+0000] {processor.py:840} INFO - DAG(s) 'example_display_name' retrieved from /home/airflow/.local/lib/python3.12/site-packages/airflow/example_dags/example_display_name.py
[2026-09-23T12:16:20.617+0000] {logging_mixin.py:188} INFO - [2026-09-23T12:16:20.616+0000] {dag.py:3089} INFO - Sync 1 DAGs
[2026-09-23T12:16:20.629+0000] {logging_mixin.py:188} INFO - [2026-09-23T12:16:20.629+0000] {dag.py:3947} INFO - Setting next_dagrun for example_display_name to None, run_after=None
[2026-09-23T12:16:20.653+0000] {processor.py:183} INFO - Processing /home/airflow/.local/lib/python3.12/site-packages/airflow/example_dags/example_display_name.py took 0.169 seconds
[2026-09-23T12:16:50.710+0000] {processor.py:161} INFO - Started process (PID=166) to work on /home/airflow/.local/lib/python3.12/site-packages/airflow/example_dags/example_display_name.py
[2026-09-23T12:16:50.711+0000] {processor.py:830} INFO - Processing file /home/airflow/.local/lib/python3.12/site-packages/airflow/example_dags/example_display_name.py for tasks to queue
[2026-09-23T12:16:50.714+0000] {logging_mixin.py:188} INFO - [2026-09-23T12:16:50.714+0000] {dagbag.py:545} INFO - Filling up the DagBag from /home/airflow/.local/lib/python3.12/site-packages/airflow/example_dags/example_display_name.py
[2026-09-23T12:16:50.721+0000] {processor.py:840} INFO - DAG(s) 'example_display_name' retrieved from /home/airflow/.local/lib/python3.12/site-packages/airflow/example_dags/example_display_name.py
[2026-09-23T12:16:50.743+0000] {logging_mixin.py:188} INFO - [2026-09-23T12:16:50.743+0000] {dag.py:3089} INFO - Sync 1 DAGs
[2026-09-23T12:16:50.758+0000] {logging_mixin.py:188} INFO - [2026-09-23T12:16:50.757+0000] {dag.py:3947} INFO - Setting next_dagrun for example_display_name to None, run_after=None
[2026-09-23T12:16:50.836+0000] {processor.py:183} INFO - Processing /home/airflow/.local/lib/python3.12/site-packages/airflow/example_dags/example_display_name.py took 0.134 seconds
[2026-09-23T12:17:21.073+0000] {processor.py:161} INFO - Started process (PID=224) to work on /home/airflow/.local/lib/python3.12/site-packages/airflow/example_dags/example_display_name.py
[2026-09-23T12:17:21.074+0000] {processor.py:830} INFO - Processing file /home/airflow/.local/lib/python3.12/site-packages/airflow/example_dags/example_display_name.py for tasks to queue
[2026-09-23T12:17:21.076+0000] {logging_mixin.py:188} INFO - [2026-09-23T12:17:21.075+0000] {dagbag.py:545} INFO - Filling up the DagBag from /home/airflow/.local/lib/python3.12/site-packages/airflow/example_dags/example_display_name.py
[2026-09-23T12:17:21.081+0000] {processor.py:840} INFO - DAG(s) 'example_display_name' retrieved from /home/airflow/.local/lib/python3.12/site-packages/airflow/example_dags/example_display_name.py
[2026-09-23T12:17:21.098+0000] {logging_mixin.py:188} INFO - [2026-09-23T12:17:21.098+0000] {dag.py:3089} INFO - Sync 1 DAGs
[2026-09-23T12:17:21.108+0000] {logging_mixin.py:188} INFO - [2026-09-23T12:17:21.108+0000] {dag.py:3947} INFO - Setting next_dagrun for example_display_name to None, run_after=None
[2026-09-23T12:17:21.129+0000] {processor.py:183} INFO - Processing /home/airflow/.local/lib/python3.12/site-packages/airflow/example_dags/example_display_name.py took 0.062 seconds
[2026-09-23T12:17:52.475+0000] {processor.py:161} INFO - Started process (PID=282) to work on /home/airflow/.local/lib/python3.12/site-packages/airflow/example_dags/example_display_name.py
[2026-09-23T12:17:52.478+0000] {processor.py:830} INFO - Processing file /home/airflow/.local/lib/python3.12/site-packages/airflow/example_dags/example_display_name.py for tasks to queue
[2026-09-23T12:17:52.482+0000] {logging_mixin.py:188} INFO - [2026-09-23T12:17:52.481+0000] {dagbag.py:545} INFO - Filling up the DagBag from /home/airflow/.local/lib/python3.12/site-packages/airflow/example_dags/example_display_name.py
[2026-09-23T12:17:52.508+0000] {processor.py:840} INFO - DAG(s) 'example_display_name' retrieved from /home/airflow/.local/lib/python3.12/site-packages/airflow/example_dags/example_display_name.py
[2026-09-23T12:17:52.556+0000] {logging_mixin.py:188} INFO - [2026-09-23T12:17:52.556+0000] {dag.py:3089} INFO - Sync 1 DAGs
[2026-09-23T12:17:52.590+0000] {logging_mixin.py:188} INFO - [2026-09-23T12:17:52.590+0000] {dag.py:3947} INFO - Setting next_dagrun for example_display_name to None, run_after=None
[2026-09-23T12:17:52.654+0000] {processor.py:183} INFO - Processing /home/airflow/.local/lib/python3.12/site-packages/airflow/example_dags/example_display_name.py took 0.198 seconds
[2026-09-23T12:18:23.554+0000] {processor.py:161} INFO - Started process (PID=340) to work on /home/airflow/.local/lib/python3.12/site-packages/airflow/example_dags/example_display_name.py
[2026-09-23T12:18:23.555+0000] {processor.py:830} INFO - Processing file /home/airflow/.local/lib/python3.12/site-packages/airflow/example_dags/example_display_name.py for tasks to queue
[2026-09-23T12:18:23.558+0000] {logging_mixin.py:188} INFO - [2026-09-23T12:18:23.557+0000] {dagbag.py:545} INFO - Filling up the DagBag from /home/airflow/.local/lib/python3.12/site-packages/airflow/example_dags/example_display_name.py
[2026-09-23T12:18:23.567+0000] {processor.py:840} INFO - DAG(s) 'example_display_name' retrieved from /home/airflow/.local/lib/python3.12/site-packages/airflow/example_dags/example_display_name.py
[2026-09-23T12:18:23.594+0000] {logging_mixin.py:188} INFO - [2026-09-23T12:18:23.594+0000] {dag.py:3089} INFO - Sync 1 DAGs
[2026-09-23T12:18:23.609+0000] {logging_mixin.py:188} INFO - [2026-09-23T12:18:23.608+0000] {dag.py:3947} INFO - Setting next_dagrun for example_display_name to None, run_after=None
[2026-09-23T12:18:23.654+0000] {processor.py:183} INFO - Processing /home/airflow/.local/lib/python3.12/site-packages/airflow/example_dags/example_display_name.py took 0.106 seconds
[2026-09-23T12:18:54.296+0000] {processor.py:161} INFO - Started process (PID=398) to work on /home/airflow/.local/lib/python3.12/site-packages/airflow/example_dags/example_display_name.py
[2026-09-23T12:18:54.298+0000] {processor.py:830} INFO - Processing file /home/airflow/.local/lib/python3.12/site-packages/airflow/example_dags/example_display_name.py for tasks to queue
[2026-09-23T12:18:54.300+0000] {logging_mixin.py:188} INFO - [2026-09-23T12:18:54.299+0000] {dagbag.py:545} INFO - Filling up the DagBag from /home/airflow/.local/lib/python3.12/site-packages/airflow/example_dags/example_display_name.py
[2026-09-23T12:18:54.305+0000] {processor.py:840} INFO - DAG(s) 'example_display_name' retrieved from /home/airflow/.local/lib/python3.12/site-packages/airflow/example_dags/example_display_name.py
[2026-09-23T12:18:54.326+0000] {logging_mixin.py:188} INFO - [2026-09-23T12:18:54.326+0000] {dag.py:3089} INFO - Sync 1 DAGs
[2026-09-23T12:18:54.340+0000] {logging_mixin.py:188} INFO - [2026-09-23T12:18:54.340+0000] {dag.py:3947} INFO - Setting next_dagrun for example_display_name to None, run_after=None
[2026-09-23T12:18:54.421+0000] {processor.py:183} INFO - Processing /home/airflow/.local/lib/python3.12/site-packages/airflow/example_dags/example_display_name.py took 0.131 seconds
[2026-09-23T12:19:24.933+0000] {processor.py:161} INFO - Started process (PID=476) to work on /home/airflow/.local/lib/python3.12/site-packages/airflow/example_dags/example_display_name.py
[2026-09-23T12:19:24.934+0000] {processor.py:830} INFO - Processing file /home/airflow/.local/lib/python3.12/site-packages/airflow/example_dags/example_display_name.py for tasks to queue
[2026-09-23T12:19:24.936+0000] {logging_mixin.py:188} INFO - [2026-09-23T12:19:24.936+0000] {dagbag.py:545} INFO - Filling up the DagBag from /home/airflow/.local/lib/python3.12/site-packages/airflow/example_dags/example_display_name.py
[2026-09-23T12:19:24.943+0000] {processor.py:840} INFO - DAG(s) 'example_display_name' retrieved from /home/airflow/.local/lib/python3.12/site-packages/airflow/example_dags/example_display_name.py
[2026-09-23T12:19:24.966+0000] {logging_mixin.py:188} INFO - [2026-09-23T12:19:24.965+0000] {dag.py:3089} INFO - Sync 1 DAGs
[2026-09-23T12:19:24.980+0000] {logging_mixin.py:188} INFO - [2026-09-23T12:19:24.980+0000] {dag.py:3947} INFO - Setting next_dagrun for example_display_name to None, run_after=None
[2026-09-23T12:19:25.044+0000] {processor.py:183} INFO - Processing /home/airflow/.local/lib/python3.12/site-packages/airflow/example_dags/example_display_name.py took 0.117 seconds
[2026-09-23T12:19:55.875+0000] {processor.py:161} INFO - Started process (PID=534) to work on /home/airflow/.local/lib/python3.12/site-packages/airflow/example_dags/example_display_name.py
[2026-09-23T12:19:55.876+0000] {processor.py:830} INFO - Processing file /home/airflow/.local/lib/python3.12/site-packages/airflow/example_dags/example_display_name.py for tasks to queue
[2026-09-23T12:19:55.879+0000] {logging_mixin.py:188} INFO - [2026-09-23T12:19:55.878+0000] {dagbag.py:545} INFO - Filling up the DagBag from /home/airflow/.local/lib/python3.12/site-packages/airflow/example_dags/example_display_name.py
[2026-09-23T12:19:55.886+0000] {processor.py:840} INFO - DAG(s) 'example_display_name' retrieved from /home/airflow/.local/lib/python3.12/site-packages/airflow/example_dags/example_display_name.py
[2026-09-23T12:19:55.903+0000] {logging_mixin.py:188} INFO - [2026-09-23T12:19:55.903+0000] {dag.py:3089} INFO - Sync 1 DAGs
[2026-09-23T12:19:55.914+0000] {logging_mixin.py:188} INFO - [2026-09-23T12:19:55.913+0000] {dag.py:3947} INFO - Setting next_dagrun for example_display_name to None, run_after=None
[2026-09-23T12:19:55.932+0000] {processor.py:183} INFO - Processing /home/airflow/.local/lib/python3.12/site-packages/airflow/example_dags/example_display_name.py took 0.065 seconds
[2026-09-23T12:20:26.522+0000] {processor.py:161} INFO - Started process (PID=592) to work on /home/airflow/.local/lib/python3.12/site-packages/airflow/example_dags/example_display_name.py
[2026-09-23T12:20:26.523+0000] {processor.py:830} INFO - Processing file /home/airflow/.local/lib/python3.12/site-packages/airflow/example_dags/example_display_name.py for tasks to queue
[2026-09-23T12:20:26.526+0000] {logging_mixin.py:188} INFO - [2026-09-23T12:20:26.525+0000] {dagbag.py:545} INFO - Filling up the DagBag from /home/airflow/.local/lib/python3.12/site-packages/airflow/example_dags/example_display_name.py
[2026-09-23T12:20:26.534+0000] {processor.py:840} INFO - DAG(s) 'example_display_name' retrieved from /home/airflow/.local/lib/python3.12/site-packages/airflow/example_dags/example_display_name.py
[2026-09-23T12:20:26.554+0000] {logging_mixin.py:188} INFO - [2026-09-23T12:20:26.554+0000] {dag.py:3089} INFO - Sync 1 DAGs
[2026-09-23T12:20:26.567+0000] {logging_mixin.py:188} INFO - [2026-09-23T12:20:26.567+0000] {dag.py:3947} INFO - Setting next_dagrun for example_display_name to None, run_after=None
[2026-09-23T12:20:26.606+0000] {processor.py:183} INFO - Processing /home/airflow/.local/lib/python3.12/site-packages/airflow/example_dags/example_display_name.py took 0.090 seconds
[2026-09-23T12:20:56.859+0000] {processor.py:161} INFO - Started process (PID=650) to work on /home/airflow/.local/lib/python3.12/site-packages/airflow/example_dags/example_display_name.py
[2026-09-23T12:20:56.860+0000] {processor.py:830} INFO - Processing file /home/airflow/.local/lib/python3.12/site-packages/airflow/example_dags/example_display_name.py for tasks to queue
[2026-09-23T12:20:56.862+0000] {logging_mixin.py:188} INFO - [2026-09-23T12:20:56.862+0000] {dagbag.py:545} INFO - Filling up the DagBag from /home/airflow/.local/lib/python3.12/site-packages/airflow/example_dags/example_display_name.py
[2026-09-23T12:20:56.869+0000] {processor.py:840} INFO - DAG(s) 'example_display_name' retrieved from /home/airflow/.local/lib/python3.12/site-packages/airflow/example_dags/example_display_name.py
[2026-09-23T12:20:56.889+0000] {logging_mixin.py:188} INFO - [2026-09-23T12:20:56.889+0000] {dag.py:3089} INFO - Sync 1 DAGs
[2026-09-23T12:20:56.903+0000] {logging_mixin.py:188} INFO - [2026-09-23T12:20:56.903+0000] {dag.py:3947} INFO - Setting next_dagrun for example_display_name to None, run_after=None
[2026-09-23T12:20:56.981+0000] {processor.py:183} INFO - Processing /home/airflow/.local/lib/python3.12/site-packages/airflow/example_dags/example_display_name.py took 0.129 seconds
[2026-09-23T12:21:27.090+0000] {processor.py:161} INFO - Started process (PID=708) to work on /home/airflow/.local/lib/python3.12/site-packages/airflow/example_dags/example_display_name.py
[2026-09-23T12:21:27.091+0000] {processor.py:830} INFO - Processing file /home/airflow/.local/lib/python3.12/site-packages/airflow/example_dags/example_display_name.py for tasks to queue
[2026-09-23T12:21:27.094+0000] {logging_mixin.py:188} INFO - [2026-09-23T12:21:27.093+0000] {dagbag.py:545} INFO - Filling up the DagBag from /home/airflow/.local/lib/python3.12/site-packages/airflow/example_dags/example_display_name.py
[2026-09-23T12:21:27.099+0000] {processor.py:840} INFO - DAG(s) 'example_display_name' retrieved from /home/airflow/.local/lib/python3.12/site-packages/airflow/example_dags/example_display_name.py
[2026-09-23T12:21:27.123+0000] {logging_mixin.py:188} INFO - [2026-09-23T12:21:27.123+0000] {dag.py:3089} INFO - Sync 1 DAGs
[2026-09-23T12:21:27.136+0000] {logging_mixin.py:188} INFO - [2026-09-23T12:21:27.136+0000] {dag.py:3947} INFO - Setting next_dagrun for example_display_name to None, run_after=None
[2026-09-23T12:21:27.158+0000] {processor.py:183} INFO - Processing /home/airflow/.local/lib/python3.12/site-packages/airflow/example_dags/example_display_name.py took 0.074 seconds
[2026-09-23T12:21:57.882+0000] {processor.py:161} INFO - Started process (PID=766) to work on /home/airflow/.local/lib/python3.12/site-packages/airflow/example_dags/example_display_name.py
[2026-09-23T12:21:57.883+0000] {processor.py:830} INFO - Processing file /home/airflow/.local/lib/python3.12/site-packages/airflow/example_dags/example_display_name.py for tasks to queue
[2026-09-23T12:21:57.885+0000] {logging_mixin.py:188} INFO - [2026-09-23T12:21:57.885+0000] {dagbag.py:545} INFO - Filling up the DagBag from /home/airflow/.local/lib/python3.12/site-packages/airflow/example_dags/example_display_name.py
[2026-09-23T12:21:57.892+0000] {processor.py:840} INFO - DAG(s) 'example_display_name' retrieved from /home/airflow/.local/lib/python3.12/site-packages/airflow/example_dags/example_display_name.py
[2026-09-23T12:21:57.914+0000] {logging_mixin.py:188} INFO - [2026-09-23T12:21:57.914+0000] {dag.py:3089} INFO - Sync 1 DAGs
[2026-09-23T12:21:57.925+0000] {logging_mixin.py:188} INFO - [2026-09-23T12:21:57.925+0000] {dag.py:3947} INFO - Setting next_dagrun for example_display_name to None, run_after=None
[2026-09-23T12:21:57.947+0000] {processor.py:183} INFO - Processing /home/airflow/.local/lib/python3.12/site-packages/airflow/example_dags/example_display_name.py took 0.071 seconds
[2026-09-23T12:22:28.955+0000] {processor.py:161} INFO - Started process (PID=824) to work on /home/airflow/.local/lib/python3.12/site-packages/airflow/example_dags/example_display_name.py
[2026-09-23T12:22:28.956+0000] {processor.py:830} INFO - Processing file /home/airflow/.local/lib/python3.12/site-packages/airflow/example_dags/example_display_name.py for tasks to queue
[2026-09-23T12:22:28.958+0000] {logging_mixin.py:188} INFO - [2026-09-23T12:22:28.958+0000] {dagbag.py:545} INFO - Filling up the DagBag from /home/airflow/.local/lib/python3.12/site-packages/airflow/example_dags/example_display_name.py
[2026-09-23T12:22:28.965+0000] {processor.py:840} INFO - DAG(s) 'example_display_name' retrieved from /home/airflow/.local/lib/python3.12/site-packages/airflow/example_dags/example_display_name.py
[2026-09-23T12:22:28.985+0000] {logging_mixin.py:188} INFO - [2026-09-23T12:22:28.985+0000] {dag.py:3089} INFO - Sync 1 DAGs
[2026-09-23T12:22:29.001+0000] {logging_mixin.py:188} INFO - [2026-09-23T12:22:29.001+0000] {dag.py:3947} INFO - Setting next_dagrun for example_display_name to None, run_after=None
[2026-09-23T12:22:29.074+0000] {processor.py:183} INFO - Processing /home/airflow/.local/lib/python3.12/site-packages/airflow/example_dags/example_display_name.py took 0.129 seconds
[2026-09-23T12:24:04.556+0000] {processor.py:161} INFO - Started process (PID=111) to work on /home/airflow/.local/lib/python3.12/site-packages/airflow/example_dags/example_display_name.py
[2026-09-23T12:24:04.558+0000] {processor.py:830} INFO - Processing file /home/airflow/.local/lib/python3.12/site-packages/airflow/example_dags/example_display_name.py for tasks to queue
[2026-09-23T12:24:04.560+0000] {logging_mixin.py:188} INFO - [2026-09-23T12:24:04.560+0000] {dagbag.py:545} INFO - Filling up the DagBag from /home/airflow/.local/lib/python3.12/site-packages/airflow/example_dags/example_display_name.py
[2026-09-23T12:24:04.568+0000] {processor.py:840} INFO - DAG(s) 'example_display_name' retrieved from /home/airflow/.local/lib/python3.12/site-packages/airflow/example_dags/example_display_name.py
[2026-09-23T12:24:04.697+0000] {logging_mixin.py:188} INFO - [2026-09-23T12:24:04.697+0000] {dag.py:3089} INFO - Sync 1 DAGs
[2026-09-23T12:24:04.713+0000] {logging_mixin.py:188} INFO - [2026-09-23T12:24:04.713+0000] {dag.py:3947} INFO - Setting next_dagrun for example_display_name to None, run_after=None
[2026-09-23T12:24:04.787+0000] {processor.py:183} INFO - Processing /home/airflow/.local/lib/python3.12/site-packages/airflow/example_dags/example_display_name.py took 0.238 seconds
[2026-09-23T12:24:35.642+0000] {processor.py:161} INFO - Started process (PID=169) to work on /home/airflow/.local/lib/python3.12/site-packages/airflow/example_dags/example_display_name.py
[2026-09-23T12:24:35.644+0000] {processor.py:830} INFO - Processing file /home/airflow/.local/lib/python3.12/site-packages/airflow/example_dags/example_display_name.py for tasks to queue
[2026-09-23T12:24:35.647+0000] {logging_mixin.py:188} INFO - [2026-09-23T12:24:35.646+0000] {dagbag.py:545} INFO - Filling up the DagBag from /home/airflow/.local/lib/python3.12/site-packages/airflow/example_dags/example_display_name.py
[2026-09-23T12:24:35.655+0000] {processor.py:840} INFO - DAG(s) 'example_display_name' retrieved from /home/airflow/.local/lib/python3.12/site-packages/airflow/example_dags/example_display_name.py
[2026-09-23T12:24:35.678+0000] {logging_mixin.py:188} INFO - [2026-09-23T12:24:35.678+0000] {dag.py:3089} INFO - Sync 1 DAGs
[2026-09-23T12:24:35.691+0000] {logging_mixin.py:188} INFO - [2026-09-23T12:24:35.691+0000] {dag.py:3947} INFO - Setting next_dagrun for example_display_name to None, run_after=None
[2026-09-23T12:24:35.710+0000] {processor.py:183} INFO - Processing /home/airflow/.local/lib/python3.12/site-packages/airflow/example_dags/example_display_name.py took 0.074 seconds
