[2026-09-23T12:16:18.678+0000] {processor.py:161} INFO - Started process (PID=98) to work on /home/airflow/.local/lib/python3.12/site-packages/airflow/example_dags/example_latest_only_with_trigger.py
[2026-09-23T12:16:18.681+0000] {processor.py:830} INFO - Processing file /home/airflow/.local/lib/python3.12/site-packages/airflow/example_dags/example_latest_only_with_trigger.py for tasks to queue
[2026-09-23T12:16:18.683+0000] {logging_mixin.py:188} INFO - [2026-09-23T12:16:18.683+0000] {dagbag.py:545} INFO - Filling up the DagBag from /home/airflow/.local/lib/python3.12/site-packages/airflow/example_dags/example_latest_only_with_trigger.py
[2026-09-23T12:16:18.692+0000] {processor.py:840} INFO - DAG(s) 'latest_only_with_trigger' retrieved from /home/airflow/.local/lib/python3.12/site-packages/airflow/example_dags/example_latest_only_with_trigger.py
[2026-09-23T12:16:18.800+0000] {logging_mixin.py:188} INFO - [2026-09-23T12:16:18.800+0000] {dag.py:3089} INFO - Sync 1 DAGs
[2026-09-23T12:16:18.825+0000] {logging_mixin.py:188} INFO - [2026-09-23T12:16:18.824+0000] {dag.py:3947} INFO - Setting next_dagrun for latest_only_with_trigger to 2026-09-23 08:00:00+00:00, run_after=2026-09-23 12:00:00+00:00
[2026-09-23T12:16:18.849+0000] {processor.py:183} INFO - Processing /home/airflow/.local/lib/python3.12/site-packages/airflow/example_dags/example_latest_only_with_trigger.py took 0.177 seconds
[2026-09-23T12:16:49.725+0000] {processor.py:161} INFO - Started process (PID=156) to work on /home/airflow/.local/lib/python3.12/site-packages/airflow/example_dags/example_latest_only_with_trigger.py
[2026-09-23T12:16:49.727+0000] {processor.py:830} INFO - Processing file /home/airflow/.local/lib/python3.12/site-packages/airflow/example_dags/example_latest_only_with_trigger.py for tasks to queue
[2026-09-23T12:16:49.729+0000] {logging_mixin.py:188} INFO - [2026-09-23T12:16:49.728+0000] {dagbag.py:545} INFO - Filling up the DagBag from /home/airflow/.local/lib/python3.12/site-packages/airflow/example_dags/example_latest_only_with_trigger.py
[2026-09-23T12:16:49.735+0000] {processor.py:840} INFO - DAG(s) 'latest_only_with_trigger' retrieved from /home/airflow/.local/lib/python3.12/site-packages/airflow/example_dags/example_latest_only_with_trigger.py
[2026-09-23T12:16:49.761+0000] {logging_mixin.py:188} INFO - [2026-09-23T12:16:49.761+0000] {dag.py:3089} INFO - Sync 1 DAGs
[2026-09-23T12:16:49.785+0000] {logging_mixin.py:188} INFO - [2026-09-23T12:16:49.785+0000] {dag.py:3947} INFO - Setting next_dagrun for latest_only_with_trigger to 2026-09-23 08:00:00+00:00, run_after=2026-09-23 12:00:00+00:00
[2026-09-23T12:16:49.809+0000] {processor.py:183} INFO - Processing /home/airflow/.local/lib/python3.12/site-packages/airflow/example_dags/example_latest_only_with_trigger.py took 0.090 seconds
[2026-09-23T12:17:20.493+0000] {processor.py:161} INFO - Started process (PID=214) to work on /home/airflow/.local/lib/python3.12/site-packages/airflow/example_dags/example_latest_only_with_trigger.py
[2026-09-23T12:17:20.496+0000] {processor.py:830} INFO - Processing file /home/airflow/.local/lib/python3.12/site-packages/airflow/example_dags/example_latest_only_with_trigger.py for tasks to queue
[2026-09-23T12:17:20.498+0000] {logging_mixin.py:188} INFO - [2026-09-23T12:17:20.498+0000] {dagbag.py:545} INFO - Filling up the DagBag from /home/airflow/.local/lib/python3.12/site-packages/airflow/example_dags/example_latest_only_with_trigger.py
[2026-09-23T12:17:20.507+0000] {processor.py:840} INFO - DAG(s) 'latest_only_with_trigger' retrieved from /home/airflow/.local/lib/python3.12/site-packages/airflow/example_dags/example_latest_only_with_trigger.py
[2026-09-23T12:17:20.542+0000] {logging_mixin.py:188} INFO - [2026-09-23T12:17:20.541+0000] {dag.py:3089} INFO - Sync 1 DAGs
[2026-09-23T12:17:20.565+0000] {logging_mixin.py:188} INFO - [2026-09-23T12:17:20.564+0000] {dag.py:3947} INFO - Setting next_dagrun for latest_only_with_trigger to 2026-09-23 08:00:00+00:00, run_after=2026-09-23 12:00:00+00:00
[2026-09-23T12:17:20.583+0000] {processor.py:183} INFO - Processing /home/airflow/.local/lib/python3.12/site-packages/airflow/example_dags/example_latest_only_with_trigger.py took 0.098 seconds
[2026-09-23T12:17:51.199+0000] {processor.py:161} INFO - Started process (PID=272) to work on /home/airflow/.local/lib/python3.12/site-packages/airflow/example_dags/example_latest_only_with_trigger.py
[2026-09-23T12:17:51.231+0000] {processor.py:830} INFO - Processing file /home/airflow/.local/lib/python3.12/site-packages/airflow/example_dags/example_latest_only_with_trigger.py for tasks to queue
[2026-09-23T12:17:51.234+0000] {logging_mixin.py:188} INFO - [2026-09-23T12:17:51.234+0000] {dagbag.py:545} INFO - Filling up the DagBag from /home/airflow/.local/lib/python3.12/site-packages/airflow/example_dags/example_latest_only_with_trigger.py
[2026-09-23T12:17:51.244+0000] {processor.py:840} INFO - DAG(s) 'latest_only_with_trigger' retrieved from /home/airflow/.local/lib/python3.12/site-packages/airflow/example_dags/example_latest_only_with_trigger.py
[2026-09-23T12:17:51.269+0000] {logging_mixin.py:188} INFO - [2026-09-23T12:17:51.269+0000] {dag.py:3089} INFO - Sync 1 DAGs
[2026-09-23T12:17:51.292+0000] {logging_mixin.py:188} INFO - [2026-09-23T12:17:51.291+0000] {dag.py:3947} INFO - Setting next_dagrun for latest_only_with_trigger to 2026-09-23 08:00:00+00:00, run_after=2026-09-23 12:00:00+00:00
[2026-09-23T12:17:51.319+0000] {processor.py:183} INFO - Processing /home/airflow/.local/lib/python3.12/site-packages/airflow/example_dags/example_latest_only_with_trigger.py took 0.130 seconds
[2026-09-23T12:18:21.703+0000] {processor.py:161} INFO - Started process (PID=330) to work on /home/airflow/.local/lib/python3.12/site-packages/airflow/example_dags/example_latest_only_with_trigger.py
[2026-09-23T12:18:21.704+0000] {processor.py:830} INFO - Processing file /home/airflow/.local/lib/python3.12/site-packages/airflow/example_dags/example_latest_only_with_trigger.py for tasks to queue
[2026-09-23T12:18:21.706+0000] {logging_mixin.py:188} INFO - [2026-09-23T12:18:21.705+0000] {dagbag.py:545} INFO - Filling up the DagBag from /home/airflow/.local/lib/python3.12/site-packages/airflow/example_dags/example_latest_only_with_trigger.py
[2026-09-23T12:18:21.711+0000] {processor.py:840} INFO - DAG(s) 'latest_only_with_trigger' retrieved from /home/airflow/.local/lib/python3.12/site-packages/airflow/example_dags/example_latest_only_with_trigger.py
[2026-09-23T12:18:21.732+0000] {logging_mixin.py:188} INFO - [2026-09-23T12:18:21.732+0000] {dag.py:3089} INFO - Sync 1 DAGs
[2026-09-23T12:18:21.752+0000] {logging_mixin.py:188} INFO - [2026-09-23T12:18:21.752+0000] {dag.py:3947} INFO - Setting next_dagrun for latest_only_with_trigger to 2026-09-23 08:00:00+00:00, run_after=2026-09-23 12:00:00+00:00
[2026-09-23T12:18:21.831+0000] {processor.py:183} INFO - Processing /home/airflow/.local/lib/python3.12/site-packages/airflow/example_dags/example_latest_only_with_trigger.py took 0.132 seconds
[2026-09-23T12:18:52.482+0000] {processor.py:161} INFO - Started process (PID=388) to work on /home/airflow/.local/lib/python3.12/site-packages/airflow/example_dags/example_latest_only_with_trigger.py
[2026-09-23T12:18:52.484+0000] {processor.py:830} INFO - Processing file /home/airflow/.local/lib/python3.12/site-packages/airflow/example_dags/example_latest_only_with_trigger.py for tasks to queue
[2026-09-23T12:18:52.486+0000] {logging_mixin.py:188} INFO - [2026-09-23T12:18:52.485+0000] {dagbag.py:545} INFO - Filling up the DagBag from /home/airflow/.local/lib/python3.12/site-packages/airflow/example_dags/example_latest_only_with_trigger.py
[2026-09-23T12:18:52.491+0000] {processor.py:840} INFO - DAG(s) 'latest_only_with_trigger' retrieved from /home/airflow/.local/lib/python3.12/site-packages/airflow/example_dags/example_latest_only_with_trigger.py
[2026-09-23T12:18:52.512+0000] {logging_mixin.py:188} INFO - [2026-09-23T12:18:52.512+0000] {dag.py:3089} INFO - Sync 1 DAGs
[2026-09-23T12:18:52.542+0000] {logging_mixin.py:188} INFO - [2026-09-23T12:18:52.542+0000] {dag.py:3947} INFO - Setting next_dagrun for latest_only_with_trigger to 2026-09-23 08:00:00+00:00, run_after=2026-09-23 12:00:00+00:00
[2026-09-23T12:18:52.570+0000] {processor.py:183} INFO - Processing /home/airflow/.local/lib/python3.12/site-packages/airflow/example_dags/example_latest_only_with_trigger.py took 0.093 seconds
[2026-09-23T12:19:22.998+0000] {processor.py:161} INFO - Started process (PID=466) to work on /home/airflow/.local/lib/python3.12/site-packages/airflow/example_dags/example_latest_only_with_trigger.py
[2026-09-23T12:19:22.999+0000] {processor.py:830} INFO - Processing file /home/airflow/.local/lib/python3.12/site-packages/airflow/example_dags/example_latest_only_with_trigger.py for tasks to queue
[2026-09-23T12:19:23.002+0000] {logging_mixin.py:188} INFO - [2026-09-23T12:19:23.001+0000] {dagbag.py:545} INFO - Filling up the DagBag from /home/airflow/.local/lib/python3.12/site-packages/airflow/example_dags/example_latest_only_with_trigger.py
[2026-09-23T12:19:23.008+0000] {processor.py:840} INFO - DAG(s) 'latest_only_with_trigger' retrieved from /home/airflow/.local/lib/python3.12/site-packages/airflow/example_dags/example_latest_only_with_trigger.py
[2026-09-23T12:19:23.037+0000] {logging_mixin.py:188} INFO - [2026-09-23T12:19:23.037+0000] {dag.py:3089} INFO - Sync 1 DAGs
[2026-09-23T12:19:23.067+0000] {logging_mixin.py:188} INFO - [2026-09-23T12:19:23.067+0000] {dag.py:3947} INFO - Setting next_dagrun for latest_only_with_trigger to 2026-09-23 08:00:00+00:00, run_after=2026-09-23 12:00:00+00:00
[2026-09-23T12:19:23.152+0000] {processor.py:183} INFO - Processing /home/airflow/.local/lib/python3.12/site-packages/airflow/example_dags/example_latest_only_with_trigger.py took 0.167 seconds
[2026-09-23T12:19:54.087+0000] {processor.py:161} INFO - Started process (PID=524) to work on /home/airflow/.local/lib/python3.12/site-packages/airflow/example_dags/example_latest_only_with_trigger.py
[2026-09-23T12:19:54.088+0000] {processor.py:830} INFO - Processing file /home/airflow/.local/lib/python3.12/site-packages/airflow/example_dags/example_latest_only_with_trigger.py for tasks to queue
[2026-09-23T12:19:54.090+0000] {logging_mixin.py:188} INFO - [2026-09-23T12:19:54.090+0000] {dagbag.py:545} INFO - Filling up the DagBag from /home/airflow/.local/lib/python3.12/site-packages/airflow/example_dags/example_latest_only_with_trigger.py
[2026-09-23T12:19:54.096+0000] {processor.py:840} INFO - DAG(s) 'latest_only_with_trigger' retrieved from /home/airflow/.local/lib/python3.12/site-packages/airflow/example_dags/example_latest_only_with_trigger.py
[2026-09-23T12:19:54.116+0000] {logging_mixin.py:188} INFO - [2026-09-23T12:19:54.115+0000] {dag.py:3089} INFO - Sync 1 DAGs
[2026-09-23T12:19:54.138+0000] {logging_mixin.py:188} INFO - [2026-09-23T12:19:54.137+0000] {dag.py:3947} INFO - Setting next_dagrun for latest_only_with_trigger to 2026-09-23 08:00:00+00:00, run_after=2026-09-23 12:00:00+00:00
[2026-09-23T12:19:54.210+0000] {processor.py:183} INFO - Processing /home/airflow/.local/lib/python3.12/site-packages/airflow/example_dags/example_latest_only_with_trigger.py took 0.128 seconds
[2026-09-23T12:20:24.702+0000] {processor.py:161} INFO - Started process (PID=582) to work on /home/airflow/.local/lib/python3.12/site-packages/airflow/example_dags/example_latest_only_with_trigger.py
[2026-09-23T12:20:24.704+0000] {processor.py:830} INFO - Processing file /home/airflow/.local/lib/python3.12/site-packages/airflow/example_dags/example_latest_only_with_trigger.py for tasks to queue
[2026-09-23T12:20:24.706+0000] {logging_mixin.py:188} INFO - [2026-09-23T12:20:24.706+0000] {dagbag.py:545} INFO - Filling up the DagBag from /home/airflow/.local/lib/python3.12/site-packages/airflow/example_dags/example_latest_only_with_trigger.py
[2026-09-23T12:20:24.711+0000] {processor.py:840} INFO - DAG(s) 'latest_only_with_trigger' retrieved from /home/airflow/.local/lib/python3.12/site-packages/airflow/example_dags/example_latest_only_with_trigger.py
[2026-09-23T12:20:24.733+0000] {logging_mixin.py:188} INFO - [2026-09-23T12:20:24.732+0000] {dag.py:3089} INFO - Sync 1 DAGs
[2026-09-23T12:20:24.755+0000] {logging_mixin.py:188} INFO - [2026-09-23T12:20:24.755+0000] {dag.py:3947} INFO - Setting next_dagrun for latest_only_with_trigger to 2026-09-23 08:00:00+00:00, run_after=2026-09-23 12:00:00+00:00
[2026-09-23T12:20:24.838+0000] {processor.py:183} INFO - Processing /home/airflow/.local/lib/python3.12/site-packages/airflow/example_dags/example_latest_only_with_trigger.py took 0.141 seconds
[2026-09-23T12:20:54.967+0000] {processor.py:161} INFO - Started process (PID=640) to work on /home/airflow/.local/lib/python3.12/site-packages/airflow/example_dags/example_latest_only_with_trigger.py
[2026-09-23T12:20:54.968+0000] {processor.py:830} INFO - Processing file /home/airflow/.local/lib/python3.12/site-packages/airflow/example_dags/example_latest_only_with_trigger.py for tasks to queue
[2026-09-23T12:20:54.971+0000] {logging_mixin.py:188} INFO - [2026-09-23T12:20:54.970+0000] {dagbag.py:545} INFO - Filling up the DagBag from /home/airflow/.local/lib/python3.12/site-packages/airflow/example_dags/example_latest_only_with_trigger.py
[2026-09-23T12:20:54.977+0000] {processor.py:840} INFO - DAG(s) 'latest_only_with_trigger' retrieved from /home/airflow/.local/lib/python3.12/site-packages/airflow/example_dags/example_latest_only_with_trigger.py
[2026-09-23T12:20:55.002+0000] {logging_mixin.py:188} INFO - [2026-09-23T12:20:55.002+0000] {dag.py:3089} INFO - Sync 1 DAGs
[2026-09-23T12:20:55.027+0000] {logging_mixin.py:188} INFO - [2026-09-23T12:20:55.027+0000] {dag.py:3947} INFO - Setting next_dagrun for latest_only_with_trigger to 2026-09-23 08:00:00+00:00, run_after=2026-09-23 12:00:00+00:00
[2026-09-23T12:20:55.109+0000] {processor.py:183} INFO - Processing /home/airflow/.local/lib/python3.12/site-packages/airflow/example_dags/example_latest_only_with_trigger.py took 0.149 seconds
[2026-09-23T12:21:25.260+0000] {processor.py:161} INFO - Started process (PID=698) to work on /home/airflow/.local/lib/python3.12/site-packages/airflow/example_dags/example_latest_only_with_trigger.py
[2026-09-23T12:21:25.261+0000] {processor.py:830} INFO - Processing file /home/airflow/.local/lib/python3.12/site-packages/airflow/example_dags/example_latest_only_with_trigger.py for tasks to queue
[2026-09-23T12:21:25.264+0000] {logging_mixin.py:188} INFO - [2026-09-23T12:21:25.264+0000] {dagbag.py:545} INFO - Filling up the DagBag from /home/airflow/.local/lib/python3.12/site-packages/airflow/example_dags/example_latest_only_with_trigger.py
[2026-09-23T12:21:25.270+0000] {processor.py:840} INFO - DAG(s) 'latest_only_with_trigger' retrieved from /home/airflow/.local/lib/python3.12/site-packages/airflow/example_dags/example_latest_only_with_trigger.py
[2026-09-23T12:21:25.294+0000] {logging_mixin.py:188} INFO - [2026-09-23T12:21:25.293+0000] {dag.py:3089} INFO - Sync 1 DAGs
[2026-09-23T12:21:25.317+0000] {logging_mixin.py:188} INFO - [2026-09-23T12:21:25.316+0000] {dag.py:3947} INFO - Setting next_dagrun for latest_only_with_trigger to 2026-09-23 08:00:00+00:00, run_after=2026-09-23 12:00:00+00:00
[2026-09-23T12:21:25.340+0000] {processor.py:183} INFO - Processing /home/airflow/.local/lib/python3.12/site-packages/airflow/example_dags/example_latest_only_with_trigger.py took 0.087 seconds
[2026-09-23T12:21:56.056+0000] {processor.py:161} INFO - Started process (PID=756) to work on /home/airflow/.local/lib/python3.12/site-packages/airflow/example_dags/example_latest_only_with_trigger.py
[2026-09-23T12:21:56.057+0000] {processor.py:830} INFO - Processing file /home/airflow/.local/lib/python3.12/site-packages/airflow/example_dags/example_latest_only_with_trigger.py for tasks to queue
[2026-09-23T12:21:56.059+0000] {logging_mixin.py:188} INFO - [2026-09-23T12:21:56.059+0000] {dagbag.py:545} INFO - Filling up the DagBag from /home/airflow/.local/lib/python3.12/site-packages/airflow/example_dags/example_latest_only_with_trigger.py
[2026-09-23T12:21:56.065+0000] {processor.py:840} INFO - DAG(s) 'latest_only_with_trigger' retrieved from /home/airflow/.local/lib/python3.12/site-packages/airflow/example_dags/example_latest_only_with_trigger.py
[2026-09-23T12:21:56.088+0000] {logging_mixin.py:188} INFO - [2026-09-23T12:21:56.088+0000] {dag.py:3089} INFO - Sync 1 DAGs
[2026-09-23T12:21:56.109+0000] {logging_mixin.py:188} INFO - [2026-09-23T12:21:56.108+0000] {dag.py:3947} INFO - Setting next_dagrun for latest_only_with_trigger to 2026-09-23 08:00:00+00:00, run_after=2026-09-23 12:00:00+00:00
[2026-09-23T12:21:56.180+0000] {processor.py:183} INFO - Processing /home/airflow/.local/lib/python3.12/site-packages/airflow/example_dags/example_latest_only_with_trigger.py took 0.131 seconds
[2026-09-23T12:22:26.662+0000] {processor.py:161} INFO - Started process (PID=814) to work on /home/airflow/.local/lib/python3.12/site-packages/airflow/example_dags/example_latest_only_with_trigger.py
[2026-09-23T12:22:26.663+0000] {processor.py:830} INFO - Processing file /home/airflow/.local/lib/python3.12/site-packages/airflow/example_dags/example_latest_only_with_trigger.py for tasks to queue
[2026-09-23T12:22:26.666+0000] {logging_mixin.py:188} INFO - [2026-09-23T12:22:26.666+0000] {dagbag.py:545} INFO - Filling up the DagBag from /home/airflow/.local/lib/python3.12/site-packages/airflow/example_dags/example_latest_only_with_trigger.py
[2026-09-23T12:22:26.678+0000] {processor.py:840} INFO - DAG(s) 'latest_only_with_trigger' retrieved from /home/airflow/.local/lib/python3.12/site-packages/airflow/example_dags/example_latest_only_with_trigger.py
[2026-09-23T12:22:26.735+0000] {logging_mixin.py:188} INFO - [2026-09-23T12:22:26.734+0000] {dag.py:3089} INFO - Sync 1 DAGs
[2026-09-23T12:22:26.777+0000] {logging_mixin.py:188} INFO - [2026-09-23T12:22:26.776+0000] {dag.py:3947} INFO - Setting next_dagrun for latest_only_with_trigger to 2026-09-23 08:00:00+00:00, run_after=2026-09-23 12:00:00+00:00
[2026-09-23T12:22:26.867+0000] {processor.py:183} INFO - Processing /home/airflow/.local/lib/python3.12/site-packages/airflow/example_dags/example_latest_only_with_trigger.py took 0.211 seconds
[2026-09-23T12:24:02.790+0000] {processor.py:161} INFO - Started process (PID=101) to work on /home/airflow/.local/lib/python3.12/site-packages/airflow/example_dags/example_latest_only_with_trigger.py
[2026-09-23T12:24:02.792+0000] {processor.py:830} INFO - Processing file /home/airflow/.local/lib/python3.12/site-packages/airflow/example_dags/example_latest_only_with_trigger.py for tasks to queue
[2026-09-23T12:24:02.794+0000] {logging_mixin.py:188} INFO - [2026-09-23T12:24:02.793+0000] {dagbag.py:545} INFO - Filling up the DagBag from /home/airflow/.local/lib/python3.12/site-packages/airflow/example_dags/example_latest_only_with_trigger.py
[2026-09-23T12:24:02.805+0000] {processor.py:840} INFO - DAG(s) 'latest_only_with_trigger' retrieved from /home/airflow/.local/lib/python3.12/site-packages/airflow/example_dags/example_latest_only_with_trigger.py
[2026-09-23T12:24:02.974+0000] {logging_mixin.py:188} INFO - [2026-09-23T12:24:02.973+0000] {dag.py:3089} INFO - Sync 1 DAGs
[2026-09-23T12:24:03.011+0000] {logging_mixin.py:188} INFO - [2026-09-23T12:24:03.010+0000] {dag.py:3947} INFO - Setting next_dagrun for latest_only_with_trigger to 2026-09-23 08:00:00+00:00, run_after=2026-09-23 12:00:00+00:00
[2026-09-23T12:24:03.042+0000] {processor.py:183} INFO - Processing /home/airflow/.local/lib/python3.12/site-packages/airflow/example_dags/example_latest_only_with_trigger.py took 0.259 seconds
[2026-09-23T12:24:33.152+0000] {processor.py:161} INFO - Started process (PID=159) to work on /home/airflow/.local/lib/python3.12/site-packages/airflow/example_dags/example_latest_only_with_trigger.py
[2026-09-23T12:24:33.153+0000] {processor.py:830} INFO - Processing file /home/airflow/.local/lib/python3.12/site-packages/airflow/example_dags/example_latest_only_with_trigger.py for tasks to queue
[2026-09-23T12:24:33.156+0000] {logging_mixin.py:188} INFO - [2026-09-23T12:24:33.155+0000] {dagbag.py:545} INFO - Filling up the DagBag from /home/airflow/.local/lib/python3.12/site-packages/airflow/example_dags/example_latest_only_with_trigger.py
[2026-09-23T12:24:33.162+0000] {processor.py:840} INFO - DAG(s) 'latest_only_with_trigger' retrieved from /home/airflow/.local/lib/python3.12/site-packages/airflow/example_dags/example_latest_only_with_trigger.py
[2026-09-23T12:24:33.183+0000] {logging_mixin.py:188} INFO - [2026-09-23T12:24:33.183+0000] {dag.py:3089} INFO - Sync 1 DAGs
[2026-09-23T12:24:33.207+0000] {logging_mixin.py:188} INFO - [2026-09-23T12:24:33.207+0000] {dag.py:3947} INFO - Setting next_dagrun for latest_only_with_trigger to 2026-09-23 08:00:00+00:00, run_after=2026-09-23 12:00:00+00:00
[2026-09-23T12:24:33.281+0000] {processor.py:183} INFO - Processing /home/airflow/.local/lib/python3.12/site-packages/airflow/example_dags/example_latest_only_with_trigger.py took 0.136 seconds
