[2026-09-23T12:16:21.423+0000] {processor.py:161} INFO - Started process (PID=115) to work on /home/airflow/.local/lib/python3.12/site-packages/airflow/example_dags/example_latest_only.py
[2026-09-23T12:16:21.424+0000] {processor.py:830} INFO - Processing file /home/airflow/.local/lib/python3.12/site-packages/airflow/example_dags/example_latest_only.py for tasks to queue
[2026-09-23T12:16:21.426+0000] {logging_mixin.py:188} INFO - [2026-09-23T12:16:21.426+0000] {dagbag.py:545} INFO - Filling up the DagBag from /home/airflow/.local/lib/python3.12/site-packages/airflow/example_dags/example_latest_only.py
[2026-09-23T12:16:21.432+0000] {processor.py:840} INFO - DAG(s) 'latest_only' retrieved from /home/airflow/.local/lib/python3.12/site-packages/airflow/example_dags/example_latest_only.py
[2026-09-23T12:16:21.545+0000] {logging_mixin.py:188} INFO - [2026-09-23T12:16:21.545+0000] {dag.py:3089} INFO - Sync 1 DAGs
[2026-09-23T12:16:21.573+0000] {logging_mixin.py:188} INFO - [2026-09-23T12:16:21.572+0000] {dag.py:3947} INFO - Setting next_dagrun for latest_only to 2026-09-23 08:00:00+00:00, run_after=2026-09-23 12:00:00+00:00
[2026-09-23T12:16:21.602+0000] {processor.py:183} INFO - Processing /home/airflow/.local/lib/python3.12/site-packages/airflow/example_dags/example_latest_only.py took 0.184 seconds
[2026-09-23T12:16:52.065+0000] {processor.py:161} INFO - Started process (PID=173) to work on /home/airflow/.local/lib/python3.12/site-packages/airflow/example_dags/example_latest_only.py
[2026-09-23T12:16:52.066+0000] {processor.py:830} INFO - Processing file /home/airflow/.local/lib/python3.12/site-packages/airflow/example_dags/example_latest_only.py for tasks to queue
[2026-09-23T12:16:52.068+0000] {logging_mixin.py:188} INFO - [2026-09-23T12:16:52.068+0000] {dagbag.py:545} INFO - Filling up the DagBag from /home/airflow/.local/lib/python3.12/site-packages/airflow/example_dags/example_latest_only.py
[2026-09-23T12:16:52.073+0000] {processor.py:840} INFO - DAG(s) 'latest_only' retrieved from /home/airflow/.local/lib/python3.12/site-packages/airflow/example_dags/example_latest_only.py
[2026-09-23T12:16:52.092+0000] {logging_mixin.py:188} INFO - [2026-09-23T12:16:52.091+0000] {dag.py:3089} INFO - Sync 1 DAGs
[2026-09-23T12:16:52.115+0000] {logging_mixin.py:188} INFO - [2026-09-23T12:16:52.115+0000] {dag.py:3947} INFO - Setting next_dagrun for latest_only to 2026-09-23 08:00:00+00:00, run_after=2026-09-23 12:00:00+00:00
[2026-09-23T12:16:52.142+0000] {processor.py:183} INFO - Processing /home/airflow/.local/lib/python3.12/site-packages/airflow/example_dags/example_latest_only.py took 0.085 seconds
[2026-09-23T12:17:22.685+0000] {processor.py:161} INFO - Started process (PID=231) to work on /home/airflow/.local/lib/python3.12/site-packages/airflow/example_dags/example_latest_only.py
[2026-09-23T12:17:22.686+0000] {processor.py:830} INFO - Processing file /home/airflow/.local/lib/python3.12/site-packages/airflow/example_dags/example_latest_only.py for tasks to queue
[2026-09-23T12:17:22.689+0000] {logging_mixin.py:188} INFO - [2026-09-23T12:17:22.688+0000] {dagbag.py:545} INFO - Filling up the DagBag from /home/airflow/.local/lib/python3.12/site-packages/airflow/example_dags/example_latest_only.py
[2026-09-23T12:17:22.705+0000] {processor.py:840} INFO - DAG(s) 'latest_only' retrieved from /home/airflow/.local/lib/python3.12/site-packages/airflow/example_dags/example_latest_only.py
[2026-09-23T12:17:22.734+0000] {logging_mixin.py:188} INFO - [2026-09-23T12:17:22.734+0000] {dag.py:3089} INFO - Sync 1 DAGs
[2026-09-23T12:17:22.764+0000] {logging_mixin.py:188} INFO - [2026-09-23T12:17:22.763+0000] {dag.py:3947} INFO - Setting next_dagrun for latest_only to 2026-09-23 08:00:00+00:00, run_after=2026-09-23 12:00:00+00:00
[2026-09-23T12:17:22.789+0000] {processor.py:183} INFO - Processing /home/airflow/.local/lib/python3.12/site-packages/airflow/example_dags/example_latest_only.py took 0.114 seconds
[2026-09-23T12:17:53.452+0000] {processor.py:161} INFO - Started process (PID=289) to work on /home/airflow/.local/lib/python3.12/site-packages/airflow/example_dags/example_latest_only.py
[2026-09-23T12:17:53.454+0000] {processor.py:830} INFO - Processing file /home/airflow/.local/lib/python3.12/site-packages/airflow/example_dags/example_latest_only.py for tasks to queue
[2026-09-23T12:17:53.457+0000] {logging_mixin.py:188} INFO - [2026-09-23T12:17:53.456+0000] {dagbag.py:545} INFO - Filling up the DagBag from /home/airflow/.local/lib/python3.12/site-packages/airflow/example_dags/example_latest_only.py
[2026-09-23T12:17:53.473+0000] {processor.py:840} INFO - DAG(s) 'latest_only' retrieved from /home/airflow/.local/lib/python3.12/site-packages/airflow/example_dags/example_latest_only.py
[2026-09-23T12:17:53.514+0000] {logging_mixin.py:188} INFO - [2026-09-23T12:17:53.513+0000] {dag.py:3089} INFO - Sync 1 DAGs
[2026-09-23T12:17:53.557+0000] {logging_mixin.py:188} INFO - [2026-09-23T12:17:53.557+0000] {dag.py:3947} INFO - Setting next_dagrun for latest_only to 2026-09-23 08:00:00+00:00, run_after=2026-09-23 12:00:00+00:00
[2026-09-23T12:17:53.588+0000] {processor.py:183} INFO - Processing /home/airflow/.local/lib/python3.12/site-packages/airflow/example_dags/example_latest_only.py took 0.155 seconds
[2026-09-23T12:18:24.188+0000] {processor.py:161} INFO - Started process (PID=347) to work on /home/airflow/.local/lib/python3.12/site-packages/airflow/example_dags/example_latest_only.py
[2026-09-23T12:18:24.190+0000] {processor.py:830} INFO - Processing file /home/airflow/.local/lib/python3.12/site-packages/airflow/example_dags/example_latest_only.py for tasks to queue
[2026-09-23T12:18:24.192+0000] {logging_mixin.py:188} INFO - [2026-09-23T12:18:24.191+0000] {dagbag.py:545} INFO - Filling up the DagBag from /home/airflow/.local/lib/python3.12/site-packages/airflow/example_dags/example_latest_only.py
[2026-09-23T12:18:24.197+0000] {processor.py:840} INFO - DAG(s) 'latest_only' retrieved from /home/airflow/.local/lib/python3.12/site-packages/airflow/example_dags/example_latest_only.py
[2026-09-23T12:18:24.220+0000] {logging_mixin.py:188} INFO - [2026-09-23T12:18:24.219+0000] {dag.py:3089} INFO - Sync 1 DAGs
[2026-09-23T12:18:24.247+0000] {logging_mixin.py:188} INFO - [2026-09-23T12:18:24.246+0000] {dag.py:3947} INFO - Setting next_dagrun for latest_only to 2026-09-23 08:00:00+00:00, run_after=2026-09-23 12:00:00+00:00
[2026-09-23T12:18:24.271+0000] {processor.py:183} INFO - Processing /home/airflow/.local/lib/python3.12/site-packages/airflow/example_dags/example_latest_only.py took 0.091 seconds
[2026-09-23T12:18:55.094+0000] {processor.py:161} INFO - Started process (PID=405) to work on /home/airflow/.local/lib/python3.12/site-packages/airflow/example_dags/example_latest_only.py
[2026-09-23T12:18:55.095+0000] {processor.py:830} INFO - Processing file /home/airflow/.local/lib/python3.12/site-packages/airflow/example_dags/example_latest_only.py for tasks to queue
[2026-09-23T12:18:55.097+0000] {logging_mixin.py:188} INFO - [2026-09-23T12:18:55.097+0000] {dagbag.py:545} INFO - Filling up the DagBag from /home/airflow/.local/lib/python3.12/site-packages/airflow/example_dags/example_latest_only.py
[2026-09-23T12:18:55.101+0000] {processor.py:840} INFO - DAG(s) 'latest_only' retrieved from /home/airflow/.local/lib/python3.12/site-packages/airflow/example_dags/example_latest_only.py
[2026-09-23T12:18:55.117+0000] {logging_mixin.py:188} INFO - [2026-09-23T12:18:55.117+0000] {dag.py:3089} INFO - Sync 1 DAGs
[2026-09-23T12:18:55.134+0000] {logging_mixin.py:188} INFO - [2026-09-23T12:18:55.133+0000] {dag.py:3947} INFO - Setting next_dagrun for latest_only to 2026-09-23 08:00:00+00:00, run_after=2026-09-23 12:00:00+00:00
[2026-09-23T12:18:55.154+0000] {processor.py:183} INFO - Processing /home/airflow/.local/lib/python3.12/site-packages/airflow/example_dags/example_latest_only.py took 0.065 seconds
[2026-09-23T12:19:25.720+0000] {processor.py:161} INFO - Started process (PID=483) to work on /home/airflow/.local/lib/python3.12/site-packages/airflow/example_dags/example_latest_only.py
[2026-09-23T12:19:25.721+0000] {processor.py:830} INFO - Processing file /home/airflow/.local/lib/python3.12/site-packages/airflow/example_dags/example_latest_only.py for tasks to queue
[2026-09-23T12:19:25.725+0000] {logging_mixin.py:188} INFO - [2026-09-23T12:19:25.724+0000] {dagbag.py:545} INFO - Filling up the DagBag from /home/airflow/.local/lib/python3.12/site-packages/airflow/example_dags/example_latest_only.py
[2026-09-23T12:19:25.731+0000] {processor.py:840} INFO - DAG(s) 'latest_only' retrieved from /home/airflow/.local/lib/python3.12/site-packages/airflow/example_dags/example_latest_only.py
[2026-09-23T12:19:25.752+0000] {logging_mixin.py:188} INFO - [2026-09-23T12:19:25.752+0000] {dag.py:3089} INFO - Sync 1 DAGs
[2026-09-23T12:19:25.773+0000] {logging_mixin.py:188} INFO - [2026-09-23T12:19:25.773+0000] {dag.py:3947} INFO - Setting next_dagrun for latest_only to 2026-09-23 08:00:00+00:00, run_after=2026-09-23 12:00:00+00:00
[2026-09-23T12:19:25.792+0000] {processor.py:183} INFO - Processing /home/airflow/.local/lib/python3.12/site-packages/airflow/example_dags/example_latest_only.py took 0.079 seconds
[2026-09-23T12:19:56.298+0000] {processor.py:161} INFO - Started process (PID=541) to work on /home/airflow/.local/lib/python3.12/site-packages/airflow/example_dags/example_latest_only.py
[2026-09-23T12:19:56.299+0000] {processor.py:830} INFO - Processing file /home/airflow/.local/lib/python3.12/site-packages/airflow/example_dags/example_latest_only.py for tasks to queue
[2026-09-23T12:19:56.302+0000] {logging_mixin.py:188} INFO - [2026-09-23T12:19:56.301+0000] {dagbag.py:545} INFO - Filling up the DagBag from /home/airflow/.local/lib/python3.12/site-packages/airflow/example_dags/example_latest_only.py
[2026-09-23T12:19:56.307+0000] {processor.py:840} INFO - DAG(s) 'latest_only' retrieved from /home/airflow/.local/lib/python3.12/site-packages/airflow/example_dags/example_latest_only.py
[2026-09-23T12:19:56.325+0000] {logging_mixin.py:188} INFO - [2026-09-23T12:19:56.325+0000] {dag.py:3089} INFO - Sync 1 DAGs
[2026-09-23T12:19:56.346+0000] {logging_mixin.py:188} INFO - [2026-09-23T12:19:56.345+0000] {dag.py:3947} INFO - Setting next_dagrun for latest_only to 2026-09-23 08:00:00+00:00, run_after=2026-09-23 12:00:00+00:00
[2026-09-23T12:19:56.364+0000] {processor.py:183} INFO - Processing /home/airflow/.local/lib/python3.12/site-packages/airflow/example_dags/example_latest_only.py took 0.072 seconds
[2026-09-23T12:20:27.315+0000] {processor.py:161} INFO - Started process (PID=599) to work on /home/airflow/.local/lib/python3.12/site-packages/airflow/example_dags/example_latest_only.py
[2026-09-23T12:20:27.317+0000] {processor.py:830} INFO - Processing file /home/airflow/.local/lib/python3.12/site-packages/airflow/example_dags/example_latest_only.py for tasks to queue
[2026-09-23T12:20:27.319+0000] {logging_mixin.py:188} INFO - [2026-09-23T12:20:27.319+0000] {dagbag.py:545} INFO - Filling up the DagBag from /home/airflow/.local/lib/python3.12/site-packages/airflow/example_dags/example_latest_only.py
[2026-09-23T12:20:27.323+0000] {processor.py:840} INFO - DAG(s) 'latest_only' retrieved from /home/airflow/.local/lib/python3.12/site-packages/airflow/example_dags/example_latest_only.py
[2026-09-23T12:20:27.347+0000] {logging_mixin.py:188} INFO - [2026-09-23T12:20:27.346+0000] {dag.py:3089} INFO - Sync 1 DAGs
[2026-09-23T12:20:27.369+0000] {logging_mixin.py:188} INFO - [2026-09-23T12:20:27.369+0000] {dag.py:3947} INFO - Setting next_dagrun for latest_only to 2026-09-23 08:00:00+00:00, run_after=2026-09-23 12:00:00+00:00
[2026-09-23T12:20:27.447+0000] {processor.py:183} INFO - Processing /home/airflow/.local/lib/python3.12/site-packages/airflow/example_dags/example_latest_only.py took 0.138 seconds
[2026-09-23T12:20:57.595+0000] {processor.py:161} INFO - Started process (PID=657) to work on /home/airflow/.local/lib/python3.12/site-packages/airflow/example_dags/example_latest_only.py
[2026-09-23T12:20:57.596+0000] {processor.py:830} INFO - Processing file /home/airflow/.local/lib/python3.12/site-packages/airflow/example_dags/example_latest_only.py for tasks to queue
[2026-09-23T12:20:57.599+0000] {logging_mixin.py:188} INFO - [2026-09-23T12:20:57.598+0000] {dagbag.py:545} INFO - Filling up the DagBag from /home/airflow/.local/lib/python3.12/site-packages/airflow/example_dags/example_latest_only.py
[2026-09-23T12:20:57.603+0000] {processor.py:840} INFO - DAG(s) 'latest_only' retrieved from /home/airflow/.local/lib/python3.12/site-packages/airflow/example_dags/example_latest_only.py
[2026-09-23T12:20:57.621+0000] {logging_mixin.py:188} INFO - [2026-09-23T12:20:57.621+0000] {dag.py:3089} INFO - Sync 1 DAGs
[2026-09-23T12:20:57.640+0000] {logging_mixin.py:188} INFO - [2026-09-23T12:20:57.640+0000] {dag.py:3947} INFO - Setting next_dagrun for latest_only to 2026-09-23 08:00:00+00:00, run_after=2026-09-23 12:00:00+00:00
[2026-09-23T12:20:57.657+0000] {processor.py:183} INFO - Processing /home/airflow/.local/lib/python3.12/site-packages/airflow/example_dags/example_latest_only.py took 0.069 seconds
[2026-09-23T12:21:28.869+0000] {processor.py:161} INFO - Started process (PID=715) to work on /home/airflow/.local/lib/python3.12/site-packages/airflow/example_dags/example_latest_only.py
[2026-09-23T12:21:28.871+0000] {processor.py:830} INFO - Processing file /home/airflow/.local/lib/python3.12/site-packages/airflow/example_dags/example_latest_only.py for tasks to queue
[2026-09-23T12:21:28.874+0000] {logging_mixin.py:188} INFO - [2026-09-23T12:21:28.873+0000] {dagbag.py:545} INFO - Filling up the DagBag from /home/airflow/.local/lib/python3.12/site-packages/airflow/example_dags/example_latest_only.py
[2026-09-23T12:21:28.880+0000] {processor.py:840} INFO - DAG(s) 'latest_only' retrieved from /home/airflow/.local/lib/python3.12/site-packages/airflow/example_dags/example_latest_only.py
[2026-09-23T12:21:28.897+0000] {logging_mixin.py:188} INFO - [2026-09-23T12:21:28.897+0000] {dag.py:3089} INFO - Sync 1 DAGs
[2026-09-23T12:21:28.919+0000] {logging_mixin.py:188} INFO - [2026-09-23T12:21:28.919+0000] {dag.py:3947} INFO - Setting next_dagrun for latest_only to 2026-09-23 08:00:00+00:00, run_after=2026-09-23 12:00:00+00:00
[2026-09-23T12:21:28.939+0000] {processor.py:183} INFO - Processing /home/airflow/.local/lib/python3.12/site-packages/airflow/example_dags/example_latest_only.py took 0.076 seconds
[2026-09-23T12:21:59.312+0000] {processor.py:161} INFO - Started process (PID=773) to work on /home/airflow/.local/lib/python3.12/site-packages/airflow/example_dags/example_latest_only.py
[2026-09-23T12:21:59.313+0000] {processor.py:830} INFO - Processing file /home/airflow/.local/lib/python3.12/site-packages/airflow/example_dags/example_latest_only.py for tasks to queue
[2026-09-23T12:21:59.316+0000] {logging_mixin.py:188} INFO - [2026-09-23T12:21:59.316+0000] {dagbag.py:545} INFO - Filling up the DagBag from /home/airflow/.local/lib/python3.12/site-packages/airflow/example_dags/example_latest_only.py
[2026-09-23T12:21:59.320+0000] {processor.py:840} INFO - DAG(s) 'latest_only' retrieved from /home/airflow/.local/lib/python3.12/site-packages/airflow/example_dags/example_latest_only.py
[2026-09-23T12:21:59.341+0000] {logging_mixin.py:188} INFO - [2026-09-23T12:21:59.341+0000] {dag.py:3089} INFO - Sync 1 DAGs
[2026-09-23T12:21:59.362+0000] {logging_mixin.py:188} INFO - [2026-09-23T12:21:59.361+0000] {dag.py:3947} INFO - Setting next_dagrun for latest_only to 2026-09-23 08:00:00+00:00, run_after=2026-09-23 12:00:00+00:00
[2026-09-23T12:21:59.396+0000] {processor.py:183} INFO - Processing /home/airflow/.local/lib/python3.12/site-packages/airflow/example_dags/example_latest_only.py took 0.091 seconds
[2026-09-23T12:22:29.464+0000] {processor.py:161} INFO - Started process (PID=831) to work on /home/airflow/.local/lib/python3.12/site-packages/airflow/example_dags/example_latest_only.py
[2026-09-23T12:22:29.466+0000] {processor.py:830} INFO - Processing file /home/airflow/.local/lib/python3.12/site-packages/airflow/example_dags/example_latest_only.py for tasks to queue
[2026-09-23T12:22:29.468+0000] {logging_mixin.py:188} INFO - [2026-09-23T12:22:29.468+0000] {dagbag.py:545} INFO - Filling up the DagBag from /home/airflow/.local/lib/python3.12/site-packages/airflow/example_dags/example_latest_only.py
[2026-09-23T12:22:29.473+0000] {processor.py:840} INFO - DAG(s) 'latest_only' retrieved from /home/airflow/.local/lib/python3.12/site-packages/airflow/example_dags/example_latest_only.py
[2026-09-23T12:22:29.495+0000] {logging_mixin.py:188} INFO - [2026-09-23T12:22:29.495+0000] {dag.py:3089} INFO - Sync 1 DAGs
[2026-09-23T12:22:29.519+0000] {logging_mixin.py:188} INFO - [2026-09-23T12:22:29.519+0000] {dag.py:3947} INFO - Setting next_dagrun for latest_only to 2026-09-23 08:00:00+00:00, run_after=2026-09-23 12:00:00+00:00
[2026-09-23T12:22:29.544+0000] {processor.py:183} INFO - Processing /home/airflow/.local/lib/python3.12/site-packages/airflow/example_dags/example_latest_only.py took 0.087 seconds
[2026-09-23T12:24:05.544+0000] {processor.py:161} INFO - Started process (PID=118) to work on /home/airflow/.local/lib/python3.12/site-packages/airflow/example_dags/example_latest_only.py
[2026-09-23T12:24:05.545+0000] {processor.py:830} INFO - Processing file /home/airflow/.local/lib/python3.12/site-packages/airflow/example_dags/example_latest_only.py for tasks to queue
[2026-09-23T12:24:05.548+0000] {logging_mixin.py:188} INFO - [2026-09-23T12:24:05.548+0000] {dagbag.py:545} INFO - Filling up the DagBag from /home/airflow/.local/lib/python3.12/site-packages/airflow/example_dags/example_latest_only.py
[2026-09-23T12:24:05.554+0000] {processor.py:840} INFO - DAG(s) 'latest_only' retrieved from /home/airflow/.local/lib/python3.12/site-packages/airflow/example_dags/example_latest_only.py
[2026-09-23T12:24:05.659+0000] {logging_mixin.py:188} INFO - [2026-09-23T12:24:05.658+0000] {dag.py:3089} INFO - Sync 1 DAGs
[2026-09-23T12:24:05.681+0000] {logging_mixin.py:188} INFO - [2026-09-23T12:24:05.681+0000] {dag.py:3947} INFO - Setting next_dagrun for latest_only to 2026-09-23 08:00:00+00:00, run_after=2026-09-23 12:00:00+00:00
[2026-09-23T12:24:05.754+0000] {processor.py:183} INFO - Processing /home/airflow/.local/lib/python3.12/site-packages/airflow/example_dags/example_latest_only.py took 0.219 seconds
[2026-09-23T12:24:36.048+0000] {processor.py:161} INFO - Started process (PID=176) to work on /home/airflow/.local/lib/python3.12/site-packages/airflow/example_dags/example_latest_only.py
[2026-09-23T12:24:36.049+0000] {processor.py:830} INFO - Processing file /home/airflow/.local/lib/python3.12/site-packages/airflow/example_dags/example_latest_only.py for tasks to queue
[2026-09-23T12:24:36.051+0000] {logging_mixin.py:188} INFO - [2026-09-23T12:24:36.051+0000] {dagbag.py:545} INFO - Filling up the DagBag from /home/airflow/.local/lib/python3.12/site-packages/airflow/example_dags/example_latest_only.py
[2026-09-23T12:24:36.056+0000] {processor.py:840} INFO - DAG(s) 'latest_only' retrieved from /home/airflow/.local/lib/python3.12/site-packages/airflow/example_dags/example_latest_only.py
[2026-09-23T12:24:36.082+0000] {logging_mixin.py:188} INFO - [2026-09-23T12:24:36.082+0000] {dag.py:3089} INFO - Sync 1 DAGs
[2026-09-23T12:24:36.135+0000] {logging_mixin.py:188} INFO - [2026-09-23T12:24:36.135+0000] {dag.py:3947} INFO - Setting next_dagrun for latest_only to 2026-09-23 08:00:00+00:00, run_after=2026-09-23 12:00:00+00:00
[2026-09-23T12:24:36.205+0000] {processor.py:183} INFO - Processing /home/airflow/.local/lib/python3.12/site-packages/airflow/example_dags/example_latest_only.py took 0.164 seconds
