[2026-09-23T12:16:20.942+0000] {processor.py:161} INFO - Started process (PID=111) to work on /home/airflow/.local/lib/python3.12/site-packages/airflow/example_dags/example_branch_datetime_operator.py
[2026-09-23T12:16:20.944+0000] {processor.py:830} INFO - Processing file /home/airflow/.local/lib/python3.12/site-packages/airflow/example_dags/example_branch_datetime_operator.py for tasks to queue
[2026-09-23T12:16:20.947+0000] {logging_mixin.py:188} INFO - [2026-09-23T12:16:20.946+0000] {dagbag.py:545} INFO - Filling up the DagBag from /home/airflow/.local/lib/python3.12/site-packages/airflow/example_dags/example_branch_datetime_operator.py
[2026-09-23T12:16:20.962+0000] {processor.py:840} INFO - DAG(s) 'example_branch_datetime_operator', 'example_branch_datetime_operator_3', 'example_branch_datetime_operator_2' retrieved from /home/airflow/.local/lib/python3.12/site-packages/airflow/example_dags/example_branch_datetime_operator.py
[2026-09-23T12:16:21.112+0000] {logging_mixin.py:188} INFO - [2026-09-23T12:16:21.111+0000] {dag.py:3089} INFO - Sync 3 DAGs
[2026-09-23T12:16:21.145+0000] {logging_mixin.py:188} INFO - [2026-09-23T12:16:21.145+0000] {dag.py:3947} INFO - Setting next_dagrun for example_branch_datetime_operator to 2026-09-22 00:00:00+00:00, run_after=2026-09-23 00:00:00+00:00
[2026-09-23T12:16:21.150+0000] {logging_mixin.py:188} INFO - [2026-09-23T12:16:21.150+0000] {dag.py:3947} INFO - Setting next_dagrun for example_branch_datetime_operator_2 to 2026-09-22 00:00:00+00:00, run_after=2026-09-23 00:00:00+00:00
[2026-09-23T12:16:21.153+0000] {logging_mixin.py:188} INFO - [2026-09-23T12:16:21.153+0000] {dag.py:3947} INFO - Setting next_dagrun for example_branch_datetime_operator_3 to 2026-09-22 00:00:00+00:00, run_after=2026-09-23 00:00:00+00:00
[2026-09-23T12:16:21.175+0000] {processor.py:183} INFO - Processing /home/airflow/.local/lib/python3.12/site-packages/airflow/example_dags/example_branch_datetime_operator.py took 0.240 seconds
[2026-09-23T12:16:51.823+0000] {processor.py:161} INFO - Started process (PID=169) to work on /home/airflow/.local/lib/python3.12/site-packages/airflow/example_dags/example_branch_datetime_operator.py
[2026-09-23T12:16:51.825+0000] {processor.py:830} INFO - Processing file /home/airflow/.local/lib/python3.12/site-packages/airflow/example_dags/example_branch_datetime_operator.py for tasks to queue
[2026-09-23T12:16:51.827+0000] {logging_mixin.py:188} INFO - [2026-09-23T12:16:51.827+0000] {dagbag.py:545} INFO - Filling up the DagBag from /home/airflow/.local/lib/python3.12/site-packages/airflow/example_dags/example_branch_datetime_operator.py
[2026-09-23T12:16:51.837+0000] {processor.py:840} INFO - DAG(s) 'example_branch_datetime_operator_3', 'example_branch_datetime_operator', 'example_branch_datetime_operator_2' retrieved from /home/airflow/.local/lib/python3.12/site-packages/airflow/example_dags/example_branch_datetime_operator.py
[2026-09-23T12:16:51.867+0000] {logging_mixin.py:188} INFO - [2026-09-23T12:16:51.866+0000] {dag.py:3089} INFO - Sync 3 DAGs
[2026-09-23T12:16:51.893+0000] {logging_mixin.py:188} INFO - [2026-09-23T12:16:51.893+0000] {dag.py:3947} INFO - Setting next_dagrun for example_branch_datetime_operator to 2026-09-22 00:00:00+00:00, run_after=2026-09-23 00:00:00+00:00
[2026-09-23T12:16:51.898+0000] {logging_mixin.py:188} INFO - [2026-09-23T12:16:51.897+0000] {dag.py:3947} INFO - Setting next_dagrun for example_branch_datetime_operator_2 to 2026-09-22 00:00:00+00:00, run_after=2026-09-23 00:00:00+00:00
[2026-09-23T12:16:51.901+0000] {logging_mixin.py:188} INFO - [2026-09-23T12:16:51.900+0000] {dag.py:3947} INFO - Setting next_dagrun for example_branch_datetime_operator_3 to 2026-09-22 00:00:00+00:00, run_after=2026-09-23 00:00:00+00:00
[2026-09-23T12:16:51.920+0000] {processor.py:183} INFO - Processing /home/airflow/.local/lib/python3.12/site-packages/airflow/example_dags/example_branch_datetime_operator.py took 0.104 seconds
[2026-09-23T12:17:22.378+0000] {processor.py:161} INFO - Started process (PID=227) to work on /home/airflow/.local/lib/python3.12/site-packages/airflow/example_dags/example_branch_datetime_operator.py
[2026-09-23T12:17:22.380+0000] {processor.py:830} INFO - Processing file /home/airflow/.local/lib/python3.12/site-packages/airflow/example_dags/example_branch_datetime_operator.py for tasks to queue
[2026-09-23T12:17:22.386+0000] {logging_mixin.py:188} INFO - [2026-09-23T12:17:22.385+0000] {dagbag.py:545} INFO - Filling up the DagBag from /home/airflow/.local/lib/python3.12/site-packages/airflow/example_dags/example_branch_datetime_operator.py
[2026-09-23T12:17:22.400+0000] {processor.py:840} INFO - DAG(s) 'example_branch_datetime_operator_2', 'example_branch_datetime_operator', 'example_branch_datetime_operator_3' retrieved from /home/airflow/.local/lib/python3.12/site-packages/airflow/example_dags/example_branch_datetime_operator.py
[2026-09-23T12:17:22.437+0000] {logging_mixin.py:188} INFO - [2026-09-23T12:17:22.437+0000] {dag.py:3089} INFO - Sync 3 DAGs
[2026-09-23T12:17:22.466+0000] {logging_mixin.py:188} INFO - [2026-09-23T12:17:22.465+0000] {dag.py:3947} INFO - Setting next_dagrun for example_branch_datetime_operator to 2026-09-22 00:00:00+00:00, run_after=2026-09-23 00:00:00+00:00
[2026-09-23T12:17:22.472+0000] {logging_mixin.py:188} INFO - [2026-09-23T12:17:22.472+0000] {dag.py:3947} INFO - Setting next_dagrun for example_branch_datetime_operator_2 to 2026-09-22 00:00:00+00:00, run_after=2026-09-23 00:00:00+00:00
[2026-09-23T12:17:22.475+0000] {logging_mixin.py:188} INFO - [2026-09-23T12:17:22.475+0000] {dag.py:3947} INFO - Setting next_dagrun for example_branch_datetime_operator_3 to 2026-09-22 00:00:00+00:00, run_after=2026-09-23 00:00:00+00:00
[2026-09-23T12:17:22.503+0000] {processor.py:183} INFO - Processing /home/airflow/.local/lib/python3.12/site-packages/airflow/example_dags/example_branch_datetime_operator.py took 0.131 seconds
[2026-09-23T12:17:52.965+0000] {processor.py:161} INFO - Started process (PID=285) to work on /home/airflow/.local/lib/python3.12/site-packages/airflow/example_dags/example_branch_datetime_operator.py
[2026-09-23T12:17:52.967+0000] {processor.py:830} INFO - Processing file /home/airflow/.local/lib/python3.12/site-packages/airflow/example_dags/example_branch_datetime_operator.py for tasks to queue
[2026-09-23T12:17:52.970+0000] {logging_mixin.py:188} INFO - [2026-09-23T12:17:52.970+0000] {dagbag.py:545} INFO - Filling up the DagBag from /home/airflow/.local/lib/python3.12/site-packages/airflow/example_dags/example_branch_datetime_operator.py
[2026-09-23T12:17:52.984+0000] {processor.py:840} INFO - DAG(s) 'example_branch_datetime_operator', 'example_branch_datetime_operator_3', 'example_branch_datetime_operator_2' retrieved from /home/airflow/.local/lib/python3.12/site-packages/airflow/example_dags/example_branch_datetime_operator.py
[2026-09-23T12:17:53.044+0000] {logging_mixin.py:188} INFO - [2026-09-23T12:17:53.044+0000] {dag.py:3089} INFO - Sync 3 DAGs
[2026-09-23T12:17:53.083+0000] {logging_mixin.py:188} INFO - [2026-09-23T12:17:53.082+0000] {dag.py:3947} INFO - Setting next_dagrun for example_branch_datetime_operator to 2026-09-22 00:00:00+00:00, run_after=2026-09-23 00:00:00+00:00
[2026-09-23T12:17:53.097+0000] {logging_mixin.py:188} INFO - [2026-09-23T12:17:53.094+0000] {dag.py:3947} INFO - Setting next_dagrun for example_branch_datetime_operator_2 to 2026-09-22 00:00:00+00:00, run_after=2026-09-23 00:00:00+00:00
[2026-09-23T12:17:53.103+0000] {logging_mixin.py:188} INFO - [2026-09-23T12:17:53.103+0000] {dag.py:3947} INFO - Setting next_dagrun for example_branch_datetime_operator_3 to 2026-09-22 00:00:00+00:00, run_after=2026-09-23 00:00:00+00:00
[2026-09-23T12:17:53.152+0000] {processor.py:183} INFO - Processing /home/airflow/.local/lib/python3.12/site-packages/airflow/example_dags/example_branch_datetime_operator.py took 0.195 seconds
[2026-09-23T12:18:23.913+0000] {processor.py:161} INFO - Started process (PID=343) to work on /home/airflow/.local/lib/python3.12/site-packages/airflow/example_dags/example_branch_datetime_operator.py
[2026-09-23T12:18:23.914+0000] {processor.py:830} INFO - Processing file /home/airflow/.local/lib/python3.12/site-packages/airflow/example_dags/example_branch_datetime_operator.py for tasks to queue
[2026-09-23T12:18:23.916+0000] {logging_mixin.py:188} INFO - [2026-09-23T12:18:23.916+0000] {dagbag.py:545} INFO - Filling up the DagBag from /home/airflow/.local/lib/python3.12/site-packages/airflow/example_dags/example_branch_datetime_operator.py
[2026-09-23T12:18:23.926+0000] {processor.py:840} INFO - DAG(s) 'example_branch_datetime_operator_3', 'example_branch_datetime_operator', 'example_branch_datetime_operator_2' retrieved from /home/airflow/.local/lib/python3.12/site-packages/airflow/example_dags/example_branch_datetime_operator.py
[2026-09-23T12:18:23.957+0000] {logging_mixin.py:188} INFO - [2026-09-23T12:18:23.956+0000] {dag.py:3089} INFO - Sync 3 DAGs
[2026-09-23T12:18:23.984+0000] {logging_mixin.py:188} INFO - [2026-09-23T12:18:23.984+0000] {dag.py:3947} INFO - Setting next_dagrun for example_branch_datetime_operator to 2026-09-22 00:00:00+00:00, run_after=2026-09-23 00:00:00+00:00
[2026-09-23T12:18:23.989+0000] {logging_mixin.py:188} INFO - [2026-09-23T12:18:23.989+0000] {dag.py:3947} INFO - Setting next_dagrun for example_branch_datetime_operator_2 to 2026-09-22 00:00:00+00:00, run_after=2026-09-23 00:00:00+00:00
[2026-09-23T12:18:23.993+0000] {logging_mixin.py:188} INFO - [2026-09-23T12:18:23.992+0000] {dag.py:3947} INFO - Setting next_dagrun for example_branch_datetime_operator_3 to 2026-09-22 00:00:00+00:00, run_after=2026-09-23 00:00:00+00:00
[2026-09-23T12:18:24.019+0000] {processor.py:183} INFO - Processing /home/airflow/.local/lib/python3.12/site-packages/airflow/example_dags/example_branch_datetime_operator.py took 0.112 seconds
[2026-09-23T12:18:54.694+0000] {processor.py:161} INFO - Started process (PID=401) to work on /home/airflow/.local/lib/python3.12/site-packages/airflow/example_dags/example_branch_datetime_operator.py
[2026-09-23T12:18:54.695+0000] {processor.py:830} INFO - Processing file /home/airflow/.local/lib/python3.12/site-packages/airflow/example_dags/example_branch_datetime_operator.py for tasks to queue
[2026-09-23T12:18:54.697+0000] {logging_mixin.py:188} INFO - [2026-09-23T12:18:54.697+0000] {dagbag.py:545} INFO - Filling up the DagBag from /home/airflow/.local/lib/python3.12/site-packages/airflow/example_dags/example_branch_datetime_operator.py
[2026-09-23T12:18:54.707+0000] {processor.py:840} INFO - DAG(s) 'example_branch_datetime_operator_3', 'example_branch_datetime_operator', 'example_branch_datetime_operator_2' retrieved from /home/airflow/.local/lib/python3.12/site-packages/airflow/example_dags/example_branch_datetime_operator.py
[2026-09-23T12:18:54.738+0000] {logging_mixin.py:188} INFO - [2026-09-23T12:18:54.738+0000] {dag.py:3089} INFO - Sync 3 DAGs
[2026-09-23T12:18:54.764+0000] {logging_mixin.py:188} INFO - [2026-09-23T12:18:54.764+0000] {dag.py:3947} INFO - Setting next_dagrun for example_branch_datetime_operator to 2026-09-22 00:00:00+00:00, run_after=2026-09-23 00:00:00+00:00
[2026-09-23T12:18:54.769+0000] {logging_mixin.py:188} INFO - [2026-09-23T12:18:54.769+0000] {dag.py:3947} INFO - Setting next_dagrun for example_branch_datetime_operator_2 to 2026-09-22 00:00:00+00:00, run_after=2026-09-23 00:00:00+00:00
[2026-09-23T12:18:54.772+0000] {logging_mixin.py:188} INFO - [2026-09-23T12:18:54.772+0000] {dag.py:3947} INFO - Setting next_dagrun for example_branch_datetime_operator_3 to 2026-09-22 00:00:00+00:00, run_after=2026-09-23 00:00:00+00:00
[2026-09-23T12:18:54.834+0000] {processor.py:183} INFO - Processing /home/airflow/.local/lib/python3.12/site-packages/airflow/example_dags/example_branch_datetime_operator.py took 0.146 seconds
[2026-09-23T12:19:25.303+0000] {processor.py:161} INFO - Started process (PID=479) to work on /home/airflow/.local/lib/python3.12/site-packages/airflow/example_dags/example_branch_datetime_operator.py
[2026-09-23T12:19:25.304+0000] {processor.py:830} INFO - Processing file /home/airflow/.local/lib/python3.12/site-packages/airflow/example_dags/example_branch_datetime_operator.py for tasks to queue
[2026-09-23T12:19:25.310+0000] {logging_mixin.py:188} INFO - [2026-09-23T12:19:25.310+0000] {dagbag.py:545} INFO - Filling up the DagBag from /home/airflow/.local/lib/python3.12/site-packages/airflow/example_dags/example_branch_datetime_operator.py
[2026-09-23T12:19:25.324+0000] {processor.py:840} INFO - DAG(s) 'example_branch_datetime_operator', 'example_branch_datetime_operator_2', 'example_branch_datetime_operator_3' retrieved from /home/airflow/.local/lib/python3.12/site-packages/airflow/example_dags/example_branch_datetime_operator.py
[2026-09-23T12:19:25.357+0000] {logging_mixin.py:188} INFO - [2026-09-23T12:19:25.356+0000] {dag.py:3089} INFO - Sync 3 DAGs
[2026-09-23T12:19:25.390+0000] {logging_mixin.py:188} INFO - [2026-09-23T12:19:25.389+0000] {dag.py:3947} INFO - Setting next_dagrun for example_branch_datetime_operator to 2026-09-22 00:00:00+00:00, run_after=2026-09-23 00:00:00+00:00
[2026-09-23T12:19:25.410+0000] {logging_mixin.py:188} INFO - [2026-09-23T12:19:25.410+0000] {dag.py:3947} INFO - Setting next_dagrun for example_branch_datetime_operator_2 to 2026-09-22 00:00:00+00:00, run_after=2026-09-23 00:00:00+00:00
[2026-09-23T12:19:25.435+0000] {logging_mixin.py:188} INFO - [2026-09-23T12:19:25.435+0000] {dag.py:3947} INFO - Setting next_dagrun for example_branch_datetime_operator_3 to 2026-09-22 00:00:00+00:00, run_after=2026-09-23 00:00:00+00:00
[2026-09-23T12:19:25.556+0000] {processor.py:183} INFO - Processing /home/airflow/.local/lib/python3.12/site-packages/airflow/example_dags/example_branch_datetime_operator.py took 0.260 seconds
[2026-09-23T12:19:56.069+0000] {processor.py:161} INFO - Started process (PID=537) to work on /home/airflow/.local/lib/python3.12/site-packages/airflow/example_dags/example_branch_datetime_operator.py
[2026-09-23T12:19:56.070+0000] {processor.py:830} INFO - Processing file /home/airflow/.local/lib/python3.12/site-packages/airflow/example_dags/example_branch_datetime_operator.py for tasks to queue
[2026-09-23T12:19:56.072+0000] {logging_mixin.py:188} INFO - [2026-09-23T12:19:56.072+0000] {dagbag.py:545} INFO - Filling up the DagBag from /home/airflow/.local/lib/python3.12/site-packages/airflow/example_dags/example_branch_datetime_operator.py
[2026-09-23T12:19:56.082+0000] {processor.py:840} INFO - DAG(s) 'example_branch_datetime_operator', 'example_branch_datetime_operator_2', 'example_branch_datetime_operator_3' retrieved from /home/airflow/.local/lib/python3.12/site-packages/airflow/example_dags/example_branch_datetime_operator.py
[2026-09-23T12:19:56.108+0000] {logging_mixin.py:188} INFO - [2026-09-23T12:19:56.107+0000] {dag.py:3089} INFO - Sync 3 DAGs
[2026-09-23T12:19:56.130+0000] {logging_mixin.py:188} INFO - [2026-09-23T12:19:56.129+0000] {dag.py:3947} INFO - Setting next_dagrun for example_branch_datetime_operator to 2026-09-22 00:00:00+00:00, run_after=2026-09-23 00:00:00+00:00
[2026-09-23T12:19:56.134+0000] {logging_mixin.py:188} INFO - [2026-09-23T12:19:56.134+0000] {dag.py:3947} INFO - Setting next_dagrun for example_branch_datetime_operator_2 to 2026-09-22 00:00:00+00:00, run_after=2026-09-23 00:00:00+00:00
[2026-09-23T12:19:56.140+0000] {logging_mixin.py:188} INFO - [2026-09-23T12:19:56.140+0000] {dag.py:3947} INFO - Setting next_dagrun for example_branch_datetime_operator_3 to 2026-09-22 00:00:00+00:00, run_after=2026-09-23 00:00:00+00:00
[2026-09-23T12:19:56.158+0000] {processor.py:183} INFO - Processing /home/airflow/.local/lib/python3.12/site-packages/airflow/example_dags/example_branch_datetime_operator.py took 0.095 seconds
[2026-09-23T12:20:26.874+0000] {processor.py:161} INFO - Started process (PID=595) to work on /home/airflow/.local/lib/python3.12/site-packages/airflow/example_dags/example_branch_datetime_operator.py
[2026-09-23T12:20:26.875+0000] {processor.py:830} INFO - Processing file /home/airflow/.local/lib/python3.12/site-packages/airflow/example_dags/example_branch_datetime_operator.py for tasks to queue
[2026-09-23T12:20:26.877+0000] {logging_mixin.py:188} INFO - [2026-09-23T12:20:26.877+0000] {dagbag.py:545} INFO - Filling up the DagBag from /home/airflow/.local/lib/python3.12/site-packages/airflow/example_dags/example_branch_datetime_operator.py
[2026-09-23T12:20:26.888+0000] {processor.py:840} INFO - DAG(s) 'example_branch_datetime_operator', 'example_branch_datetime_operator_3', 'example_branch_datetime_operator_2' retrieved from /home/airflow/.local/lib/python3.12/site-packages/airflow/example_dags/example_branch_datetime_operator.py
[2026-09-23T12:20:26.914+0000] {logging_mixin.py:188} INFO - [2026-09-23T12:20:26.913+0000] {dag.py:3089} INFO - Sync 3 DAGs
[2026-09-23T12:20:26.937+0000] {logging_mixin.py:188} INFO - [2026-09-23T12:20:26.937+0000] {dag.py:3947} INFO - Setting next_dagrun for example_branch_datetime_operator to 2026-09-22 00:00:00+00:00, run_after=2026-09-23 00:00:00+00:00
[2026-09-23T12:20:26.943+0000] {logging_mixin.py:188} INFO - [2026-09-23T12:20:26.943+0000] {dag.py:3947} INFO - Setting next_dagrun for example_branch_datetime_operator_2 to 2026-09-22 00:00:00+00:00, run_after=2026-09-23 00:00:00+00:00
[2026-09-23T12:20:26.945+0000] {logging_mixin.py:188} INFO - [2026-09-23T12:20:26.945+0000] {dag.py:3947} INFO - Setting next_dagrun for example_branch_datetime_operator_3 to 2026-09-22 00:00:00+00:00, run_after=2026-09-23 00:00:00+00:00
[2026-09-23T12:20:27.016+0000] {processor.py:183} INFO - Processing /home/airflow/.local/lib/python3.12/site-packages/airflow/example_dags/example_branch_datetime_operator.py took 0.146 seconds
[2026-09-23T12:20:57.231+0000] {processor.py:161} INFO - Started process (PID=653) to work on /home/airflow/.local/lib/python3.12/site-packages/airflow/example_dags/example_branch_datetime_operator.py
[2026-09-23T12:20:57.232+0000] {processor.py:830} INFO - Processing file /home/airflow/.local/lib/python3.12/site-packages/airflow/example_dags/example_branch_datetime_operator.py for tasks to queue
[2026-09-23T12:20:57.234+0000] {logging_mixin.py:188} INFO - [2026-09-23T12:20:57.234+0000] {dagbag.py:545} INFO - Filling up the DagBag from /home/airflow/.local/lib/python3.12/site-packages/airflow/example_dags/example_branch_datetime_operator.py
[2026-09-23T12:20:57.246+0000] {processor.py:840} INFO - DAG(s) 'example_branch_datetime_operator', 'example_branch_datetime_operator_3', 'example_branch_datetime_operator_2' retrieved from /home/airflow/.local/lib/python3.12/site-packages/airflow/example_dags/example_branch_datetime_operator.py
[2026-09-23T12:20:57.275+0000] {logging_mixin.py:188} INFO - [2026-09-23T12:20:57.275+0000] {dag.py:3089} INFO - Sync 3 DAGs
[2026-09-23T12:20:57.297+0000] {logging_mixin.py:188} INFO - [2026-09-23T12:20:57.297+0000] {dag.py:3947} INFO - Setting next_dagrun for example_branch_datetime_operator to 2026-09-22 00:00:00+00:00, run_after=2026-09-23 00:00:00+00:00
[2026-09-23T12:20:57.301+0000] {logging_mixin.py:188} INFO - [2026-09-23T12:20:57.301+0000] {dag.py:3947} INFO - Setting next_dagrun for example_branch_datetime_operator_2 to 2026-09-22 00:00:00+00:00, run_after=2026-09-23 00:00:00+00:00
[2026-09-23T12:20:57.303+0000] {logging_mixin.py:188} INFO - [2026-09-23T12:20:57.303+0000] {dag.py:3947} INFO - Setting next_dagrun for example_branch_datetime_operator_3 to 2026-09-22 00:00:00+00:00, run_after=2026-09-23 00:00:00+00:00
[2026-09-23T12:20:57.367+0000] {processor.py:183} INFO - Processing /home/airflow/.local/lib/python3.12/site-packages/airflow/example_dags/example_branch_datetime_operator.py took 0.143 seconds
[2026-09-23T12:21:28.434+0000] {processor.py:161} INFO - Started process (PID=711) to work on /home/airflow/.local/lib/python3.12/site-packages/airflow/example_dags/example_branch_datetime_operator.py
[2026-09-23T12:21:28.435+0000] {processor.py:830} INFO - Processing file /home/airflow/.local/lib/python3.12/site-packages/airflow/example_dags/example_branch_datetime_operator.py for tasks to queue
[2026-09-23T12:21:28.438+0000] {logging_mixin.py:188} INFO - [2026-09-23T12:21:28.437+0000] {dagbag.py:545} INFO - Filling up the DagBag from /home/airflow/.local/lib/python3.12/site-packages/airflow/example_dags/example_branch_datetime_operator.py
[2026-09-23T12:21:28.458+0000] {processor.py:840} INFO - DAG(s) 'example_branch_datetime_operator_3', 'example_branch_datetime_operator_2', 'example_branch_datetime_operator' retrieved from /home/airflow/.local/lib/python3.12/site-packages/airflow/example_dags/example_branch_datetime_operator.py
[2026-09-23T12:21:28.508+0000] {logging_mixin.py:188} INFO - [2026-09-23T12:21:28.508+0000] {dag.py:3089} INFO - Sync 3 DAGs
[2026-09-23T12:21:28.549+0000] {logging_mixin.py:188} INFO - [2026-09-23T12:21:28.548+0000] {dag.py:3947} INFO - Setting next_dagrun for example_branch_datetime_operator to 2026-09-22 00:00:00+00:00, run_after=2026-09-23 00:00:00+00:00
[2026-09-23T12:21:28.555+0000] {logging_mixin.py:188} INFO - [2026-09-23T12:21:28.555+0000] {dag.py:3947} INFO - Setting next_dagrun for example_branch_datetime_operator_2 to 2026-09-22 00:00:00+00:00, run_after=2026-09-23 00:00:00+00:00
[2026-09-23T12:21:28.558+0000] {logging_mixin.py:188} INFO - [2026-09-23T12:21:28.558+0000] {dag.py:3947} INFO - Setting next_dagrun for example_branch_datetime_operator_3 to 2026-09-22 00:00:00+00:00, run_after=2026-09-23 00:00:00+00:00
[2026-09-23T12:21:28.647+0000] {processor.py:183} INFO - Processing /home/airflow/.local/lib/python3.12/site-packages/airflow/example_dags/example_branch_datetime_operator.py took 0.222 seconds
[2026-09-23T12:21:59.041+0000] {processor.py:161} INFO - Started process (PID=769) to work on /home/airflow/.local/lib/python3.12/site-packages/airflow/example_dags/example_branch_datetime_operator.py
[2026-09-23T12:21:59.043+0000] {processor.py:830} INFO - Processing file /home/airflow/.local/lib/python3.12/site-packages/airflow/example_dags/example_branch_datetime_operator.py for tasks to queue
[2026-09-23T12:21:59.045+0000] {logging_mixin.py:188} INFO - [2026-09-23T12:21:59.045+0000] {dagbag.py:545} INFO - Filling up the DagBag from /home/airflow/.local/lib/python3.12/site-packages/airflow/example_dags/example_branch_datetime_operator.py
[2026-09-23T12:21:59.055+0000] {processor.py:840} INFO - DAG(s) 'example_branch_datetime_operator', 'example_branch_datetime_operator_3', 'example_branch_datetime_operator_2' retrieved from /home/airflow/.local/lib/python3.12/site-packages/airflow/example_dags/example_branch_datetime_operator.py
[2026-09-23T12:21:59.082+0000] {logging_mixin.py:188} INFO - [2026-09-23T12:21:59.082+0000] {dag.py:3089} INFO - Sync 3 DAGs
[2026-09-23T12:21:59.106+0000] {logging_mixin.py:188} INFO - [2026-09-23T12:21:59.105+0000] {dag.py:3947} INFO - Setting next_dagrun for example_branch_datetime_operator to 2026-09-22 00:00:00+00:00, run_after=2026-09-23 00:00:00+00:00
[2026-09-23T12:21:59.111+0000] {logging_mixin.py:188} INFO - [2026-09-23T12:21:59.110+0000] {dag.py:3947} INFO - Setting next_dagrun for example_branch_datetime_operator_2 to 2026-09-22 00:00:00+00:00, run_after=2026-09-23 00:00:00+00:00
[2026-09-23T12:21:59.115+0000] {logging_mixin.py:188} INFO - [2026-09-23T12:21:59.114+0000] {dag.py:3947} INFO - Setting next_dagrun for example_branch_datetime_operator_3 to 2026-09-22 00:00:00+00:00, run_after=2026-09-23 00:00:00+00:00
[2026-09-23T12:21:59.134+0000] {processor.py:183} INFO - Processing /home/airflow/.local/lib/python3.12/site-packages/airflow/example_dags/example_branch_datetime_operator.py took 0.100 seconds
[2026-09-23T12:22:29.231+0000] {processor.py:161} INFO - Started process (PID=827) to work on /home/airflow/.local/lib/python3.12/site-packages/airflow/example_dags/example_branch_datetime_operator.py
[2026-09-23T12:22:29.232+0000] {processor.py:830} INFO - Processing file /home/airflow/.local/lib/python3.12/site-packages/airflow/example_dags/example_branch_datetime_operator.py for tasks to queue
[2026-09-23T12:22:29.234+0000] {logging_mixin.py:188} INFO - [2026-09-23T12:22:29.234+0000] {dagbag.py:545} INFO - Filling up the DagBag from /home/airflow/.local/lib/python3.12/site-packages/airflow/example_dags/example_branch_datetime_operator.py
[2026-09-23T12:22:29.243+0000] {processor.py:840} INFO - DAG(s) 'example_branch_datetime_operator_2', 'example_branch_datetime_operator', 'example_branch_datetime_operator_3' retrieved from /home/airflow/.local/lib/python3.12/site-packages/airflow/example_dags/example_branch_datetime_operator.py
[2026-09-23T12:22:29.270+0000] {logging_mixin.py:188} INFO - [2026-09-23T12:22:29.270+0000] {dag.py:3089} INFO - Sync 3 DAGs
[2026-09-23T12:22:29.291+0000] {logging_mixin.py:188} INFO - [2026-09-23T12:22:29.291+0000] {dag.py:3947} INFO - Setting next_dagrun for example_branch_datetime_operator to 2026-09-22 00:00:00+00:00, run_after=2026-09-23 00:00:00+00:00
[2026-09-23T12:22:29.297+0000] {logging_mixin.py:188} INFO - [2026-09-23T12:22:29.297+0000] {dag.py:3947} INFO - Setting next_dagrun for example_branch_datetime_operator_2 to 2026-09-22 00:00:00+00:00, run_after=2026-09-23 00:00:00+00:00
[2026-09-23T12:22:29.300+0000] {logging_mixin.py:188} INFO - [2026-09-23T12:22:29.300+0000] {dag.py:3947} INFO - Setting next_dagrun for example_branch_datetime_operator_3 to 2026-09-22 00:00:00+00:00, run_after=2026-09-23 00:00:00+00:00
[2026-09-23T12:22:29.318+0000] {processor.py:183} INFO - Processing /home/airflow/.local/lib/python3.12/site-packages/airflow/example_dags/example_branch_datetime_operator.py took 0.096 seconds
[2026-09-23T12:24:05.018+0000] {processor.py:161} INFO - Started process (PID=114) to work on /home/airflow/.local/lib/python3.12/site-packages/airflow/example_dags/example_branch_datetime_operator.py
[2026-09-23T12:24:05.020+0000] {processor.py:830} INFO - Processing file /home/airflow/.local/lib/python3.12/site-packages/airflow/example_dags/example_branch_datetime_operator.py for tasks to queue
[2026-09-23T12:24:05.022+0000] {logging_mixin.py:188} INFO - [2026-09-23T12:24:05.022+0000] {dagbag.py:545} INFO - Filling up the DagBag from /home/airflow/.local/lib/python3.12/site-packages/airflow/example_dags/example_branch_datetime_operator.py
[2026-09-23T12:24:05.035+0000] {processor.py:840} INFO - DAG(s) 'example_branch_datetime_operator', 'example_branch_datetime_operator_3', 'example_branch_datetime_operator_2' retrieved from /home/airflow/.local/lib/python3.12/site-packages/airflow/example_dags/example_branch_datetime_operator.py
[2026-09-23T12:24:05.181+0000] {logging_mixin.py:188} INFO - [2026-09-23T12:24:05.181+0000] {dag.py:3089} INFO - Sync 3 DAGs
[2026-09-23T12:24:05.209+0000] {logging_mixin.py:188} INFO - [2026-09-23T12:24:05.208+0000] {dag.py:3947} INFO - Setting next_dagrun for example_branch_datetime_operator to 2026-09-22 00:00:00+00:00, run_after=2026-09-23 00:00:00+00:00
[2026-09-23T12:24:05.213+0000] {logging_mixin.py:188} INFO - [2026-09-23T12:24:05.213+0000] {dag.py:3947} INFO - Setting next_dagrun for example_branch_datetime_operator_2 to 2026-09-22 00:00:00+00:00, run_after=2026-09-23 00:00:00+00:00
[2026-09-23T12:24:05.216+0000] {logging_mixin.py:188} INFO - [2026-09-23T12:24:05.216+0000] {dag.py:3947} INFO - Setting next_dagrun for example_branch_datetime_operator_3 to 2026-09-22 00:00:00+00:00, run_after=2026-09-23 00:00:00+00:00
[2026-09-23T12:24:05.279+0000] {processor.py:183} INFO - Processing /home/airflow/.local/lib/python3.12/site-packages/airflow/example_dags/example_branch_datetime_operator.py took 0.269 seconds
[2026-09-23T12:24:35.809+0000] {processor.py:161} INFO - Started process (PID=172) to work on /home/airflow/.local/lib/python3.12/site-packages/airflow/example_dags/example_branch_datetime_operator.py
[2026-09-23T12:24:35.810+0000] {processor.py:830} INFO - Processing file /home/airflow/.local/lib/python3.12/site-packages/airflow/example_dags/example_branch_datetime_operator.py for tasks to queue
[2026-09-23T12:24:35.813+0000] {logging_mixin.py:188} INFO - [2026-09-23T12:24:35.812+0000] {dagbag.py:545} INFO - Filling up the DagBag from /home/airflow/.local/lib/python3.12/site-packages/airflow/example_dags/example_branch_datetime_operator.py
[2026-09-23T12:24:35.824+0000] {processor.py:840} INFO - DAG(s) 'example_branch_datetime_operator_3', 'example_branch_datetime_operator', 'example_branch_datetime_operator_2' retrieved from /home/airflow/.local/lib/python3.12/site-packages/airflow/example_dags/example_branch_datetime_operator.py
[2026-09-23T12:24:35.851+0000] {logging_mixin.py:188} INFO - [2026-09-23T12:24:35.851+0000] {dag.py:3089} INFO - Sync 3 DAGs
[2026-09-23T12:24:35.874+0000] {logging_mixin.py:188} INFO - [2026-09-23T12:24:35.874+0000] {dag.py:3947} INFO - Setting next_dagrun for example_branch_datetime_operator to 2026-09-22 00:00:00+00:00, run_after=2026-09-23 00:00:00+00:00
[2026-09-23T12:24:35.879+0000] {logging_mixin.py:188} INFO - [2026-09-23T12:24:35.878+0000] {dag.py:3947} INFO - Setting next_dagrun for example_branch_datetime_operator_2 to 2026-09-22 00:00:00+00:00, run_after=2026-09-23 00:00:00+00:00
[2026-09-23T12:24:35.881+0000] {logging_mixin.py:188} INFO - [2026-09-23T12:24:35.881+0000] {dag.py:3947} INFO - Setting next_dagrun for example_branch_datetime_operator_3 to 2026-09-22 00:00:00+00:00, run_after=2026-09-23 00:00:00+00:00
[2026-09-23T12:24:35.900+0000] {processor.py:183} INFO - Processing /home/airflow/.local/lib/python3.12/site-packages/airflow/example_dags/example_branch_datetime_operator.py took 0.096 seconds
