[2026-09-23T12:16:14.916+0000] {processor.py:161} INFO - Started process (PID=76) to work on /home/airflow/.local/lib/python3.12/site-packages/airflow/example_dags/example_bash_decorator.py
[2026-09-23T12:16:14.920+0000] {processor.py:830} INFO - Processing file /home/airflow/.local/lib/python3.12/site-packages/airflow/example_dags/example_bash_decorator.py for tasks to queue
[2026-09-23T12:16:14.924+0000] {logging_mixin.py:188} INFO - [2026-09-23T12:16:14.923+0000] {dagbag.py:545} INFO - Filling up the DagBag from /home/airflow/.local/lib/python3.12/site-packages/airflow/example_dags/example_bash_decorator.py
[2026-09-23T12:16:14.974+0000] {processor.py:840} INFO - DAG(s) 'example_bash_decorator' retrieved from /home/airflow/.local/lib/python3.12/site-packages/airflow/example_dags/example_bash_decorator.py
[2026-09-23T12:16:15.300+0000] {logging_mixin.py:188} INFO - [2026-09-23T12:16:15.299+0000] {dag.py:3089} INFO - Sync 1 DAGs
[2026-09-23T12:16:15.320+0000] {logging_mixin.py:188} INFO - [2026-09-23T12:16:15.319+0000] {dag.py:3947} INFO - Setting next_dagrun for example_bash_decorator to None, run_after=None
[2026-09-23T12:16:15.362+0000] {processor.py:183} INFO - Processing /home/airflow/.local/lib/python3.12/site-packages/airflow/example_dags/example_bash_decorator.py took 0.457 seconds
[2026-09-23T12:16:45.641+0000] {processor.py:161} INFO - Started process (PID=140) to work on /home/airflow/.local/lib/python3.12/site-packages/airflow/example_dags/example_bash_decorator.py
[2026-09-23T12:16:45.643+0000] {processor.py:830} INFO - Processing file /home/airflow/.local/lib/python3.12/site-packages/airflow/example_dags/example_bash_decorator.py for tasks to queue
[2026-09-23T12:16:45.646+0000] {logging_mixin.py:188} INFO - [2026-09-23T12:16:45.646+0000] {dagbag.py:545} INFO - Filling up the DagBag from /home/airflow/.local/lib/python3.12/site-packages/airflow/example_dags/example_bash_decorator.py
[2026-09-23T12:16:45.665+0000] {processor.py:840} INFO - DAG(s) 'example_bash_decorator' retrieved from /home/airflow/.local/lib/python3.12/site-packages/airflow/example_dags/example_bash_decorator.py
[2026-09-23T12:16:45.697+0000] {logging_mixin.py:188} INFO - [2026-09-23T12:16:45.697+0000] {dag.py:3089} INFO - Sync 1 DAGs
[2026-09-23T12:16:45.714+0000] {logging_mixin.py:188} INFO - [2026-09-23T12:16:45.714+0000] {dag.py:3947} INFO - Setting next_dagrun for example_bash_decorator to None, run_after=None
[2026-09-23T12:16:45.783+0000] {processor.py:183} INFO - Processing /home/airflow/.local/lib/python3.12/site-packages/airflow/example_dags/example_bash_decorator.py took 0.151 seconds
[2026-09-23T12:17:16.350+0000] {processor.py:161} INFO - Started process (PID=198) to work on /home/airflow/.local/lib/python3.12/site-packages/airflow/example_dags/example_bash_decorator.py
[2026-09-23T12:17:16.352+0000] {processor.py:830} INFO - Processing file /home/airflow/.local/lib/python3.12/site-packages/airflow/example_dags/example_bash_decorator.py for tasks to queue
[2026-09-23T12:17:16.360+0000] {logging_mixin.py:188} INFO - [2026-09-23T12:17:16.360+0000] {dagbag.py:545} INFO - Filling up the DagBag from /home/airflow/.local/lib/python3.12/site-packages/airflow/example_dags/example_bash_decorator.py
[2026-09-23T12:17:16.376+0000] {processor.py:840} INFO - DAG(s) 'example_bash_decorator' retrieved from /home/airflow/.local/lib/python3.12/site-packages/airflow/example_dags/example_bash_decorator.py
[2026-09-23T12:17:16.405+0000] {logging_mixin.py:188} INFO - [2026-09-23T12:17:16.405+0000] {dag.py:3089} INFO - Sync 1 DAGs
[2026-09-23T12:17:16.418+0000] {logging_mixin.py:188} INFO - [2026-09-23T12:17:16.418+0000] {dag.py:3947} INFO - Setting next_dagrun for example_bash_decorator to None, run_after=None
[2026-09-23T12:17:16.484+0000] {processor.py:183} INFO - Processing /home/airflow/.local/lib/python3.12/site-packages/airflow/example_dags/example_bash_decorator.py took 0.146 seconds
[2026-09-23T12:17:46.854+0000] {processor.py:161} INFO - Started process (PID=256) to work on /home/airflow/.local/lib/python3.12/site-packages/airflow/example_dags/example_bash_decorator.py
[2026-09-23T12:17:46.855+0000] {processor.py:830} INFO - Processing file /home/airflow/.local/lib/python3.12/site-packages/airflow/example_dags/example_bash_decorator.py for tasks to queue
[2026-09-23T12:17:46.858+0000] {logging_mixin.py:188} INFO - [2026-09-23T12:17:46.858+0000] {dagbag.py:545} INFO - Filling up the DagBag from /home/airflow/.local/lib/python3.12/site-packages/airflow/example_dags/example_bash_decorator.py
[2026-09-23T12:17:46.874+0000] {processor.py:840} INFO - DAG(s) 'example_bash_decorator' retrieved from /home/airflow/.local/lib/python3.12/site-packages/airflow/example_dags/example_bash_decorator.py
[2026-09-23T12:17:46.901+0000] {logging_mixin.py:188} INFO - [2026-09-23T12:17:46.901+0000] {dag.py:3089} INFO - Sync 1 DAGs
[2026-09-23T12:17:46.916+0000] {logging_mixin.py:188} INFO - [2026-09-23T12:17:46.916+0000] {dag.py:3947} INFO - Setting next_dagrun for example_bash_decorator to None, run_after=None
[2026-09-23T12:17:46.965+0000] {processor.py:183} INFO - Processing /home/airflow/.local/lib/python3.12/site-packages/airflow/example_dags/example_bash_decorator.py took 0.118 seconds
[2026-09-23T12:18:17.295+0000] {processor.py:161} INFO - Started process (PID=314) to work on /home/airflow/.local/lib/python3.12/site-packages/airflow/example_dags/example_bash_decorator.py
[2026-09-23T12:18:17.297+0000] {processor.py:830} INFO - Processing file /home/airflow/.local/lib/python3.12/site-packages/airflow/example_dags/example_bash_decorator.py for tasks to queue
[2026-09-23T12:18:17.300+0000] {logging_mixin.py:188} INFO - [2026-09-23T12:18:17.300+0000] {dagbag.py:545} INFO - Filling up the DagBag from /home/airflow/.local/lib/python3.12/site-packages/airflow/example_dags/example_bash_decorator.py
[2026-09-23T12:18:17.317+0000] {processor.py:840} INFO - DAG(s) 'example_bash_decorator' retrieved from /home/airflow/.local/lib/python3.12/site-packages/airflow/example_dags/example_bash_decorator.py
[2026-09-23T12:18:17.344+0000] {logging_mixin.py:188} INFO - [2026-09-23T12:18:17.343+0000] {dag.py:3089} INFO - Sync 1 DAGs
[2026-09-23T12:18:17.358+0000] {logging_mixin.py:188} INFO - [2026-09-23T12:18:17.358+0000] {dag.py:3947} INFO - Setting next_dagrun for example_bash_decorator to None, run_after=None
[2026-09-23T12:18:17.423+0000] {processor.py:183} INFO - Processing /home/airflow/.local/lib/python3.12/site-packages/airflow/example_dags/example_bash_decorator.py took 0.134 seconds
[2026-09-23T12:18:47.489+0000] {processor.py:161} INFO - Started process (PID=372) to work on /home/airflow/.local/lib/python3.12/site-packages/airflow/example_dags/example_bash_decorator.py
[2026-09-23T12:18:47.490+0000] {processor.py:830} INFO - Processing file /home/airflow/.local/lib/python3.12/site-packages/airflow/example_dags/example_bash_decorator.py for tasks to queue
[2026-09-23T12:18:47.492+0000] {logging_mixin.py:188} INFO - [2026-09-23T12:18:47.492+0000] {dagbag.py:545} INFO - Filling up the DagBag from /home/airflow/.local/lib/python3.12/site-packages/airflow/example_dags/example_bash_decorator.py
[2026-09-23T12:18:47.506+0000] {processor.py:840} INFO - DAG(s) 'example_bash_decorator' retrieved from /home/airflow/.local/lib/python3.12/site-packages/airflow/example_dags/example_bash_decorator.py
[2026-09-23T12:18:47.530+0000] {logging_mixin.py:188} INFO - [2026-09-23T12:18:47.530+0000] {dag.py:3089} INFO - Sync 1 DAGs
[2026-09-23T12:18:47.546+0000] {logging_mixin.py:188} INFO - [2026-09-23T12:18:47.546+0000] {dag.py:3947} INFO - Setting next_dagrun for example_bash_decorator to None, run_after=None
[2026-09-23T12:18:47.619+0000] {processor.py:183} INFO - Processing /home/airflow/.local/lib/python3.12/site-packages/airflow/example_dags/example_bash_decorator.py took 0.139 seconds
[2026-09-23T12:19:17.927+0000] {processor.py:161} INFO - Started process (PID=450) to work on /home/airflow/.local/lib/python3.12/site-packages/airflow/example_dags/example_bash_decorator.py
[2026-09-23T12:19:17.929+0000] {processor.py:830} INFO - Processing file /home/airflow/.local/lib/python3.12/site-packages/airflow/example_dags/example_bash_decorator.py for tasks to queue
[2026-09-23T12:19:17.932+0000] {logging_mixin.py:188} INFO - [2026-09-23T12:19:17.931+0000] {dagbag.py:545} INFO - Filling up the DagBag from /home/airflow/.local/lib/python3.12/site-packages/airflow/example_dags/example_bash_decorator.py
[2026-09-23T12:19:17.947+0000] {processor.py:840} INFO - DAG(s) 'example_bash_decorator' retrieved from /home/airflow/.local/lib/python3.12/site-packages/airflow/example_dags/example_bash_decorator.py
[2026-09-23T12:19:17.972+0000] {logging_mixin.py:188} INFO - [2026-09-23T12:19:17.972+0000] {dag.py:3089} INFO - Sync 1 DAGs
[2026-09-23T12:19:17.987+0000] {logging_mixin.py:188} INFO - [2026-09-23T12:19:17.986+0000] {dag.py:3947} INFO - Setting next_dagrun for example_bash_decorator to None, run_after=None
[2026-09-23T12:19:18.014+0000] {processor.py:183} INFO - Processing /home/airflow/.local/lib/python3.12/site-packages/airflow/example_dags/example_bash_decorator.py took 0.093 seconds
[2026-09-23T12:19:48.076+0000] {processor.py:161} INFO - Started process (PID=508) to work on /home/airflow/.local/lib/python3.12/site-packages/airflow/example_dags/example_bash_decorator.py
[2026-09-23T12:19:48.078+0000] {processor.py:830} INFO - Processing file /home/airflow/.local/lib/python3.12/site-packages/airflow/example_dags/example_bash_decorator.py for tasks to queue
[2026-09-23T12:19:48.081+0000] {logging_mixin.py:188} INFO - [2026-09-23T12:19:48.081+0000] {dagbag.py:545} INFO - Filling up the DagBag from /home/airflow/.local/lib/python3.12/site-packages/airflow/example_dags/example_bash_decorator.py
[2026-09-23T12:19:48.098+0000] {processor.py:840} INFO - DAG(s) 'example_bash_decorator' retrieved from /home/airflow/.local/lib/python3.12/site-packages/airflow/example_dags/example_bash_decorator.py
[2026-09-23T12:19:48.127+0000] {logging_mixin.py:188} INFO - [2026-09-23T12:19:48.126+0000] {dag.py:3089} INFO - Sync 1 DAGs
[2026-09-23T12:19:48.142+0000] {logging_mixin.py:188} INFO - [2026-09-23T12:19:48.142+0000] {dag.py:3947} INFO - Setting next_dagrun for example_bash_decorator to None, run_after=None
[2026-09-23T12:19:48.211+0000] {processor.py:183} INFO - Processing /home/airflow/.local/lib/python3.12/site-packages/airflow/example_dags/example_bash_decorator.py took 0.141 seconds
[2026-09-23T12:20:18.541+0000] {processor.py:161} INFO - Started process (PID=566) to work on /home/airflow/.local/lib/python3.12/site-packages/airflow/example_dags/example_bash_decorator.py
[2026-09-23T12:20:18.542+0000] {processor.py:830} INFO - Processing file /home/airflow/.local/lib/python3.12/site-packages/airflow/example_dags/example_bash_decorator.py for tasks to queue
[2026-09-23T12:20:18.544+0000] {logging_mixin.py:188} INFO - [2026-09-23T12:20:18.543+0000] {dagbag.py:545} INFO - Filling up the DagBag from /home/airflow/.local/lib/python3.12/site-packages/airflow/example_dags/example_bash_decorator.py
[2026-09-23T12:20:18.559+0000] {processor.py:840} INFO - DAG(s) 'example_bash_decorator' retrieved from /home/airflow/.local/lib/python3.12/site-packages/airflow/example_dags/example_bash_decorator.py
[2026-09-23T12:20:18.587+0000] {logging_mixin.py:188} INFO - [2026-09-23T12:20:18.587+0000] {dag.py:3089} INFO - Sync 1 DAGs
[2026-09-23T12:20:18.600+0000] {logging_mixin.py:188} INFO - [2026-09-23T12:20:18.600+0000] {dag.py:3947} INFO - Setting next_dagrun for example_bash_decorator to None, run_after=None
[2026-09-23T12:20:18.626+0000] {processor.py:183} INFO - Processing /home/airflow/.local/lib/python3.12/site-packages/airflow/example_dags/example_bash_decorator.py took 0.092 seconds
[2026-09-23T12:20:48.816+0000] {processor.py:161} INFO - Started process (PID=624) to work on /home/airflow/.local/lib/python3.12/site-packages/airflow/example_dags/example_bash_decorator.py
[2026-09-23T12:20:48.818+0000] {processor.py:830} INFO - Processing file /home/airflow/.local/lib/python3.12/site-packages/airflow/example_dags/example_bash_decorator.py for tasks to queue
[2026-09-23T12:20:48.823+0000] {logging_mixin.py:188} INFO - [2026-09-23T12:20:48.822+0000] {dagbag.py:545} INFO - Filling up the DagBag from /home/airflow/.local/lib/python3.12/site-packages/airflow/example_dags/example_bash_decorator.py
[2026-09-23T12:20:48.842+0000] {processor.py:840} INFO - DAG(s) 'example_bash_decorator' retrieved from /home/airflow/.local/lib/python3.12/site-packages/airflow/example_dags/example_bash_decorator.py
[2026-09-23T12:20:48.871+0000] {logging_mixin.py:188} INFO - [2026-09-23T12:20:48.870+0000] {dag.py:3089} INFO - Sync 1 DAGs
[2026-09-23T12:20:48.885+0000] {logging_mixin.py:188} INFO - [2026-09-23T12:20:48.884+0000] {dag.py:3947} INFO - Setting next_dagrun for example_bash_decorator to None, run_after=None
[2026-09-23T12:20:48.965+0000] {processor.py:183} INFO - Processing /home/airflow/.local/lib/python3.12/site-packages/airflow/example_dags/example_bash_decorator.py took 0.157 seconds
[2026-09-23T12:21:19.280+0000] {processor.py:161} INFO - Started process (PID=682) to work on /home/airflow/.local/lib/python3.12/site-packages/airflow/example_dags/example_bash_decorator.py
[2026-09-23T12:21:19.281+0000] {processor.py:830} INFO - Processing file /home/airflow/.local/lib/python3.12/site-packages/airflow/example_dags/example_bash_decorator.py for tasks to queue
[2026-09-23T12:21:19.283+0000] {logging_mixin.py:188} INFO - [2026-09-23T12:21:19.282+0000] {dagbag.py:545} INFO - Filling up the DagBag from /home/airflow/.local/lib/python3.12/site-packages/airflow/example_dags/example_bash_decorator.py
[2026-09-23T12:21:19.296+0000] {processor.py:840} INFO - DAG(s) 'example_bash_decorator' retrieved from /home/airflow/.local/lib/python3.12/site-packages/airflow/example_dags/example_bash_decorator.py
[2026-09-23T12:21:19.319+0000] {logging_mixin.py:188} INFO - [2026-09-23T12:21:19.318+0000] {dag.py:3089} INFO - Sync 1 DAGs
[2026-09-23T12:21:19.329+0000] {logging_mixin.py:188} INFO - [2026-09-23T12:21:19.329+0000] {dag.py:3947} INFO - Setting next_dagrun for example_bash_decorator to None, run_after=None
[2026-09-23T12:21:19.400+0000] {processor.py:183} INFO - Processing /home/airflow/.local/lib/python3.12/site-packages/airflow/example_dags/example_bash_decorator.py took 0.129 seconds
[2026-09-23T12:21:50.018+0000] {processor.py:161} INFO - Started process (PID=740) to work on /home/airflow/.local/lib/python3.12/site-packages/airflow/example_dags/example_bash_decorator.py
[2026-09-23T12:21:50.019+0000] {processor.py:830} INFO - Processing file /home/airflow/.local/lib/python3.12/site-packages/airflow/example_dags/example_bash_decorator.py for tasks to queue
[2026-09-23T12:21:50.021+0000] {logging_mixin.py:188} INFO - [2026-09-23T12:21:50.021+0000] {dagbag.py:545} INFO - Filling up the DagBag from /home/airflow/.local/lib/python3.12/site-packages/airflow/example_dags/example_bash_decorator.py
[2026-09-23T12:21:50.034+0000] {processor.py:840} INFO - DAG(s) 'example_bash_decorator' retrieved from /home/airflow/.local/lib/python3.12/site-packages/airflow/example_dags/example_bash_decorator.py
[2026-09-23T12:21:50.058+0000] {logging_mixin.py:188} INFO - [2026-09-23T12:21:50.058+0000] {dag.py:3089} INFO - Sync 1 DAGs
[2026-09-23T12:21:50.070+0000] {logging_mixin.py:188} INFO - [2026-09-23T12:21:50.070+0000] {dag.py:3947} INFO - Setting next_dagrun for example_bash_decorator to None, run_after=None
[2026-09-23T12:21:50.142+0000] {processor.py:183} INFO - Processing /home/airflow/.local/lib/python3.12/site-packages/airflow/example_dags/example_bash_decorator.py took 0.129 seconds
[2026-09-23T12:22:20.575+0000] {processor.py:161} INFO - Started process (PID=798) to work on /home/airflow/.local/lib/python3.12/site-packages/airflow/example_dags/example_bash_decorator.py
[2026-09-23T12:22:20.577+0000] {processor.py:830} INFO - Processing file /home/airflow/.local/lib/python3.12/site-packages/airflow/example_dags/example_bash_decorator.py for tasks to queue
[2026-09-23T12:22:20.579+0000] {logging_mixin.py:188} INFO - [2026-09-23T12:22:20.578+0000] {dagbag.py:545} INFO - Filling up the DagBag from /home/airflow/.local/lib/python3.12/site-packages/airflow/example_dags/example_bash_decorator.py
[2026-09-23T12:22:20.591+0000] {processor.py:840} INFO - DAG(s) 'example_bash_decorator' retrieved from /home/airflow/.local/lib/python3.12/site-packages/airflow/example_dags/example_bash_decorator.py
[2026-09-23T12:22:20.621+0000] {logging_mixin.py:188} INFO - [2026-09-23T12:22:20.620+0000] {dag.py:3089} INFO - Sync 1 DAGs
[2026-09-23T12:22:20.635+0000] {logging_mixin.py:188} INFO - [2026-09-23T12:22:20.635+0000] {dag.py:3947} INFO - Setting next_dagrun for example_bash_decorator to None, run_after=None
[2026-09-23T12:22:20.700+0000] {processor.py:183} INFO - Processing /home/airflow/.local/lib/python3.12/site-packages/airflow/example_dags/example_bash_decorator.py took 0.130 seconds
[2026-09-23T12:23:58.870+0000] {processor.py:161} INFO - Started process (PID=85) to work on /home/airflow/.local/lib/python3.12/site-packages/airflow/example_dags/example_bash_decorator.py
[2026-09-23T12:23:58.872+0000] {processor.py:830} INFO - Processing file /home/airflow/.local/lib/python3.12/site-packages/airflow/example_dags/example_bash_decorator.py for tasks to queue
[2026-09-23T12:23:58.875+0000] {logging_mixin.py:188} INFO - [2026-09-23T12:23:58.874+0000] {dagbag.py:545} INFO - Filling up the DagBag from /home/airflow/.local/lib/python3.12/site-packages/airflow/example_dags/example_bash_decorator.py
[2026-09-23T12:23:58.915+0000] {processor.py:840} INFO - DAG(s) 'example_bash_decorator' retrieved from /home/airflow/.local/lib/python3.12/site-packages/airflow/example_dags/example_bash_decorator.py
[2026-09-23T12:23:59.259+0000] {logging_mixin.py:188} INFO - [2026-09-23T12:23:59.259+0000] {dag.py:3089} INFO - Sync 1 DAGs
[2026-09-23T12:23:59.278+0000] {logging_mixin.py:188} INFO - [2026-09-23T12:23:59.278+0000] {dag.py:3947} INFO - Setting next_dagrun for example_bash_decorator to None, run_after=None
[2026-09-23T12:23:59.320+0000] {processor.py:183} INFO - Processing /home/airflow/.local/lib/python3.12/site-packages/airflow/example_dags/example_bash_decorator.py took 0.460 seconds
[2026-09-23T12:24:29.763+0000] {processor.py:161} INFO - Started process (PID=143) to work on /home/airflow/.local/lib/python3.12/site-packages/airflow/example_dags/example_bash_decorator.py
[2026-09-23T12:24:29.764+0000] {processor.py:830} INFO - Processing file /home/airflow/.local/lib/python3.12/site-packages/airflow/example_dags/example_bash_decorator.py for tasks to queue
[2026-09-23T12:24:29.767+0000] {logging_mixin.py:188} INFO - [2026-09-23T12:24:29.766+0000] {dagbag.py:545} INFO - Filling up the DagBag from /home/airflow/.local/lib/python3.12/site-packages/airflow/example_dags/example_bash_decorator.py
[2026-09-23T12:24:29.786+0000] {processor.py:840} INFO - DAG(s) 'example_bash_decorator' retrieved from /home/airflow/.local/lib/python3.12/site-packages/airflow/example_dags/example_bash_decorator.py
[2026-09-23T12:24:29.827+0000] {logging_mixin.py:188} INFO - [2026-09-23T12:24:29.827+0000] {dag.py:3089} INFO - Sync 1 DAGs
[2026-09-23T12:24:29.843+0000] {logging_mixin.py:188} INFO - [2026-09-23T12:24:29.843+0000] {dag.py:3947} INFO - Setting next_dagrun for example_bash_decorator to None, run_after=None
[2026-09-23T12:24:29.888+0000] {processor.py:183} INFO - Processing /home/airflow/.local/lib/python3.12/site-packages/airflow/example_dags/example_bash_decorator.py took 0.131 seconds
