[2026-09-23T12:16:18.401+0000] {processor.py:161} INFO - Started process (PID=95) to work on /home/airflow/.local/lib/python3.12/site-packages/airflow/example_dags/example_branch_python_dop_operator_3.py
[2026-09-23T12:16:18.407+0000] {processor.py:830} INFO - Processing file /home/airflow/.local/lib/python3.12/site-packages/airflow/example_dags/example_branch_python_dop_operator_3.py for tasks to queue
[2026-09-23T12:16:18.413+0000] {logging_mixin.py:188} INFO - [2026-09-23T12:16:18.412+0000] {dagbag.py:545} INFO - Filling up the DagBag from /home/airflow/.local/lib/python3.12/site-packages/airflow/example_dags/example_branch_python_dop_operator_3.py
[2026-09-23T12:16:18.432+0000] {processor.py:840} INFO - DAG(s) 'example_branch_dop_operator_v3' retrieved from /home/airflow/.local/lib/python3.12/site-packages/airflow/example_dags/example_branch_python_dop_operator_3.py
[2026-09-23T12:16:18.566+0000] {logging_mixin.py:188} INFO - [2026-09-23T12:16:18.566+0000] {dag.py:3089} INFO - Sync 1 DAGs
[2026-09-23T12:16:18.588+0000] {logging_mixin.py:188} INFO - [2026-09-23T12:16:18.588+0000] {dag.py:3947} INFO - Setting next_dagrun for example_branch_dop_operator_v3 to 2026-09-23 12:15:00+00:00, run_after=2026-09-23 12:16:00+00:00
[2026-09-23T12:16:18.613+0000] {processor.py:183} INFO - Processing /home/airflow/.local/lib/python3.12/site-packages/airflow/example_dags/example_branch_python_dop_operator_3.py took 0.226 seconds
[2026-09-23T12:16:48.702+0000] {processor.py:161} INFO - Started process (PID=153) to work on /home/airflow/.local/lib/python3.12/site-packages/airflow/example_dags/example_branch_python_dop_operator_3.py
[2026-09-23T12:16:48.704+0000] {processor.py:830} INFO - Processing file /home/airflow/.local/lib/python3.12/site-packages/airflow/example_dags/example_branch_python_dop_operator_3.py for tasks to queue
[2026-09-23T12:16:48.707+0000] {logging_mixin.py:188} INFO - [2026-09-23T12:16:48.706+0000] {dagbag.py:545} INFO - Filling up the DagBag from /home/airflow/.local/lib/python3.12/site-packages/airflow/example_dags/example_branch_python_dop_operator_3.py
[2026-09-23T12:16:48.716+0000] {processor.py:840} INFO - DAG(s) 'example_branch_dop_operator_v3' retrieved from /home/airflow/.local/lib/python3.12/site-packages/airflow/example_dags/example_branch_python_dop_operator_3.py
[2026-09-23T12:16:48.737+0000] {logging_mixin.py:188} INFO - [2026-09-23T12:16:48.737+0000] {dag.py:3089} INFO - Sync 1 DAGs
[2026-09-23T12:16:48.763+0000] {logging_mixin.py:188} INFO - [2026-09-23T12:16:48.762+0000] {dag.py:3947} INFO - Setting next_dagrun for example_branch_dop_operator_v3 to 2026-09-23 12:15:00+00:00, run_after=2026-09-23 12:16:00+00:00
[2026-09-23T12:16:48.840+0000] {processor.py:183} INFO - Processing /home/airflow/.local/lib/python3.12/site-packages/airflow/example_dags/example_branch_python_dop_operator_3.py took 0.146 seconds
[2026-09-23T12:17:19.351+0000] {processor.py:161} INFO - Started process (PID=211) to work on /home/airflow/.local/lib/python3.12/site-packages/airflow/example_dags/example_branch_python_dop_operator_3.py
[2026-09-23T12:17:19.352+0000] {processor.py:830} INFO - Processing file /home/airflow/.local/lib/python3.12/site-packages/airflow/example_dags/example_branch_python_dop_operator_3.py for tasks to queue
[2026-09-23T12:17:19.354+0000] {logging_mixin.py:188} INFO - [2026-09-23T12:17:19.354+0000] {dagbag.py:545} INFO - Filling up the DagBag from /home/airflow/.local/lib/python3.12/site-packages/airflow/example_dags/example_branch_python_dop_operator_3.py
[2026-09-23T12:17:19.363+0000] {processor.py:840} INFO - DAG(s) 'example_branch_dop_operator_v3' retrieved from /home/airflow/.local/lib/python3.12/site-packages/airflow/example_dags/example_branch_python_dop_operator_3.py
[2026-09-23T12:17:19.380+0000] {logging_mixin.py:188} INFO - [2026-09-23T12:17:19.380+0000] {dag.py:3089} INFO - Sync 1 DAGs
[2026-09-23T12:17:19.402+0000] {logging_mixin.py:188} INFO - [2026-09-23T12:17:19.401+0000] {dag.py:3947} INFO - Setting next_dagrun for example_branch_dop_operator_v3 to 2026-09-23 12:16:00+00:00, run_after=2026-09-23 12:17:00+00:00
[2026-09-23T12:17:19.439+0000] {processor.py:183} INFO - Processing /home/airflow/.local/lib/python3.12/site-packages/airflow/example_dags/example_branch_python_dop_operator_3.py took 0.095 seconds
[2026-09-23T12:17:50.045+0000] {processor.py:161} INFO - Started process (PID=269) to work on /home/airflow/.local/lib/python3.12/site-packages/airflow/example_dags/example_branch_python_dop_operator_3.py
[2026-09-23T12:17:50.047+0000] {processor.py:830} INFO - Processing file /home/airflow/.local/lib/python3.12/site-packages/airflow/example_dags/example_branch_python_dop_operator_3.py for tasks to queue
[2026-09-23T12:17:50.050+0000] {logging_mixin.py:188} INFO - [2026-09-23T12:17:50.049+0000] {dagbag.py:545} INFO - Filling up the DagBag from /home/airflow/.local/lib/python3.12/site-packages/airflow/example_dags/example_branch_python_dop_operator_3.py
[2026-09-23T12:17:50.059+0000] {processor.py:840} INFO - DAG(s) 'example_branch_dop_operator_v3' retrieved from /home/airflow/.local/lib/python3.12/site-packages/airflow/example_dags/example_branch_python_dop_operator_3.py
[2026-09-23T12:17:50.081+0000] {logging_mixin.py:188} INFO - [2026-09-23T12:17:50.081+0000] {dag.py:3089} INFO - Sync 1 DAGs
[2026-09-23T12:17:50.107+0000] {logging_mixin.py:188} INFO - [2026-09-23T12:17:50.106+0000] {dag.py:3947} INFO - Setting next_dagrun for example_branch_dop_operator_v3 to 2026-09-23 12:16:00+00:00, run_after=2026-09-23 12:17:00+00:00
[2026-09-23T12:17:50.136+0000] {processor.py:183} INFO - Processing /home/airflow/.local/lib/python3.12/site-packages/airflow/example_dags/example_branch_python_dop_operator_3.py took 0.096 seconds
[2026-09-23T12:18:20.570+0000] {processor.py:161} INFO - Started process (PID=327) to work on /home/airflow/.local/lib/python3.12/site-packages/airflow/example_dags/example_branch_python_dop_operator_3.py
[2026-09-23T12:18:20.571+0000] {processor.py:830} INFO - Processing file /home/airflow/.local/lib/python3.12/site-packages/airflow/example_dags/example_branch_python_dop_operator_3.py for tasks to queue
[2026-09-23T12:18:20.574+0000] {logging_mixin.py:188} INFO - [2026-09-23T12:18:20.573+0000] {dagbag.py:545} INFO - Filling up the DagBag from /home/airflow/.local/lib/python3.12/site-packages/airflow/example_dags/example_branch_python_dop_operator_3.py
[2026-09-23T12:18:20.582+0000] {processor.py:840} INFO - DAG(s) 'example_branch_dop_operator_v3' retrieved from /home/airflow/.local/lib/python3.12/site-packages/airflow/example_dags/example_branch_python_dop_operator_3.py
[2026-09-23T12:18:20.600+0000] {logging_mixin.py:188} INFO - [2026-09-23T12:18:20.600+0000] {dag.py:3089} INFO - Sync 1 DAGs
[2026-09-23T12:18:20.624+0000] {logging_mixin.py:188} INFO - [2026-09-23T12:18:20.624+0000] {dag.py:3947} INFO - Setting next_dagrun for example_branch_dop_operator_v3 to 2026-09-23 12:17:00+00:00, run_after=2026-09-23 12:18:00+00:00
[2026-09-23T12:18:20.644+0000] {processor.py:183} INFO - Processing /home/airflow/.local/lib/python3.12/site-packages/airflow/example_dags/example_branch_python_dop_operator_3.py took 0.079 seconds
[2026-09-23T12:18:51.346+0000] {processor.py:161} INFO - Started process (PID=385) to work on /home/airflow/.local/lib/python3.12/site-packages/airflow/example_dags/example_branch_python_dop_operator_3.py
[2026-09-23T12:18:51.347+0000] {processor.py:830} INFO - Processing file /home/airflow/.local/lib/python3.12/site-packages/airflow/example_dags/example_branch_python_dop_operator_3.py for tasks to queue
[2026-09-23T12:18:51.349+0000] {logging_mixin.py:188} INFO - [2026-09-23T12:18:51.349+0000] {dagbag.py:545} INFO - Filling up the DagBag from /home/airflow/.local/lib/python3.12/site-packages/airflow/example_dags/example_branch_python_dop_operator_3.py
[2026-09-23T12:18:51.359+0000] {processor.py:840} INFO - DAG(s) 'example_branch_dop_operator_v3' retrieved from /home/airflow/.local/lib/python3.12/site-packages/airflow/example_dags/example_branch_python_dop_operator_3.py
[2026-09-23T12:18:51.384+0000] {logging_mixin.py:188} INFO - [2026-09-23T12:18:51.383+0000] {dag.py:3089} INFO - Sync 1 DAGs
[2026-09-23T12:18:51.408+0000] {logging_mixin.py:188} INFO - [2026-09-23T12:18:51.408+0000] {dag.py:3947} INFO - Setting next_dagrun for example_branch_dop_operator_v3 to 2026-09-23 12:17:00+00:00, run_after=2026-09-23 12:18:00+00:00
[2026-09-23T12:18:51.431+0000] {processor.py:183} INFO - Processing /home/airflow/.local/lib/python3.12/site-packages/airflow/example_dags/example_branch_python_dop_operator_3.py took 0.091 seconds
[2026-09-23T12:19:21.955+0000] {processor.py:161} INFO - Started process (PID=463) to work on /home/airflow/.local/lib/python3.12/site-packages/airflow/example_dags/example_branch_python_dop_operator_3.py
[2026-09-23T12:19:21.956+0000] {processor.py:830} INFO - Processing file /home/airflow/.local/lib/python3.12/site-packages/airflow/example_dags/example_branch_python_dop_operator_3.py for tasks to queue
[2026-09-23T12:19:21.958+0000] {logging_mixin.py:188} INFO - [2026-09-23T12:19:21.958+0000] {dagbag.py:545} INFO - Filling up the DagBag from /home/airflow/.local/lib/python3.12/site-packages/airflow/example_dags/example_branch_python_dop_operator_3.py
[2026-09-23T12:19:21.968+0000] {processor.py:840} INFO - DAG(s) 'example_branch_dop_operator_v3' retrieved from /home/airflow/.local/lib/python3.12/site-packages/airflow/example_dags/example_branch_python_dop_operator_3.py
[2026-09-23T12:19:21.989+0000] {logging_mixin.py:188} INFO - [2026-09-23T12:19:21.989+0000] {dag.py:3089} INFO - Sync 1 DAGs
[2026-09-23T12:19:22.018+0000] {logging_mixin.py:188} INFO - [2026-09-23T12:19:22.018+0000] {dag.py:3947} INFO - Setting next_dagrun for example_branch_dop_operator_v3 to 2026-09-23 12:18:00+00:00, run_after=2026-09-23 12:19:00+00:00
[2026-09-23T12:19:22.039+0000] {processor.py:183} INFO - Processing /home/airflow/.local/lib/python3.12/site-packages/airflow/example_dags/example_branch_python_dop_operator_3.py took 0.089 seconds
[2026-09-23T12:19:53.005+0000] {processor.py:161} INFO - Started process (PID=521) to work on /home/airflow/.local/lib/python3.12/site-packages/airflow/example_dags/example_branch_python_dop_operator_3.py
[2026-09-23T12:19:53.006+0000] {processor.py:830} INFO - Processing file /home/airflow/.local/lib/python3.12/site-packages/airflow/example_dags/example_branch_python_dop_operator_3.py for tasks to queue
[2026-09-23T12:19:53.009+0000] {logging_mixin.py:188} INFO - [2026-09-23T12:19:53.009+0000] {dagbag.py:545} INFO - Filling up the DagBag from /home/airflow/.local/lib/python3.12/site-packages/airflow/example_dags/example_branch_python_dop_operator_3.py
[2026-09-23T12:19:53.020+0000] {processor.py:840} INFO - DAG(s) 'example_branch_dop_operator_v3' retrieved from /home/airflow/.local/lib/python3.12/site-packages/airflow/example_dags/example_branch_python_dop_operator_3.py
[2026-09-23T12:19:53.043+0000] {logging_mixin.py:188} INFO - [2026-09-23T12:19:53.043+0000] {dag.py:3089} INFO - Sync 1 DAGs
[2026-09-23T12:19:53.071+0000] {logging_mixin.py:188} INFO - [2026-09-23T12:19:53.071+0000] {dag.py:3947} INFO - Setting next_dagrun for example_branch_dop_operator_v3 to 2026-09-23 12:18:00+00:00, run_after=2026-09-23 12:19:00+00:00
[2026-09-23T12:19:53.114+0000] {processor.py:183} INFO - Processing /home/airflow/.local/lib/python3.12/site-packages/airflow/example_dags/example_branch_python_dop_operator_3.py took 0.118 seconds
[2026-09-23T12:20:23.502+0000] {processor.py:161} INFO - Started process (PID=579) to work on /home/airflow/.local/lib/python3.12/site-packages/airflow/example_dags/example_branch_python_dop_operator_3.py
[2026-09-23T12:20:23.504+0000] {processor.py:830} INFO - Processing file /home/airflow/.local/lib/python3.12/site-packages/airflow/example_dags/example_branch_python_dop_operator_3.py for tasks to queue
[2026-09-23T12:20:23.506+0000] {logging_mixin.py:188} INFO - [2026-09-23T12:20:23.506+0000] {dagbag.py:545} INFO - Filling up the DagBag from /home/airflow/.local/lib/python3.12/site-packages/airflow/example_dags/example_branch_python_dop_operator_3.py
[2026-09-23T12:20:23.517+0000] {processor.py:840} INFO - DAG(s) 'example_branch_dop_operator_v3' retrieved from /home/airflow/.local/lib/python3.12/site-packages/airflow/example_dags/example_branch_python_dop_operator_3.py
[2026-09-23T12:20:23.541+0000] {logging_mixin.py:188} INFO - [2026-09-23T12:20:23.541+0000] {dag.py:3089} INFO - Sync 1 DAGs
[2026-09-23T12:20:23.571+0000] {logging_mixin.py:188} INFO - [2026-09-23T12:20:23.571+0000] {dag.py:3947} INFO - Setting next_dagrun for example_branch_dop_operator_v3 to 2026-09-23 12:19:00+00:00, run_after=2026-09-23 12:20:00+00:00
[2026-09-23T12:20:23.690+0000] {processor.py:183} INFO - Processing /home/airflow/.local/lib/python3.12/site-packages/airflow/example_dags/example_branch_python_dop_operator_3.py took 0.198 seconds
[2026-09-23T12:20:53.823+0000] {processor.py:161} INFO - Started process (PID=637) to work on /home/airflow/.local/lib/python3.12/site-packages/airflow/example_dags/example_branch_python_dop_operator_3.py
[2026-09-23T12:20:53.824+0000] {processor.py:830} INFO - Processing file /home/airflow/.local/lib/python3.12/site-packages/airflow/example_dags/example_branch_python_dop_operator_3.py for tasks to queue
[2026-09-23T12:20:53.827+0000] {logging_mixin.py:188} INFO - [2026-09-23T12:20:53.827+0000] {dagbag.py:545} INFO - Filling up the DagBag from /home/airflow/.local/lib/python3.12/site-packages/airflow/example_dags/example_branch_python_dop_operator_3.py
[2026-09-23T12:20:53.835+0000] {processor.py:840} INFO - DAG(s) 'example_branch_dop_operator_v3' retrieved from /home/airflow/.local/lib/python3.12/site-packages/airflow/example_dags/example_branch_python_dop_operator_3.py
[2026-09-23T12:20:53.857+0000] {logging_mixin.py:188} INFO - [2026-09-23T12:20:53.856+0000] {dag.py:3089} INFO - Sync 1 DAGs
[2026-09-23T12:20:53.881+0000] {logging_mixin.py:188} INFO - [2026-09-23T12:20:53.881+0000] {dag.py:3947} INFO - Setting next_dagrun for example_branch_dop_operator_v3 to 2026-09-23 12:19:00+00:00, run_after=2026-09-23 12:20:00+00:00
[2026-09-23T12:20:53.908+0000] {processor.py:183} INFO - Processing /home/airflow/.local/lib/python3.12/site-packages/airflow/example_dags/example_branch_python_dop_operator_3.py took 0.091 seconds
[2026-09-23T12:21:24.124+0000] {processor.py:161} INFO - Started process (PID=695) to work on /home/airflow/.local/lib/python3.12/site-packages/airflow/example_dags/example_branch_python_dop_operator_3.py
[2026-09-23T12:21:24.125+0000] {processor.py:830} INFO - Processing file /home/airflow/.local/lib/python3.12/site-packages/airflow/example_dags/example_branch_python_dop_operator_3.py for tasks to queue
[2026-09-23T12:21:24.128+0000] {logging_mixin.py:188} INFO - [2026-09-23T12:21:24.127+0000] {dagbag.py:545} INFO - Filling up the DagBag from /home/airflow/.local/lib/python3.12/site-packages/airflow/example_dags/example_branch_python_dop_operator_3.py
[2026-09-23T12:21:24.135+0000] {processor.py:840} INFO - DAG(s) 'example_branch_dop_operator_v3' retrieved from /home/airflow/.local/lib/python3.12/site-packages/airflow/example_dags/example_branch_python_dop_operator_3.py
[2026-09-23T12:21:24.156+0000] {logging_mixin.py:188} INFO - [2026-09-23T12:21:24.156+0000] {dag.py:3089} INFO - Sync 1 DAGs
[2026-09-23T12:21:24.181+0000] {logging_mixin.py:188} INFO - [2026-09-23T12:21:24.181+0000] {dag.py:3947} INFO - Setting next_dagrun for example_branch_dop_operator_v3 to 2026-09-23 12:20:00+00:00, run_after=2026-09-23 12:21:00+00:00
[2026-09-23T12:21:24.260+0000] {processor.py:183} INFO - Processing /home/airflow/.local/lib/python3.12/site-packages/airflow/example_dags/example_branch_python_dop_operator_3.py took 0.145 seconds
[2026-09-23T12:21:54.927+0000] {processor.py:161} INFO - Started process (PID=753) to work on /home/airflow/.local/lib/python3.12/site-packages/airflow/example_dags/example_branch_python_dop_operator_3.py
[2026-09-23T12:21:54.929+0000] {processor.py:830} INFO - Processing file /home/airflow/.local/lib/python3.12/site-packages/airflow/example_dags/example_branch_python_dop_operator_3.py for tasks to queue
[2026-09-23T12:21:54.931+0000] {logging_mixin.py:188} INFO - [2026-09-23T12:21:54.931+0000] {dagbag.py:545} INFO - Filling up the DagBag from /home/airflow/.local/lib/python3.12/site-packages/airflow/example_dags/example_branch_python_dop_operator_3.py
[2026-09-23T12:21:54.943+0000] {processor.py:840} INFO - DAG(s) 'example_branch_dop_operator_v3' retrieved from /home/airflow/.local/lib/python3.12/site-packages/airflow/example_dags/example_branch_python_dop_operator_3.py
[2026-09-23T12:21:54.965+0000] {logging_mixin.py:188} INFO - [2026-09-23T12:21:54.965+0000] {dag.py:3089} INFO - Sync 1 DAGs
[2026-09-23T12:21:54.998+0000] {logging_mixin.py:188} INFO - [2026-09-23T12:21:54.998+0000] {dag.py:3947} INFO - Setting next_dagrun for example_branch_dop_operator_v3 to 2026-09-23 12:20:00+00:00, run_after=2026-09-23 12:21:00+00:00
[2026-09-23T12:21:55.025+0000] {processor.py:183} INFO - Processing /home/airflow/.local/lib/python3.12/site-packages/airflow/example_dags/example_branch_python_dop_operator_3.py took 0.105 seconds
[2026-09-23T12:22:25.573+0000] {processor.py:161} INFO - Started process (PID=811) to work on /home/airflow/.local/lib/python3.12/site-packages/airflow/example_dags/example_branch_python_dop_operator_3.py
[2026-09-23T12:22:25.575+0000] {processor.py:830} INFO - Processing file /home/airflow/.local/lib/python3.12/site-packages/airflow/example_dags/example_branch_python_dop_operator_3.py for tasks to queue
[2026-09-23T12:22:25.577+0000] {logging_mixin.py:188} INFO - [2026-09-23T12:22:25.576+0000] {dagbag.py:545} INFO - Filling up the DagBag from /home/airflow/.local/lib/python3.12/site-packages/airflow/example_dags/example_branch_python_dop_operator_3.py
[2026-09-23T12:22:25.589+0000] {processor.py:840} INFO - DAG(s) 'example_branch_dop_operator_v3' retrieved from /home/airflow/.local/lib/python3.12/site-packages/airflow/example_dags/example_branch_python_dop_operator_3.py
[2026-09-23T12:22:25.616+0000] {logging_mixin.py:188} INFO - [2026-09-23T12:22:25.616+0000] {dag.py:3089} INFO - Sync 1 DAGs
[2026-09-23T12:22:25.648+0000] {logging_mixin.py:188} INFO - [2026-09-23T12:22:25.648+0000] {dag.py:3947} INFO - Setting next_dagrun for example_branch_dop_operator_v3 to 2026-09-23 12:21:00+00:00, run_after=2026-09-23 12:22:00+00:00
[2026-09-23T12:22:25.732+0000] {processor.py:183} INFO - Processing /home/airflow/.local/lib/python3.12/site-packages/airflow/example_dags/example_branch_python_dop_operator_3.py took 0.167 seconds
[2026-09-23T12:24:02.198+0000] {processor.py:161} INFO - Started process (PID=98) to work on /home/airflow/.local/lib/python3.12/site-packages/airflow/example_dags/example_branch_python_dop_operator_3.py
[2026-09-23T12:24:02.200+0000] {processor.py:830} INFO - Processing file /home/airflow/.local/lib/python3.12/site-packages/airflow/example_dags/example_branch_python_dop_operator_3.py for tasks to queue
[2026-09-23T12:24:02.202+0000] {logging_mixin.py:188} INFO - [2026-09-23T12:24:02.201+0000] {dagbag.py:545} INFO - Filling up the DagBag from /home/airflow/.local/lib/python3.12/site-packages/airflow/example_dags/example_branch_python_dop_operator_3.py
[2026-09-23T12:24:02.217+0000] {processor.py:840} INFO - DAG(s) 'example_branch_dop_operator_v3' retrieved from /home/airflow/.local/lib/python3.12/site-packages/airflow/example_dags/example_branch_python_dop_operator_3.py
[2026-09-23T12:24:02.343+0000] {logging_mixin.py:188} INFO - [2026-09-23T12:24:02.343+0000] {dag.py:3089} INFO - Sync 1 DAGs
[2026-09-23T12:24:02.369+0000] {logging_mixin.py:188} INFO - [2026-09-23T12:24:02.369+0000] {dag.py:3947} INFO - Setting next_dagrun for example_branch_dop_operator_v3 to 2026-09-23 12:23:00+00:00, run_after=2026-09-23 12:24:00+00:00
[2026-09-23T12:24:02.446+0000] {processor.py:183} INFO - Processing /home/airflow/.local/lib/python3.12/site-packages/airflow/example_dags/example_branch_python_dop_operator_3.py took 0.254 seconds
[2026-09-23T12:24:32.752+0000] {processor.py:161} INFO - Started process (PID=156) to work on /home/airflow/.local/lib/python3.12/site-packages/airflow/example_dags/example_branch_python_dop_operator_3.py
[2026-09-23T12:24:32.753+0000] {processor.py:830} INFO - Processing file /home/airflow/.local/lib/python3.12/site-packages/airflow/example_dags/example_branch_python_dop_operator_3.py for tasks to queue
[2026-09-23T12:24:32.756+0000] {logging_mixin.py:188} INFO - [2026-09-23T12:24:32.756+0000] {dagbag.py:545} INFO - Filling up the DagBag from /home/airflow/.local/lib/python3.12/site-packages/airflow/example_dags/example_branch_python_dop_operator_3.py
[2026-09-23T12:24:32.770+0000] {processor.py:840} INFO - DAG(s) 'example_branch_dop_operator_v3' retrieved from /home/airflow/.local/lib/python3.12/site-packages/airflow/example_dags/example_branch_python_dop_operator_3.py
[2026-09-23T12:24:32.794+0000] {logging_mixin.py:188} INFO - [2026-09-23T12:24:32.794+0000] {dag.py:3089} INFO - Sync 1 DAGs
[2026-09-23T12:24:32.815+0000] {logging_mixin.py:188} INFO - [2026-09-23T12:24:32.814+0000] {dag.py:3947} INFO - Setting next_dagrun for example_branch_dop_operator_v3 to 2026-09-23 12:23:00+00:00, run_after=2026-09-23 12:24:00+00:00
[2026-09-23T12:24:32.834+0000] {processor.py:183} INFO - Processing /home/airflow/.local/lib/python3.12/site-packages/airflow/example_dags/example_branch_python_dop_operator_3.py took 0.089 seconds
