[2026-09-23T12:16:18.436+0000] {processor.py:161} INFO - Started process (PID=96) to work on /home/airflow/.local/lib/python3.12/site-packages/airflow/example_dags/example_complex.py
[2026-09-23T12:16:18.438+0000] {processor.py:830} INFO - Processing file /home/airflow/.local/lib/python3.12/site-packages/airflow/example_dags/example_complex.py for tasks to queue
[2026-09-23T12:16:18.445+0000] {logging_mixin.py:188} INFO - [2026-09-23T12:16:18.443+0000] {dagbag.py:545} INFO - Filling up the DagBag from /home/airflow/.local/lib/python3.12/site-packages/airflow/example_dags/example_complex.py
[2026-09-23T12:16:18.473+0000] {processor.py:840} INFO - DAG(s) 'example_complex' retrieved from /home/airflow/.local/lib/python3.12/site-packages/airflow/example_dags/example_complex.py
[2026-09-23T12:16:18.603+0000] {logging_mixin.py:188} INFO - [2026-09-23T12:16:18.603+0000] {dag.py:3089} INFO - Sync 1 DAGs
[2026-09-23T12:16:18.617+0000] {logging_mixin.py:188} INFO - [2026-09-23T12:16:18.617+0000] {dag.py:3947} INFO - Setting next_dagrun for example_complex to None, run_after=None
[2026-09-23T12:16:18.642+0000] {processor.py:183} INFO - Processing /home/airflow/.local/lib/python3.12/site-packages/airflow/example_dags/example_complex.py took 0.223 seconds
[2026-09-23T12:16:48.702+0000] {processor.py:161} INFO - Started process (PID=154) to work on /home/airflow/.local/lib/python3.12/site-packages/airflow/example_dags/example_complex.py
[2026-09-23T12:16:48.704+0000] {processor.py:830} INFO - Processing file /home/airflow/.local/lib/python3.12/site-packages/airflow/example_dags/example_complex.py for tasks to queue
[2026-09-23T12:16:48.706+0000] {logging_mixin.py:188} INFO - [2026-09-23T12:16:48.706+0000] {dagbag.py:545} INFO - Filling up the DagBag from /home/airflow/.local/lib/python3.12/site-packages/airflow/example_dags/example_complex.py
[2026-09-23T12:16:48.716+0000] {processor.py:840} INFO - DAG(s) 'example_complex' retrieved from /home/airflow/.local/lib/python3.12/site-packages/airflow/example_dags/example_complex.py
[2026-09-23T12:16:48.747+0000] {logging_mixin.py:188} INFO - [2026-09-23T12:16:48.747+0000] {dag.py:3089} INFO - Sync 1 DAGs
[2026-09-23T12:16:48.761+0000] {logging_mixin.py:188} INFO - [2026-09-23T12:16:48.760+0000] {dag.py:3947} INFO - Setting next_dagrun for example_complex to None, run_after=None
[2026-09-23T12:16:48.837+0000] {processor.py:183} INFO - Processing /home/airflow/.local/lib/python3.12/site-packages/airflow/example_dags/example_complex.py took 0.143 seconds
[2026-09-23T12:17:19.474+0000] {processor.py:161} INFO - Started process (PID=212) to work on /home/airflow/.local/lib/python3.12/site-packages/airflow/example_dags/example_complex.py
[2026-09-23T12:17:19.475+0000] {processor.py:830} INFO - Processing file /home/airflow/.local/lib/python3.12/site-packages/airflow/example_dags/example_complex.py for tasks to queue
[2026-09-23T12:17:19.477+0000] {logging_mixin.py:188} INFO - [2026-09-23T12:17:19.477+0000] {dagbag.py:545} INFO - Filling up the DagBag from /home/airflow/.local/lib/python3.12/site-packages/airflow/example_dags/example_complex.py
[2026-09-23T12:17:19.486+0000] {processor.py:840} INFO - DAG(s) 'example_complex' retrieved from /home/airflow/.local/lib/python3.12/site-packages/airflow/example_dags/example_complex.py
[2026-09-23T12:17:19.514+0000] {logging_mixin.py:188} INFO - [2026-09-23T12:17:19.513+0000] {dag.py:3089} INFO - Sync 1 DAGs
[2026-09-23T12:17:19.526+0000] {logging_mixin.py:188} INFO - [2026-09-23T12:17:19.526+0000] {dag.py:3947} INFO - Setting next_dagrun for example_complex to None, run_after=None
[2026-09-23T12:17:19.545+0000] {processor.py:183} INFO - Processing /home/airflow/.local/lib/python3.12/site-packages/airflow/example_dags/example_complex.py took 0.078 seconds
[2026-09-23T12:17:50.181+0000] {processor.py:161} INFO - Started process (PID=270) to work on /home/airflow/.local/lib/python3.12/site-packages/airflow/example_dags/example_complex.py
[2026-09-23T12:17:50.182+0000] {processor.py:830} INFO - Processing file /home/airflow/.local/lib/python3.12/site-packages/airflow/example_dags/example_complex.py for tasks to queue
[2026-09-23T12:17:50.185+0000] {logging_mixin.py:188} INFO - [2026-09-23T12:17:50.185+0000] {dagbag.py:545} INFO - Filling up the DagBag from /home/airflow/.local/lib/python3.12/site-packages/airflow/example_dags/example_complex.py
[2026-09-23T12:17:50.196+0000] {processor.py:840} INFO - DAG(s) 'example_complex' retrieved from /home/airflow/.local/lib/python3.12/site-packages/airflow/example_dags/example_complex.py
[2026-09-23T12:17:50.229+0000] {logging_mixin.py:188} INFO - [2026-09-23T12:17:50.229+0000] {dag.py:3089} INFO - Sync 1 DAGs
[2026-09-23T12:17:50.242+0000] {logging_mixin.py:188} INFO - [2026-09-23T12:17:50.242+0000] {dag.py:3947} INFO - Setting next_dagrun for example_complex to None, run_after=None
[2026-09-23T12:17:50.296+0000] {processor.py:183} INFO - Processing /home/airflow/.local/lib/python3.12/site-packages/airflow/example_dags/example_complex.py took 0.121 seconds
[2026-09-23T12:18:20.680+0000] {processor.py:161} INFO - Started process (PID=328) to work on /home/airflow/.local/lib/python3.12/site-packages/airflow/example_dags/example_complex.py
[2026-09-23T12:18:20.681+0000] {processor.py:830} INFO - Processing file /home/airflow/.local/lib/python3.12/site-packages/airflow/example_dags/example_complex.py for tasks to queue
[2026-09-23T12:18:20.683+0000] {logging_mixin.py:188} INFO - [2026-09-23T12:18:20.683+0000] {dagbag.py:545} INFO - Filling up the DagBag from /home/airflow/.local/lib/python3.12/site-packages/airflow/example_dags/example_complex.py
[2026-09-23T12:18:20.693+0000] {processor.py:840} INFO - DAG(s) 'example_complex' retrieved from /home/airflow/.local/lib/python3.12/site-packages/airflow/example_dags/example_complex.py
[2026-09-23T12:18:20.721+0000] {logging_mixin.py:188} INFO - [2026-09-23T12:18:20.721+0000] {dag.py:3089} INFO - Sync 1 DAGs
[2026-09-23T12:18:20.733+0000] {logging_mixin.py:188} INFO - [2026-09-23T12:18:20.733+0000] {dag.py:3947} INFO - Setting next_dagrun for example_complex to None, run_after=None
[2026-09-23T12:18:20.770+0000] {processor.py:183} INFO - Processing /home/airflow/.local/lib/python3.12/site-packages/airflow/example_dags/example_complex.py took 0.095 seconds
[2026-09-23T12:18:51.348+0000] {processor.py:161} INFO - Started process (PID=386) to work on /home/airflow/.local/lib/python3.12/site-packages/airflow/example_dags/example_complex.py
[2026-09-23T12:18:51.349+0000] {processor.py:830} INFO - Processing file /home/airflow/.local/lib/python3.12/site-packages/airflow/example_dags/example_complex.py for tasks to queue
[2026-09-23T12:18:51.351+0000] {logging_mixin.py:188} INFO - [2026-09-23T12:18:51.351+0000] {dagbag.py:545} INFO - Filling up the DagBag from /home/airflow/.local/lib/python3.12/site-packages/airflow/example_dags/example_complex.py
[2026-09-23T12:18:51.361+0000] {processor.py:840} INFO - DAG(s) 'example_complex' retrieved from /home/airflow/.local/lib/python3.12/site-packages/airflow/example_dags/example_complex.py
[2026-09-23T12:18:51.395+0000] {logging_mixin.py:188} INFO - [2026-09-23T12:18:51.395+0000] {dag.py:3089} INFO - Sync 1 DAGs
[2026-09-23T12:18:51.408+0000] {logging_mixin.py:188} INFO - [2026-09-23T12:18:51.407+0000] {dag.py:3947} INFO - Setting next_dagrun for example_complex to None, run_after=None
[2026-09-23T12:18:51.427+0000] {processor.py:183} INFO - Processing /home/airflow/.local/lib/python3.12/site-packages/airflow/example_dags/example_complex.py took 0.084 seconds
[2026-09-23T12:19:21.959+0000] {processor.py:161} INFO - Started process (PID=464) to work on /home/airflow/.local/lib/python3.12/site-packages/airflow/example_dags/example_complex.py
[2026-09-23T12:19:21.961+0000] {processor.py:830} INFO - Processing file /home/airflow/.local/lib/python3.12/site-packages/airflow/example_dags/example_complex.py for tasks to queue
[2026-09-23T12:19:21.964+0000] {logging_mixin.py:188} INFO - [2026-09-23T12:19:21.963+0000] {dagbag.py:545} INFO - Filling up the DagBag from /home/airflow/.local/lib/python3.12/site-packages/airflow/example_dags/example_complex.py
[2026-09-23T12:19:21.974+0000] {processor.py:840} INFO - DAG(s) 'example_complex' retrieved from /home/airflow/.local/lib/python3.12/site-packages/airflow/example_dags/example_complex.py
[2026-09-23T12:19:22.009+0000] {logging_mixin.py:188} INFO - [2026-09-23T12:19:22.009+0000] {dag.py:3089} INFO - Sync 1 DAGs
[2026-09-23T12:19:22.021+0000] {logging_mixin.py:188} INFO - [2026-09-23T12:19:22.021+0000] {dag.py:3947} INFO - Setting next_dagrun for example_complex to None, run_after=None
[2026-09-23T12:19:22.042+0000] {processor.py:183} INFO - Processing /home/airflow/.local/lib/python3.12/site-packages/airflow/example_dags/example_complex.py took 0.091 seconds
[2026-09-23T12:19:53.014+0000] {processor.py:161} INFO - Started process (PID=522) to work on /home/airflow/.local/lib/python3.12/site-packages/airflow/example_dags/example_complex.py
[2026-09-23T12:19:53.015+0000] {processor.py:830} INFO - Processing file /home/airflow/.local/lib/python3.12/site-packages/airflow/example_dags/example_complex.py for tasks to queue
[2026-09-23T12:19:53.017+0000] {logging_mixin.py:188} INFO - [2026-09-23T12:19:53.017+0000] {dagbag.py:545} INFO - Filling up the DagBag from /home/airflow/.local/lib/python3.12/site-packages/airflow/example_dags/example_complex.py
[2026-09-23T12:19:53.031+0000] {processor.py:840} INFO - DAG(s) 'example_complex' retrieved from /home/airflow/.local/lib/python3.12/site-packages/airflow/example_dags/example_complex.py
[2026-09-23T12:19:53.069+0000] {logging_mixin.py:188} INFO - [2026-09-23T12:19:53.069+0000] {dag.py:3089} INFO - Sync 1 DAGs
[2026-09-23T12:19:53.081+0000] {logging_mixin.py:188} INFO - [2026-09-23T12:19:53.081+0000] {dag.py:3947} INFO - Setting next_dagrun for example_complex to None, run_after=None
[2026-09-23T12:19:53.117+0000] {processor.py:183} INFO - Processing /home/airflow/.local/lib/python3.12/site-packages/airflow/example_dags/example_complex.py took 0.111 seconds
[2026-09-23T12:20:23.505+0000] {processor.py:161} INFO - Started process (PID=580) to work on /home/airflow/.local/lib/python3.12/site-packages/airflow/example_dags/example_complex.py
[2026-09-23T12:20:23.506+0000] {processor.py:830} INFO - Processing file /home/airflow/.local/lib/python3.12/site-packages/airflow/example_dags/example_complex.py for tasks to queue
[2026-09-23T12:20:23.508+0000] {logging_mixin.py:188} INFO - [2026-09-23T12:20:23.508+0000] {dagbag.py:545} INFO - Filling up the DagBag from /home/airflow/.local/lib/python3.12/site-packages/airflow/example_dags/example_complex.py
[2026-09-23T12:20:23.520+0000] {processor.py:840} INFO - DAG(s) 'example_complex' retrieved from /home/airflow/.local/lib/python3.12/site-packages/airflow/example_dags/example_complex.py
[2026-09-23T12:20:23.558+0000] {logging_mixin.py:188} INFO - [2026-09-23T12:20:23.557+0000] {dag.py:3089} INFO - Sync 1 DAGs
[2026-09-23T12:20:23.574+0000] {logging_mixin.py:188} INFO - [2026-09-23T12:20:23.574+0000] {dag.py:3947} INFO - Setting next_dagrun for example_complex to None, run_after=None
[2026-09-23T12:20:23.693+0000] {processor.py:183} INFO - Processing /home/airflow/.local/lib/python3.12/site-packages/airflow/example_dags/example_complex.py took 0.198 seconds
[2026-09-23T12:20:53.823+0000] {processor.py:161} INFO - Started process (PID=638) to work on /home/airflow/.local/lib/python3.12/site-packages/airflow/example_dags/example_complex.py
[2026-09-23T12:20:53.824+0000] {processor.py:830} INFO - Processing file /home/airflow/.local/lib/python3.12/site-packages/airflow/example_dags/example_complex.py for tasks to queue
[2026-09-23T12:20:53.826+0000] {logging_mixin.py:188} INFO - [2026-09-23T12:20:53.826+0000] {dagbag.py:545} INFO - Filling up the DagBag from /home/airflow/.local/lib/python3.12/site-packages/airflow/example_dags/example_complex.py
[2026-09-23T12:20:53.836+0000] {processor.py:840} INFO - DAG(s) 'example_complex' retrieved from /home/airflow/.local/lib/python3.12/site-packages/airflow/example_dags/example_complex.py
[2026-09-23T12:20:53.872+0000] {logging_mixin.py:188} INFO - [2026-09-23T12:20:53.872+0000] {dag.py:3089} INFO - Sync 1 DAGs
[2026-09-23T12:20:53.884+0000] {logging_mixin.py:188} INFO - [2026-09-23T12:20:53.883+0000] {dag.py:3947} INFO - Setting next_dagrun for example_complex to None, run_after=None
[2026-09-23T12:20:53.912+0000] {processor.py:183} INFO - Processing /home/airflow/.local/lib/python3.12/site-packages/airflow/example_dags/example_complex.py took 0.095 seconds
[2026-09-23T12:21:24.125+0000] {processor.py:161} INFO - Started process (PID=696) to work on /home/airflow/.local/lib/python3.12/site-packages/airflow/example_dags/example_complex.py
[2026-09-23T12:21:24.126+0000] {processor.py:830} INFO - Processing file /home/airflow/.local/lib/python3.12/site-packages/airflow/example_dags/example_complex.py for tasks to queue
[2026-09-23T12:21:24.128+0000] {logging_mixin.py:188} INFO - [2026-09-23T12:21:24.128+0000] {dagbag.py:545} INFO - Filling up the DagBag from /home/airflow/.local/lib/python3.12/site-packages/airflow/example_dags/example_complex.py
[2026-09-23T12:21:24.137+0000] {processor.py:840} INFO - DAG(s) 'example_complex' retrieved from /home/airflow/.local/lib/python3.12/site-packages/airflow/example_dags/example_complex.py
[2026-09-23T12:21:24.167+0000] {logging_mixin.py:188} INFO - [2026-09-23T12:21:24.166+0000] {dag.py:3089} INFO - Sync 1 DAGs
[2026-09-23T12:21:24.180+0000] {logging_mixin.py:188} INFO - [2026-09-23T12:21:24.180+0000] {dag.py:3947} INFO - Setting next_dagrun for example_complex to None, run_after=None
[2026-09-23T12:21:24.258+0000] {processor.py:183} INFO - Processing /home/airflow/.local/lib/python3.12/site-packages/airflow/example_dags/example_complex.py took 0.140 seconds
[2026-09-23T12:21:54.930+0000] {processor.py:161} INFO - Started process (PID=754) to work on /home/airflow/.local/lib/python3.12/site-packages/airflow/example_dags/example_complex.py
[2026-09-23T12:21:54.931+0000] {processor.py:830} INFO - Processing file /home/airflow/.local/lib/python3.12/site-packages/airflow/example_dags/example_complex.py for tasks to queue
[2026-09-23T12:21:54.933+0000] {logging_mixin.py:188} INFO - [2026-09-23T12:21:54.933+0000] {dagbag.py:545} INFO - Filling up the DagBag from /home/airflow/.local/lib/python3.12/site-packages/airflow/example_dags/example_complex.py
[2026-09-23T12:21:54.947+0000] {processor.py:840} INFO - DAG(s) 'example_complex' retrieved from /home/airflow/.local/lib/python3.12/site-packages/airflow/example_dags/example_complex.py
[2026-09-23T12:21:54.982+0000] {logging_mixin.py:188} INFO - [2026-09-23T12:21:54.982+0000] {dag.py:3089} INFO - Sync 1 DAGs
[2026-09-23T12:21:55.001+0000] {logging_mixin.py:188} INFO - [2026-09-23T12:21:55.000+0000] {dag.py:3947} INFO - Setting next_dagrun for example_complex to None, run_after=None
[2026-09-23T12:21:55.031+0000] {processor.py:183} INFO - Processing /home/airflow/.local/lib/python3.12/site-packages/airflow/example_dags/example_complex.py took 0.110 seconds
[2026-09-23T12:22:25.575+0000] {processor.py:161} INFO - Started process (PID=812) to work on /home/airflow/.local/lib/python3.12/site-packages/airflow/example_dags/example_complex.py
[2026-09-23T12:22:25.576+0000] {processor.py:830} INFO - Processing file /home/airflow/.local/lib/python3.12/site-packages/airflow/example_dags/example_complex.py for tasks to queue
[2026-09-23T12:22:25.578+0000] {logging_mixin.py:188} INFO - [2026-09-23T12:22:25.578+0000] {dagbag.py:545} INFO - Filling up the DagBag from /home/airflow/.local/lib/python3.12/site-packages/airflow/example_dags/example_complex.py
[2026-09-23T12:22:25.591+0000] {processor.py:840} INFO - DAG(s) 'example_complex' retrieved from /home/airflow/.local/lib/python3.12/site-packages/airflow/example_dags/example_complex.py
[2026-09-23T12:22:25.631+0000] {logging_mixin.py:188} INFO - [2026-09-23T12:22:25.631+0000] {dag.py:3089} INFO - Sync 1 DAGs
[2026-09-23T12:22:25.645+0000] {logging_mixin.py:188} INFO - [2026-09-23T12:22:25.645+0000] {dag.py:3947} INFO - Setting next_dagrun for example_complex to None, run_after=None
[2026-09-23T12:22:25.727+0000] {processor.py:183} INFO - Processing /home/airflow/.local/lib/python3.12/site-packages/airflow/example_dags/example_complex.py took 0.160 seconds
[2026-09-23T12:24:02.227+0000] {processor.py:161} INFO - Started process (PID=99) to work on /home/airflow/.local/lib/python3.12/site-packages/airflow/example_dags/example_complex.py
[2026-09-23T12:24:02.229+0000] {processor.py:830} INFO - Processing file /home/airflow/.local/lib/python3.12/site-packages/airflow/example_dags/example_complex.py for tasks to queue
[2026-09-23T12:24:02.232+0000] {logging_mixin.py:188} INFO - [2026-09-23T12:24:02.231+0000] {dagbag.py:545} INFO - Filling up the DagBag from /home/airflow/.local/lib/python3.12/site-packages/airflow/example_dags/example_complex.py
[2026-09-23T12:24:02.246+0000] {processor.py:840} INFO - DAG(s) 'example_complex' retrieved from /home/airflow/.local/lib/python3.12/site-packages/airflow/example_dags/example_complex.py
[2026-09-23T12:24:02.391+0000] {logging_mixin.py:188} INFO - [2026-09-23T12:24:02.391+0000] {dag.py:3089} INFO - Sync 1 DAGs
[2026-09-23T12:24:02.408+0000] {logging_mixin.py:188} INFO - [2026-09-23T12:24:02.407+0000] {dag.py:3947} INFO - Setting next_dagrun for example_complex to None, run_after=None
[2026-09-23T12:24:02.452+0000] {processor.py:183} INFO - Processing /home/airflow/.local/lib/python3.12/site-packages/airflow/example_dags/example_complex.py took 0.233 seconds
[2026-09-23T12:24:32.857+0000] {processor.py:161} INFO - Started process (PID=157) to work on /home/airflow/.local/lib/python3.12/site-packages/airflow/example_dags/example_complex.py
[2026-09-23T12:24:32.858+0000] {processor.py:830} INFO - Processing file /home/airflow/.local/lib/python3.12/site-packages/airflow/example_dags/example_complex.py for tasks to queue
[2026-09-23T12:24:32.861+0000] {logging_mixin.py:188} INFO - [2026-09-23T12:24:32.860+0000] {dagbag.py:545} INFO - Filling up the DagBag from /home/airflow/.local/lib/python3.12/site-packages/airflow/example_dags/example_complex.py
[2026-09-23T12:24:32.870+0000] {processor.py:840} INFO - DAG(s) 'example_complex' retrieved from /home/airflow/.local/lib/python3.12/site-packages/airflow/example_dags/example_complex.py
[2026-09-23T12:24:32.901+0000] {logging_mixin.py:188} INFO - [2026-09-23T12:24:32.901+0000] {dag.py:3089} INFO - Sync 1 DAGs
[2026-09-23T12:24:32.913+0000] {logging_mixin.py:188} INFO - [2026-09-23T12:24:32.913+0000] {dag.py:3947} INFO - Setting next_dagrun for example_complex to None, run_after=None
[2026-09-23T12:24:32.933+0000] {processor.py:183} INFO - Processing /home/airflow/.local/lib/python3.12/site-packages/airflow/example_dags/example_complex.py took 0.082 seconds
