[2026-09-23T12:16:22.343+0000] {processor.py:161} INFO - Started process (PID=123) to work on /home/airflow/.local/lib/python3.12/site-packages/airflow/example_dags/example_task_group_decorator.py
[2026-09-23T12:16:22.344+0000] {processor.py:830} INFO - Processing file /home/airflow/.local/lib/python3.12/site-packages/airflow/example_dags/example_task_group_decorator.py for tasks to queue
[2026-09-23T12:16:22.347+0000] {logging_mixin.py:188} INFO - [2026-09-23T12:16:22.346+0000] {dagbag.py:545} INFO - Filling up the DagBag from /home/airflow/.local/lib/python3.12/site-packages/airflow/example_dags/example_task_group_decorator.py
[2026-09-23T12:16:22.367+0000] {processor.py:840} INFO - DAG(s) 'example_task_group_decorator' retrieved from /home/airflow/.local/lib/python3.12/site-packages/airflow/example_dags/example_task_group_decorator.py
[2026-09-23T12:16:22.498+0000] {logging_mixin.py:188} INFO - [2026-09-23T12:16:22.497+0000] {dag.py:3089} INFO - Sync 1 DAGs
[2026-09-23T12:16:22.525+0000] {logging_mixin.py:188} INFO - [2026-09-23T12:16:22.525+0000] {dag.py:3947} INFO - Setting next_dagrun for example_task_group_decorator to 2026-09-22 00:00:00+00:00, run_after=2026-09-23 00:00:00+00:00
[2026-09-23T12:16:22.565+0000] {processor.py:183} INFO - Processing /home/airflow/.local/lib/python3.12/site-packages/airflow/example_dags/example_task_group_decorator.py took 0.229 seconds
[2026-09-23T12:16:53.523+0000] {processor.py:161} INFO - Started process (PID=181) to work on /home/airflow/.local/lib/python3.12/site-packages/airflow/example_dags/example_task_group_decorator.py
[2026-09-23T12:16:53.524+0000] {processor.py:830} INFO - Processing file /home/airflow/.local/lib/python3.12/site-packages/airflow/example_dags/example_task_group_decorator.py for tasks to queue
[2026-09-23T12:16:53.526+0000] {logging_mixin.py:188} INFO - [2026-09-23T12:16:53.526+0000] {dagbag.py:545} INFO - Filling up the DagBag from /home/airflow/.local/lib/python3.12/site-packages/airflow/example_dags/example_task_group_decorator.py
[2026-09-23T12:16:53.538+0000] {processor.py:840} INFO - DAG(s) 'example_task_group_decorator' retrieved from /home/airflow/.local/lib/python3.12/site-packages/airflow/example_dags/example_task_group_decorator.py
[2026-09-23T12:16:53.560+0000] {logging_mixin.py:188} INFO - [2026-09-23T12:16:53.560+0000] {dag.py:3089} INFO - Sync 1 DAGs
[2026-09-23T12:16:53.577+0000] {logging_mixin.py:188} INFO - [2026-09-23T12:16:53.577+0000] {dag.py:3947} INFO - Setting next_dagrun for example_task_group_decorator to 2026-09-22 00:00:00+00:00, run_after=2026-09-23 00:00:00+00:00
[2026-09-23T12:16:53.598+0000] {processor.py:183} INFO - Processing /home/airflow/.local/lib/python3.12/site-packages/airflow/example_dags/example_task_group_decorator.py took 0.080 seconds
[2026-09-23T12:17:24.171+0000] {processor.py:161} INFO - Started process (PID=239) to work on /home/airflow/.local/lib/python3.12/site-packages/airflow/example_dags/example_task_group_decorator.py
[2026-09-23T12:17:24.172+0000] {processor.py:830} INFO - Processing file /home/airflow/.local/lib/python3.12/site-packages/airflow/example_dags/example_task_group_decorator.py for tasks to queue
[2026-09-23T12:17:24.174+0000] {logging_mixin.py:188} INFO - [2026-09-23T12:17:24.174+0000] {dagbag.py:545} INFO - Filling up the DagBag from /home/airflow/.local/lib/python3.12/site-packages/airflow/example_dags/example_task_group_decorator.py
[2026-09-23T12:17:24.188+0000] {processor.py:840} INFO - DAG(s) 'example_task_group_decorator' retrieved from /home/airflow/.local/lib/python3.12/site-packages/airflow/example_dags/example_task_group_decorator.py
[2026-09-23T12:17:24.210+0000] {logging_mixin.py:188} INFO - [2026-09-23T12:17:24.210+0000] {dag.py:3089} INFO - Sync 1 DAGs
[2026-09-23T12:17:24.230+0000] {logging_mixin.py:188} INFO - [2026-09-23T12:17:24.230+0000] {dag.py:3947} INFO - Setting next_dagrun for example_task_group_decorator to 2026-09-22 00:00:00+00:00, run_after=2026-09-23 00:00:00+00:00
[2026-09-23T12:17:24.303+0000] {processor.py:183} INFO - Processing /home/airflow/.local/lib/python3.12/site-packages/airflow/example_dags/example_task_group_decorator.py took 0.136 seconds
[2026-09-23T12:17:55.228+0000] {processor.py:161} INFO - Started process (PID=297) to work on /home/airflow/.local/lib/python3.12/site-packages/airflow/example_dags/example_task_group_decorator.py
[2026-09-23T12:17:55.230+0000] {processor.py:830} INFO - Processing file /home/airflow/.local/lib/python3.12/site-packages/airflow/example_dags/example_task_group_decorator.py for tasks to queue
[2026-09-23T12:17:55.232+0000] {logging_mixin.py:188} INFO - [2026-09-23T12:17:55.231+0000] {dagbag.py:545} INFO - Filling up the DagBag from /home/airflow/.local/lib/python3.12/site-packages/airflow/example_dags/example_task_group_decorator.py
[2026-09-23T12:17:55.245+0000] {processor.py:840} INFO - DAG(s) 'example_task_group_decorator' retrieved from /home/airflow/.local/lib/python3.12/site-packages/airflow/example_dags/example_task_group_decorator.py
[2026-09-23T12:17:55.270+0000] {logging_mixin.py:188} INFO - [2026-09-23T12:17:55.269+0000] {dag.py:3089} INFO - Sync 1 DAGs
[2026-09-23T12:17:55.289+0000] {logging_mixin.py:188} INFO - [2026-09-23T12:17:55.288+0000] {dag.py:3947} INFO - Setting next_dagrun for example_task_group_decorator to 2026-09-22 00:00:00+00:00, run_after=2026-09-23 00:00:00+00:00
[2026-09-23T12:17:55.309+0000] {processor.py:183} INFO - Processing /home/airflow/.local/lib/python3.12/site-packages/airflow/example_dags/example_task_group_decorator.py took 0.088 seconds
[2026-09-23T12:18:25.663+0000] {processor.py:161} INFO - Started process (PID=355) to work on /home/airflow/.local/lib/python3.12/site-packages/airflow/example_dags/example_task_group_decorator.py
[2026-09-23T12:18:25.664+0000] {processor.py:830} INFO - Processing file /home/airflow/.local/lib/python3.12/site-packages/airflow/example_dags/example_task_group_decorator.py for tasks to queue
[2026-09-23T12:18:25.666+0000] {logging_mixin.py:188} INFO - [2026-09-23T12:18:25.665+0000] {dagbag.py:545} INFO - Filling up the DagBag from /home/airflow/.local/lib/python3.12/site-packages/airflow/example_dags/example_task_group_decorator.py
[2026-09-23T12:18:25.679+0000] {processor.py:840} INFO - DAG(s) 'example_task_group_decorator' retrieved from /home/airflow/.local/lib/python3.12/site-packages/airflow/example_dags/example_task_group_decorator.py
[2026-09-23T12:18:25.702+0000] {logging_mixin.py:188} INFO - [2026-09-23T12:18:25.702+0000] {dag.py:3089} INFO - Sync 1 DAGs
[2026-09-23T12:18:25.724+0000] {logging_mixin.py:188} INFO - [2026-09-23T12:18:25.723+0000] {dag.py:3947} INFO - Setting next_dagrun for example_task_group_decorator to 2026-09-22 00:00:00+00:00, run_after=2026-09-23 00:00:00+00:00
[2026-09-23T12:18:25.785+0000] {processor.py:183} INFO - Processing /home/airflow/.local/lib/python3.12/site-packages/airflow/example_dags/example_task_group_decorator.py took 0.129 seconds
[2026-09-23T12:18:56.534+0000] {processor.py:161} INFO - Started process (PID=419) to work on /home/airflow/.local/lib/python3.12/site-packages/airflow/example_dags/example_task_group_decorator.py
[2026-09-23T12:18:56.535+0000] {processor.py:830} INFO - Processing file /home/airflow/.local/lib/python3.12/site-packages/airflow/example_dags/example_task_group_decorator.py for tasks to queue
[2026-09-23T12:18:56.537+0000] {logging_mixin.py:188} INFO - [2026-09-23T12:18:56.537+0000] {dagbag.py:545} INFO - Filling up the DagBag from /home/airflow/.local/lib/python3.12/site-packages/airflow/example_dags/example_task_group_decorator.py
[2026-09-23T12:18:56.555+0000] {processor.py:840} INFO - DAG(s) 'example_task_group_decorator' retrieved from /home/airflow/.local/lib/python3.12/site-packages/airflow/example_dags/example_task_group_decorator.py
[2026-09-23T12:18:56.587+0000] {logging_mixin.py:188} INFO - [2026-09-23T12:18:56.587+0000] {dag.py:3089} INFO - Sync 1 DAGs
[2026-09-23T12:18:56.619+0000] {logging_mixin.py:188} INFO - [2026-09-23T12:18:56.618+0000] {dag.py:3947} INFO - Setting next_dagrun for example_task_group_decorator to 2026-09-22 00:00:00+00:00, run_after=2026-09-23 00:00:00+00:00
[2026-09-23T12:18:56.693+0000] {processor.py:183} INFO - Processing /home/airflow/.local/lib/python3.12/site-packages/airflow/example_dags/example_task_group_decorator.py took 0.168 seconds
[2026-09-23T12:19:27.174+0000] {processor.py:161} INFO - Started process (PID=491) to work on /home/airflow/.local/lib/python3.12/site-packages/airflow/example_dags/example_task_group_decorator.py
[2026-09-23T12:19:27.176+0000] {processor.py:830} INFO - Processing file /home/airflow/.local/lib/python3.12/site-packages/airflow/example_dags/example_task_group_decorator.py for tasks to queue
[2026-09-23T12:19:27.178+0000] {logging_mixin.py:188} INFO - [2026-09-23T12:19:27.178+0000] {dagbag.py:545} INFO - Filling up the DagBag from /home/airflow/.local/lib/python3.12/site-packages/airflow/example_dags/example_task_group_decorator.py
[2026-09-23T12:19:27.196+0000] {processor.py:840} INFO - DAG(s) 'example_task_group_decorator' retrieved from /home/airflow/.local/lib/python3.12/site-packages/airflow/example_dags/example_task_group_decorator.py
[2026-09-23T12:19:27.220+0000] {logging_mixin.py:188} INFO - [2026-09-23T12:19:27.220+0000] {dag.py:3089} INFO - Sync 1 DAGs
[2026-09-23T12:19:27.242+0000] {logging_mixin.py:188} INFO - [2026-09-23T12:19:27.242+0000] {dag.py:3947} INFO - Setting next_dagrun for example_task_group_decorator to 2026-09-22 00:00:00+00:00, run_after=2026-09-23 00:00:00+00:00
[2026-09-23T12:19:27.318+0000] {processor.py:183} INFO - Processing /home/airflow/.local/lib/python3.12/site-packages/airflow/example_dags/example_task_group_decorator.py took 0.149 seconds
[2026-09-23T12:19:57.880+0000] {processor.py:161} INFO - Started process (PID=549) to work on /home/airflow/.local/lib/python3.12/site-packages/airflow/example_dags/example_task_group_decorator.py
[2026-09-23T12:19:57.881+0000] {processor.py:830} INFO - Processing file /home/airflow/.local/lib/python3.12/site-packages/airflow/example_dags/example_task_group_decorator.py for tasks to queue
[2026-09-23T12:19:57.883+0000] {logging_mixin.py:188} INFO - [2026-09-23T12:19:57.882+0000] {dagbag.py:545} INFO - Filling up the DagBag from /home/airflow/.local/lib/python3.12/site-packages/airflow/example_dags/example_task_group_decorator.py
[2026-09-23T12:19:57.898+0000] {processor.py:840} INFO - DAG(s) 'example_task_group_decorator' retrieved from /home/airflow/.local/lib/python3.12/site-packages/airflow/example_dags/example_task_group_decorator.py
[2026-09-23T12:19:57.921+0000] {logging_mixin.py:188} INFO - [2026-09-23T12:19:57.921+0000] {dag.py:3089} INFO - Sync 1 DAGs
[2026-09-23T12:19:57.941+0000] {logging_mixin.py:188} INFO - [2026-09-23T12:19:57.941+0000] {dag.py:3947} INFO - Setting next_dagrun for example_task_group_decorator to 2026-09-22 00:00:00+00:00, run_after=2026-09-23 00:00:00+00:00
[2026-09-23T12:19:58.014+0000] {processor.py:183} INFO - Processing /home/airflow/.local/lib/python3.12/site-packages/airflow/example_dags/example_task_group_decorator.py took 0.139 seconds
[2026-09-23T12:20:28.058+0000] {processor.py:161} INFO - Started process (PID=606) to work on /home/airflow/.local/lib/python3.12/site-packages/airflow/example_dags/example_task_group_decorator.py
[2026-09-23T12:20:28.060+0000] {processor.py:830} INFO - Processing file /home/airflow/.local/lib/python3.12/site-packages/airflow/example_dags/example_task_group_decorator.py for tasks to queue
[2026-09-23T12:20:28.062+0000] {logging_mixin.py:188} INFO - [2026-09-23T12:20:28.062+0000] {dagbag.py:545} INFO - Filling up the DagBag from /home/airflow/.local/lib/python3.12/site-packages/airflow/example_dags/example_task_group_decorator.py
[2026-09-23T12:20:28.077+0000] {processor.py:840} INFO - DAG(s) 'example_task_group_decorator' retrieved from /home/airflow/.local/lib/python3.12/site-packages/airflow/example_dags/example_task_group_decorator.py
[2026-09-23T12:20:28.105+0000] {logging_mixin.py:188} INFO - [2026-09-23T12:20:28.104+0000] {dag.py:3089} INFO - Sync 1 DAGs
[2026-09-23T12:20:28.135+0000] {logging_mixin.py:188} INFO - [2026-09-23T12:20:28.135+0000] {dag.py:3947} INFO - Setting next_dagrun for example_task_group_decorator to 2026-09-22 00:00:00+00:00, run_after=2026-09-23 00:00:00+00:00
[2026-09-23T12:20:28.161+0000] {processor.py:183} INFO - Processing /home/airflow/.local/lib/python3.12/site-packages/airflow/example_dags/example_task_group_decorator.py took 0.110 seconds
[2026-09-23T12:20:58.341+0000] {processor.py:161} INFO - Started process (PID=664) to work on /home/airflow/.local/lib/python3.12/site-packages/airflow/example_dags/example_task_group_decorator.py
[2026-09-23T12:20:58.345+0000] {processor.py:830} INFO - Processing file /home/airflow/.local/lib/python3.12/site-packages/airflow/example_dags/example_task_group_decorator.py for tasks to queue
[2026-09-23T12:20:58.348+0000] {logging_mixin.py:188} INFO - [2026-09-23T12:20:58.347+0000] {dagbag.py:545} INFO - Filling up the DagBag from /home/airflow/.local/lib/python3.12/site-packages/airflow/example_dags/example_task_group_decorator.py
[2026-09-23T12:20:58.368+0000] {processor.py:840} INFO - DAG(s) 'example_task_group_decorator' retrieved from /home/airflow/.local/lib/python3.12/site-packages/airflow/example_dags/example_task_group_decorator.py
[2026-09-23T12:20:58.402+0000] {logging_mixin.py:188} INFO - [2026-09-23T12:20:58.402+0000] {dag.py:3089} INFO - Sync 1 DAGs
[2026-09-23T12:20:58.439+0000] {logging_mixin.py:188} INFO - [2026-09-23T12:20:58.438+0000] {dag.py:3947} INFO - Setting next_dagrun for example_task_group_decorator to 2026-09-22 00:00:00+00:00, run_after=2026-09-23 00:00:00+00:00
[2026-09-23T12:20:58.525+0000] {processor.py:183} INFO - Processing /home/airflow/.local/lib/python3.12/site-packages/airflow/example_dags/example_task_group_decorator.py took 0.192 seconds
[2026-09-23T12:21:29.382+0000] {processor.py:161} INFO - Started process (PID=723) to work on /home/airflow/.local/lib/python3.12/site-packages/airflow/example_dags/example_task_group_decorator.py
[2026-09-23T12:21:29.383+0000] {processor.py:830} INFO - Processing file /home/airflow/.local/lib/python3.12/site-packages/airflow/example_dags/example_task_group_decorator.py for tasks to queue
[2026-09-23T12:21:29.385+0000] {logging_mixin.py:188} INFO - [2026-09-23T12:21:29.385+0000] {dagbag.py:545} INFO - Filling up the DagBag from /home/airflow/.local/lib/python3.12/site-packages/airflow/example_dags/example_task_group_decorator.py
[2026-09-23T12:21:29.399+0000] {processor.py:840} INFO - DAG(s) 'example_task_group_decorator' retrieved from /home/airflow/.local/lib/python3.12/site-packages/airflow/example_dags/example_task_group_decorator.py
[2026-09-23T12:21:29.422+0000] {logging_mixin.py:188} INFO - [2026-09-23T12:21:29.421+0000] {dag.py:3089} INFO - Sync 1 DAGs
[2026-09-23T12:21:29.442+0000] {logging_mixin.py:188} INFO - [2026-09-23T12:21:29.441+0000] {dag.py:3947} INFO - Setting next_dagrun for example_task_group_decorator to 2026-09-22 00:00:00+00:00, run_after=2026-09-23 00:00:00+00:00
[2026-09-23T12:21:29.462+0000] {processor.py:183} INFO - Processing /home/airflow/.local/lib/python3.12/site-packages/airflow/example_dags/example_task_group_decorator.py took 0.086 seconds
[2026-09-23T12:21:59.972+0000] {processor.py:161} INFO - Started process (PID=781) to work on /home/airflow/.local/lib/python3.12/site-packages/airflow/example_dags/example_task_group_decorator.py
[2026-09-23T12:21:59.973+0000] {processor.py:830} INFO - Processing file /home/airflow/.local/lib/python3.12/site-packages/airflow/example_dags/example_task_group_decorator.py for tasks to queue
[2026-09-23T12:21:59.976+0000] {logging_mixin.py:188} INFO - [2026-09-23T12:21:59.976+0000] {dagbag.py:545} INFO - Filling up the DagBag from /home/airflow/.local/lib/python3.12/site-packages/airflow/example_dags/example_task_group_decorator.py
[2026-09-23T12:21:59.992+0000] {processor.py:840} INFO - DAG(s) 'example_task_group_decorator' retrieved from /home/airflow/.local/lib/python3.12/site-packages/airflow/example_dags/example_task_group_decorator.py
[2026-09-23T12:22:00.023+0000] {logging_mixin.py:188} INFO - [2026-09-23T12:22:00.023+0000] {dag.py:3089} INFO - Sync 1 DAGs
[2026-09-23T12:22:00.045+0000] {logging_mixin.py:188} INFO - [2026-09-23T12:22:00.044+0000] {dag.py:3947} INFO - Setting next_dagrun for example_task_group_decorator to 2026-09-22 00:00:00+00:00, run_after=2026-09-23 00:00:00+00:00
[2026-09-23T12:22:00.120+0000] {processor.py:183} INFO - Processing /home/airflow/.local/lib/python3.12/site-packages/airflow/example_dags/example_task_group_decorator.py took 0.155 seconds
[2026-09-23T12:22:30.989+0000] {processor.py:161} INFO - Started process (PID=839) to work on /home/airflow/.local/lib/python3.12/site-packages/airflow/example_dags/example_task_group_decorator.py
[2026-09-23T12:22:30.990+0000] {processor.py:830} INFO - Processing file /home/airflow/.local/lib/python3.12/site-packages/airflow/example_dags/example_task_group_decorator.py for tasks to queue
[2026-09-23T12:22:30.992+0000] {logging_mixin.py:188} INFO - [2026-09-23T12:22:30.992+0000] {dagbag.py:545} INFO - Filling up the DagBag from /home/airflow/.local/lib/python3.12/site-packages/airflow/example_dags/example_task_group_decorator.py
[2026-09-23T12:22:31.005+0000] {processor.py:840} INFO - DAG(s) 'example_task_group_decorator' retrieved from /home/airflow/.local/lib/python3.12/site-packages/airflow/example_dags/example_task_group_decorator.py
[2026-09-23T12:22:31.035+0000] {logging_mixin.py:188} INFO - [2026-09-23T12:22:31.035+0000] {dag.py:3089} INFO - Sync 1 DAGs
[2026-09-23T12:22:31.061+0000] {logging_mixin.py:188} INFO - [2026-09-23T12:22:31.060+0000] {dag.py:3947} INFO - Setting next_dagrun for example_task_group_decorator to 2026-09-22 00:00:00+00:00, run_after=2026-09-23 00:00:00+00:00
[2026-09-23T12:22:31.134+0000] {processor.py:183} INFO - Processing /home/airflow/.local/lib/python3.12/site-packages/airflow/example_dags/example_task_group_decorator.py took 0.152 seconds
[2026-09-23T12:24:06.639+0000] {processor.py:161} INFO - Started process (PID=126) to work on /home/airflow/.local/lib/python3.12/site-packages/airflow/example_dags/example_task_group_decorator.py
[2026-09-23T12:24:06.640+0000] {processor.py:830} INFO - Processing file /home/airflow/.local/lib/python3.12/site-packages/airflow/example_dags/example_task_group_decorator.py for tasks to queue
[2026-09-23T12:24:06.643+0000] {logging_mixin.py:188} INFO - [2026-09-23T12:24:06.643+0000] {dagbag.py:545} INFO - Filling up the DagBag from /home/airflow/.local/lib/python3.12/site-packages/airflow/example_dags/example_task_group_decorator.py
[2026-09-23T12:24:06.657+0000] {processor.py:840} INFO - DAG(s) 'example_task_group_decorator' retrieved from /home/airflow/.local/lib/python3.12/site-packages/airflow/example_dags/example_task_group_decorator.py
[2026-09-23T12:24:06.778+0000] {logging_mixin.py:188} INFO - [2026-09-23T12:24:06.778+0000] {dag.py:3089} INFO - Sync 1 DAGs
[2026-09-23T12:24:06.797+0000] {logging_mixin.py:188} INFO - [2026-09-23T12:24:06.797+0000] {dag.py:3947} INFO - Setting next_dagrun for example_task_group_decorator to 2026-09-22 00:00:00+00:00, run_after=2026-09-23 00:00:00+00:00
[2026-09-23T12:24:06.875+0000] {processor.py:183} INFO - Processing /home/airflow/.local/lib/python3.12/site-packages/airflow/example_dags/example_task_group_decorator.py took 0.241 seconds
[2026-09-23T12:24:37.085+0000] {processor.py:161} INFO - Started process (PID=183) to work on /home/airflow/.local/lib/python3.12/site-packages/airflow/example_dags/example_task_group_decorator.py
[2026-09-23T12:24:37.087+0000] {processor.py:830} INFO - Processing file /home/airflow/.local/lib/python3.12/site-packages/airflow/example_dags/example_task_group_decorator.py for tasks to queue
[2026-09-23T12:24:37.090+0000] {logging_mixin.py:188} INFO - [2026-09-23T12:24:37.089+0000] {dagbag.py:545} INFO - Filling up the DagBag from /home/airflow/.local/lib/python3.12/site-packages/airflow/example_dags/example_task_group_decorator.py
[2026-09-23T12:24:37.120+0000] {processor.py:840} INFO - DAG(s) 'example_task_group_decorator' retrieved from /home/airflow/.local/lib/python3.12/site-packages/airflow/example_dags/example_task_group_decorator.py
[2026-09-23T12:24:37.174+0000] {logging_mixin.py:188} INFO - [2026-09-23T12:24:37.174+0000] {dag.py:3089} INFO - Sync 1 DAGs
[2026-09-23T12:24:37.222+0000] {logging_mixin.py:188} INFO - [2026-09-23T12:24:37.222+0000] {dag.py:3947} INFO - Setting next_dagrun for example_task_group_decorator to 2026-09-22 00:00:00+00:00, run_after=2026-09-23 00:00:00+00:00
[2026-09-23T12:24:37.296+0000] {processor.py:183} INFO - Processing /home/airflow/.local/lib/python3.12/site-packages/airflow/example_dags/example_task_group_decorator.py took 0.222 seconds
