[2026-09-23T12:16:18.041+0000] {processor.py:161} INFO - Started process (PID=93) to work on /home/airflow/.local/lib/python3.12/site-packages/airflow/example_dags/example_sensor_decorator.py
[2026-09-23T12:16:18.044+0000] {processor.py:830} INFO - Processing file /home/airflow/.local/lib/python3.12/site-packages/airflow/example_dags/example_sensor_decorator.py for tasks to queue
[2026-09-23T12:16:18.050+0000] {logging_mixin.py:188} INFO - [2026-09-23T12:16:18.049+0000] {dagbag.py:545} INFO - Filling up the DagBag from /home/airflow/.local/lib/python3.12/site-packages/airflow/example_dags/example_sensor_decorator.py
[2026-09-23T12:16:18.069+0000] {processor.py:840} INFO - DAG(s) 'example_sensor_decorator' retrieved from /home/airflow/.local/lib/python3.12/site-packages/airflow/example_dags/example_sensor_decorator.py
[2026-09-23T12:16:18.279+0000] {logging_mixin.py:188} INFO - [2026-09-23T12:16:18.278+0000] {dag.py:3089} INFO - Sync 1 DAGs
[2026-09-23T12:16:18.300+0000] {logging_mixin.py:188} INFO - [2026-09-23T12:16:18.299+0000] {dag.py:3947} INFO - Setting next_dagrun for example_sensor_decorator to None, run_after=None
[2026-09-23T12:16:18.335+0000] {processor.py:183} INFO - Processing /home/airflow/.local/lib/python3.12/site-packages/airflow/example_dags/example_sensor_decorator.py took 0.303 seconds
[2026-09-23T12:16:48.542+0000] {processor.py:161} INFO - Started process (PID=151) to work on /home/airflow/.local/lib/python3.12/site-packages/airflow/example_dags/example_sensor_decorator.py
[2026-09-23T12:16:48.543+0000] {processor.py:830} INFO - Processing file /home/airflow/.local/lib/python3.12/site-packages/airflow/example_dags/example_sensor_decorator.py for tasks to queue
[2026-09-23T12:16:48.546+0000] {logging_mixin.py:188} INFO - [2026-09-23T12:16:48.545+0000] {dagbag.py:545} INFO - Filling up the DagBag from /home/airflow/.local/lib/python3.12/site-packages/airflow/example_dags/example_sensor_decorator.py
[2026-09-23T12:16:48.554+0000] {processor.py:840} INFO - DAG(s) 'example_sensor_decorator' retrieved from /home/airflow/.local/lib/python3.12/site-packages/airflow/example_dags/example_sensor_decorator.py
[2026-09-23T12:16:48.574+0000] {logging_mixin.py:188} INFO - [2026-09-23T12:16:48.573+0000] {dag.py:3089} INFO - Sync 1 DAGs
[2026-09-23T12:16:48.586+0000] {logging_mixin.py:188} INFO - [2026-09-23T12:16:48.586+0000] {dag.py:3947} INFO - Setting next_dagrun for example_sensor_decorator to None, run_after=None
[2026-09-23T12:16:48.607+0000] {processor.py:183} INFO - Processing /home/airflow/.local/lib/python3.12/site-packages/airflow/example_dags/example_sensor_decorator.py took 0.071 seconds
[2026-09-23T12:17:19.244+0000] {processor.py:161} INFO - Started process (PID=209) to work on /home/airflow/.local/lib/python3.12/site-packages/airflow/example_dags/example_sensor_decorator.py
[2026-09-23T12:17:19.246+0000] {processor.py:830} INFO - Processing file /home/airflow/.local/lib/python3.12/site-packages/airflow/example_dags/example_sensor_decorator.py for tasks to queue
[2026-09-23T12:17:19.250+0000] {logging_mixin.py:188} INFO - [2026-09-23T12:17:19.250+0000] {dagbag.py:545} INFO - Filling up the DagBag from /home/airflow/.local/lib/python3.12/site-packages/airflow/example_dags/example_sensor_decorator.py
[2026-09-23T12:17:19.256+0000] {processor.py:840} INFO - DAG(s) 'example_sensor_decorator' retrieved from /home/airflow/.local/lib/python3.12/site-packages/airflow/example_dags/example_sensor_decorator.py
[2026-09-23T12:17:19.273+0000] {logging_mixin.py:188} INFO - [2026-09-23T12:17:19.273+0000] {dag.py:3089} INFO - Sync 1 DAGs
[2026-09-23T12:17:19.287+0000] {logging_mixin.py:188} INFO - [2026-09-23T12:17:19.287+0000] {dag.py:3947} INFO - Setting next_dagrun for example_sensor_decorator to None, run_after=None
[2026-09-23T12:17:19.308+0000] {processor.py:183} INFO - Processing /home/airflow/.local/lib/python3.12/site-packages/airflow/example_dags/example_sensor_decorator.py took 0.069 seconds
[2026-09-23T12:17:49.929+0000] {processor.py:161} INFO - Started process (PID=267) to work on /home/airflow/.local/lib/python3.12/site-packages/airflow/example_dags/example_sensor_decorator.py
[2026-09-23T12:17:49.931+0000] {processor.py:830} INFO - Processing file /home/airflow/.local/lib/python3.12/site-packages/airflow/example_dags/example_sensor_decorator.py for tasks to queue
[2026-09-23T12:17:49.933+0000] {logging_mixin.py:188} INFO - [2026-09-23T12:17:49.933+0000] {dagbag.py:545} INFO - Filling up the DagBag from /home/airflow/.local/lib/python3.12/site-packages/airflow/example_dags/example_sensor_decorator.py
[2026-09-23T12:17:49.940+0000] {processor.py:840} INFO - DAG(s) 'example_sensor_decorator' retrieved from /home/airflow/.local/lib/python3.12/site-packages/airflow/example_dags/example_sensor_decorator.py
[2026-09-23T12:17:49.965+0000] {logging_mixin.py:188} INFO - [2026-09-23T12:17:49.965+0000] {dag.py:3089} INFO - Sync 1 DAGs
[2026-09-23T12:17:49.980+0000] {logging_mixin.py:188} INFO - [2026-09-23T12:17:49.980+0000] {dag.py:3947} INFO - Setting next_dagrun for example_sensor_decorator to None, run_after=None
[2026-09-23T12:17:50.008+0000] {processor.py:183} INFO - Processing /home/airflow/.local/lib/python3.12/site-packages/airflow/example_dags/example_sensor_decorator.py took 0.086 seconds
[2026-09-23T12:18:20.468+0000] {processor.py:161} INFO - Started process (PID=325) to work on /home/airflow/.local/lib/python3.12/site-packages/airflow/example_dags/example_sensor_decorator.py
[2026-09-23T12:18:20.469+0000] {processor.py:830} INFO - Processing file /home/airflow/.local/lib/python3.12/site-packages/airflow/example_dags/example_sensor_decorator.py for tasks to queue
[2026-09-23T12:18:20.471+0000] {logging_mixin.py:188} INFO - [2026-09-23T12:18:20.471+0000] {dagbag.py:545} INFO - Filling up the DagBag from /home/airflow/.local/lib/python3.12/site-packages/airflow/example_dags/example_sensor_decorator.py
[2026-09-23T12:18:20.477+0000] {processor.py:840} INFO - DAG(s) 'example_sensor_decorator' retrieved from /home/airflow/.local/lib/python3.12/site-packages/airflow/example_dags/example_sensor_decorator.py
[2026-09-23T12:18:20.497+0000] {logging_mixin.py:188} INFO - [2026-09-23T12:18:20.496+0000] {dag.py:3089} INFO - Sync 1 DAGs
[2026-09-23T12:18:20.511+0000] {logging_mixin.py:188} INFO - [2026-09-23T12:18:20.510+0000] {dag.py:3947} INFO - Setting next_dagrun for example_sensor_decorator to None, run_after=None
[2026-09-23T12:18:20.535+0000] {processor.py:183} INFO - Processing /home/airflow/.local/lib/python3.12/site-packages/airflow/example_dags/example_sensor_decorator.py took 0.073 seconds
[2026-09-23T12:18:51.167+0000] {processor.py:161} INFO - Started process (PID=383) to work on /home/airflow/.local/lib/python3.12/site-packages/airflow/example_dags/example_sensor_decorator.py
[2026-09-23T12:18:51.168+0000] {processor.py:830} INFO - Processing file /home/airflow/.local/lib/python3.12/site-packages/airflow/example_dags/example_sensor_decorator.py for tasks to queue
[2026-09-23T12:18:51.170+0000] {logging_mixin.py:188} INFO - [2026-09-23T12:18:51.170+0000] {dagbag.py:545} INFO - Filling up the DagBag from /home/airflow/.local/lib/python3.12/site-packages/airflow/example_dags/example_sensor_decorator.py
[2026-09-23T12:18:51.175+0000] {processor.py:840} INFO - DAG(s) 'example_sensor_decorator' retrieved from /home/airflow/.local/lib/python3.12/site-packages/airflow/example_dags/example_sensor_decorator.py
[2026-09-23T12:18:51.193+0000] {logging_mixin.py:188} INFO - [2026-09-23T12:18:51.192+0000] {dag.py:3089} INFO - Sync 1 DAGs
[2026-09-23T12:18:51.204+0000] {logging_mixin.py:188} INFO - [2026-09-23T12:18:51.203+0000] {dag.py:3947} INFO - Setting next_dagrun for example_sensor_decorator to None, run_after=None
[2026-09-23T12:18:51.222+0000] {processor.py:183} INFO - Processing /home/airflow/.local/lib/python3.12/site-packages/airflow/example_dags/example_sensor_decorator.py took 0.060 seconds
[2026-09-23T12:19:21.692+0000] {processor.py:161} INFO - Started process (PID=461) to work on /home/airflow/.local/lib/python3.12/site-packages/airflow/example_dags/example_sensor_decorator.py
[2026-09-23T12:19:21.694+0000] {processor.py:830} INFO - Processing file /home/airflow/.local/lib/python3.12/site-packages/airflow/example_dags/example_sensor_decorator.py for tasks to queue
[2026-09-23T12:19:21.702+0000] {logging_mixin.py:188} INFO - [2026-09-23T12:19:21.700+0000] {dagbag.py:545} INFO - Filling up the DagBag from /home/airflow/.local/lib/python3.12/site-packages/airflow/example_dags/example_sensor_decorator.py
[2026-09-23T12:19:21.719+0000] {processor.py:840} INFO - DAG(s) 'example_sensor_decorator' retrieved from /home/airflow/.local/lib/python3.12/site-packages/airflow/example_dags/example_sensor_decorator.py
[2026-09-23T12:19:21.758+0000] {logging_mixin.py:188} INFO - [2026-09-23T12:19:21.758+0000] {dag.py:3089} INFO - Sync 1 DAGs
[2026-09-23T12:19:21.779+0000] {logging_mixin.py:188} INFO - [2026-09-23T12:19:21.779+0000] {dag.py:3947} INFO - Setting next_dagrun for example_sensor_decorator to None, run_after=None
[2026-09-23T12:19:21.805+0000] {processor.py:183} INFO - Processing /home/airflow/.local/lib/python3.12/site-packages/airflow/example_dags/example_sensor_decorator.py took 0.123 seconds
[2026-09-23T12:19:51.893+0000] {processor.py:161} INFO - Started process (PID=519) to work on /home/airflow/.local/lib/python3.12/site-packages/airflow/example_dags/example_sensor_decorator.py
[2026-09-23T12:19:51.894+0000] {processor.py:830} INFO - Processing file /home/airflow/.local/lib/python3.12/site-packages/airflow/example_dags/example_sensor_decorator.py for tasks to queue
[2026-09-23T12:19:51.897+0000] {logging_mixin.py:188} INFO - [2026-09-23T12:19:51.896+0000] {dagbag.py:545} INFO - Filling up the DagBag from /home/airflow/.local/lib/python3.12/site-packages/airflow/example_dags/example_sensor_decorator.py
[2026-09-23T12:19:51.902+0000] {processor.py:840} INFO - DAG(s) 'example_sensor_decorator' retrieved from /home/airflow/.local/lib/python3.12/site-packages/airflow/example_dags/example_sensor_decorator.py
[2026-09-23T12:19:51.919+0000] {logging_mixin.py:188} INFO - [2026-09-23T12:19:51.919+0000] {dag.py:3089} INFO - Sync 1 DAGs
[2026-09-23T12:19:51.933+0000] {logging_mixin.py:188} INFO - [2026-09-23T12:19:51.932+0000] {dag.py:3947} INFO - Setting next_dagrun for example_sensor_decorator to None, run_after=None
[2026-09-23T12:19:51.957+0000] {processor.py:183} INFO - Processing /home/airflow/.local/lib/python3.12/site-packages/airflow/example_dags/example_sensor_decorator.py took 0.068 seconds
[2026-09-23T12:20:22.323+0000] {processor.py:161} INFO - Started process (PID=577) to work on /home/airflow/.local/lib/python3.12/site-packages/airflow/example_dags/example_sensor_decorator.py
[2026-09-23T12:20:22.324+0000] {processor.py:830} INFO - Processing file /home/airflow/.local/lib/python3.12/site-packages/airflow/example_dags/example_sensor_decorator.py for tasks to queue
[2026-09-23T12:20:22.326+0000] {logging_mixin.py:188} INFO - [2026-09-23T12:20:22.326+0000] {dagbag.py:545} INFO - Filling up the DagBag from /home/airflow/.local/lib/python3.12/site-packages/airflow/example_dags/example_sensor_decorator.py
[2026-09-23T12:20:22.335+0000] {processor.py:840} INFO - DAG(s) 'example_sensor_decorator' retrieved from /home/airflow/.local/lib/python3.12/site-packages/airflow/example_dags/example_sensor_decorator.py
[2026-09-23T12:20:22.360+0000] {logging_mixin.py:188} INFO - [2026-09-23T12:20:22.360+0000] {dag.py:3089} INFO - Sync 1 DAGs
[2026-09-23T12:20:22.384+0000] {logging_mixin.py:188} INFO - [2026-09-23T12:20:22.383+0000] {dag.py:3947} INFO - Setting next_dagrun for example_sensor_decorator to None, run_after=None
[2026-09-23T12:20:22.424+0000] {processor.py:183} INFO - Processing /home/airflow/.local/lib/python3.12/site-packages/airflow/example_dags/example_sensor_decorator.py took 0.106 seconds
[2026-09-23T12:20:52.657+0000] {processor.py:161} INFO - Started process (PID=635) to work on /home/airflow/.local/lib/python3.12/site-packages/airflow/example_dags/example_sensor_decorator.py
[2026-09-23T12:20:52.659+0000] {processor.py:830} INFO - Processing file /home/airflow/.local/lib/python3.12/site-packages/airflow/example_dags/example_sensor_decorator.py for tasks to queue
[2026-09-23T12:20:52.662+0000] {logging_mixin.py:188} INFO - [2026-09-23T12:20:52.662+0000] {dagbag.py:545} INFO - Filling up the DagBag from /home/airflow/.local/lib/python3.12/site-packages/airflow/example_dags/example_sensor_decorator.py
[2026-09-23T12:20:52.668+0000] {processor.py:840} INFO - DAG(s) 'example_sensor_decorator' retrieved from /home/airflow/.local/lib/python3.12/site-packages/airflow/example_dags/example_sensor_decorator.py
[2026-09-23T12:20:52.693+0000] {logging_mixin.py:188} INFO - [2026-09-23T12:20:52.692+0000] {dag.py:3089} INFO - Sync 1 DAGs
[2026-09-23T12:20:52.718+0000] {logging_mixin.py:188} INFO - [2026-09-23T12:20:52.718+0000] {dag.py:3947} INFO - Setting next_dagrun for example_sensor_decorator to None, run_after=None
[2026-09-23T12:20:52.759+0000] {processor.py:183} INFO - Processing /home/airflow/.local/lib/python3.12/site-packages/airflow/example_dags/example_sensor_decorator.py took 0.112 seconds
[2026-09-23T12:21:23.074+0000] {processor.py:161} INFO - Started process (PID=693) to work on /home/airflow/.local/lib/python3.12/site-packages/airflow/example_dags/example_sensor_decorator.py
[2026-09-23T12:21:23.076+0000] {processor.py:830} INFO - Processing file /home/airflow/.local/lib/python3.12/site-packages/airflow/example_dags/example_sensor_decorator.py for tasks to queue
[2026-09-23T12:21:23.079+0000] {logging_mixin.py:188} INFO - [2026-09-23T12:21:23.078+0000] {dagbag.py:545} INFO - Filling up the DagBag from /home/airflow/.local/lib/python3.12/site-packages/airflow/example_dags/example_sensor_decorator.py
[2026-09-23T12:21:23.087+0000] {processor.py:840} INFO - DAG(s) 'example_sensor_decorator' retrieved from /home/airflow/.local/lib/python3.12/site-packages/airflow/example_dags/example_sensor_decorator.py
[2026-09-23T12:21:23.108+0000] {logging_mixin.py:188} INFO - [2026-09-23T12:21:23.108+0000] {dag.py:3089} INFO - Sync 1 DAGs
[2026-09-23T12:21:23.121+0000] {logging_mixin.py:188} INFO - [2026-09-23T12:21:23.121+0000] {dag.py:3947} INFO - Setting next_dagrun for example_sensor_decorator to None, run_after=None
[2026-09-23T12:21:23.202+0000] {processor.py:183} INFO - Processing /home/airflow/.local/lib/python3.12/site-packages/airflow/example_dags/example_sensor_decorator.py took 0.136 seconds
[2026-09-23T12:21:53.810+0000] {processor.py:161} INFO - Started process (PID=751) to work on /home/airflow/.local/lib/python3.12/site-packages/airflow/example_dags/example_sensor_decorator.py
[2026-09-23T12:21:53.811+0000] {processor.py:830} INFO - Processing file /home/airflow/.local/lib/python3.12/site-packages/airflow/example_dags/example_sensor_decorator.py for tasks to queue
[2026-09-23T12:21:53.814+0000] {logging_mixin.py:188} INFO - [2026-09-23T12:21:53.814+0000] {dagbag.py:545} INFO - Filling up the DagBag from /home/airflow/.local/lib/python3.12/site-packages/airflow/example_dags/example_sensor_decorator.py
[2026-09-23T12:21:53.820+0000] {processor.py:840} INFO - DAG(s) 'example_sensor_decorator' retrieved from /home/airflow/.local/lib/python3.12/site-packages/airflow/example_dags/example_sensor_decorator.py
[2026-09-23T12:21:53.842+0000] {logging_mixin.py:188} INFO - [2026-09-23T12:21:53.842+0000] {dag.py:3089} INFO - Sync 1 DAGs
[2026-09-23T12:21:53.855+0000] {logging_mixin.py:188} INFO - [2026-09-23T12:21:53.855+0000] {dag.py:3947} INFO - Setting next_dagrun for example_sensor_decorator to None, run_after=None
[2026-09-23T12:21:53.881+0000] {processor.py:183} INFO - Processing /home/airflow/.local/lib/python3.12/site-packages/airflow/example_dags/example_sensor_decorator.py took 0.079 seconds
[2026-09-23T12:22:24.534+0000] {processor.py:161} INFO - Started process (PID=809) to work on /home/airflow/.local/lib/python3.12/site-packages/airflow/example_dags/example_sensor_decorator.py
[2026-09-23T12:22:24.535+0000] {processor.py:830} INFO - Processing file /home/airflow/.local/lib/python3.12/site-packages/airflow/example_dags/example_sensor_decorator.py for tasks to queue
[2026-09-23T12:22:24.537+0000] {logging_mixin.py:188} INFO - [2026-09-23T12:22:24.537+0000] {dagbag.py:545} INFO - Filling up the DagBag from /home/airflow/.local/lib/python3.12/site-packages/airflow/example_dags/example_sensor_decorator.py
[2026-09-23T12:22:24.546+0000] {processor.py:840} INFO - DAG(s) 'example_sensor_decorator' retrieved from /home/airflow/.local/lib/python3.12/site-packages/airflow/example_dags/example_sensor_decorator.py
[2026-09-23T12:22:24.569+0000] {logging_mixin.py:188} INFO - [2026-09-23T12:22:24.569+0000] {dag.py:3089} INFO - Sync 1 DAGs
[2026-09-23T12:22:24.584+0000] {logging_mixin.py:188} INFO - [2026-09-23T12:22:24.584+0000] {dag.py:3947} INFO - Setting next_dagrun for example_sensor_decorator to None, run_after=None
[2026-09-23T12:22:24.609+0000] {processor.py:183} INFO - Processing /home/airflow/.local/lib/python3.12/site-packages/airflow/example_dags/example_sensor_decorator.py took 0.082 seconds
[2026-09-23T12:24:01.966+0000] {processor.py:161} INFO - Started process (PID=96) to work on /home/airflow/.local/lib/python3.12/site-packages/airflow/example_dags/example_sensor_decorator.py
[2026-09-23T12:24:01.967+0000] {processor.py:830} INFO - Processing file /home/airflow/.local/lib/python3.12/site-packages/airflow/example_dags/example_sensor_decorator.py for tasks to queue
[2026-09-23T12:24:01.970+0000] {logging_mixin.py:188} INFO - [2026-09-23T12:24:01.969+0000] {dagbag.py:545} INFO - Filling up the DagBag from /home/airflow/.local/lib/python3.12/site-packages/airflow/example_dags/example_sensor_decorator.py
[2026-09-23T12:24:01.982+0000] {processor.py:840} INFO - DAG(s) 'example_sensor_decorator' retrieved from /home/airflow/.local/lib/python3.12/site-packages/airflow/example_dags/example_sensor_decorator.py
[2026-09-23T12:24:02.115+0000] {logging_mixin.py:188} INFO - [2026-09-23T12:24:02.114+0000] {dag.py:3089} INFO - Sync 1 DAGs
[2026-09-23T12:24:02.128+0000] {logging_mixin.py:188} INFO - [2026-09-23T12:24:02.128+0000] {dag.py:3947} INFO - Setting next_dagrun for example_sensor_decorator to None, run_after=None
[2026-09-23T12:24:02.154+0000] {processor.py:183} INFO - Processing /home/airflow/.local/lib/python3.12/site-packages/airflow/example_dags/example_sensor_decorator.py took 0.197 seconds
[2026-09-23T12:24:32.654+0000] {processor.py:161} INFO - Started process (PID=154) to work on /home/airflow/.local/lib/python3.12/site-packages/airflow/example_dags/example_sensor_decorator.py
[2026-09-23T12:24:32.655+0000] {processor.py:830} INFO - Processing file /home/airflow/.local/lib/python3.12/site-packages/airflow/example_dags/example_sensor_decorator.py for tasks to queue
[2026-09-23T12:24:32.657+0000] {logging_mixin.py:188} INFO - [2026-09-23T12:24:32.657+0000] {dagbag.py:545} INFO - Filling up the DagBag from /home/airflow/.local/lib/python3.12/site-packages/airflow/example_dags/example_sensor_decorator.py
[2026-09-23T12:24:32.664+0000] {processor.py:840} INFO - DAG(s) 'example_sensor_decorator' retrieved from /home/airflow/.local/lib/python3.12/site-packages/airflow/example_dags/example_sensor_decorator.py
[2026-09-23T12:24:32.681+0000] {logging_mixin.py:188} INFO - [2026-09-23T12:24:32.681+0000] {dag.py:3089} INFO - Sync 1 DAGs
[2026-09-23T12:24:32.692+0000] {logging_mixin.py:188} INFO - [2026-09-23T12:24:32.692+0000] {dag.py:3947} INFO - Setting next_dagrun for example_sensor_decorator to None, run_after=None
[2026-09-23T12:24:32.713+0000] {processor.py:183} INFO - Processing /home/airflow/.local/lib/python3.12/site-packages/airflow/example_dags/example_sensor_decorator.py took 0.065 seconds
