[2026-09-23T12:16:21.912+0000] {processor.py:161} INFO - Started process (PID=119) to work on /home/airflow/.local/lib/python3.12/site-packages/airflow/example_dags/example_time_delta_sensor_async.py
[2026-09-23T12:16:21.913+0000] {processor.py:830} INFO - Processing file /home/airflow/.local/lib/python3.12/site-packages/airflow/example_dags/example_time_delta_sensor_async.py for tasks to queue
[2026-09-23T12:16:21.916+0000] {logging_mixin.py:188} INFO - [2026-09-23T12:16:21.915+0000] {dagbag.py:545} INFO - Filling up the DagBag from /home/airflow/.local/lib/python3.12/site-packages/airflow/example_dags/example_time_delta_sensor_async.py
[2026-09-23T12:16:21.923+0000] {processor.py:840} INFO - DAG(s) 'example_time_delta_sensor_async' retrieved from /home/airflow/.local/lib/python3.12/site-packages/airflow/example_dags/example_time_delta_sensor_async.py
[2026-09-23T12:16:22.045+0000] {logging_mixin.py:188} INFO - [2026-09-23T12:16:22.044+0000] {dag.py:3089} INFO - Sync 1 DAGs
[2026-09-23T12:16:22.065+0000] {logging_mixin.py:188} INFO - [2026-09-23T12:16:22.065+0000] {dag.py:3947} INFO - Setting next_dagrun for example_time_delta_sensor_async to None, run_after=None
[2026-09-23T12:16:22.092+0000] {processor.py:183} INFO - Processing /home/airflow/.local/lib/python3.12/site-packages/airflow/example_dags/example_time_delta_sensor_async.py took 0.189 seconds
[2026-09-23T12:16:52.323+0000] {processor.py:161} INFO - Started process (PID=177) to work on /home/airflow/.local/lib/python3.12/site-packages/airflow/example_dags/example_time_delta_sensor_async.py
[2026-09-23T12:16:52.325+0000] {processor.py:830} INFO - Processing file /home/airflow/.local/lib/python3.12/site-packages/airflow/example_dags/example_time_delta_sensor_async.py for tasks to queue
[2026-09-23T12:16:52.327+0000] {logging_mixin.py:188} INFO - [2026-09-23T12:16:52.327+0000] {dagbag.py:545} INFO - Filling up the DagBag from /home/airflow/.local/lib/python3.12/site-packages/airflow/example_dags/example_time_delta_sensor_async.py
[2026-09-23T12:16:52.334+0000] {processor.py:840} INFO - DAG(s) 'example_time_delta_sensor_async' retrieved from /home/airflow/.local/lib/python3.12/site-packages/airflow/example_dags/example_time_delta_sensor_async.py
[2026-09-23T12:16:52.369+0000] {logging_mixin.py:188} INFO - [2026-09-23T12:16:52.369+0000] {dag.py:3089} INFO - Sync 1 DAGs
[2026-09-23T12:16:52.391+0000] {logging_mixin.py:188} INFO - [2026-09-23T12:16:52.390+0000] {dag.py:3947} INFO - Setting next_dagrun for example_time_delta_sensor_async to None, run_after=None
[2026-09-23T12:16:52.417+0000] {processor.py:183} INFO - Processing /home/airflow/.local/lib/python3.12/site-packages/airflow/example_dags/example_time_delta_sensor_async.py took 0.104 seconds
[2026-09-23T12:17:22.948+0000] {processor.py:161} INFO - Started process (PID=235) to work on /home/airflow/.local/lib/python3.12/site-packages/airflow/example_dags/example_time_delta_sensor_async.py
[2026-09-23T12:17:22.950+0000] {processor.py:830} INFO - Processing file /home/airflow/.local/lib/python3.12/site-packages/airflow/example_dags/example_time_delta_sensor_async.py for tasks to queue
[2026-09-23T12:17:22.953+0000] {logging_mixin.py:188} INFO - [2026-09-23T12:17:22.953+0000] {dagbag.py:545} INFO - Filling up the DagBag from /home/airflow/.local/lib/python3.12/site-packages/airflow/example_dags/example_time_delta_sensor_async.py
[2026-09-23T12:17:22.958+0000] {processor.py:840} INFO - DAG(s) 'example_time_delta_sensor_async' retrieved from /home/airflow/.local/lib/python3.12/site-packages/airflow/example_dags/example_time_delta_sensor_async.py
[2026-09-23T12:17:22.978+0000] {logging_mixin.py:188} INFO - [2026-09-23T12:17:22.978+0000] {dag.py:3089} INFO - Sync 1 DAGs
[2026-09-23T12:17:22.992+0000] {logging_mixin.py:188} INFO - [2026-09-23T12:17:22.991+0000] {dag.py:3947} INFO - Setting next_dagrun for example_time_delta_sensor_async to None, run_after=None
[2026-09-23T12:17:23.016+0000] {processor.py:183} INFO - Processing /home/airflow/.local/lib/python3.12/site-packages/airflow/example_dags/example_time_delta_sensor_async.py took 0.074 seconds
[2026-09-23T12:17:53.817+0000] {processor.py:161} INFO - Started process (PID=293) to work on /home/airflow/.local/lib/python3.12/site-packages/airflow/example_dags/example_time_delta_sensor_async.py
[2026-09-23T12:17:53.818+0000] {processor.py:830} INFO - Processing file /home/airflow/.local/lib/python3.12/site-packages/airflow/example_dags/example_time_delta_sensor_async.py for tasks to queue
[2026-09-23T12:17:53.821+0000] {logging_mixin.py:188} INFO - [2026-09-23T12:17:53.821+0000] {dagbag.py:545} INFO - Filling up the DagBag from /home/airflow/.local/lib/python3.12/site-packages/airflow/example_dags/example_time_delta_sensor_async.py
[2026-09-23T12:17:53.827+0000] {processor.py:840} INFO - DAG(s) 'example_time_delta_sensor_async' retrieved from /home/airflow/.local/lib/python3.12/site-packages/airflow/example_dags/example_time_delta_sensor_async.py
[2026-09-23T12:17:53.858+0000] {logging_mixin.py:188} INFO - [2026-09-23T12:17:53.858+0000] {dag.py:3089} INFO - Sync 1 DAGs
[2026-09-23T12:17:53.875+0000] {logging_mixin.py:188} INFO - [2026-09-23T12:17:53.874+0000] {dag.py:3947} INFO - Setting next_dagrun for example_time_delta_sensor_async to None, run_after=None
[2026-09-23T12:17:53.955+0000] {processor.py:183} INFO - Processing /home/airflow/.local/lib/python3.12/site-packages/airflow/example_dags/example_time_delta_sensor_async.py took 0.149 seconds
[2026-09-23T12:18:24.443+0000] {processor.py:161} INFO - Started process (PID=351) to work on /home/airflow/.local/lib/python3.12/site-packages/airflow/example_dags/example_time_delta_sensor_async.py
[2026-09-23T12:18:24.445+0000] {processor.py:830} INFO - Processing file /home/airflow/.local/lib/python3.12/site-packages/airflow/example_dags/example_time_delta_sensor_async.py for tasks to queue
[2026-09-23T12:18:24.447+0000] {logging_mixin.py:188} INFO - [2026-09-23T12:18:24.447+0000] {dagbag.py:545} INFO - Filling up the DagBag from /home/airflow/.local/lib/python3.12/site-packages/airflow/example_dags/example_time_delta_sensor_async.py
[2026-09-23T12:18:24.452+0000] {processor.py:840} INFO - DAG(s) 'example_time_delta_sensor_async' retrieved from /home/airflow/.local/lib/python3.12/site-packages/airflow/example_dags/example_time_delta_sensor_async.py
[2026-09-23T12:18:24.474+0000] {logging_mixin.py:188} INFO - [2026-09-23T12:18:24.474+0000] {dag.py:3089} INFO - Sync 1 DAGs
[2026-09-23T12:18:24.489+0000] {logging_mixin.py:188} INFO - [2026-09-23T12:18:24.489+0000] {dag.py:3947} INFO - Setting next_dagrun for example_time_delta_sensor_async to None, run_after=None
[2026-09-23T12:18:24.514+0000] {processor.py:183} INFO - Processing /home/airflow/.local/lib/python3.12/site-packages/airflow/example_dags/example_time_delta_sensor_async.py took 0.077 seconds
[2026-09-23T12:18:55.394+0000] {processor.py:161} INFO - Started process (PID=409) to work on /home/airflow/.local/lib/python3.12/site-packages/airflow/example_dags/example_time_delta_sensor_async.py
[2026-09-23T12:18:55.395+0000] {processor.py:830} INFO - Processing file /home/airflow/.local/lib/python3.12/site-packages/airflow/example_dags/example_time_delta_sensor_async.py for tasks to queue
[2026-09-23T12:18:55.397+0000] {logging_mixin.py:188} INFO - [2026-09-23T12:18:55.397+0000] {dagbag.py:545} INFO - Filling up the DagBag from /home/airflow/.local/lib/python3.12/site-packages/airflow/example_dags/example_time_delta_sensor_async.py
[2026-09-23T12:18:55.402+0000] {processor.py:840} INFO - DAG(s) 'example_time_delta_sensor_async' retrieved from /home/airflow/.local/lib/python3.12/site-packages/airflow/example_dags/example_time_delta_sensor_async.py
[2026-09-23T12:18:55.421+0000] {logging_mixin.py:188} INFO - [2026-09-23T12:18:55.420+0000] {dag.py:3089} INFO - Sync 1 DAGs
[2026-09-23T12:18:55.433+0000] {logging_mixin.py:188} INFO - [2026-09-23T12:18:55.433+0000] {dag.py:3947} INFO - Setting next_dagrun for example_time_delta_sensor_async to None, run_after=None
[2026-09-23T12:18:55.452+0000] {processor.py:183} INFO - Processing /home/airflow/.local/lib/python3.12/site-packages/airflow/example_dags/example_time_delta_sensor_async.py took 0.065 seconds
[2026-09-23T12:19:25.955+0000] {processor.py:161} INFO - Started process (PID=487) to work on /home/airflow/.local/lib/python3.12/site-packages/airflow/example_dags/example_time_delta_sensor_async.py
[2026-09-23T12:19:25.956+0000] {processor.py:830} INFO - Processing file /home/airflow/.local/lib/python3.12/site-packages/airflow/example_dags/example_time_delta_sensor_async.py for tasks to queue
[2026-09-23T12:19:25.959+0000] {logging_mixin.py:188} INFO - [2026-09-23T12:19:25.959+0000] {dagbag.py:545} INFO - Filling up the DagBag from /home/airflow/.local/lib/python3.12/site-packages/airflow/example_dags/example_time_delta_sensor_async.py
[2026-09-23T12:19:25.968+0000] {processor.py:840} INFO - DAG(s) 'example_time_delta_sensor_async' retrieved from /home/airflow/.local/lib/python3.12/site-packages/airflow/example_dags/example_time_delta_sensor_async.py
[2026-09-23T12:19:25.993+0000] {logging_mixin.py:188} INFO - [2026-09-23T12:19:25.993+0000] {dag.py:3089} INFO - Sync 1 DAGs
[2026-09-23T12:19:26.007+0000] {logging_mixin.py:188} INFO - [2026-09-23T12:19:26.007+0000] {dag.py:3947} INFO - Setting next_dagrun for example_time_delta_sensor_async to None, run_after=None
[2026-09-23T12:19:26.031+0000] {processor.py:183} INFO - Processing /home/airflow/.local/lib/python3.12/site-packages/airflow/example_dags/example_time_delta_sensor_async.py took 0.086 seconds
[2026-09-23T12:19:56.626+0000] {processor.py:161} INFO - Started process (PID=545) to work on /home/airflow/.local/lib/python3.12/site-packages/airflow/example_dags/example_time_delta_sensor_async.py
[2026-09-23T12:19:56.627+0000] {processor.py:830} INFO - Processing file /home/airflow/.local/lib/python3.12/site-packages/airflow/example_dags/example_time_delta_sensor_async.py for tasks to queue
[2026-09-23T12:19:56.630+0000] {logging_mixin.py:188} INFO - [2026-09-23T12:19:56.629+0000] {dagbag.py:545} INFO - Filling up the DagBag from /home/airflow/.local/lib/python3.12/site-packages/airflow/example_dags/example_time_delta_sensor_async.py
[2026-09-23T12:19:56.636+0000] {processor.py:840} INFO - DAG(s) 'example_time_delta_sensor_async' retrieved from /home/airflow/.local/lib/python3.12/site-packages/airflow/example_dags/example_time_delta_sensor_async.py
[2026-09-23T12:19:56.658+0000] {logging_mixin.py:188} INFO - [2026-09-23T12:19:56.657+0000] {dag.py:3089} INFO - Sync 1 DAGs
[2026-09-23T12:19:56.673+0000] {logging_mixin.py:188} INFO - [2026-09-23T12:19:56.673+0000] {dag.py:3947} INFO - Setting next_dagrun for example_time_delta_sensor_async to None, run_after=None
[2026-09-23T12:19:56.691+0000] {processor.py:183} INFO - Processing /home/airflow/.local/lib/python3.12/site-packages/airflow/example_dags/example_time_delta_sensor_async.py took 0.070 seconds
[2026-09-23T12:20:27.909+0000] {processor.py:161} INFO - Started process (PID=603) to work on /home/airflow/.local/lib/python3.12/site-packages/airflow/example_dags/example_time_delta_sensor_async.py
[2026-09-23T12:20:27.910+0000] {processor.py:830} INFO - Processing file /home/airflow/.local/lib/python3.12/site-packages/airflow/example_dags/example_time_delta_sensor_async.py for tasks to queue
[2026-09-23T12:20:27.912+0000] {logging_mixin.py:188} INFO - [2026-09-23T12:20:27.912+0000] {dagbag.py:545} INFO - Filling up the DagBag from /home/airflow/.local/lib/python3.12/site-packages/airflow/example_dags/example_time_delta_sensor_async.py
[2026-09-23T12:20:27.918+0000] {processor.py:840} INFO - DAG(s) 'example_time_delta_sensor_async' retrieved from /home/airflow/.local/lib/python3.12/site-packages/airflow/example_dags/example_time_delta_sensor_async.py
[2026-09-23T12:20:27.942+0000] {logging_mixin.py:188} INFO - [2026-09-23T12:20:27.942+0000] {dag.py:3089} INFO - Sync 1 DAGs
[2026-09-23T12:20:27.959+0000] {logging_mixin.py:188} INFO - [2026-09-23T12:20:27.959+0000] {dag.py:3947} INFO - Setting next_dagrun for example_time_delta_sensor_async to None, run_after=None
[2026-09-23T12:20:27.986+0000] {processor.py:183} INFO - Processing /home/airflow/.local/lib/python3.12/site-packages/airflow/example_dags/example_time_delta_sensor_async.py took 0.082 seconds
[2026-09-23T12:20:58.046+0000] {processor.py:161} INFO - Started process (PID=661) to work on /home/airflow/.local/lib/python3.12/site-packages/airflow/example_dags/example_time_delta_sensor_async.py
[2026-09-23T12:20:58.047+0000] {processor.py:830} INFO - Processing file /home/airflow/.local/lib/python3.12/site-packages/airflow/example_dags/example_time_delta_sensor_async.py for tasks to queue
[2026-09-23T12:20:58.049+0000] {logging_mixin.py:188} INFO - [2026-09-23T12:20:58.049+0000] {dagbag.py:545} INFO - Filling up the DagBag from /home/airflow/.local/lib/python3.12/site-packages/airflow/example_dags/example_time_delta_sensor_async.py
[2026-09-23T12:20:58.054+0000] {processor.py:840} INFO - DAG(s) 'example_time_delta_sensor_async' retrieved from /home/airflow/.local/lib/python3.12/site-packages/airflow/example_dags/example_time_delta_sensor_async.py
[2026-09-23T12:20:58.076+0000] {logging_mixin.py:188} INFO - [2026-09-23T12:20:58.076+0000] {dag.py:3089} INFO - Sync 1 DAGs
[2026-09-23T12:20:58.091+0000] {logging_mixin.py:188} INFO - [2026-09-23T12:20:58.091+0000] {dag.py:3947} INFO - Setting next_dagrun for example_time_delta_sensor_async to None, run_after=None
[2026-09-23T12:20:58.111+0000] {processor.py:183} INFO - Processing /home/airflow/.local/lib/python3.12/site-packages/airflow/example_dags/example_time_delta_sensor_async.py took 0.071 seconds
[2026-09-23T12:21:29.162+0000] {processor.py:161} INFO - Started process (PID=719) to work on /home/airflow/.local/lib/python3.12/site-packages/airflow/example_dags/example_time_delta_sensor_async.py
[2026-09-23T12:21:29.163+0000] {processor.py:830} INFO - Processing file /home/airflow/.local/lib/python3.12/site-packages/airflow/example_dags/example_time_delta_sensor_async.py for tasks to queue
[2026-09-23T12:21:29.165+0000] {logging_mixin.py:188} INFO - [2026-09-23T12:21:29.165+0000] {dagbag.py:545} INFO - Filling up the DagBag from /home/airflow/.local/lib/python3.12/site-packages/airflow/example_dags/example_time_delta_sensor_async.py
[2026-09-23T12:21:29.170+0000] {processor.py:840} INFO - DAG(s) 'example_time_delta_sensor_async' retrieved from /home/airflow/.local/lib/python3.12/site-packages/airflow/example_dags/example_time_delta_sensor_async.py
[2026-09-23T12:21:29.188+0000] {logging_mixin.py:188} INFO - [2026-09-23T12:21:29.188+0000] {dag.py:3089} INFO - Sync 1 DAGs
[2026-09-23T12:21:29.200+0000] {logging_mixin.py:188} INFO - [2026-09-23T12:21:29.200+0000] {dag.py:3947} INFO - Setting next_dagrun for example_time_delta_sensor_async to None, run_after=None
[2026-09-23T12:21:29.228+0000] {processor.py:183} INFO - Processing /home/airflow/.local/lib/python3.12/site-packages/airflow/example_dags/example_time_delta_sensor_async.py took 0.072 seconds
[2026-09-23T12:21:59.755+0000] {processor.py:161} INFO - Started process (PID=777) to work on /home/airflow/.local/lib/python3.12/site-packages/airflow/example_dags/example_time_delta_sensor_async.py
[2026-09-23T12:21:59.756+0000] {processor.py:830} INFO - Processing file /home/airflow/.local/lib/python3.12/site-packages/airflow/example_dags/example_time_delta_sensor_async.py for tasks to queue
[2026-09-23T12:21:59.759+0000] {logging_mixin.py:188} INFO - [2026-09-23T12:21:59.758+0000] {dagbag.py:545} INFO - Filling up the DagBag from /home/airflow/.local/lib/python3.12/site-packages/airflow/example_dags/example_time_delta_sensor_async.py
[2026-09-23T12:21:59.764+0000] {processor.py:840} INFO - DAG(s) 'example_time_delta_sensor_async' retrieved from /home/airflow/.local/lib/python3.12/site-packages/airflow/example_dags/example_time_delta_sensor_async.py
[2026-09-23T12:21:59.785+0000] {logging_mixin.py:188} INFO - [2026-09-23T12:21:59.785+0000] {dag.py:3089} INFO - Sync 1 DAGs
[2026-09-23T12:21:59.799+0000] {logging_mixin.py:188} INFO - [2026-09-23T12:21:59.799+0000] {dag.py:3947} INFO - Setting next_dagrun for example_time_delta_sensor_async to None, run_after=None
[2026-09-23T12:21:59.821+0000] {processor.py:183} INFO - Processing /home/airflow/.local/lib/python3.12/site-packages/airflow/example_dags/example_time_delta_sensor_async.py took 0.072 seconds
[2026-09-23T12:22:30.768+0000] {processor.py:161} INFO - Started process (PID=835) to work on /home/airflow/.local/lib/python3.12/site-packages/airflow/example_dags/example_time_delta_sensor_async.py
[2026-09-23T12:22:30.769+0000] {processor.py:830} INFO - Processing file /home/airflow/.local/lib/python3.12/site-packages/airflow/example_dags/example_time_delta_sensor_async.py for tasks to queue
[2026-09-23T12:22:30.771+0000] {logging_mixin.py:188} INFO - [2026-09-23T12:22:30.771+0000] {dagbag.py:545} INFO - Filling up the DagBag from /home/airflow/.local/lib/python3.12/site-packages/airflow/example_dags/example_time_delta_sensor_async.py
[2026-09-23T12:22:30.776+0000] {processor.py:840} INFO - DAG(s) 'example_time_delta_sensor_async' retrieved from /home/airflow/.local/lib/python3.12/site-packages/airflow/example_dags/example_time_delta_sensor_async.py
[2026-09-23T12:22:30.799+0000] {logging_mixin.py:188} INFO - [2026-09-23T12:22:30.799+0000] {dag.py:3089} INFO - Sync 1 DAGs
[2026-09-23T12:22:30.815+0000] {logging_mixin.py:188} INFO - [2026-09-23T12:22:30.815+0000] {dag.py:3947} INFO - Setting next_dagrun for example_time_delta_sensor_async to None, run_after=None
[2026-09-23T12:22:30.838+0000] {processor.py:183} INFO - Processing /home/airflow/.local/lib/python3.12/site-packages/airflow/example_dags/example_time_delta_sensor_async.py took 0.076 seconds
[2026-09-23T12:24:06.200+0000] {processor.py:161} INFO - Started process (PID=122) to work on /home/airflow/.local/lib/python3.12/site-packages/airflow/example_dags/example_time_delta_sensor_async.py
[2026-09-23T12:24:06.201+0000] {processor.py:830} INFO - Processing file /home/airflow/.local/lib/python3.12/site-packages/airflow/example_dags/example_time_delta_sensor_async.py for tasks to queue
[2026-09-23T12:24:06.203+0000] {logging_mixin.py:188} INFO - [2026-09-23T12:24:06.203+0000] {dagbag.py:545} INFO - Filling up the DagBag from /home/airflow/.local/lib/python3.12/site-packages/airflow/example_dags/example_time_delta_sensor_async.py
[2026-09-23T12:24:06.208+0000] {processor.py:840} INFO - DAG(s) 'example_time_delta_sensor_async' retrieved from /home/airflow/.local/lib/python3.12/site-packages/airflow/example_dags/example_time_delta_sensor_async.py
[2026-09-23T12:24:06.310+0000] {logging_mixin.py:188} INFO - [2026-09-23T12:24:06.310+0000] {dag.py:3089} INFO - Sync 1 DAGs
[2026-09-23T12:24:06.323+0000] {logging_mixin.py:188} INFO - [2026-09-23T12:24:06.323+0000] {dag.py:3947} INFO - Setting next_dagrun for example_time_delta_sensor_async to None, run_after=None
[2026-09-23T12:24:06.394+0000] {processor.py:183} INFO - Processing /home/airflow/.local/lib/python3.12/site-packages/airflow/example_dags/example_time_delta_sensor_async.py took 0.200 seconds
[2026-09-23T12:24:36.693+0000] {processor.py:161} INFO - Started process (PID=180) to work on /home/airflow/.local/lib/python3.12/site-packages/airflow/example_dags/example_time_delta_sensor_async.py
[2026-09-23T12:24:36.695+0000] {processor.py:830} INFO - Processing file /home/airflow/.local/lib/python3.12/site-packages/airflow/example_dags/example_time_delta_sensor_async.py for tasks to queue
[2026-09-23T12:24:36.698+0000] {logging_mixin.py:188} INFO - [2026-09-23T12:24:36.698+0000] {dagbag.py:545} INFO - Filling up the DagBag from /home/airflow/.local/lib/python3.12/site-packages/airflow/example_dags/example_time_delta_sensor_async.py
[2026-09-23T12:24:36.703+0000] {processor.py:840} INFO - DAG(s) 'example_time_delta_sensor_async' retrieved from /home/airflow/.local/lib/python3.12/site-packages/airflow/example_dags/example_time_delta_sensor_async.py
[2026-09-23T12:24:36.726+0000] {logging_mixin.py:188} INFO - [2026-09-23T12:24:36.726+0000] {dag.py:3089} INFO - Sync 1 DAGs
[2026-09-23T12:24:36.742+0000] {logging_mixin.py:188} INFO - [2026-09-23T12:24:36.741+0000] {dag.py:3947} INFO - Setting next_dagrun for example_time_delta_sensor_async to None, run_after=None
[2026-09-23T12:24:36.767+0000] {processor.py:183} INFO - Processing /home/airflow/.local/lib/python3.12/site-packages/airflow/example_dags/example_time_delta_sensor_async.py took 0.080 seconds
