[2026-09-23T12:16:19.402+0000] {processor.py:161} INFO - Started process (PID=102) to work on /home/airflow/.local/lib/python3.12/site-packages/airflow/example_dags/tutorial.py
[2026-09-23T12:16:19.404+0000] {processor.py:830} INFO - Processing file /home/airflow/.local/lib/python3.12/site-packages/airflow/example_dags/tutorial.py for tasks to queue
[2026-09-23T12:16:19.406+0000] {logging_mixin.py:188} INFO - [2026-09-23T12:16:19.406+0000] {dagbag.py:545} INFO - Filling up the DagBag from /home/airflow/.local/lib/python3.12/site-packages/airflow/example_dags/tutorial.py
[2026-09-23T12:16:19.412+0000] {processor.py:840} INFO - DAG(s) 'tutorial' retrieved from /home/airflow/.local/lib/python3.12/site-packages/airflow/example_dags/tutorial.py
[2026-09-23T12:16:19.512+0000] {logging_mixin.py:188} INFO - [2026-09-23T12:16:19.512+0000] {dag.py:3089} INFO - Sync 1 DAGs
[2026-09-23T12:16:19.543+0000] {logging_mixin.py:188} INFO - [2026-09-23T12:16:19.543+0000] {dag.py:3947} INFO - Setting next_dagrun for tutorial to 2026-09-22 00:00:00+00:00, run_after=2026-09-23 00:00:00+00:00
[2026-09-23T12:16:19.573+0000] {processor.py:183} INFO - Processing /home/airflow/.local/lib/python3.12/site-packages/airflow/example_dags/tutorial.py took 0.177 seconds
[2026-09-23T12:16:50.083+0000] {processor.py:161} INFO - Started process (PID=160) to work on /home/airflow/.local/lib/python3.12/site-packages/airflow/example_dags/tutorial.py
[2026-09-23T12:16:50.084+0000] {processor.py:830} INFO - Processing file /home/airflow/.local/lib/python3.12/site-packages/airflow/example_dags/tutorial.py for tasks to queue
[2026-09-23T12:16:50.086+0000] {logging_mixin.py:188} INFO - [2026-09-23T12:16:50.086+0000] {dagbag.py:545} INFO - Filling up the DagBag from /home/airflow/.local/lib/python3.12/site-packages/airflow/example_dags/tutorial.py
[2026-09-23T12:16:50.091+0000] {processor.py:840} INFO - DAG(s) 'tutorial' retrieved from /home/airflow/.local/lib/python3.12/site-packages/airflow/example_dags/tutorial.py
[2026-09-23T12:16:50.110+0000] {logging_mixin.py:188} INFO - [2026-09-23T12:16:50.110+0000] {dag.py:3089} INFO - Sync 1 DAGs
[2026-09-23T12:16:50.131+0000] {logging_mixin.py:188} INFO - [2026-09-23T12:16:50.131+0000] {dag.py:3947} INFO - Setting next_dagrun for tutorial to 2026-09-22 00:00:00+00:00, run_after=2026-09-23 00:00:00+00:00
[2026-09-23T12:16:50.160+0000] {processor.py:183} INFO - Processing /home/airflow/.local/lib/python3.12/site-packages/airflow/example_dags/tutorial.py took 0.082 seconds
[2026-09-23T12:17:20.744+0000] {processor.py:161} INFO - Started process (PID=218) to work on /home/airflow/.local/lib/python3.12/site-packages/airflow/example_dags/tutorial.py
[2026-09-23T12:17:20.745+0000] {processor.py:830} INFO - Processing file /home/airflow/.local/lib/python3.12/site-packages/airflow/example_dags/tutorial.py for tasks to queue
[2026-09-23T12:17:20.747+0000] {logging_mixin.py:188} INFO - [2026-09-23T12:17:20.747+0000] {dagbag.py:545} INFO - Filling up the DagBag from /home/airflow/.local/lib/python3.12/site-packages/airflow/example_dags/tutorial.py
[2026-09-23T12:17:20.752+0000] {processor.py:840} INFO - DAG(s) 'tutorial' retrieved from /home/airflow/.local/lib/python3.12/site-packages/airflow/example_dags/tutorial.py
[2026-09-23T12:17:20.772+0000] {logging_mixin.py:188} INFO - [2026-09-23T12:17:20.772+0000] {dag.py:3089} INFO - Sync 1 DAGs
[2026-09-23T12:17:20.791+0000] {logging_mixin.py:188} INFO - [2026-09-23T12:17:20.790+0000] {dag.py:3947} INFO - Setting next_dagrun for tutorial to 2026-09-22 00:00:00+00:00, run_after=2026-09-23 00:00:00+00:00
[2026-09-23T12:17:20.815+0000] {processor.py:183} INFO - Processing /home/airflow/.local/lib/python3.12/site-packages/airflow/example_dags/tutorial.py took 0.076 seconds
[2026-09-23T12:17:51.535+0000] {processor.py:161} INFO - Started process (PID=276) to work on /home/airflow/.local/lib/python3.12/site-packages/airflow/example_dags/tutorial.py
[2026-09-23T12:17:51.537+0000] {processor.py:830} INFO - Processing file /home/airflow/.local/lib/python3.12/site-packages/airflow/example_dags/tutorial.py for tasks to queue
[2026-09-23T12:17:51.539+0000] {logging_mixin.py:188} INFO - [2026-09-23T12:17:51.539+0000] {dagbag.py:545} INFO - Filling up the DagBag from /home/airflow/.local/lib/python3.12/site-packages/airflow/example_dags/tutorial.py
[2026-09-23T12:17:51.547+0000] {processor.py:840} INFO - DAG(s) 'tutorial' retrieved from /home/airflow/.local/lib/python3.12/site-packages/airflow/example_dags/tutorial.py
[2026-09-23T12:17:51.572+0000] {logging_mixin.py:188} INFO - [2026-09-23T12:17:51.572+0000] {dag.py:3089} INFO - Sync 1 DAGs
[2026-09-23T12:17:51.600+0000] {logging_mixin.py:188} INFO - [2026-09-23T12:17:51.600+0000] {dag.py:3947} INFO - Setting next_dagrun for tutorial to 2026-09-22 00:00:00+00:00, run_after=2026-09-23 00:00:00+00:00
[2026-09-23T12:17:51.676+0000] {processor.py:183} INFO - Processing /home/airflow/.local/lib/python3.12/site-packages/airflow/example_dags/tutorial.py took 0.148 seconds
[2026-09-23T12:18:22.218+0000] {processor.py:161} INFO - Started process (PID=334) to work on /home/airflow/.local/lib/python3.12/site-packages/airflow/example_dags/tutorial.py
[2026-09-23T12:18:22.219+0000] {processor.py:830} INFO - Processing file /home/airflow/.local/lib/python3.12/site-packages/airflow/example_dags/tutorial.py for tasks to queue
[2026-09-23T12:18:22.221+0000] {logging_mixin.py:188} INFO - [2026-09-23T12:18:22.220+0000] {dagbag.py:545} INFO - Filling up the DagBag from /home/airflow/.local/lib/python3.12/site-packages/airflow/example_dags/tutorial.py
[2026-09-23T12:18:22.227+0000] {processor.py:840} INFO - DAG(s) 'tutorial' retrieved from /home/airflow/.local/lib/python3.12/site-packages/airflow/example_dags/tutorial.py
[2026-09-23T12:18:22.246+0000] {logging_mixin.py:188} INFO - [2026-09-23T12:18:22.246+0000] {dag.py:3089} INFO - Sync 1 DAGs
[2026-09-23T12:18:22.269+0000] {logging_mixin.py:188} INFO - [2026-09-23T12:18:22.269+0000] {dag.py:3947} INFO - Setting next_dagrun for tutorial to 2026-09-22 00:00:00+00:00, run_after=2026-09-23 00:00:00+00:00
[2026-09-23T12:18:22.291+0000] {processor.py:183} INFO - Processing /home/airflow/.local/lib/python3.12/site-packages/airflow/example_dags/tutorial.py took 0.079 seconds
[2026-09-23T12:18:52.751+0000] {processor.py:161} INFO - Started process (PID=392) to work on /home/airflow/.local/lib/python3.12/site-packages/airflow/example_dags/tutorial.py
[2026-09-23T12:18:52.752+0000] {processor.py:830} INFO - Processing file /home/airflow/.local/lib/python3.12/site-packages/airflow/example_dags/tutorial.py for tasks to queue
[2026-09-23T12:18:52.754+0000] {logging_mixin.py:188} INFO - [2026-09-23T12:18:52.754+0000] {dagbag.py:545} INFO - Filling up the DagBag from /home/airflow/.local/lib/python3.12/site-packages/airflow/example_dags/tutorial.py
[2026-09-23T12:18:52.760+0000] {processor.py:840} INFO - DAG(s) 'tutorial' retrieved from /home/airflow/.local/lib/python3.12/site-packages/airflow/example_dags/tutorial.py
[2026-09-23T12:18:52.780+0000] {logging_mixin.py:188} INFO - [2026-09-23T12:18:52.780+0000] {dag.py:3089} INFO - Sync 1 DAGs
[2026-09-23T12:18:52.803+0000] {logging_mixin.py:188} INFO - [2026-09-23T12:18:52.803+0000] {dag.py:3947} INFO - Setting next_dagrun for tutorial to 2026-09-22 00:00:00+00:00, run_after=2026-09-23 00:00:00+00:00
[2026-09-23T12:18:52.828+0000] {processor.py:183} INFO - Processing /home/airflow/.local/lib/python3.12/site-packages/airflow/example_dags/tutorial.py took 0.083 seconds
[2026-09-23T12:19:23.571+0000] {processor.py:161} INFO - Started process (PID=470) to work on /home/airflow/.local/lib/python3.12/site-packages/airflow/example_dags/tutorial.py
[2026-09-23T12:19:23.572+0000] {processor.py:830} INFO - Processing file /home/airflow/.local/lib/python3.12/site-packages/airflow/example_dags/tutorial.py for tasks to queue
[2026-09-23T12:19:23.573+0000] {logging_mixin.py:188} INFO - [2026-09-23T12:19:23.573+0000] {dagbag.py:545} INFO - Filling up the DagBag from /home/airflow/.local/lib/python3.12/site-packages/airflow/example_dags/tutorial.py
[2026-09-23T12:19:23.581+0000] {processor.py:840} INFO - DAG(s) 'tutorial' retrieved from /home/airflow/.local/lib/python3.12/site-packages/airflow/example_dags/tutorial.py
[2026-09-23T12:19:23.603+0000] {logging_mixin.py:188} INFO - [2026-09-23T12:19:23.603+0000] {dag.py:3089} INFO - Sync 1 DAGs
[2026-09-23T12:19:23.623+0000] {logging_mixin.py:188} INFO - [2026-09-23T12:19:23.623+0000] {dag.py:3947} INFO - Setting next_dagrun for tutorial to 2026-09-22 00:00:00+00:00, run_after=2026-09-23 00:00:00+00:00
[2026-09-23T12:19:23.644+0000] {processor.py:183} INFO - Processing /home/airflow/.local/lib/python3.12/site-packages/airflow/example_dags/tutorial.py took 0.079 seconds
[2026-09-23T12:19:54.540+0000] {processor.py:161} INFO - Started process (PID=528) to work on /home/airflow/.local/lib/python3.12/site-packages/airflow/example_dags/tutorial.py
[2026-09-23T12:19:54.541+0000] {processor.py:830} INFO - Processing file /home/airflow/.local/lib/python3.12/site-packages/airflow/example_dags/tutorial.py for tasks to queue
[2026-09-23T12:19:54.543+0000] {logging_mixin.py:188} INFO - [2026-09-23T12:19:54.543+0000] {dagbag.py:545} INFO - Filling up the DagBag from /home/airflow/.local/lib/python3.12/site-packages/airflow/example_dags/tutorial.py
[2026-09-23T12:19:54.549+0000] {processor.py:840} INFO - DAG(s) 'tutorial' retrieved from /home/airflow/.local/lib/python3.12/site-packages/airflow/example_dags/tutorial.py
[2026-09-23T12:19:54.566+0000] {logging_mixin.py:188} INFO - [2026-09-23T12:19:54.566+0000] {dag.py:3089} INFO - Sync 1 DAGs
[2026-09-23T12:19:54.585+0000] {logging_mixin.py:188} INFO - [2026-09-23T12:19:54.585+0000] {dag.py:3947} INFO - Setting next_dagrun for tutorial to 2026-09-22 00:00:00+00:00, run_after=2026-09-23 00:00:00+00:00
[2026-09-23T12:19:54.604+0000] {processor.py:183} INFO - Processing /home/airflow/.local/lib/python3.12/site-packages/airflow/example_dags/tutorial.py took 0.069 seconds
[2026-09-23T12:20:25.267+0000] {processor.py:161} INFO - Started process (PID=586) to work on /home/airflow/.local/lib/python3.12/site-packages/airflow/example_dags/tutorial.py
[2026-09-23T12:20:25.268+0000] {processor.py:830} INFO - Processing file /home/airflow/.local/lib/python3.12/site-packages/airflow/example_dags/tutorial.py for tasks to queue
[2026-09-23T12:20:25.270+0000] {logging_mixin.py:188} INFO - [2026-09-23T12:20:25.270+0000] {dagbag.py:545} INFO - Filling up the DagBag from /home/airflow/.local/lib/python3.12/site-packages/airflow/example_dags/tutorial.py
[2026-09-23T12:20:25.278+0000] {processor.py:840} INFO - DAG(s) 'tutorial' retrieved from /home/airflow/.local/lib/python3.12/site-packages/airflow/example_dags/tutorial.py
[2026-09-23T12:20:25.304+0000] {logging_mixin.py:188} INFO - [2026-09-23T12:20:25.303+0000] {dag.py:3089} INFO - Sync 1 DAGs
[2026-09-23T12:20:25.324+0000] {logging_mixin.py:188} INFO - [2026-09-23T12:20:25.324+0000] {dag.py:3947} INFO - Setting next_dagrun for tutorial to 2026-09-22 00:00:00+00:00, run_after=2026-09-23 00:00:00+00:00
[2026-09-23T12:20:25.350+0000] {processor.py:183} INFO - Processing /home/airflow/.local/lib/python3.12/site-packages/airflow/example_dags/tutorial.py took 0.089 seconds
[2026-09-23T12:20:55.493+0000] {processor.py:161} INFO - Started process (PID=644) to work on /home/airflow/.local/lib/python3.12/site-packages/airflow/example_dags/tutorial.py
[2026-09-23T12:20:55.494+0000] {processor.py:830} INFO - Processing file /home/airflow/.local/lib/python3.12/site-packages/airflow/example_dags/tutorial.py for tasks to queue
[2026-09-23T12:20:55.496+0000] {logging_mixin.py:188} INFO - [2026-09-23T12:20:55.496+0000] {dagbag.py:545} INFO - Filling up the DagBag from /home/airflow/.local/lib/python3.12/site-packages/airflow/example_dags/tutorial.py
[2026-09-23T12:20:55.503+0000] {processor.py:840} INFO - DAG(s) 'tutorial' retrieved from /home/airflow/.local/lib/python3.12/site-packages/airflow/example_dags/tutorial.py
[2026-09-23T12:20:55.519+0000] {logging_mixin.py:188} INFO - [2026-09-23T12:20:55.518+0000] {dag.py:3089} INFO - Sync 1 DAGs
[2026-09-23T12:20:55.539+0000] {logging_mixin.py:188} INFO - [2026-09-23T12:20:55.539+0000] {dag.py:3947} INFO - Setting next_dagrun for tutorial to 2026-09-22 00:00:00+00:00, run_after=2026-09-23 00:00:00+00:00
[2026-09-23T12:20:55.556+0000] {processor.py:183} INFO - Processing /home/airflow/.local/lib/python3.12/site-packages/airflow/example_dags/tutorial.py took 0.068 seconds
[2026-09-23T12:21:26.583+0000] {processor.py:161} INFO - Started process (PID=702) to work on /home/airflow/.local/lib/python3.12/site-packages/airflow/example_dags/tutorial.py
[2026-09-23T12:21:26.584+0000] {processor.py:830} INFO - Processing file /home/airflow/.local/lib/python3.12/site-packages/airflow/example_dags/tutorial.py for tasks to queue
[2026-09-23T12:21:26.586+0000] {logging_mixin.py:188} INFO - [2026-09-23T12:21:26.586+0000] {dagbag.py:545} INFO - Filling up the DagBag from /home/airflow/.local/lib/python3.12/site-packages/airflow/example_dags/tutorial.py
[2026-09-23T12:21:26.591+0000] {processor.py:840} INFO - DAG(s) 'tutorial' retrieved from /home/airflow/.local/lib/python3.12/site-packages/airflow/example_dags/tutorial.py
[2026-09-23T12:21:26.608+0000] {logging_mixin.py:188} INFO - [2026-09-23T12:21:26.607+0000] {dag.py:3089} INFO - Sync 1 DAGs
[2026-09-23T12:21:26.627+0000] {logging_mixin.py:188} INFO - [2026-09-23T12:21:26.627+0000] {dag.py:3947} INFO - Setting next_dagrun for tutorial to 2026-09-22 00:00:00+00:00, run_after=2026-09-23 00:00:00+00:00
[2026-09-23T12:21:26.647+0000] {processor.py:183} INFO - Processing /home/airflow/.local/lib/python3.12/site-packages/airflow/example_dags/tutorial.py took 0.070 seconds
[2026-09-23T12:21:57.357+0000] {processor.py:161} INFO - Started process (PID=760) to work on /home/airflow/.local/lib/python3.12/site-packages/airflow/example_dags/tutorial.py
[2026-09-23T12:21:57.359+0000] {processor.py:830} INFO - Processing file /home/airflow/.local/lib/python3.12/site-packages/airflow/example_dags/tutorial.py for tasks to queue
[2026-09-23T12:21:57.361+0000] {logging_mixin.py:188} INFO - [2026-09-23T12:21:57.360+0000] {dagbag.py:545} INFO - Filling up the DagBag from /home/airflow/.local/lib/python3.12/site-packages/airflow/example_dags/tutorial.py
[2026-09-23T12:21:57.366+0000] {processor.py:840} INFO - DAG(s) 'tutorial' retrieved from /home/airflow/.local/lib/python3.12/site-packages/airflow/example_dags/tutorial.py
[2026-09-23T12:21:57.384+0000] {logging_mixin.py:188} INFO - [2026-09-23T12:21:57.384+0000] {dag.py:3089} INFO - Sync 1 DAGs
[2026-09-23T12:21:57.403+0000] {logging_mixin.py:188} INFO - [2026-09-23T12:21:57.403+0000] {dag.py:3947} INFO - Setting next_dagrun for tutorial to 2026-09-22 00:00:00+00:00, run_after=2026-09-23 00:00:00+00:00
[2026-09-23T12:21:57.422+0000] {processor.py:183} INFO - Processing /home/airflow/.local/lib/python3.12/site-packages/airflow/example_dags/tutorial.py took 0.071 seconds
[2026-09-23T12:22:28.085+0000] {processor.py:161} INFO - Started process (PID=818) to work on /home/airflow/.local/lib/python3.12/site-packages/airflow/example_dags/tutorial.py
[2026-09-23T12:22:28.086+0000] {processor.py:830} INFO - Processing file /home/airflow/.local/lib/python3.12/site-packages/airflow/example_dags/tutorial.py for tasks to queue
[2026-09-23T12:22:28.088+0000] {logging_mixin.py:188} INFO - [2026-09-23T12:22:28.088+0000] {dagbag.py:545} INFO - Filling up the DagBag from /home/airflow/.local/lib/python3.12/site-packages/airflow/example_dags/tutorial.py
[2026-09-23T12:22:28.094+0000] {processor.py:840} INFO - DAG(s) 'tutorial' retrieved from /home/airflow/.local/lib/python3.12/site-packages/airflow/example_dags/tutorial.py
[2026-09-23T12:22:28.114+0000] {logging_mixin.py:188} INFO - [2026-09-23T12:22:28.114+0000] {dag.py:3089} INFO - Sync 1 DAGs
[2026-09-23T12:22:28.136+0000] {logging_mixin.py:188} INFO - [2026-09-23T12:22:28.135+0000] {dag.py:3947} INFO - Setting next_dagrun for tutorial to 2026-09-22 00:00:00+00:00, run_after=2026-09-23 00:00:00+00:00
[2026-09-23T12:22:28.155+0000] {processor.py:183} INFO - Processing /home/airflow/.local/lib/python3.12/site-packages/airflow/example_dags/tutorial.py took 0.075 seconds
[2026-09-23T12:24:03.437+0000] {processor.py:161} INFO - Started process (PID=105) to work on /home/airflow/.local/lib/python3.12/site-packages/airflow/example_dags/tutorial.py
[2026-09-23T12:24:03.439+0000] {processor.py:830} INFO - Processing file /home/airflow/.local/lib/python3.12/site-packages/airflow/example_dags/tutorial.py for tasks to queue
[2026-09-23T12:24:03.441+0000] {logging_mixin.py:188} INFO - [2026-09-23T12:24:03.441+0000] {dagbag.py:545} INFO - Filling up the DagBag from /home/airflow/.local/lib/python3.12/site-packages/airflow/example_dags/tutorial.py
[2026-09-23T12:24:03.449+0000] {processor.py:840} INFO - DAG(s) 'tutorial' retrieved from /home/airflow/.local/lib/python3.12/site-packages/airflow/example_dags/tutorial.py
[2026-09-23T12:24:03.619+0000] {logging_mixin.py:188} INFO - [2026-09-23T12:24:03.618+0000] {dag.py:3089} INFO - Sync 1 DAGs
[2026-09-23T12:24:03.638+0000] {logging_mixin.py:188} INFO - [2026-09-23T12:24:03.638+0000] {dag.py:3947} INFO - Setting next_dagrun for tutorial to 2026-09-22 00:00:00+00:00, run_after=2026-09-23 00:00:00+00:00
[2026-09-23T12:24:03.663+0000] {processor.py:183} INFO - Processing /home/airflow/.local/lib/python3.12/site-packages/airflow/example_dags/tutorial.py took 0.232 seconds
[2026-09-23T12:24:34.282+0000] {processor.py:161} INFO - Started process (PID=163) to work on /home/airflow/.local/lib/python3.12/site-packages/airflow/example_dags/tutorial.py
[2026-09-23T12:24:34.284+0000] {processor.py:830} INFO - Processing file /home/airflow/.local/lib/python3.12/site-packages/airflow/example_dags/tutorial.py for tasks to queue
[2026-09-23T12:24:34.286+0000] {logging_mixin.py:188} INFO - [2026-09-23T12:24:34.285+0000] {dagbag.py:545} INFO - Filling up the DagBag from /home/airflow/.local/lib/python3.12/site-packages/airflow/example_dags/tutorial.py
[2026-09-23T12:24:34.291+0000] {processor.py:840} INFO - DAG(s) 'tutorial' retrieved from /home/airflow/.local/lib/python3.12/site-packages/airflow/example_dags/tutorial.py
[2026-09-23T12:24:34.310+0000] {logging_mixin.py:188} INFO - [2026-09-23T12:24:34.309+0000] {dag.py:3089} INFO - Sync 1 DAGs
[2026-09-23T12:24:34.332+0000] {logging_mixin.py:188} INFO - [2026-09-23T12:24:34.332+0000] {dag.py:3947} INFO - Setting next_dagrun for tutorial to 2026-09-22 00:00:00+00:00, run_after=2026-09-23 00:00:00+00:00
[2026-09-23T12:24:34.353+0000] {processor.py:183} INFO - Processing /home/airflow/.local/lib/python3.12/site-packages/airflow/example_dags/tutorial.py took 0.077 seconds
